[0.008s] Invoking command in '/home/rsanz/git/learning/ROS2/RustROS2/build/builtin_interfaces': AMENT_PREFIX_PATH=/home/rsanz/git/learning/ROS2/RustROS2/install/rosidl_core_runtime:/home/rsanz/git/learning/ROS2/RustROS2/install/rosidl_core_generators:/home/rsanz/git/learning/ROS2/RustROS2/install/rosidl_generator_rs:${AMENT_PREFIX_PATH} CMAKE_PREFIX_PATH=/home/rsanz/git/learning/ROS2/RustROS2/install/rosidl_core_runtime:/home/rsanz/git/learning/ROS2/RustROS2/install/rosidl_core_generators:/home/rsanz/git/learning/ROS2/RustROS2/install/rosidl_generator_rs:/opt/ros/jazzy/opt/gz_math_vendor:/opt/ros/jazzy/opt/gz_utils_vendor:/opt/ros/jazzy/opt/gz_cmake_vendor:/opt/ros/jazzy DEBUGINFOD_URLS=https://debuginfod.ubuntu.com PYTHONPATH=/home/rsanz/git/learning/ROS2/RustROS2/install/rosidl_generator_rs/lib/python3.12/site-packages:${PYTHONPATH} /usr/bin/cmake --build /home/rsanz/git/learning/ROS2/RustROS2/build/builtin_interfaces -- -j24 -l24
[0.048s] [  2%] Built target builtin_interfaces__rosidl_generator_type_description
[0.048s] [  4%] Built target builtin_interfaces__rs
[0.057s] [  4%] Built target ament_cmake_python_copy_builtin_interfaces
[0.065s] [  6%] Built target builtin_interfaces__cpp
[0.068s] [ 24%] Built target builtin_interfaces__rosidl_generator_c
[0.090s] [ 40%] Built target builtin_interfaces__rosidl_typesupport_introspection_c
[0.090s] [ 42%] Built target builtin_interfaces__rosidl_typesupport_c
[0.091s] [ 51%] Built target builtin_interfaces__rosidl_typesupport_introspection_cpp
[0.091s] [ 60%] Built target builtin_interfaces__rosidl_typesupport_cpp
[0.092s] [ 68%] Built target builtin_interfaces__rosidl_typesupport_fastrtps_cpp
[0.094s] [ 77%] Built target builtin_interfaces__rosidl_typesupport_fastrtps_c
[0.111s] [ 77%] Built target builtin_interfaces
[0.130s] [ 80%] Built target builtin_interfaces__py
[0.150s] [ 86%] Built target builtin_interfaces__rosidl_generator_py
[0.170s] [ 91%] Built target builtin_interfaces_s__rosidl_typesupport_fastrtps_c
[0.170s] [100%] Built target builtin_interfaces_s__rosidl_typesupport_c
[0.170s] [100%] Built target builtin_interfaces_s__rosidl_typesupport_introspection_c
[0.269s] running egg_info
[0.290s] writing builtin_interfaces.egg-info/PKG-INFO
[0.290s] writing dependency_links to builtin_interfaces.egg-info/dependency_links.txt
[0.291s] writing top-level names to builtin_interfaces.egg-info/top_level.txt
[0.356s] reading manifest file 'builtin_interfaces.egg-info/SOURCES.txt'
[0.356s] writing manifest file 'builtin_interfaces.egg-info/SOURCES.txt'
[0.378s] [100%] Built target ament_cmake_python_build_builtin_interfaces_egg
[0.389s] Invoked command in '/home/rsanz/git/learning/ROS2/RustROS2/build/builtin_interfaces' returned '0': AMENT_PREFIX_PATH=/home/rsanz/git/learning/ROS2/RustROS2/install/rosidl_core_runtime:/home/rsanz/git/learning/ROS2/RustROS2/install/rosidl_core_generators:/home/rsanz/git/learning/ROS2/RustROS2/install/rosidl_generator_rs:${AMENT_PREFIX_PATH} CMAKE_PREFIX_PATH=/home/rsanz/git/learning/ROS2/RustROS2/install/rosidl_core_runtime:/home/rsanz/git/learning/ROS2/RustROS2/install/rosidl_core_generators:/home/rsanz/git/learning/ROS2/RustROS2/install/rosidl_generator_rs:/opt/ros/jazzy/opt/gz_math_vendor:/opt/ros/jazzy/opt/gz_utils_vendor:/opt/ros/jazzy/opt/gz_cmake_vendor:/opt/ros/jazzy DEBUGINFOD_URLS=https://debuginfod.ubuntu.com PYTHONPATH=/home/rsanz/git/learning/ROS2/RustROS2/install/rosidl_generator_rs/lib/python3.12/site-packages:${PYTHONPATH} /usr/bin/cmake --build /home/rsanz/git/learning/ROS2/RustROS2/build/builtin_interfaces -- -j24 -l24
[0.390s] Invoking command in '/home/rsanz/git/learning/ROS2/RustROS2/build/builtin_interfaces': AMENT_PREFIX_PATH=/home/rsanz/git/learning/ROS2/RustROS2/install/rosidl_core_runtime:/home/rsanz/git/learning/ROS2/RustROS2/install/rosidl_core_generators:/home/rsanz/git/learning/ROS2/RustROS2/install/rosidl_generator_rs:${AMENT_PREFIX_PATH} CMAKE_PREFIX_PATH=/home/rsanz/git/learning/ROS2/RustROS2/install/rosidl_core_runtime:/home/rsanz/git/learning/ROS2/RustROS2/install/rosidl_core_generators:/home/rsanz/git/learning/ROS2/RustROS2/install/rosidl_generator_rs:/opt/ros/jazzy/opt/gz_math_vendor:/opt/ros/jazzy/opt/gz_utils_vendor:/opt/ros/jazzy/opt/gz_cmake_vendor:/opt/ros/jazzy DEBUGINFOD_URLS=https://debuginfod.ubuntu.com PYTHONPATH=/home/rsanz/git/learning/ROS2/RustROS2/install/rosidl_generator_rs/lib/python3.12/site-packages:${PYTHONPATH} /usr/bin/cmake --install /home/rsanz/git/learning/ROS2/RustROS2/build/builtin_interfaces
[0.397s] -- Install configuration: ""
[0.397s] -- Up-to-date: /home/rsanz/git/learning/ROS2/RustROS2/install/builtin_interfaces/share/ament_index/resource_index/rosidl_interfaces/builtin_interfaces
[0.397s] -- Up-to-date: /home/rsanz/git/learning/ROS2/RustROS2/install/builtin_interfaces/share/builtin_interfaces/msg/Duration.json
[0.397s] -- Up-to-date: /home/rsanz/git/learning/ROS2/RustROS2/install/builtin_interfaces/share/builtin_interfaces/msg/Time.json
[0.398s] -- Up-to-date: /home/rsanz/git/learning/ROS2/RustROS2/install/builtin_interfaces/include/builtin_interfaces/builtin_interfaces
[0.398s] -- Up-to-date: /home/rsanz/git/learning/ROS2/RustROS2/install/builtin_interfaces/include/builtin_interfaces/builtin_interfaces/msg
[0.398s] -- Up-to-date: /home/rsanz/git/learning/ROS2/RustROS2/install/builtin_interfaces/include/builtin_interfaces/builtin_interfaces/msg/rosidl_generator_c__visibility_control.h
[0.398s] -- Up-to-date: /home/rsanz/git/learning/ROS2/RustROS2/install/builtin_interfaces/include/builtin_interfaces/builtin_interfaces/msg/time.h
[0.398s] -- Up-to-date: /home/rsanz/git/learning/ROS2/RustROS2/install/builtin_interfaces/include/builtin_interfaces/builtin_interfaces/msg/detail
[0.398s] -- Up-to-date: /home/rsanz/git/learning/ROS2/RustROS2/install/builtin_interfaces/include/builtin_interfaces/builtin_interfaces/msg/detail/time__type_support.h
[0.399s] -- Up-to-date: /home/rsanz/git/learning/ROS2/RustROS2/install/builtin_interfaces/include/builtin_interfaces/builtin_interfaces/msg/detail/duration__functions.h
[0.399s] -- Up-to-date: /home/rsanz/git/learning/ROS2/RustROS2/install/builtin_interfaces/include/builtin_interfaces/builtin_interfaces/msg/detail/duration__type_support.h
[0.399s] -- Up-to-date: /home/rsanz/git/learning/ROS2/RustROS2/install/builtin_interfaces/include/builtin_interfaces/builtin_interfaces/msg/detail/time__functions.c
[0.399s] -- Up-to-date: /home/rsanz/git/learning/ROS2/RustROS2/install/builtin_interfaces/include/builtin_interfaces/builtin_interfaces/msg/detail/time__functions.h
[0.400s] -- Up-to-date: /home/rsanz/git/learning/ROS2/RustROS2/install/builtin_interfaces/include/builtin_interfaces/builtin_interfaces/msg/detail/duration__functions.c
[0.400s] -- Up-to-date: /home/rsanz/git/learning/ROS2/RustROS2/install/builtin_interfaces/include/builtin_interfaces/builtin_interfaces/msg/detail/time__type_support.c
[0.401s] -- Up-to-date: /home/rsanz/git/learning/ROS2/RustROS2/install/builtin_interfaces/include/builtin_interfaces/builtin_interfaces/msg/detail/time__description.c
[0.401s] -- Up-to-date: /home/rsanz/git/learning/ROS2/RustROS2/install/builtin_interfaces/include/builtin_interfaces/builtin_interfaces/msg/detail/time__struct.h
[0.401s] -- Up-to-date: /home/rsanz/git/learning/ROS2/RustROS2/install/builtin_interfaces/include/builtin_interfaces/builtin_interfaces/msg/detail/duration__type_support.c
[0.401s] -- Up-to-date: /home/rsanz/git/learning/ROS2/RustROS2/install/builtin_interfaces/include/builtin_interfaces/builtin_interfaces/msg/detail/duration__description.c
[0.401s] -- Up-to-date: /home/rsanz/git/learning/ROS2/RustROS2/install/builtin_interfaces/include/builtin_interfaces/builtin_interfaces/msg/detail/duration__struct.h
[0.401s] -- Up-to-date: /home/rsanz/git/learning/ROS2/RustROS2/install/builtin_interfaces/include/builtin_interfaces/builtin_interfaces/msg/duration.h
[0.401s] -- Up-to-date: /home/rsanz/git/learning/ROS2/RustROS2/install/builtin_interfaces/share/builtin_interfaces/environment/library_path.sh
[0.402s] -- Up-to-date: /home/rsanz/git/learning/ROS2/RustROS2/install/builtin_interfaces/share/builtin_interfaces/environment/library_path.dsv
[0.402s] -- Up-to-date: /home/rsanz/git/learning/ROS2/RustROS2/install/builtin_interfaces/lib/libbuiltin_interfaces__rosidl_generator_c.so
[0.403s] -- Up-to-date: /home/rsanz/git/learning/ROS2/RustROS2/install/builtin_interfaces/include/builtin_interfaces/builtin_interfaces
[0.403s] -- Up-to-date: /home/rsanz/git/learning/ROS2/RustROS2/install/builtin_interfaces/include/builtin_interfaces/builtin_interfaces/msg
[0.403s] -- Up-to-date: /home/rsanz/git/learning/ROS2/RustROS2/install/builtin_interfaces/include/builtin_interfaces/builtin_interfaces/msg/rosidl_typesupport_fastrtps_c__visibility_control.h
[0.403s] -- Up-to-date: /home/rsanz/git/learning/ROS2/RustROS2/install/builtin_interfaces/include/builtin_interfaces/builtin_interfaces/msg/detail
[0.403s] -- Up-to-date: /home/rsanz/git/learning/ROS2/RustROS2/install/builtin_interfaces/include/builtin_interfaces/builtin_interfaces/msg/detail/duration__rosidl_typesupport_fastrtps_c.h
[0.403s] -- Up-to-date: /home/rsanz/git/learning/ROS2/RustROS2/install/builtin_interfaces/include/builtin_interfaces/builtin_interfaces/msg/detail/time__rosidl_typesupport_fastrtps_c.h
[0.403s] -- Up-to-date: /home/rsanz/git/learning/ROS2/RustROS2/install/builtin_interfaces/lib/libbuiltin_interfaces__rosidl_typesupport_fastrtps_c.so
[0.403s] -- Up-to-date: /home/rsanz/git/learning/ROS2/RustROS2/install/builtin_interfaces/include/builtin_interfaces/builtin_interfaces
[0.403s] -- Up-to-date: /home/rsanz/git/learning/ROS2/RustROS2/install/builtin_interfaces/include/builtin_interfaces/builtin_interfaces/msg
[0.404s] -- Up-to-date: /home/rsanz/git/learning/ROS2/RustROS2/install/builtin_interfaces/include/builtin_interfaces/builtin_interfaces/msg/rosidl_typesupport_introspection_c__visibility_control.h
[0.404s] -- Up-to-date: /home/rsanz/git/learning/ROS2/RustROS2/install/builtin_interfaces/include/builtin_interfaces/builtin_interfaces/msg/detail
[0.404s] -- Up-to-date: /home/rsanz/git/learning/ROS2/RustROS2/install/builtin_interfaces/include/builtin_interfaces/builtin_interfaces/msg/detail/time__type_support.c
[0.404s] -- Up-to-date: /home/rsanz/git/learning/ROS2/RustROS2/install/builtin_interfaces/include/builtin_interfaces/builtin_interfaces/msg/detail/duration__rosidl_typesupport_introspection_c.h
[0.404s] -- Up-to-date: /home/rsanz/git/learning/ROS2/RustROS2/install/builtin_interfaces/include/builtin_interfaces/builtin_interfaces/msg/detail/time__rosidl_typesupport_introspection_c.h
[0.404s] -- Up-to-date: /home/rsanz/git/learning/ROS2/RustROS2/install/builtin_interfaces/include/builtin_interfaces/builtin_interfaces/msg/detail/duration__type_support.c
[0.404s] -- Up-to-date: /home/rsanz/git/learning/ROS2/RustROS2/install/builtin_interfaces/lib/libbuiltin_interfaces__rosidl_typesupport_introspection_c.so
[0.404s] -- Up-to-date: /home/rsanz/git/learning/ROS2/RustROS2/install/builtin_interfaces/lib/libbuiltin_interfaces__rosidl_typesupport_c.so
[0.404s] -- Up-to-date: /home/rsanz/git/learning/ROS2/RustROS2/install/builtin_interfaces/include/builtin_interfaces/builtin_interfaces
[0.405s] -- Up-to-date: /home/rsanz/git/learning/ROS2/RustROS2/install/builtin_interfaces/include/builtin_interfaces/builtin_interfaces/msg
[0.405s] -- Up-to-date: /home/rsanz/git/learning/ROS2/RustROS2/install/builtin_interfaces/include/builtin_interfaces/builtin_interfaces/msg/time.hpp
[0.405s] -- Up-to-date: /home/rsanz/git/learning/ROS2/RustROS2/install/builtin_interfaces/include/builtin_interfaces/builtin_interfaces/msg/detail
[0.405s] -- Up-to-date: /home/rsanz/git/learning/ROS2/RustROS2/install/builtin_interfaces/include/builtin_interfaces/builtin_interfaces/msg/detail/duration__traits.hpp
[0.405s] -- Up-to-date: /home/rsanz/git/learning/ROS2/RustROS2/install/builtin_interfaces/include/builtin_interfaces/builtin_interfaces/msg/detail/time__struct.hpp
[0.405s] -- Up-to-date: /home/rsanz/git/learning/ROS2/RustROS2/install/builtin_interfaces/include/builtin_interfaces/builtin_interfaces/msg/detail/time__traits.hpp
[0.405s] -- Up-to-date: /home/rsanz/git/learning/ROS2/RustROS2/install/builtin_interfaces/include/builtin_interfaces/builtin_interfaces/msg/detail/duration__type_support.hpp
[0.405s] -- Up-to-date: /home/rsanz/git/learning/ROS2/RustROS2/install/builtin_interfaces/include/builtin_interfaces/builtin_interfaces/msg/detail/duration__builder.hpp
[0.405s] -- Up-to-date: /home/rsanz/git/learning/ROS2/RustROS2/install/builtin_interfaces/include/builtin_interfaces/builtin_interfaces/msg/detail/time__type_support.hpp
[0.405s] -- Up-to-date: /home/rsanz/git/learning/ROS2/RustROS2/install/builtin_interfaces/include/builtin_interfaces/builtin_interfaces/msg/detail/duration__struct.hpp
[0.405s] -- Up-to-date: /home/rsanz/git/learning/ROS2/RustROS2/install/builtin_interfaces/include/builtin_interfaces/builtin_interfaces/msg/detail/time__builder.hpp
[0.405s] -- Up-to-date: /home/rsanz/git/learning/ROS2/RustROS2/install/builtin_interfaces/include/builtin_interfaces/builtin_interfaces/msg/duration.hpp
[0.405s] -- Up-to-date: /home/rsanz/git/learning/ROS2/RustROS2/install/builtin_interfaces/include/builtin_interfaces/builtin_interfaces/msg/rosidl_generator_cpp__visibility_control.hpp
[0.405s] -- Up-to-date: /home/rsanz/git/learning/ROS2/RustROS2/install/builtin_interfaces/include/builtin_interfaces/builtin_interfaces
[0.405s] -- Up-to-date: /home/rsanz/git/learning/ROS2/RustROS2/install/builtin_interfaces/include/builtin_interfaces/builtin_interfaces/msg
[0.406s] -- Up-to-date: /home/rsanz/git/learning/ROS2/RustROS2/install/builtin_interfaces/include/builtin_interfaces/builtin_interfaces/msg/rosidl_typesupport_fastrtps_cpp__visibility_control.h
[0.406s] -- Up-to-date: /home/rsanz/git/learning/ROS2/RustROS2/install/builtin_interfaces/include/builtin_interfaces/builtin_interfaces/msg/detail
[0.406s] -- Up-to-date: /home/rsanz/git/learning/ROS2/RustROS2/install/builtin_interfaces/include/builtin_interfaces/builtin_interfaces/msg/detail/duration__rosidl_typesupport_fastrtps_cpp.hpp
[0.406s] -- Up-to-date: /home/rsanz/git/learning/ROS2/RustROS2/install/builtin_interfaces/include/builtin_interfaces/builtin_interfaces/msg/detail/time__rosidl_typesupport_fastrtps_cpp.hpp
[0.406s] -- Up-to-date: /home/rsanz/git/learning/ROS2/RustROS2/install/builtin_interfaces/include/builtin_interfaces/builtin_interfaces/msg/detail/dds_fastrtps
[0.406s] -- Up-to-date: /home/rsanz/git/learning/ROS2/RustROS2/install/builtin_interfaces/lib/libbuiltin_interfaces__rosidl_typesupport_fastrtps_cpp.so
[0.406s] -- Up-to-date: /home/rsanz/git/learning/ROS2/RustROS2/install/builtin_interfaces/include/builtin_interfaces/builtin_interfaces
[0.406s] -- Up-to-date: /home/rsanz/git/learning/ROS2/RustROS2/install/builtin_interfaces/include/builtin_interfaces/builtin_interfaces/msg
[0.406s] -- Up-to-date: /home/rsanz/git/learning/ROS2/RustROS2/install/builtin_interfaces/include/builtin_interfaces/builtin_interfaces/msg/detail
[0.406s] -- Up-to-date: /home/rsanz/git/learning/ROS2/RustROS2/install/builtin_interfaces/include/builtin_interfaces/builtin_interfaces/msg/detail/time__type_support.cpp
[0.406s] -- Up-to-date: /home/rsanz/git/learning/ROS2/RustROS2/install/builtin_interfaces/include/builtin_interfaces/builtin_interfaces/msg/detail/duration__rosidl_typesupport_introspection_cpp.hpp
[0.406s] -- Up-to-date: /home/rsanz/git/learning/ROS2/RustROS2/install/builtin_interfaces/include/builtin_interfaces/builtin_interfaces/msg/detail/duration__type_support.cpp
[0.406s] -- Up-to-date: /home/rsanz/git/learning/ROS2/RustROS2/install/builtin_interfaces/include/builtin_interfaces/builtin_interfaces/msg/detail/time__rosidl_typesupport_introspection_cpp.hpp
[0.406s] -- Up-to-date: /home/rsanz/git/learning/ROS2/RustROS2/install/builtin_interfaces/lib/libbuiltin_interfaces__rosidl_typesupport_introspection_cpp.so
[0.406s] -- Up-to-date: /home/rsanz/git/learning/ROS2/RustROS2/install/builtin_interfaces/lib/libbuiltin_interfaces__rosidl_typesupport_cpp.so
[0.406s] -- Up-to-date: /home/rsanz/git/learning/ROS2/RustROS2/install/builtin_interfaces/share/ament_index/resource_index/rust_packages/builtin_interfaces
[0.406s] -- Up-to-date: /home/rsanz/git/learning/ROS2/RustROS2/install/builtin_interfaces/share/builtin_interfaces/rust
[0.406s] -- Up-to-date: /home/rsanz/git/learning/ROS2/RustROS2/install/builtin_interfaces/share/builtin_interfaces/rust/src
[0.406s] -- Up-to-date: /home/rsanz/git/learning/ROS2/RustROS2/install/builtin_interfaces/share/builtin_interfaces/rust/src/msg.rs
[0.406s] -- Up-to-date: /home/rsanz/git/learning/ROS2/RustROS2/install/builtin_interfaces/share/builtin_interfaces/rust/src/msg
[0.406s] -- Up-to-date: /home/rsanz/git/learning/ROS2/RustROS2/install/builtin_interfaces/share/builtin_interfaces/rust/src/msg/rmw.rs
[0.407s] -- Up-to-date: /home/rsanz/git/learning/ROS2/RustROS2/install/builtin_interfaces/share/builtin_interfaces/rust/src/lib.rs
[0.407s] -- Up-to-date: /home/rsanz/git/learning/ROS2/RustROS2/install/builtin_interfaces/share/builtin_interfaces/rust/build.rs
[0.407s] -- Up-to-date: /home/rsanz/git/learning/ROS2/RustROS2/install/builtin_interfaces/share/builtin_interfaces/rust/Cargo.toml
[0.407s] -- Up-to-date: /home/rsanz/git/learning/ROS2/RustROS2/install/builtin_interfaces/share/builtin_interfaces/environment/pythonpath.sh
[0.407s] -- Up-to-date: /home/rsanz/git/learning/ROS2/RustROS2/install/builtin_interfaces/share/builtin_interfaces/environment/pythonpath.dsv
[0.407s] -- Up-to-date: /home/rsanz/git/learning/ROS2/RustROS2/install/builtin_interfaces/lib/python3.12/site-packages/builtin_interfaces-2.0.3-py3.12.egg-info
[0.407s] -- Installing: /home/rsanz/git/learning/ROS2/RustROS2/install/builtin_interfaces/lib/python3.12/site-packages/builtin_interfaces-2.0.3-py3.12.egg-info/dependency_links.txt
[0.407s] -- Installing: /home/rsanz/git/learning/ROS2/RustROS2/install/builtin_interfaces/lib/python3.12/site-packages/builtin_interfaces-2.0.3-py3.12.egg-info/PKG-INFO
[0.407s] -- Installing: /home/rsanz/git/learning/ROS2/RustROS2/install/builtin_interfaces/lib/python3.12/site-packages/builtin_interfaces-2.0.3-py3.12.egg-info/top_level.txt
[0.407s] -- Installing: /home/rsanz/git/learning/ROS2/RustROS2/install/builtin_interfaces/lib/python3.12/site-packages/builtin_interfaces-2.0.3-py3.12.egg-info/SOURCES.txt
[0.407s] -- Up-to-date: /home/rsanz/git/learning/ROS2/RustROS2/install/builtin_interfaces/lib/python3.12/site-packages/builtin_interfaces
[0.407s] -- Up-to-date: /home/rsanz/git/learning/ROS2/RustROS2/install/builtin_interfaces/lib/python3.12/site-packages/builtin_interfaces/builtin_interfaces_s__rosidl_typesupport_fastrtps_c.so
[0.407s] -- Up-to-date: /home/rsanz/git/learning/ROS2/RustROS2/install/builtin_interfaces/lib/python3.12/site-packages/builtin_interfaces/builtin_interfaces_s__rosidl_typesupport_c.so
[0.407s] -- Up-to-date: /home/rsanz/git/learning/ROS2/RustROS2/install/builtin_interfaces/lib/python3.12/site-packages/builtin_interfaces/_builtin_interfaces_s.ep.rosidl_typesupport_fastrtps_c.c
[0.407s] -- Up-to-date: /home/rsanz/git/learning/ROS2/RustROS2/install/builtin_interfaces/lib/python3.12/site-packages/builtin_interfaces/builtin_interfaces_s__rosidl_typesupport_introspection_c.so
[0.407s] -- Up-to-date: /home/rsanz/git/learning/ROS2/RustROS2/install/builtin_interfaces/lib/python3.12/site-packages/builtin_interfaces/msg
[0.407s] -- Up-to-date: /home/rsanz/git/learning/ROS2/RustROS2/install/builtin_interfaces/lib/python3.12/site-packages/builtin_interfaces/msg/_duration_s.c
[0.407s] -- Up-to-date: /home/rsanz/git/learning/ROS2/RustROS2/install/builtin_interfaces/lib/python3.12/site-packages/builtin_interfaces/msg/_duration.py
[0.407s] -- Up-to-date: /home/rsanz/git/learning/ROS2/RustROS2/install/builtin_interfaces/lib/python3.12/site-packages/builtin_interfaces/msg/_time.py
[0.407s] -- Up-to-date: /home/rsanz/git/learning/ROS2/RustROS2/install/builtin_interfaces/lib/python3.12/site-packages/builtin_interfaces/msg/__init__.py
[0.408s] -- Up-to-date: /home/rsanz/git/learning/ROS2/RustROS2/install/builtin_interfaces/lib/python3.12/site-packages/builtin_interfaces/msg/_time_s.c
[0.408s] -- Up-to-date: /home/rsanz/git/learning/ROS2/RustROS2/install/builtin_interfaces/lib/python3.12/site-packages/builtin_interfaces/__init__.py
[0.408s] -- Up-to-date: /home/rsanz/git/learning/ROS2/RustROS2/install/builtin_interfaces/lib/python3.12/site-packages/builtin_interfaces/_builtin_interfaces_s.ep.rosidl_typesupport_introspection_c.c
[0.408s] -- Up-to-date: /home/rsanz/git/learning/ROS2/RustROS2/install/builtin_interfaces/lib/python3.12/site-packages/builtin_interfaces/_builtin_interfaces_s.ep.rosidl_typesupport_c.c
[0.437s] Listing '/home/rsanz/git/learning/ROS2/RustROS2/install/builtin_interfaces/lib/python3.12/site-packages/builtin_interfaces'...
[0.437s] Listing '/home/rsanz/git/learning/ROS2/RustROS2/install/builtin_interfaces/lib/python3.12/site-packages/builtin_interfaces/msg'...
[0.442s] -- Up-to-date: /home/rsanz/git/learning/ROS2/RustROS2/install/builtin_interfaces/lib/python3.12/site-packages/builtin_interfaces/builtin_interfaces_s__rosidl_typesupport_fastrtps_c.so
[0.442s] -- Up-to-date: /home/rsanz/git/learning/ROS2/RustROS2/install/builtin_interfaces/lib/python3.12/site-packages/builtin_interfaces/builtin_interfaces_s__rosidl_typesupport_introspection_c.so
[0.443s] -- Up-to-date: /home/rsanz/git/learning/ROS2/RustROS2/install/builtin_interfaces/lib/python3.12/site-packages/builtin_interfaces/builtin_interfaces_s__rosidl_typesupport_c.so
[0.443s] -- Up-to-date: /home/rsanz/git/learning/ROS2/RustROS2/install/builtin_interfaces/lib/libbuiltin_interfaces__rosidl_generator_py.so
[0.443s] -- Up-to-date: /home/rsanz/git/learning/ROS2/RustROS2/install/builtin_interfaces/share/builtin_interfaces/msg/Duration.idl
[0.443s] -- Up-to-date: /home/rsanz/git/learning/ROS2/RustROS2/install/builtin_interfaces/share/builtin_interfaces/msg/Time.idl
[0.444s] -- Up-to-date: /home/rsanz/git/learning/ROS2/RustROS2/install/builtin_interfaces/share/builtin_interfaces/msg/Duration.msg
[0.444s] -- Up-to-date: /home/rsanz/git/learning/ROS2/RustROS2/install/builtin_interfaces/share/builtin_interfaces/msg/Time.msg
[0.444s] -- Up-to-date: /home/rsanz/git/learning/ROS2/RustROS2/install/builtin_interfaces/share/ament_index/resource_index/package_run_dependencies/builtin_interfaces
[0.444s] -- Up-to-date: /home/rsanz/git/learning/ROS2/RustROS2/install/builtin_interfaces/share/ament_index/resource_index/parent_prefix_path/builtin_interfaces
[0.444s] -- Up-to-date: /home/rsanz/git/learning/ROS2/RustROS2/install/builtin_interfaces/share/builtin_interfaces/environment/ament_prefix_path.sh
[0.444s] -- Up-to-date: /home/rsanz/git/learning/ROS2/RustROS2/install/builtin_interfaces/share/builtin_interfaces/environment/ament_prefix_path.dsv
[0.444s] -- Up-to-date: /home/rsanz/git/learning/ROS2/RustROS2/install/builtin_interfaces/share/builtin_interfaces/environment/path.sh
[0.444s] -- Up-to-date: /home/rsanz/git/learning/ROS2/RustROS2/install/builtin_interfaces/share/builtin_interfaces/environment/path.dsv
[0.445s] -- Up-to-date: /home/rsanz/git/learning/ROS2/RustROS2/install/builtin_interfaces/share/builtin_interfaces/local_setup.bash
[0.445s] -- Up-to-date: /home/rsanz/git/learning/ROS2/RustROS2/install/builtin_interfaces/share/builtin_interfaces/local_setup.sh
[0.445s] -- Up-to-date: /home/rsanz/git/learning/ROS2/RustROS2/install/builtin_interfaces/share/builtin_interfaces/local_setup.zsh
[0.445s] -- Up-to-date: /home/rsanz/git/learning/ROS2/RustROS2/install/builtin_interfaces/share/builtin_interfaces/local_setup.dsv
[0.445s] -- Installing: /home/rsanz/git/learning/ROS2/RustROS2/install/builtin_interfaces/share/builtin_interfaces/package.dsv
[0.445s] -- Up-to-date: /home/rsanz/git/learning/ROS2/RustROS2/install/builtin_interfaces/share/ament_index/resource_index/packages/builtin_interfaces
[0.445s] -- Up-to-date: /home/rsanz/git/learning/ROS2/RustROS2/install/builtin_interfaces/share/builtin_interfaces/cmake/export_builtin_interfaces__rosidl_generator_cExport.cmake
[0.446s] -- Up-to-date: /home/rsanz/git/learning/ROS2/RustROS2/install/builtin_interfaces/share/builtin_interfaces/cmake/export_builtin_interfaces__rosidl_generator_cExport-noconfig.cmake
[0.446s] -- Up-to-date: /home/rsanz/git/learning/ROS2/RustROS2/install/builtin_interfaces/share/builtin_interfaces/cmake/export_builtin_interfaces__rosidl_typesupport_fastrtps_cExport.cmake
[0.446s] -- Up-to-date: /home/rsanz/git/learning/ROS2/RustROS2/install/builtin_interfaces/share/builtin_interfaces/cmake/export_builtin_interfaces__rosidl_typesupport_fastrtps_cExport-noconfig.cmake
[0.446s] -- Up-to-date: /home/rsanz/git/learning/ROS2/RustROS2/install/builtin_interfaces/share/builtin_interfaces/cmake/builtin_interfaces__rosidl_typesupport_introspection_cExport.cmake
[0.446s] -- Up-to-date: /home/rsanz/git/learning/ROS2/RustROS2/install/builtin_interfaces/share/builtin_interfaces/cmake/builtin_interfaces__rosidl_typesupport_introspection_cExport-noconfig.cmake
[0.446s] -- Up-to-date: /home/rsanz/git/learning/ROS2/RustROS2/install/builtin_interfaces/share/builtin_interfaces/cmake/builtin_interfaces__rosidl_typesupport_cExport.cmake
[0.446s] -- Up-to-date: /home/rsanz/git/learning/ROS2/RustROS2/install/builtin_interfaces/share/builtin_interfaces/cmake/builtin_interfaces__rosidl_typesupport_cExport-noconfig.cmake
[0.447s] -- Up-to-date: /home/rsanz/git/learning/ROS2/RustROS2/install/builtin_interfaces/share/builtin_interfaces/cmake/export_builtin_interfaces__rosidl_generator_cppExport.cmake
[0.447s] -- Up-to-date: /home/rsanz/git/learning/ROS2/RustROS2/install/builtin_interfaces/share/builtin_interfaces/cmake/export_builtin_interfaces__rosidl_typesupport_fastrtps_cppExport.cmake
[0.447s] -- Up-to-date: /home/rsanz/git/learning/ROS2/RustROS2/install/builtin_interfaces/share/builtin_interfaces/cmake/export_builtin_interfaces__rosidl_typesupport_fastrtps_cppExport-noconfig.cmake
[0.447s] -- Up-to-date: /home/rsanz/git/learning/ROS2/RustROS2/install/builtin_interfaces/share/builtin_interfaces/cmake/builtin_interfaces__rosidl_typesupport_introspection_cppExport.cmake
[0.447s] -- Up-to-date: /home/rsanz/git/learning/ROS2/RustROS2/install/builtin_interfaces/share/builtin_interfaces/cmake/builtin_interfaces__rosidl_typesupport_introspection_cppExport-noconfig.cmake
[0.447s] -- Up-to-date: /home/rsanz/git/learning/ROS2/RustROS2/install/builtin_interfaces/share/builtin_interfaces/cmake/builtin_interfaces__rosidl_typesupport_cppExport.cmake
[0.447s] -- Up-to-date: /home/rsanz/git/learning/ROS2/RustROS2/install/builtin_interfaces/share/builtin_interfaces/cmake/builtin_interfaces__rosidl_typesupport_cppExport-noconfig.cmake
[0.447s] -- Up-to-date: /home/rsanz/git/learning/ROS2/RustROS2/install/builtin_interfaces/share/builtin_interfaces/cmake/export_builtin_interfaces__rosidl_generator_pyExport.cmake
[0.447s] -- Up-to-date: /home/rsanz/git/learning/ROS2/RustROS2/install/builtin_interfaces/share/builtin_interfaces/cmake/export_builtin_interfaces__rosidl_generator_pyExport-noconfig.cmake
[0.448s] -- Up-to-date: /home/rsanz/git/learning/ROS2/RustROS2/install/builtin_interfaces/share/builtin_interfaces/cmake/rosidl_cmake-extras.cmake
[0.448s] -- Up-to-date: /home/rsanz/git/learning/ROS2/RustROS2/install/builtin_interfaces/share/builtin_interfaces/cmake/ament_cmake_export_include_directories-extras.cmake
[0.448s] -- Up-to-date: /home/rsanz/git/learning/ROS2/RustROS2/install/builtin_interfaces/share/builtin_interfaces/cmake/ament_cmake_export_libraries-extras.cmake
[0.448s] -- Up-to-date: /home/rsanz/git/learning/ROS2/RustROS2/install/builtin_interfaces/share/builtin_interfaces/cmake/ament_cmake_export_targets-extras.cmake
[0.448s] -- Up-to-date: /home/rsanz/git/learning/ROS2/RustROS2/install/builtin_interfaces/share/builtin_interfaces/cmake/rosidl_cmake_export_typesupport_targets-extras.cmake
[0.448s] -- Up-to-date: /home/rsanz/git/learning/ROS2/RustROS2/install/builtin_interfaces/share/builtin_interfaces/cmake/ament_cmake_export_dependencies-extras.cmake
[0.448s] -- Up-to-date: /home/rsanz/git/learning/ROS2/RustROS2/install/builtin_interfaces/share/builtin_interfaces/cmake/rosidl_cmake_export_typesupport_libraries-extras.cmake
[0.449s] -- Up-to-date: /home/rsanz/git/learning/ROS2/RustROS2/install/builtin_interfaces/share/builtin_interfaces/cmake/builtin_interfacesConfig.cmake
[0.450s] -- Up-to-date: /home/rsanz/git/learning/ROS2/RustROS2/install/builtin_interfaces/share/builtin_interfaces/cmake/builtin_interfacesConfig-version.cmake
[0.450s] -- Up-to-date: /home/rsanz/git/learning/ROS2/RustROS2/install/builtin_interfaces/share/builtin_interfaces/package.xml
[0.454s] Invoked command in '/home/rsanz/git/learning/ROS2/RustROS2/build/builtin_interfaces' returned '0': AMENT_PREFIX_PATH=/home/rsanz/git/learning/ROS2/RustROS2/install/rosidl_core_runtime:/home/rsanz/git/learning/ROS2/RustROS2/install/rosidl_core_generators:/home/rsanz/git/learning/ROS2/RustROS2/install/rosidl_generator_rs:${AMENT_PREFIX_PATH} CMAKE_PREFIX_PATH=/home/rsanz/git/learning/ROS2/RustROS2/install/rosidl_core_runtime:/home/rsanz/git/learning/ROS2/RustROS2/install/rosidl_core_generators:/home/rsanz/git/learning/ROS2/RustROS2/install/rosidl_generator_rs:/opt/ros/jazzy/opt/gz_math_vendor:/opt/ros/jazzy/opt/gz_utils_vendor:/opt/ros/jazzy/opt/gz_cmake_vendor:/opt/ros/jazzy DEBUGINFOD_URLS=https://debuginfod.ubuntu.com PYTHONPATH=/home/rsanz/git/learning/ROS2/RustROS2/install/rosidl_generator_rs/lib/python3.12/site-packages:${PYTHONPATH} /usr/bin/cmake --install /home/rsanz/git/learning/ROS2/RustROS2/build/builtin_interfaces
