[0.008s] Invoking command in '/home/rsanz/git/learning/ROS2/RustROS2/build/unique_identifier_msgs': AMENT_PREFIX_PATH=/home/rsanz/git/learning/ROS2/RustROS2/install/rosidl_core_runtime:/home/rsanz/git/learning/ROS2/RustROS2/install/rosidl_core_generators:/home/rsanz/git/learning/ROS2/RustROS2/install/rosidl_generator_rs:${AMENT_PREFIX_PATH} CMAKE_PREFIX_PATH=/home/rsanz/git/learning/ROS2/RustROS2/install/rosidl_core_runtime:/home/rsanz/git/learning/ROS2/RustROS2/install/rosidl_core_generators:/home/rsanz/git/learning/ROS2/RustROS2/install/rosidl_generator_rs:/opt/ros/jazzy/opt/gz_math_vendor:/opt/ros/jazzy/opt/gz_utils_vendor:/opt/ros/jazzy/opt/gz_cmake_vendor:/opt/ros/jazzy DEBUGINFOD_URLS=https://debuginfod.ubuntu.com PYTHONPATH=/home/rsanz/git/learning/ROS2/RustROS2/install/rosidl_generator_rs/lib/python3.12/site-packages:${PYTHONPATH} /usr/bin/cmake /home/rsanz/git/learning/ROS2/RustROS2/src/unique_identifier_msgs -DCMAKE_INSTALL_PREFIX=/home/rsanz/git/learning/ROS2/RustROS2/install/unique_identifier_msgs
[0.053s] -- The C compiler identification is GNU 13.3.0
[0.099s] -- The CXX compiler identification is GNU 13.3.0
[0.113s] -- Detecting C compiler ABI info
[0.188s] -- Detecting C compiler ABI info - done
[0.196s] -- Check for working C compiler: /usr/bin/cc - skipped
[0.196s] -- Detecting C compile features
[0.196s] -- Detecting C compile features - done
[0.205s] -- Detecting CXX compiler ABI info
[0.283s] -- Detecting CXX compiler ABI info - done
[0.290s] -- Check for working CXX compiler: /usr/bin/c++ - skipped
[0.290s] -- Detecting CXX compile features
[0.291s] -- Detecting CXX compile features - done
[0.293s] -- Found ament_cmake: 2.5.6 (/opt/ros/jazzy/share/ament_cmake/cmake)
[0.409s] -- Found Python3: /usr/bin/python3 (found version "3.12.3") found components: Interpreter 
[0.487s] -- Found rosidl_core_generators: 0.2.1 (/home/rsanz/git/learning/ROS2/RustROS2/install/rosidl_core_generators/share/rosidl_core_generators/cmake)
[0.496s] -- Using all available rosidl_typesupport_c: rosidl_typesupport_fastrtps_c;rosidl_typesupport_introspection_c
[0.546s] -- Using all available rosidl_typesupport_cpp: rosidl_typesupport_fastrtps_cpp;rosidl_typesupport_introspection_cpp
[0.589s] -- Found rosidl_adapter: 4.6.7 (/opt/ros/jazzy/share/rosidl_adapter/cmake)
[1.056s] -- Found ament_cmake_ros: 0.12.0 (/opt/ros/jazzy/share/ament_cmake_ros/cmake)
[1.407s] -- Using all available rosidl_typesupport_c: rosidl_typesupport_fastrtps_c;rosidl_typesupport_introspection_c
[1.882s] -- Using all available rosidl_typesupport_cpp: rosidl_typesupport_fastrtps_cpp;rosidl_typesupport_introspection_cpp
[2.001s] -- Found python_cmake_module: 0.11.1 (/opt/ros/jazzy/share/python_cmake_module/cmake)
[2.113s] -- Found PythonExtra: /usr/bin/python3  
[2.470s] -- Found Python3: /usr/bin/python3 (found version "3.12.3") found components: Interpreter Development NumPy Development.Module Development.Embed 
[2.497s] -- Found ament_lint_auto: 0.17.5 (/opt/ros/jazzy/share/ament_lint_auto/cmake)
[2.517s] -- Added test 'copyright' to check source files copyright and LICENSE
[2.526s] -- Added test 'lint_cmake' to check CMake code style
[2.531s] -- Added test 'xmllint' to check XML markup files
[2.534s] -- Configuring done (2.5s)
[2.560s] -- Generating done (0.0s)
[2.569s] -- Build files have been written to: /home/rsanz/git/learning/ROS2/RustROS2/build/unique_identifier_msgs
[2.576s] Invoked command in '/home/rsanz/git/learning/ROS2/RustROS2/build/unique_identifier_msgs' returned '0': AMENT_PREFIX_PATH=/home/rsanz/git/learning/ROS2/RustROS2/install/rosidl_core_runtime:/home/rsanz/git/learning/ROS2/RustROS2/install/rosidl_core_generators:/home/rsanz/git/learning/ROS2/RustROS2/install/rosidl_generator_rs:${AMENT_PREFIX_PATH} CMAKE_PREFIX_PATH=/home/rsanz/git/learning/ROS2/RustROS2/install/rosidl_core_runtime:/home/rsanz/git/learning/ROS2/RustROS2/install/rosidl_core_generators:/home/rsanz/git/learning/ROS2/RustROS2/install/rosidl_generator_rs:/opt/ros/jazzy/opt/gz_math_vendor:/opt/ros/jazzy/opt/gz_utils_vendor:/opt/ros/jazzy/opt/gz_cmake_vendor:/opt/ros/jazzy DEBUGINFOD_URLS=https://debuginfod.ubuntu.com PYTHONPATH=/home/rsanz/git/learning/ROS2/RustROS2/install/rosidl_generator_rs/lib/python3.12/site-packages:${PYTHONPATH} /usr/bin/cmake /home/rsanz/git/learning/ROS2/RustROS2/src/unique_identifier_msgs -DCMAKE_INSTALL_PREFIX=/home/rsanz/git/learning/ROS2/RustROS2/install/unique_identifier_msgs
[2.577s] Invoking command in '/home/rsanz/git/learning/ROS2/RustROS2/build/unique_identifier_msgs': AMENT_PREFIX_PATH=/home/rsanz/git/learning/ROS2/RustROS2/install/rosidl_core_runtime:/home/rsanz/git/learning/ROS2/RustROS2/install/rosidl_core_generators:/home/rsanz/git/learning/ROS2/RustROS2/install/rosidl_generator_rs:${AMENT_PREFIX_PATH} CMAKE_PREFIX_PATH=/home/rsanz/git/learning/ROS2/RustROS2/install/rosidl_core_runtime:/home/rsanz/git/learning/ROS2/RustROS2/install/rosidl_core_generators:/home/rsanz/git/learning/ROS2/RustROS2/install/rosidl_generator_rs:/opt/ros/jazzy/opt/gz_math_vendor:/opt/ros/jazzy/opt/gz_utils_vendor:/opt/ros/jazzy/opt/gz_cmake_vendor:/opt/ros/jazzy DEBUGINFOD_URLS=https://debuginfod.ubuntu.com PYTHONPATH=/home/rsanz/git/learning/ROS2/RustROS2/install/rosidl_generator_rs/lib/python3.12/site-packages:${PYTHONPATH} /usr/bin/cmake --build /home/rsanz/git/learning/ROS2/RustROS2/build/unique_identifier_msgs -- -j24 -l24
[2.617s] [  2%] [34m[1mGenerating type hashes for ROS interfaces[0m
[2.617s] [  5%] [34m[1mGenerating Rust code for ROS interfaces[0m
[2.623s] [  5%] Built target ament_cmake_python_copy_unique_identifier_msgs
[2.765s] [  5%] Built target unique_identifier_msgs__rosidl_generator_type_description
[2.773s] [  8%] [34m[1mGenerating C code for ROS interfaces[0m
[2.779s] [  8%] Built target unique_identifier_msgs__rs
[2.782s] [ 11%] [34m[1mGenerating C++ code for ROS interfaces[0m
[2.820s] running egg_info
[2.820s] creating unique_identifier_msgs.egg-info
[2.844s] writing unique_identifier_msgs.egg-info/PKG-INFO
[2.844s] writing dependency_links to unique_identifier_msgs.egg-info/dependency_links.txt
[2.844s] writing top-level names to unique_identifier_msgs.egg-info/top_level.txt
[2.845s] writing manifest file 'unique_identifier_msgs.egg-info/SOURCES.txt'
[2.915s] reading manifest file 'unique_identifier_msgs.egg-info/SOURCES.txt'
[2.915s] writing manifest file 'unique_identifier_msgs.egg-info/SOURCES.txt'
[2.936s] [ 11%] Built target ament_cmake_python_build_unique_identifier_msgs_egg
[2.965s] [ 11%] Built target unique_identifier_msgs__cpp
[2.983s] [ 14%] [32mBuilding C object CMakeFiles/unique_identifier_msgs__rosidl_generator_c.dir/rosidl_generator_c/unique_identifier_msgs/msg/detail/uuid__functions.c.o[0m
[2.983s] [ 17%] [32mBuilding C object CMakeFiles/unique_identifier_msgs__rosidl_generator_c.dir/rosidl_generator_c/unique_identifier_msgs/msg/detail/uuid__description.c.o[0m
[2.983s] [ 20%] [32mBuilding C object CMakeFiles/unique_identifier_msgs__rosidl_generator_c.dir/rosidl_generator_c/unique_identifier_msgs/msg/detail/uuid__type_support.c.o[0m
[3.035s] [ 22%] [32m[1mLinking C shared library libunique_identifier_msgs__rosidl_generator_c.so[0m
[3.069s] [ 22%] Built target unique_identifier_msgs__rosidl_generator_c
[3.078s] [ 25%] [34m[1mGenerating C type support for eProsima Fast-RTPS[0m
[3.078s] [ 31%] [34m[1mGenerating C introspection for ROS interfaces[0m
[3.078s] [ 31%] [34m[1mGenerating C type support dispatch for ROS interfaces[0m
[3.079s] [ 37%] [34m[1mGenerating C++ type support dispatch for ROS interfaces[0m
[3.079s] [ 37%] [34m[1mGenerating C++ type support for eProsima Fast-RTPS[0m
[3.080s] [ 40%] [34m[1mGenerating C++ introspection for ROS interfaces[0m
[3.249s] [ 42%] [32mBuilding CXX object CMakeFiles/unique_identifier_msgs__rosidl_typesupport_c.dir/rosidl_typesupport_c/unique_identifier_msgs/msg/uuid__type_support.cpp.o[0m
[3.256s] [ 45%] [32mBuilding CXX object CMakeFiles/unique_identifier_msgs__rosidl_typesupport_cpp.dir/rosidl_typesupport_cpp/unique_identifier_msgs/msg/uuid__type_support.cpp.o[0m
[3.263s] [ 48%] [32mBuilding C object CMakeFiles/unique_identifier_msgs__rosidl_typesupport_introspection_c.dir/rosidl_typesupport_introspection_c/unique_identifier_msgs/msg/detail/uuid__type_support.c.o[0m
[3.267s] [ 51%] [32mBuilding CXX object CMakeFiles/unique_identifier_msgs__rosidl_typesupport_introspection_cpp.dir/rosidl_typesupport_introspection_cpp/unique_identifier_msgs/msg/detail/uuid__type_support.cpp.o[0m
[3.277s] [ 54%] [32mBuilding CXX object CMakeFiles/unique_identifier_msgs__rosidl_typesupport_fastrtps_cpp.dir/rosidl_typesupport_fastrtps_cpp/unique_identifier_msgs/msg/detail/dds_fastrtps/uuid__type_support.cpp.o[0m
[3.280s] [ 57%] [32mBuilding CXX object CMakeFiles/unique_identifier_msgs__rosidl_typesupport_fastrtps_c.dir/rosidl_typesupport_fastrtps_c/unique_identifier_msgs/msg/detail/uuid__type_support_c.cpp.o[0m
[3.292s] [ 60%] [32m[1mLinking CXX shared library libunique_identifier_msgs__rosidl_typesupport_c.so[0m
[3.297s] [ 62%] [32m[1mLinking C shared library libunique_identifier_msgs__rosidl_typesupport_introspection_c.so[0m
[3.323s] [ 62%] Built target unique_identifier_msgs__rosidl_typesupport_introspection_c
[3.326s] [ 62%] Built target unique_identifier_msgs__rosidl_typesupport_c
[3.535s] [ 65%] [32m[1mLinking CXX shared library libunique_identifier_msgs__rosidl_typesupport_cpp.so[0m
[3.549s] [ 68%] [32m[1mLinking CXX shared library libunique_identifier_msgs__rosidl_typesupport_introspection_cpp.so[0m
[3.582s] [ 68%] Built target unique_identifier_msgs__rosidl_typesupport_cpp
[3.613s] [ 68%] Built target unique_identifier_msgs__rosidl_typesupport_introspection_cpp
[3.660s] [ 71%] [32m[1mLinking CXX shared library libunique_identifier_msgs__rosidl_typesupport_fastrtps_c.so[0m
[3.692s] [ 74%] [32m[1mLinking CXX shared library libunique_identifier_msgs__rosidl_typesupport_fastrtps_cpp.so[0m
[3.710s] [ 74%] Built target unique_identifier_msgs__rosidl_typesupport_fastrtps_c
[3.761s] [ 74%] Built target unique_identifier_msgs__rosidl_typesupport_fastrtps_cpp
[3.782s] [ 74%] Built target unique_identifier_msgs
[3.801s] [ 77%] [34m[1mGenerating Python code for ROS interfaces[0m
[4.012s] [ 77%] Built target unique_identifier_msgs__py
[4.029s] [ 80%] [32mBuilding C object CMakeFiles/unique_identifier_msgs__rosidl_generator_py.dir/rosidl_generator_py/unique_identifier_msgs/msg/_uuid_s.c.o[0m
[4.134s] [ 82%] [32m[1mLinking C shared library libunique_identifier_msgs__rosidl_generator_py.so[0m
[4.169s] [ 82%] Built target unique_identifier_msgs__rosidl_generator_py
[4.186s] [ 88%] [32mBuilding C object CMakeFiles/unique_identifier_msgs_s__rosidl_typesupport_introspection_c.dir/rosidl_generator_py/unique_identifier_msgs/_unique_identifier_msgs_s.ep.rosidl_typesupport_introspection_c.c.o[0m
[4.186s] [ 88%] [32mBuilding C object CMakeFiles/unique_identifier_msgs_s__rosidl_typesupport_fastrtps_c.dir/rosidl_generator_py/unique_identifier_msgs/_unique_identifier_msgs_s.ep.rosidl_typesupport_fastrtps_c.c.o[0m
[4.186s] [ 91%] [32mBuilding C object CMakeFiles/unique_identifier_msgs_s__rosidl_typesupport_c.dir/rosidl_generator_py/unique_identifier_msgs/_unique_identifier_msgs_s.ep.rosidl_typesupport_c.c.o[0m
[4.259s] [ 94%] [32m[1mLinking C shared module rosidl_generator_py/unique_identifier_msgs/unique_identifier_msgs_s__rosidl_typesupport_c.so[0m
[4.259s] [ 97%] [32m[1mLinking C shared module rosidl_generator_py/unique_identifier_msgs/unique_identifier_msgs_s__rosidl_typesupport_introspection_c.so[0m
[4.265s] [100%] [32m[1mLinking C shared module rosidl_generator_py/unique_identifier_msgs/unique_identifier_msgs_s__rosidl_typesupport_fastrtps_c.so[0m
[4.287s] [100%] Built target unique_identifier_msgs_s__rosidl_typesupport_c
[4.288s] [100%] Built target unique_identifier_msgs_s__rosidl_typesupport_introspection_c
[4.290s] [100%] Built target unique_identifier_msgs_s__rosidl_typesupport_fastrtps_c
[4.301s] Invoked command in '/home/rsanz/git/learning/ROS2/RustROS2/build/unique_identifier_msgs' returned '0': AMENT_PREFIX_PATH=/home/rsanz/git/learning/ROS2/RustROS2/install/rosidl_core_runtime:/home/rsanz/git/learning/ROS2/RustROS2/install/rosidl_core_generators:/home/rsanz/git/learning/ROS2/RustROS2/install/rosidl_generator_rs:${AMENT_PREFIX_PATH} CMAKE_PREFIX_PATH=/home/rsanz/git/learning/ROS2/RustROS2/install/rosidl_core_runtime:/home/rsanz/git/learning/ROS2/RustROS2/install/rosidl_core_generators:/home/rsanz/git/learning/ROS2/RustROS2/install/rosidl_generator_rs:/opt/ros/jazzy/opt/gz_math_vendor:/opt/ros/jazzy/opt/gz_utils_vendor:/opt/ros/jazzy/opt/gz_cmake_vendor:/opt/ros/jazzy DEBUGINFOD_URLS=https://debuginfod.ubuntu.com PYTHONPATH=/home/rsanz/git/learning/ROS2/RustROS2/install/rosidl_generator_rs/lib/python3.12/site-packages:${PYTHONPATH} /usr/bin/cmake --build /home/rsanz/git/learning/ROS2/RustROS2/build/unique_identifier_msgs -- -j24 -l24
[4.301s] Invoking command in '/home/rsanz/git/learning/ROS2/RustROS2/build/unique_identifier_msgs': AMENT_PREFIX_PATH=/home/rsanz/git/learning/ROS2/RustROS2/install/rosidl_core_runtime:/home/rsanz/git/learning/ROS2/RustROS2/install/rosidl_core_generators:/home/rsanz/git/learning/ROS2/RustROS2/install/rosidl_generator_rs:${AMENT_PREFIX_PATH} CMAKE_PREFIX_PATH=/home/rsanz/git/learning/ROS2/RustROS2/install/rosidl_core_runtime:/home/rsanz/git/learning/ROS2/RustROS2/install/rosidl_core_generators:/home/rsanz/git/learning/ROS2/RustROS2/install/rosidl_generator_rs:/opt/ros/jazzy/opt/gz_math_vendor:/opt/ros/jazzy/opt/gz_utils_vendor:/opt/ros/jazzy/opt/gz_cmake_vendor:/opt/ros/jazzy DEBUGINFOD_URLS=https://debuginfod.ubuntu.com PYTHONPATH=/home/rsanz/git/learning/ROS2/RustROS2/install/rosidl_generator_rs/lib/python3.12/site-packages:${PYTHONPATH} /usr/bin/cmake --install /home/rsanz/git/learning/ROS2/RustROS2/build/unique_identifier_msgs
[4.308s] -- Install configuration: ""
[4.309s] -- Installing: /home/rsanz/git/learning/ROS2/RustROS2/install/unique_identifier_msgs/share/ament_index/resource_index/rosidl_interfaces/unique_identifier_msgs
[4.309s] -- Installing: /home/rsanz/git/learning/ROS2/RustROS2/install/unique_identifier_msgs/share/unique_identifier_msgs/msg/UUID.json
[4.309s] -- Installing: /home/rsanz/git/learning/ROS2/RustROS2/install/unique_identifier_msgs/include/unique_identifier_msgs/unique_identifier_msgs
[4.309s] -- Installing: /home/rsanz/git/learning/ROS2/RustROS2/install/unique_identifier_msgs/include/unique_identifier_msgs/unique_identifier_msgs/msg
[4.309s] -- Installing: /home/rsanz/git/learning/ROS2/RustROS2/install/unique_identifier_msgs/include/unique_identifier_msgs/unique_identifier_msgs/msg/rosidl_generator_c__visibility_control.h
[4.310s] -- Installing: /home/rsanz/git/learning/ROS2/RustROS2/install/unique_identifier_msgs/include/unique_identifier_msgs/unique_identifier_msgs/msg/uuid.h
[4.310s] -- Installing: /home/rsanz/git/learning/ROS2/RustROS2/install/unique_identifier_msgs/include/unique_identifier_msgs/unique_identifier_msgs/msg/detail
[4.310s] -- Installing: /home/rsanz/git/learning/ROS2/RustROS2/install/unique_identifier_msgs/include/unique_identifier_msgs/unique_identifier_msgs/msg/detail/uuid__type_support.h
[4.310s] -- Installing: /home/rsanz/git/learning/ROS2/RustROS2/install/unique_identifier_msgs/include/unique_identifier_msgs/unique_identifier_msgs/msg/detail/uuid__functions.c
[4.310s] -- Installing: /home/rsanz/git/learning/ROS2/RustROS2/install/unique_identifier_msgs/include/unique_identifier_msgs/unique_identifier_msgs/msg/detail/uuid__functions.h
[4.310s] -- Installing: /home/rsanz/git/learning/ROS2/RustROS2/install/unique_identifier_msgs/include/unique_identifier_msgs/unique_identifier_msgs/msg/detail/uuid__description.c
[4.311s] -- Installing: /home/rsanz/git/learning/ROS2/RustROS2/install/unique_identifier_msgs/include/unique_identifier_msgs/unique_identifier_msgs/msg/detail/uuid__type_support.c
[4.311s] -- Installing: /home/rsanz/git/learning/ROS2/RustROS2/install/unique_identifier_msgs/include/unique_identifier_msgs/unique_identifier_msgs/msg/detail/uuid__struct.h
[4.311s] -- Installing: /home/rsanz/git/learning/ROS2/RustROS2/install/unique_identifier_msgs/share/unique_identifier_msgs/environment/library_path.sh
[4.311s] -- Installing: /home/rsanz/git/learning/ROS2/RustROS2/install/unique_identifier_msgs/share/unique_identifier_msgs/environment/library_path.dsv
[4.311s] -- Installing: /home/rsanz/git/learning/ROS2/RustROS2/install/unique_identifier_msgs/lib/libunique_identifier_msgs__rosidl_generator_c.so
[4.312s] -- Set non-toolchain portion of runtime path of "/home/rsanz/git/learning/ROS2/RustROS2/install/unique_identifier_msgs/lib/libunique_identifier_msgs__rosidl_generator_c.so" to ""
[4.312s] -- Up-to-date: /home/rsanz/git/learning/ROS2/RustROS2/install/unique_identifier_msgs/include/unique_identifier_msgs/unique_identifier_msgs
[4.312s] -- Up-to-date: /home/rsanz/git/learning/ROS2/RustROS2/install/unique_identifier_msgs/include/unique_identifier_msgs/unique_identifier_msgs/msg
[4.312s] -- Installing: /home/rsanz/git/learning/ROS2/RustROS2/install/unique_identifier_msgs/include/unique_identifier_msgs/unique_identifier_msgs/msg/rosidl_typesupport_fastrtps_c__visibility_control.h
[4.312s] -- Up-to-date: /home/rsanz/git/learning/ROS2/RustROS2/install/unique_identifier_msgs/include/unique_identifier_msgs/unique_identifier_msgs/msg/detail
[4.312s] -- Installing: /home/rsanz/git/learning/ROS2/RustROS2/install/unique_identifier_msgs/include/unique_identifier_msgs/unique_identifier_msgs/msg/detail/uuid__rosidl_typesupport_fastrtps_c.h
[4.312s] -- Installing: /home/rsanz/git/learning/ROS2/RustROS2/install/unique_identifier_msgs/lib/libunique_identifier_msgs__rosidl_typesupport_fastrtps_c.so
[4.313s] -- Set non-toolchain portion of runtime path of "/home/rsanz/git/learning/ROS2/RustROS2/install/unique_identifier_msgs/lib/libunique_identifier_msgs__rosidl_typesupport_fastrtps_c.so" to ""
[4.313s] -- Up-to-date: /home/rsanz/git/learning/ROS2/RustROS2/install/unique_identifier_msgs/include/unique_identifier_msgs/unique_identifier_msgs
[4.313s] -- Up-to-date: /home/rsanz/git/learning/ROS2/RustROS2/install/unique_identifier_msgs/include/unique_identifier_msgs/unique_identifier_msgs/msg
[4.313s] -- Installing: /home/rsanz/git/learning/ROS2/RustROS2/install/unique_identifier_msgs/include/unique_identifier_msgs/unique_identifier_msgs/msg/rosidl_typesupport_introspection_c__visibility_control.h
[4.313s] -- Up-to-date: /home/rsanz/git/learning/ROS2/RustROS2/install/unique_identifier_msgs/include/unique_identifier_msgs/unique_identifier_msgs/msg/detail
[4.313s] -- Installing: /home/rsanz/git/learning/ROS2/RustROS2/install/unique_identifier_msgs/include/unique_identifier_msgs/unique_identifier_msgs/msg/detail/uuid__rosidl_typesupport_introspection_c.h
[4.313s] -- Up-to-date: /home/rsanz/git/learning/ROS2/RustROS2/install/unique_identifier_msgs/include/unique_identifier_msgs/unique_identifier_msgs/msg/detail/uuid__type_support.c
[4.313s] -- Installing: /home/rsanz/git/learning/ROS2/RustROS2/install/unique_identifier_msgs/lib/libunique_identifier_msgs__rosidl_typesupport_introspection_c.so
[4.314s] -- Set non-toolchain portion of runtime path of "/home/rsanz/git/learning/ROS2/RustROS2/install/unique_identifier_msgs/lib/libunique_identifier_msgs__rosidl_typesupport_introspection_c.so" to ""
[4.314s] -- Installing: /home/rsanz/git/learning/ROS2/RustROS2/install/unique_identifier_msgs/lib/libunique_identifier_msgs__rosidl_typesupport_c.so
[4.314s] -- Set non-toolchain portion of runtime path of "/home/rsanz/git/learning/ROS2/RustROS2/install/unique_identifier_msgs/lib/libunique_identifier_msgs__rosidl_typesupport_c.so" to ""
[4.314s] -- Up-to-date: /home/rsanz/git/learning/ROS2/RustROS2/install/unique_identifier_msgs/include/unique_identifier_msgs/unique_identifier_msgs
[4.314s] -- Up-to-date: /home/rsanz/git/learning/ROS2/RustROS2/install/unique_identifier_msgs/include/unique_identifier_msgs/unique_identifier_msgs/msg
[4.314s] -- Up-to-date: /home/rsanz/git/learning/ROS2/RustROS2/install/unique_identifier_msgs/include/unique_identifier_msgs/unique_identifier_msgs/msg/detail
[4.314s] -- Installing: /home/rsanz/git/learning/ROS2/RustROS2/install/unique_identifier_msgs/include/unique_identifier_msgs/unique_identifier_msgs/msg/detail/uuid__struct.hpp
[4.314s] -- Installing: /home/rsanz/git/learning/ROS2/RustROS2/install/unique_identifier_msgs/include/unique_identifier_msgs/unique_identifier_msgs/msg/detail/uuid__type_support.hpp
[4.315s] -- Installing: /home/rsanz/git/learning/ROS2/RustROS2/install/unique_identifier_msgs/include/unique_identifier_msgs/unique_identifier_msgs/msg/detail/uuid__traits.hpp
[4.315s] -- Installing: /home/rsanz/git/learning/ROS2/RustROS2/install/unique_identifier_msgs/include/unique_identifier_msgs/unique_identifier_msgs/msg/detail/uuid__builder.hpp
[4.315s] -- Installing: /home/rsanz/git/learning/ROS2/RustROS2/install/unique_identifier_msgs/include/unique_identifier_msgs/unique_identifier_msgs/msg/uuid.hpp
[4.315s] -- Installing: /home/rsanz/git/learning/ROS2/RustROS2/install/unique_identifier_msgs/include/unique_identifier_msgs/unique_identifier_msgs/msg/rosidl_generator_cpp__visibility_control.hpp
[4.315s] -- Up-to-date: /home/rsanz/git/learning/ROS2/RustROS2/install/unique_identifier_msgs/include/unique_identifier_msgs/unique_identifier_msgs
[4.315s] -- Up-to-date: /home/rsanz/git/learning/ROS2/RustROS2/install/unique_identifier_msgs/include/unique_identifier_msgs/unique_identifier_msgs/msg
[4.315s] -- Installing: /home/rsanz/git/learning/ROS2/RustROS2/install/unique_identifier_msgs/include/unique_identifier_msgs/unique_identifier_msgs/msg/rosidl_typesupport_fastrtps_cpp__visibility_control.h
[4.315s] -- Up-to-date: /home/rsanz/git/learning/ROS2/RustROS2/install/unique_identifier_msgs/include/unique_identifier_msgs/unique_identifier_msgs/msg/detail
[4.315s] -- Installing: /home/rsanz/git/learning/ROS2/RustROS2/install/unique_identifier_msgs/include/unique_identifier_msgs/unique_identifier_msgs/msg/detail/uuid__rosidl_typesupport_fastrtps_cpp.hpp
[4.315s] -- Installing: /home/rsanz/git/learning/ROS2/RustROS2/install/unique_identifier_msgs/include/unique_identifier_msgs/unique_identifier_msgs/msg/detail/dds_fastrtps
[4.316s] -- Installing: /home/rsanz/git/learning/ROS2/RustROS2/install/unique_identifier_msgs/lib/libunique_identifier_msgs__rosidl_typesupport_fastrtps_cpp.so
[4.316s] -- Set non-toolchain portion of runtime path of "/home/rsanz/git/learning/ROS2/RustROS2/install/unique_identifier_msgs/lib/libunique_identifier_msgs__rosidl_typesupport_fastrtps_cpp.so" to ""
[4.316s] -- Up-to-date: /home/rsanz/git/learning/ROS2/RustROS2/install/unique_identifier_msgs/include/unique_identifier_msgs/unique_identifier_msgs
[4.316s] -- Up-to-date: /home/rsanz/git/learning/ROS2/RustROS2/install/unique_identifier_msgs/include/unique_identifier_msgs/unique_identifier_msgs/msg
[4.316s] -- Up-to-date: /home/rsanz/git/learning/ROS2/RustROS2/install/unique_identifier_msgs/include/unique_identifier_msgs/unique_identifier_msgs/msg/detail
[4.316s] -- Installing: /home/rsanz/git/learning/ROS2/RustROS2/install/unique_identifier_msgs/include/unique_identifier_msgs/unique_identifier_msgs/msg/detail/uuid__type_support.cpp
[4.316s] -- Installing: /home/rsanz/git/learning/ROS2/RustROS2/install/unique_identifier_msgs/include/unique_identifier_msgs/unique_identifier_msgs/msg/detail/uuid__rosidl_typesupport_introspection_cpp.hpp
[4.317s] -- Installing: /home/rsanz/git/learning/ROS2/RustROS2/install/unique_identifier_msgs/lib/libunique_identifier_msgs__rosidl_typesupport_introspection_cpp.so
[4.317s] -- Set non-toolchain portion of runtime path of "/home/rsanz/git/learning/ROS2/RustROS2/install/unique_identifier_msgs/lib/libunique_identifier_msgs__rosidl_typesupport_introspection_cpp.so" to ""
[4.317s] -- Installing: /home/rsanz/git/learning/ROS2/RustROS2/install/unique_identifier_msgs/lib/libunique_identifier_msgs__rosidl_typesupport_cpp.so
[4.317s] -- Set non-toolchain portion of runtime path of "/home/rsanz/git/learning/ROS2/RustROS2/install/unique_identifier_msgs/lib/libunique_identifier_msgs__rosidl_typesupport_cpp.so" to ""
[4.317s] -- Installing: /home/rsanz/git/learning/ROS2/RustROS2/install/unique_identifier_msgs/share/ament_index/resource_index/rust_packages/unique_identifier_msgs
[4.317s] -- Installing: /home/rsanz/git/learning/ROS2/RustROS2/install/unique_identifier_msgs/share/unique_identifier_msgs/rust
[4.318s] -- Installing: /home/rsanz/git/learning/ROS2/RustROS2/install/unique_identifier_msgs/share/unique_identifier_msgs/rust/src
[4.318s] -- Installing: /home/rsanz/git/learning/ROS2/RustROS2/install/unique_identifier_msgs/share/unique_identifier_msgs/rust/src/msg.rs
[4.318s] -- Installing: /home/rsanz/git/learning/ROS2/RustROS2/install/unique_identifier_msgs/share/unique_identifier_msgs/rust/src/msg
[4.318s] -- Installing: /home/rsanz/git/learning/ROS2/RustROS2/install/unique_identifier_msgs/share/unique_identifier_msgs/rust/src/msg/rmw.rs
[4.318s] -- Installing: /home/rsanz/git/learning/ROS2/RustROS2/install/unique_identifier_msgs/share/unique_identifier_msgs/rust/src/lib.rs
[4.318s] -- Installing: /home/rsanz/git/learning/ROS2/RustROS2/install/unique_identifier_msgs/share/unique_identifier_msgs/rust/build.rs
[4.318s] -- Installing: /home/rsanz/git/learning/ROS2/RustROS2/install/unique_identifier_msgs/share/unique_identifier_msgs/rust/Cargo.toml
[4.318s] -- Installing: /home/rsanz/git/learning/ROS2/RustROS2/install/unique_identifier_msgs/share/unique_identifier_msgs/environment/pythonpath.sh
[4.318s] -- Installing: /home/rsanz/git/learning/ROS2/RustROS2/install/unique_identifier_msgs/share/unique_identifier_msgs/environment/pythonpath.dsv
[4.319s] -- Installing: /home/rsanz/git/learning/ROS2/RustROS2/install/unique_identifier_msgs/lib/python3.12/site-packages/unique_identifier_msgs-2.5.0-py3.12.egg-info
[4.319s] -- Installing: /home/rsanz/git/learning/ROS2/RustROS2/install/unique_identifier_msgs/lib/python3.12/site-packages/unique_identifier_msgs-2.5.0-py3.12.egg-info/dependency_links.txt
[4.319s] -- Installing: /home/rsanz/git/learning/ROS2/RustROS2/install/unique_identifier_msgs/lib/python3.12/site-packages/unique_identifier_msgs-2.5.0-py3.12.egg-info/PKG-INFO
[4.319s] -- Installing: /home/rsanz/git/learning/ROS2/RustROS2/install/unique_identifier_msgs/lib/python3.12/site-packages/unique_identifier_msgs-2.5.0-py3.12.egg-info/top_level.txt
[4.319s] -- Installing: /home/rsanz/git/learning/ROS2/RustROS2/install/unique_identifier_msgs/lib/python3.12/site-packages/unique_identifier_msgs-2.5.0-py3.12.egg-info/SOURCES.txt
[4.319s] -- Installing: /home/rsanz/git/learning/ROS2/RustROS2/install/unique_identifier_msgs/lib/python3.12/site-packages/unique_identifier_msgs
[4.320s] -- Installing: /home/rsanz/git/learning/ROS2/RustROS2/install/unique_identifier_msgs/lib/python3.12/site-packages/unique_identifier_msgs/_unique_identifier_msgs_s.ep.rosidl_typesupport_introspection_c.c
[4.320s] -- Installing: /home/rsanz/git/learning/ROS2/RustROS2/install/unique_identifier_msgs/lib/python3.12/site-packages/unique_identifier_msgs/unique_identifier_msgs_s__rosidl_typesupport_fastrtps_c.so
[4.320s] -- Installing: /home/rsanz/git/learning/ROS2/RustROS2/install/unique_identifier_msgs/lib/python3.12/site-packages/unique_identifier_msgs/_unique_identifier_msgs_s.ep.rosidl_typesupport_c.c
[4.320s] -- Installing: /home/rsanz/git/learning/ROS2/RustROS2/install/unique_identifier_msgs/lib/python3.12/site-packages/unique_identifier_msgs/msg
[4.320s] -- Installing: /home/rsanz/git/learning/ROS2/RustROS2/install/unique_identifier_msgs/lib/python3.12/site-packages/unique_identifier_msgs/msg/__init__.py
[4.320s] -- Installing: /home/rsanz/git/learning/ROS2/RustROS2/install/unique_identifier_msgs/lib/python3.12/site-packages/unique_identifier_msgs/msg/_uuid.py
[4.320s] -- Installing: /home/rsanz/git/learning/ROS2/RustROS2/install/unique_identifier_msgs/lib/python3.12/site-packages/unique_identifier_msgs/msg/_uuid_s.c
[4.320s] -- Installing: /home/rsanz/git/learning/ROS2/RustROS2/install/unique_identifier_msgs/lib/python3.12/site-packages/unique_identifier_msgs/__init__.py
[4.321s] -- Installing: /home/rsanz/git/learning/ROS2/RustROS2/install/unique_identifier_msgs/lib/python3.12/site-packages/unique_identifier_msgs/unique_identifier_msgs_s__rosidl_typesupport_introspection_c.so
[4.321s] -- Installing: /home/rsanz/git/learning/ROS2/RustROS2/install/unique_identifier_msgs/lib/python3.12/site-packages/unique_identifier_msgs/unique_identifier_msgs_s__rosidl_typesupport_c.so
[4.321s] -- Installing: /home/rsanz/git/learning/ROS2/RustROS2/install/unique_identifier_msgs/lib/python3.12/site-packages/unique_identifier_msgs/_unique_identifier_msgs_s.ep.rosidl_typesupport_fastrtps_c.c
[4.353s] Listing '/home/rsanz/git/learning/ROS2/RustROS2/install/unique_identifier_msgs/lib/python3.12/site-packages/unique_identifier_msgs'...
[4.353s] Compiling '/home/rsanz/git/learning/ROS2/RustROS2/install/unique_identifier_msgs/lib/python3.12/site-packages/unique_identifier_msgs/__init__.py'...
[4.353s] Listing '/home/rsanz/git/learning/ROS2/RustROS2/install/unique_identifier_msgs/lib/python3.12/site-packages/unique_identifier_msgs/msg'...
[4.353s] Compiling '/home/rsanz/git/learning/ROS2/RustROS2/install/unique_identifier_msgs/lib/python3.12/site-packages/unique_identifier_msgs/msg/__init__.py'...
[4.353s] Compiling '/home/rsanz/git/learning/ROS2/RustROS2/install/unique_identifier_msgs/lib/python3.12/site-packages/unique_identifier_msgs/msg/_uuid.py'...
[4.357s] -- Installing: /home/rsanz/git/learning/ROS2/RustROS2/install/unique_identifier_msgs/lib/python3.12/site-packages/unique_identifier_msgs/unique_identifier_msgs_s__rosidl_typesupport_fastrtps_c.so
[4.358s] -- Set non-toolchain portion of runtime path of "/home/rsanz/git/learning/ROS2/RustROS2/install/unique_identifier_msgs/lib/python3.12/site-packages/unique_identifier_msgs/unique_identifier_msgs_s__rosidl_typesupport_fastrtps_c.so" to ""
[4.358s] -- Installing: /home/rsanz/git/learning/ROS2/RustROS2/install/unique_identifier_msgs/lib/python3.12/site-packages/unique_identifier_msgs/unique_identifier_msgs_s__rosidl_typesupport_introspection_c.so
[4.359s] -- Set non-toolchain portion of runtime path of "/home/rsanz/git/learning/ROS2/RustROS2/install/unique_identifier_msgs/lib/python3.12/site-packages/unique_identifier_msgs/unique_identifier_msgs_s__rosidl_typesupport_introspection_c.so" to ""
[4.359s] -- Installing: /home/rsanz/git/learning/ROS2/RustROS2/install/unique_identifier_msgs/lib/python3.12/site-packages/unique_identifier_msgs/unique_identifier_msgs_s__rosidl_typesupport_c.so
[4.359s] -- Set non-toolchain portion of runtime path of "/home/rsanz/git/learning/ROS2/RustROS2/install/unique_identifier_msgs/lib/python3.12/site-packages/unique_identifier_msgs/unique_identifier_msgs_s__rosidl_typesupport_c.so" to ""
[4.359s] -- Installing: /home/rsanz/git/learning/ROS2/RustROS2/install/unique_identifier_msgs/lib/libunique_identifier_msgs__rosidl_generator_py.so
[4.360s] -- Set non-toolchain portion of runtime path of "/home/rsanz/git/learning/ROS2/RustROS2/install/unique_identifier_msgs/lib/libunique_identifier_msgs__rosidl_generator_py.so" to ""
[4.360s] -- Installing: /home/rsanz/git/learning/ROS2/RustROS2/install/unique_identifier_msgs/share/unique_identifier_msgs/msg/UUID.idl
[4.360s] -- Installing: /home/rsanz/git/learning/ROS2/RustROS2/install/unique_identifier_msgs/share/unique_identifier_msgs/msg/UUID.msg
[4.361s] -- Installing: /home/rsanz/git/learning/ROS2/RustROS2/install/unique_identifier_msgs/share/ament_index/resource_index/package_run_dependencies/unique_identifier_msgs
[4.361s] -- Installing: /home/rsanz/git/learning/ROS2/RustROS2/install/unique_identifier_msgs/share/ament_index/resource_index/parent_prefix_path/unique_identifier_msgs
[4.361s] -- Installing: /home/rsanz/git/learning/ROS2/RustROS2/install/unique_identifier_msgs/share/unique_identifier_msgs/environment/ament_prefix_path.sh
[4.361s] -- Installing: /home/rsanz/git/learning/ROS2/RustROS2/install/unique_identifier_msgs/share/unique_identifier_msgs/environment/ament_prefix_path.dsv
[4.362s] -- Installing: /home/rsanz/git/learning/ROS2/RustROS2/install/unique_identifier_msgs/share/unique_identifier_msgs/environment/path.sh
[4.362s] -- Installing: /home/rsanz/git/learning/ROS2/RustROS2/install/unique_identifier_msgs/share/unique_identifier_msgs/environment/path.dsv
[4.362s] -- Installing: /home/rsanz/git/learning/ROS2/RustROS2/install/unique_identifier_msgs/share/unique_identifier_msgs/local_setup.bash
[4.362s] -- Installing: /home/rsanz/git/learning/ROS2/RustROS2/install/unique_identifier_msgs/share/unique_identifier_msgs/local_setup.sh
[4.362s] -- Installing: /home/rsanz/git/learning/ROS2/RustROS2/install/unique_identifier_msgs/share/unique_identifier_msgs/local_setup.zsh
[4.363s] -- Installing: /home/rsanz/git/learning/ROS2/RustROS2/install/unique_identifier_msgs/share/unique_identifier_msgs/local_setup.dsv
[4.363s] -- Installing: /home/rsanz/git/learning/ROS2/RustROS2/install/unique_identifier_msgs/share/unique_identifier_msgs/package.dsv
[4.363s] -- Installing: /home/rsanz/git/learning/ROS2/RustROS2/install/unique_identifier_msgs/share/ament_index/resource_index/packages/unique_identifier_msgs
[4.363s] -- Installing: /home/rsanz/git/learning/ROS2/RustROS2/install/unique_identifier_msgs/share/unique_identifier_msgs/cmake/export_unique_identifier_msgs__rosidl_generator_cExport.cmake
[4.364s] -- Installing: /home/rsanz/git/learning/ROS2/RustROS2/install/unique_identifier_msgs/share/unique_identifier_msgs/cmake/export_unique_identifier_msgs__rosidl_generator_cExport-noconfig.cmake
[4.364s] -- Installing: /home/rsanz/git/learning/ROS2/RustROS2/install/unique_identifier_msgs/share/unique_identifier_msgs/cmake/export_unique_identifier_msgs__rosidl_typesupport_fastrtps_cExport.cmake
[4.364s] -- Installing: /home/rsanz/git/learning/ROS2/RustROS2/install/unique_identifier_msgs/share/unique_identifier_msgs/cmake/export_unique_identifier_msgs__rosidl_typesupport_fastrtps_cExport-noconfig.cmake
[4.364s] -- Installing: /home/rsanz/git/learning/ROS2/RustROS2/install/unique_identifier_msgs/share/unique_identifier_msgs/cmake/unique_identifier_msgs__rosidl_typesupport_introspection_cExport.cmake
[4.364s] -- Installing: /home/rsanz/git/learning/ROS2/RustROS2/install/unique_identifier_msgs/share/unique_identifier_msgs/cmake/unique_identifier_msgs__rosidl_typesupport_introspection_cExport-noconfig.cmake
[4.364s] -- Installing: /home/rsanz/git/learning/ROS2/RustROS2/install/unique_identifier_msgs/share/unique_identifier_msgs/cmake/unique_identifier_msgs__rosidl_typesupport_cExport.cmake
[4.365s] -- Installing: /home/rsanz/git/learning/ROS2/RustROS2/install/unique_identifier_msgs/share/unique_identifier_msgs/cmake/unique_identifier_msgs__rosidl_typesupport_cExport-noconfig.cmake
[4.365s] -- Installing: /home/rsanz/git/learning/ROS2/RustROS2/install/unique_identifier_msgs/share/unique_identifier_msgs/cmake/export_unique_identifier_msgs__rosidl_generator_cppExport.cmake
[4.365s] -- Installing: /home/rsanz/git/learning/ROS2/RustROS2/install/unique_identifier_msgs/share/unique_identifier_msgs/cmake/export_unique_identifier_msgs__rosidl_typesupport_fastrtps_cppExport.cmake
[4.365s] -- Installing: /home/rsanz/git/learning/ROS2/RustROS2/install/unique_identifier_msgs/share/unique_identifier_msgs/cmake/export_unique_identifier_msgs__rosidl_typesupport_fastrtps_cppExport-noconfig.cmake
[4.365s] -- Installing: /home/rsanz/git/learning/ROS2/RustROS2/install/unique_identifier_msgs/share/unique_identifier_msgs/cmake/unique_identifier_msgs__rosidl_typesupport_introspection_cppExport.cmake
[4.366s] -- Installing: /home/rsanz/git/learning/ROS2/RustROS2/install/unique_identifier_msgs/share/unique_identifier_msgs/cmake/unique_identifier_msgs__rosidl_typesupport_introspection_cppExport-noconfig.cmake
[4.366s] -- Installing: /home/rsanz/git/learning/ROS2/RustROS2/install/unique_identifier_msgs/share/unique_identifier_msgs/cmake/unique_identifier_msgs__rosidl_typesupport_cppExport.cmake
[4.366s] -- Installing: /home/rsanz/git/learning/ROS2/RustROS2/install/unique_identifier_msgs/share/unique_identifier_msgs/cmake/unique_identifier_msgs__rosidl_typesupport_cppExport-noconfig.cmake
[4.366s] -- Installing: /home/rsanz/git/learning/ROS2/RustROS2/install/unique_identifier_msgs/share/unique_identifier_msgs/cmake/export_unique_identifier_msgs__rosidl_generator_pyExport.cmake
[4.366s] -- Installing: /home/rsanz/git/learning/ROS2/RustROS2/install/unique_identifier_msgs/share/unique_identifier_msgs/cmake/export_unique_identifier_msgs__rosidl_generator_pyExport-noconfig.cmake
[4.366s] -- Installing: /home/rsanz/git/learning/ROS2/RustROS2/install/unique_identifier_msgs/share/unique_identifier_msgs/cmake/rosidl_cmake-extras.cmake
[4.367s] -- Installing: /home/rsanz/git/learning/ROS2/RustROS2/install/unique_identifier_msgs/share/unique_identifier_msgs/cmake/ament_cmake_export_include_directories-extras.cmake
[4.367s] -- Installing: /home/rsanz/git/learning/ROS2/RustROS2/install/unique_identifier_msgs/share/unique_identifier_msgs/cmake/ament_cmake_export_libraries-extras.cmake
[4.367s] -- Installing: /home/rsanz/git/learning/ROS2/RustROS2/install/unique_identifier_msgs/share/unique_identifier_msgs/cmake/ament_cmake_export_targets-extras.cmake
[4.367s] -- Installing: /home/rsanz/git/learning/ROS2/RustROS2/install/unique_identifier_msgs/share/unique_identifier_msgs/cmake/rosidl_cmake_export_typesupport_targets-extras.cmake
[4.367s] -- Installing: /home/rsanz/git/learning/ROS2/RustROS2/install/unique_identifier_msgs/share/unique_identifier_msgs/cmake/ament_cmake_export_dependencies-extras.cmake
[4.368s] -- Installing: /home/rsanz/git/learning/ROS2/RustROS2/install/unique_identifier_msgs/share/unique_identifier_msgs/cmake/rosidl_cmake_export_typesupport_libraries-extras.cmake
[4.368s] -- Installing: /home/rsanz/git/learning/ROS2/RustROS2/install/unique_identifier_msgs/share/unique_identifier_msgs/cmake/unique_identifier_msgsConfig.cmake
[4.368s] -- Installing: /home/rsanz/git/learning/ROS2/RustROS2/install/unique_identifier_msgs/share/unique_identifier_msgs/cmake/unique_identifier_msgsConfig-version.cmake
[4.368s] -- Installing: /home/rsanz/git/learning/ROS2/RustROS2/install/unique_identifier_msgs/share/unique_identifier_msgs/package.xml
[4.368s] -- Installing: /home/rsanz/git/learning/ROS2/RustROS2/install/unique_identifier_msgs/share/unique_identifier_msgs/mapping_rules.yaml
[4.371s] Invoked command in '/home/rsanz/git/learning/ROS2/RustROS2/build/unique_identifier_msgs' returned '0': AMENT_PREFIX_PATH=/home/rsanz/git/learning/ROS2/RustROS2/install/rosidl_core_runtime:/home/rsanz/git/learning/ROS2/RustROS2/install/rosidl_core_generators:/home/rsanz/git/learning/ROS2/RustROS2/install/rosidl_generator_rs:${AMENT_PREFIX_PATH} CMAKE_PREFIX_PATH=/home/rsanz/git/learning/ROS2/RustROS2/install/rosidl_core_runtime:/home/rsanz/git/learning/ROS2/RustROS2/install/rosidl_core_generators:/home/rsanz/git/learning/ROS2/RustROS2/install/rosidl_generator_rs:/opt/ros/jazzy/opt/gz_math_vendor:/opt/ros/jazzy/opt/gz_utils_vendor:/opt/ros/jazzy/opt/gz_cmake_vendor:/opt/ros/jazzy DEBUGINFOD_URLS=https://debuginfod.ubuntu.com PYTHONPATH=/home/rsanz/git/learning/ROS2/RustROS2/install/rosidl_generator_rs/lib/python3.12/site-packages:${PYTHONPATH} /usr/bin/cmake --install /home/rsanz/git/learning/ROS2/RustROS2/build/unique_identifier_msgs
