[0.024s] Invoking command in 'src/rust_pubsub': AMENT_PREFIX_PATH=/home/rsanz/git/learning/ROS2/RustROS2/install/std_msgs:/home/rsanz/git/learning/ROS2/RustROS2/install/rosidl_default_runtime:/home/rsanz/git/learning/ROS2/RustROS2/install/rosidl_default_generators:/home/rsanz/git/learning/ROS2/RustROS2/install/action_msgs:/home/rsanz/git/learning/ROS2/RustROS2/install/service_msgs:/home/rsanz/git/learning/ROS2/RustROS2/install/unique_identifier_msgs:/home/rsanz/git/learning/ROS2/RustROS2/install/builtin_interfaces:/home/rsanz/git/learning/ROS2/RustROS2/install/rosidl_core_runtime:/home/rsanz/git/learning/ROS2/RustROS2/install/rosidl_core_generators:/home/rsanz/git/learning/ROS2/RustROS2/install/rosidl_generator_rs:${AMENT_PREFIX_PATH} CMAKE_PREFIX_PATH=/home/rsanz/git/learning/ROS2/RustROS2/install/std_msgs:/home/rsanz/git/learning/ROS2/RustROS2/install/rosidl_default_runtime:/home/rsanz/git/learning/ROS2/RustROS2/install/rosidl_default_generators:/home/rsanz/git/learning/ROS2/RustROS2/install/action_msgs:/home/rsanz/git/learning/ROS2/RustROS2/install/service_msgs:/home/rsanz/git/learning/ROS2/RustROS2/install/unique_identifier_msgs:/home/rsanz/git/learning/ROS2/RustROS2/install/builtin_interfaces:/home/rsanz/git/learning/ROS2/RustROS2/install/rosidl_core_runtime:/home/rsanz/git/learning/ROS2/RustROS2/install/rosidl_core_generators:/home/rsanz/git/learning/ROS2/RustROS2/install/rosidl_generator_rs:${CMAKE_PREFIX_PATH} DEBUGINFOD_URLS=https://debuginfod.ubuntu.com LD_LIBRARY_PATH=/home/rsanz/git/learning/ROS2/RustROS2/install/std_msgs/lib:/home/rsanz/git/learning/ROS2/RustROS2/install/action_msgs/lib:/home/rsanz/git/learning/ROS2/RustROS2/install/service_msgs/lib:/home/rsanz/git/learning/ROS2/RustROS2/install/unique_identifier_msgs/lib:/home/rsanz/git/learning/ROS2/RustROS2/install/builtin_interfaces/lib:${LD_LIBRARY_PATH} PYTHONPATH=/home/rsanz/git/learning/ROS2/RustROS2/install/std_msgs/lib/python3.12/site-packages:/home/rsanz/git/learning/ROS2/RustROS2/install/action_msgs/lib/python3.12/site-packages:/home/rsanz/git/learning/ROS2/RustROS2/install/service_msgs/lib/python3.12/site-packages:/home/rsanz/git/learning/ROS2/RustROS2/install/unique_identifier_msgs/lib/python3.12/site-packages:/home/rsanz/git/learning/ROS2/RustROS2/install/builtin_interfaces/lib/python3.12/site-packages:/home/rsanz/git/learning/ROS2/RustROS2/install/rosidl_generator_rs/lib/python3.12/site-packages:${PYTHONPATH} /home/rsanz/.cargo/bin/cargo metadata --no-deps --format-version 1
[0.039s] {"packages":[{"name":"rust_pubsub","version":"0.1.0","id":"path+file:///home/rsanz/git/learning/ROS2/RustROS2/src/rust_pubsub#0.1.0","license":null,"license_file":null,"description":null,"source":null,"dependencies":[{"name":"anyhow","source":"registry+https://github.com/rust-lang/crates.io-index","req":"^1.0","kind":null,"rename":null,"optional":false,"uses_default_features":true,"features":[],"target":null,"registry":null},{"name":"rclrs","source":"registry+https://github.com/rust-lang/crates.io-index","req":"*","kind":null,"rename":null,"optional":false,"uses_default_features":true,"features":[],"target":null,"registry":null},{"name":"std_msgs","source":"registry+https://github.com/rust-lang/crates.io-index","req":"*","kind":null,"rename":null,"optional":false,"uses_default_features":true,"features":[],"target":null,"registry":null}],"targets":[{"kind":["bin"],"crate_types":["bin"],"name":"listener","src_path":"/home/rsanz/git/learning/ROS2/RustROS2/src/rust_pubsub/src/listener.rs","edition":"2021","doc":true,"doctest":false,"test":true},{"kind":["bin"],"crate_types":["bin"],"name":"rust_pubsub","src_path":"/home/rsanz/git/learning/ROS2/RustROS2/src/rust_pubsub/src/main.rs","edition":"2021","doc":true,"doctest":false,"test":true},{"kind":["bin"],"crate_types":["bin"],"name":"talker","src_path":"/home/rsanz/git/learning/ROS2/RustROS2/src/rust_pubsub/src/talker.rs","edition":"2021","doc":true,"doctest":false,"test":true}],"features":{},"manifest_path":"/home/rsanz/git/learning/ROS2/RustROS2/src/rust_pubsub/Cargo.toml","metadata":null,"publish":null,"authors":[],"categories":[],"keywords":[],"readme":null,"repository":null,"homepage":null,"documentation":null,"edition":"2021","links":null,"default_run":null,"rust_version":null}],"workspace_members":["path+file:///home/rsanz/git/learning/ROS2/RustROS2/src/rust_pubsub#0.1.0"],"workspace_default_members":["path+file:///home/rsanz/git/learning/ROS2/RustROS2/src/rust_pubsub#0.1.0"],"resolve":null,"target_directory":"/home/rsanz/git/learning/ROS2/RustROS2/src/rust_pubsub/target","build_directory":"/home/rsanz/git/learning/ROS2/RustROS2/src/rust_pubsub/target","version":1,"workspace_root":"/home/rsanz/git/learning/ROS2/RustROS2/src/rust_pubsub","metadata":null}
[0.041s] Invoked command in 'src/rust_pubsub' returned '0': AMENT_PREFIX_PATH=/home/rsanz/git/learning/ROS2/RustROS2/install/std_msgs:/home/rsanz/git/learning/ROS2/RustROS2/install/rosidl_default_runtime:/home/rsanz/git/learning/ROS2/RustROS2/install/rosidl_default_generators:/home/rsanz/git/learning/ROS2/RustROS2/install/action_msgs:/home/rsanz/git/learning/ROS2/RustROS2/install/service_msgs:/home/rsanz/git/learning/ROS2/RustROS2/install/unique_identifier_msgs:/home/rsanz/git/learning/ROS2/RustROS2/install/builtin_interfaces:/home/rsanz/git/learning/ROS2/RustROS2/install/rosidl_core_runtime:/home/rsanz/git/learning/ROS2/RustROS2/install/rosidl_core_generators:/home/rsanz/git/learning/ROS2/RustROS2/install/rosidl_generator_rs:${AMENT_PREFIX_PATH} CMAKE_PREFIX_PATH=/home/rsanz/git/learning/ROS2/RustROS2/install/std_msgs:/home/rsanz/git/learning/ROS2/RustROS2/install/rosidl_default_runtime:/home/rsanz/git/learning/ROS2/RustROS2/install/rosidl_default_generators:/home/rsanz/git/learning/ROS2/RustROS2/install/action_msgs:/home/rsanz/git/learning/ROS2/RustROS2/install/service_msgs:/home/rsanz/git/learning/ROS2/RustROS2/install/unique_identifier_msgs:/home/rsanz/git/learning/ROS2/RustROS2/install/builtin_interfaces:/home/rsanz/git/learning/ROS2/RustROS2/install/rosidl_core_runtime:/home/rsanz/git/learning/ROS2/RustROS2/install/rosidl_core_generators:/home/rsanz/git/learning/ROS2/RustROS2/install/rosidl_generator_rs:${CMAKE_PREFIX_PATH} DEBUGINFOD_URLS=https://debuginfod.ubuntu.com LD_LIBRARY_PATH=/home/rsanz/git/learning/ROS2/RustROS2/install/std_msgs/lib:/home/rsanz/git/learning/ROS2/RustROS2/install/action_msgs/lib:/home/rsanz/git/learning/ROS2/RustROS2/install/service_msgs/lib:/home/rsanz/git/learning/ROS2/RustROS2/install/unique_identifier_msgs/lib:/home/rsanz/git/learning/ROS2/RustROS2/install/builtin_interfaces/lib:${LD_LIBRARY_PATH} PYTHONPATH=/home/rsanz/git/learning/ROS2/RustROS2/install/std_msgs/lib/python3.12/site-packages:/home/rsanz/git/learning/ROS2/RustROS2/install/action_msgs/lib/python3.12/site-packages:/home/rsanz/git/learning/ROS2/RustROS2/install/service_msgs/lib/python3.12/site-packages:/home/rsanz/git/learning/ROS2/RustROS2/install/unique_identifier_msgs/lib/python3.12/site-packages:/home/rsanz/git/learning/ROS2/RustROS2/install/builtin_interfaces/lib/python3.12/site-packages:/home/rsanz/git/learning/ROS2/RustROS2/install/rosidl_generator_rs/lib/python3.12/site-packages:${PYTHONPATH} /home/rsanz/.cargo/bin/cargo metadata --no-deps --format-version 1
[0.041s] Invoking command in 'src/rust_pubsub': AMENT_PREFIX_PATH=/home/rsanz/git/learning/ROS2/RustROS2/install/std_msgs:/home/rsanz/git/learning/ROS2/RustROS2/install/rosidl_default_runtime:/home/rsanz/git/learning/ROS2/RustROS2/install/rosidl_default_generators:/home/rsanz/git/learning/ROS2/RustROS2/install/action_msgs:/home/rsanz/git/learning/ROS2/RustROS2/install/service_msgs:/home/rsanz/git/learning/ROS2/RustROS2/install/unique_identifier_msgs:/home/rsanz/git/learning/ROS2/RustROS2/install/builtin_interfaces:/home/rsanz/git/learning/ROS2/RustROS2/install/rosidl_core_runtime:/home/rsanz/git/learning/ROS2/RustROS2/install/rosidl_core_generators:/home/rsanz/git/learning/ROS2/RustROS2/install/rosidl_generator_rs:${AMENT_PREFIX_PATH} CMAKE_PREFIX_PATH=/home/rsanz/git/learning/ROS2/RustROS2/install/std_msgs:/home/rsanz/git/learning/ROS2/RustROS2/install/rosidl_default_runtime:/home/rsanz/git/learning/ROS2/RustROS2/install/rosidl_default_generators:/home/rsanz/git/learning/ROS2/RustROS2/install/action_msgs:/home/rsanz/git/learning/ROS2/RustROS2/install/service_msgs:/home/rsanz/git/learning/ROS2/RustROS2/install/unique_identifier_msgs:/home/rsanz/git/learning/ROS2/RustROS2/install/builtin_interfaces:/home/rsanz/git/learning/ROS2/RustROS2/install/rosidl_core_runtime:/home/rsanz/git/learning/ROS2/RustROS2/install/rosidl_core_generators:/home/rsanz/git/learning/ROS2/RustROS2/install/rosidl_generator_rs:${CMAKE_PREFIX_PATH} DEBUGINFOD_URLS=https://debuginfod.ubuntu.com LD_LIBRARY_PATH=/home/rsanz/git/learning/ROS2/RustROS2/install/std_msgs/lib:/home/rsanz/git/learning/ROS2/RustROS2/install/action_msgs/lib:/home/rsanz/git/learning/ROS2/RustROS2/install/service_msgs/lib:/home/rsanz/git/learning/ROS2/RustROS2/install/unique_identifier_msgs/lib:/home/rsanz/git/learning/ROS2/RustROS2/install/builtin_interfaces/lib:${LD_LIBRARY_PATH} PYTHONPATH=/home/rsanz/git/learning/ROS2/RustROS2/install/std_msgs/lib/python3.12/site-packages:/home/rsanz/git/learning/ROS2/RustROS2/install/action_msgs/lib/python3.12/site-packages:/home/rsanz/git/learning/ROS2/RustROS2/install/service_msgs/lib/python3.12/site-packages:/home/rsanz/git/learning/ROS2/RustROS2/install/unique_identifier_msgs/lib/python3.12/site-packages:/home/rsanz/git/learning/ROS2/RustROS2/install/builtin_interfaces/lib/python3.12/site-packages:/home/rsanz/git/learning/ROS2/RustROS2/install/rosidl_generator_rs/lib/python3.12/site-packages:${PYTHONPATH} /home/rsanz/.cargo/bin/cargo ament-build --install-base /home/rsanz/git/learning/ROS2/RustROS2/install/rust_pubsub -- --manifest-path /home/rsanz/git/learning/ROS2/RustROS2/src/rust_pubsub/Cargo.toml --target-dir /home/rsanz/git/learning/ROS2/RustROS2/build/rust_pubsub --quiet
[11.561s] [1m[33mwarning[0m[1m: unused import: `Node`[0m
[11.561s]  [1m[94m--> [0msrc/talker.rs:3:22
[11.561s]   [1m[94m|[0m
[11.561s] [1m[94m3[0m [1m[94m|[0m use rclrs::{Context, Node, QOS_PROFILE_DEFAULT};
[11.561s]   [1m[94m|[0m                      [1m[33m^^^^[0m
[11.562s]   [1m[94m|[0m
[11.562s]   [1m[94m= [0m[1mnote[0m: `#[warn(unused_imports)]` (part of `#[warn(unused)]`) on by default
[11.562s] 
[11.571s] [1m[91merror[E0425][0m[1m: cannot find function `spin` in crate `rclrs`[0m
[11.571s]   [1m[94m--> [0msrc/listener.rs:25:12
[11.571s]    [1m[94m|[0m
[11.571s] [1m[94m25[0m [1m[94m|[0m     rclrs::spin(node).map_err(|e| e.into())
[11.571s]    [1m[94m|[0m            [1m[91m^^^^[0m [1m[91mnot found in `rclrs`[0m
[11.571s] 
[11.571s] [1m[91merror[E0061][0m[1m: this function takes 2 arguments but 1 argument was supplied[0m
[11.572s]    [1m[94m--> [0msrc/talker.rs:8:19
[11.572s]     [1m[94m|[0m
[11.572s] [1m[94m  8[0m [1m[94m|[0m     let context = Context::new(std::env::args())?;
[11.572s]     [1m[94m|[0m                   [1m[91m^^^^^^^^^^^^[0m[1m[94m------------------[0m [1m[94margument #2 of type `InitOptions` is missing[0m
[11.572s]     [1m[94m|[0m
[11.572s] [1m[92mnote[0m: associated function defined here
[11.572s]    [1m[94m--> [0m/home/rsanz/.cargo/registry/src/index.crates.io-1949cf8c6b5b557f/rclrs-0.7.0/src/context.rs:130:12
[11.572s]     [1m[94m|[0m
[11.572s] [1m[94m130[0m [1m[94m|[0m     pub fn new(
[11.572s]     [1m[94m|[0m            [1m[92m^^^[0m
[11.572s] [1m[96mhelp[0m: provide the argument
[11.572s]     [1m[94m|[0m
[11.572s] [1m[94m  8[0m [1m[94m| [0m    let context = Context::new(std::env::args()[92m, /* InitOptions */[0m)?;
[11.572s]     [1m[94m|[0m                                                [92m+++++++++++++++++++[0m
[11.572s] 
[11.573s] [1m[33mwarning[0m[1m: unused import: `Node`[0m
[11.573s]  [1m[94m--> [0msrc/listener.rs:2:22
[11.573s]   [1m[94m|[0m
[11.573s] [1m[94m2[0m [1m[94m|[0m use rclrs::{Context, Node, QOS_PROFILE_DEFAULT};
[11.573s]   [1m[94m|[0m                      [1m[33m^^^^[0m
[11.573s]   [1m[94m|[0m
[11.573s]   [1m[94m= [0m[1mnote[0m: `#[warn(unused_imports)]` (part of `#[warn(unused)]`) on by default
[11.573s] 
[11.575s] [1m[91merror[E0061][0m[1m: this function takes 2 arguments but 1 argument was supplied[0m
[11.575s]    [1m[94m--> [0msrc/listener.rs:7:19
[11.575s]     [1m[94m|[0m
[11.575s] [1m[94m  7[0m [1m[94m|[0m     let context = Context::new(std::env::args())?;
[11.575s]     [1m[94m|[0m                   [1m[91m^^^^^^^^^^^^[0m[1m[94m------------------[0m [1m[94margument #2 of type `InitOptions` is missing[0m
[11.576s]     [1m[94m|[0m
[11.576s] [1m[92mnote[0m: associated function defined here
[11.576s]    [1m[94m--> [0m/home/rsanz/.cargo/registry/src/index.crates.io-1949cf8c6b5b557f/rclrs-0.7.0/src/context.rs:130:12
[11.576s]     [1m[94m|[0m
[11.576s] [1m[94m130[0m [1m[94m|[0m     pub fn new(
[11.576s]     [1m[94m|[0m            [1m[92m^^^[0m
[11.576s] [1m[96mhelp[0m: provide the argument
[11.576s]     [1m[94m|[0m
[11.576s] [1m[94m  7[0m [1m[94m| [0m    let context = Context::new(std::env::args()[92m, /* InitOptions */[0m)?;
[11.576s]     [1m[94m|[0m                                                [92m+++++++++++++++++++[0m
[11.576s] 
[11.587s] [1m[91merror[E0599][0m[1m: no method named `create_node` found for struct `rclrs::Context` in the current scope[0m
[11.587s]   [1m[94m--> [0msrc/talker.rs:11:24
[11.587s]    [1m[94m|[0m
[11.587s] [1m[94m11[0m [1m[94m|[0m     let node = context.create_node("minimal_publisher")?;
[11.588s]    [1m[94m|[0m                        [1m[91m^^^^^^^^^^^[0m [1m[91mmethod not found in `rclrs::Context`[0m
[11.588s] 
[11.590s] [1m[91merror[E0599][0m[1m: no method named `create_node` found for struct `rclrs::Context` in the current scope[0m
[11.590s]   [1m[94m--> [0msrc/listener.rs:10:24
[11.590s]    [1m[94m|[0m
[11.590s] [1m[94m10[0m [1m[94m|[0m     let node = context.create_node("minimal_subscriber")?;
[11.590s]    [1m[94m|[0m                        [1m[91m^^^^^^^^^^^[0m [1m[91mmethod not found in `rclrs::Context`[0m
[11.590s] 
[11.592s] [1mSome errors have detailed explanations: E0061, E0599.[0m
[11.592s] [1mFor more information about an error, try `rustc --explain E0061`.[0m
[11.592s] [1mSome errors have detailed explanations: E0061, E0425, E0599.[0m
[11.594s] [1m[91merror[0m: could not compile `rust_pubsub` (bin "talker") due to 2 previous errors; 1 warning emitted
[11.596s] [1m[91merror[0m: could not compile `rust_pubsub` (bin "listener") due to 3 previous errors; 1 warning emitted
[11.624s] Invoked command in 'src/rust_pubsub' returned '1': AMENT_PREFIX_PATH=/home/rsanz/git/learning/ROS2/RustROS2/install/std_msgs:/home/rsanz/git/learning/ROS2/RustROS2/install/rosidl_default_runtime:/home/rsanz/git/learning/ROS2/RustROS2/install/rosidl_default_generators:/home/rsanz/git/learning/ROS2/RustROS2/install/action_msgs:/home/rsanz/git/learning/ROS2/RustROS2/install/service_msgs:/home/rsanz/git/learning/ROS2/RustROS2/install/unique_identifier_msgs:/home/rsanz/git/learning/ROS2/RustROS2/install/builtin_interfaces:/home/rsanz/git/learning/ROS2/RustROS2/install/rosidl_core_runtime:/home/rsanz/git/learning/ROS2/RustROS2/install/rosidl_core_generators:/home/rsanz/git/learning/ROS2/RustROS2/install/rosidl_generator_rs:${AMENT_PREFIX_PATH} CMAKE_PREFIX_PATH=/home/rsanz/git/learning/ROS2/RustROS2/install/std_msgs:/home/rsanz/git/learning/ROS2/RustROS2/install/rosidl_default_runtime:/home/rsanz/git/learning/ROS2/RustROS2/install/rosidl_default_generators:/home/rsanz/git/learning/ROS2/RustROS2/install/action_msgs:/home/rsanz/git/learning/ROS2/RustROS2/install/service_msgs:/home/rsanz/git/learning/ROS2/RustROS2/install/unique_identifier_msgs:/home/rsanz/git/learning/ROS2/RustROS2/install/builtin_interfaces:/home/rsanz/git/learning/ROS2/RustROS2/install/rosidl_core_runtime:/home/rsanz/git/learning/ROS2/RustROS2/install/rosidl_core_generators:/home/rsanz/git/learning/ROS2/RustROS2/install/rosidl_generator_rs:${CMAKE_PREFIX_PATH} DEBUGINFOD_URLS=https://debuginfod.ubuntu.com LD_LIBRARY_PATH=/home/rsanz/git/learning/ROS2/RustROS2/install/std_msgs/lib:/home/rsanz/git/learning/ROS2/RustROS2/install/action_msgs/lib:/home/rsanz/git/learning/ROS2/RustROS2/install/service_msgs/lib:/home/rsanz/git/learning/ROS2/RustROS2/install/unique_identifier_msgs/lib:/home/rsanz/git/learning/ROS2/RustROS2/install/builtin_interfaces/lib:${LD_LIBRARY_PATH} PYTHONPATH=/home/rsanz/git/learning/ROS2/RustROS2/install/std_msgs/lib/python3.12/site-packages:/home/rsanz/git/learning/ROS2/RustROS2/install/action_msgs/lib/python3.12/site-packages:/home/rsanz/git/learning/ROS2/RustROS2/install/service_msgs/lib/python3.12/site-packages:/home/rsanz/git/learning/ROS2/RustROS2/install/unique_identifier_msgs/lib/python3.12/site-packages:/home/rsanz/git/learning/ROS2/RustROS2/install/builtin_interfaces/lib/python3.12/site-packages:/home/rsanz/git/learning/ROS2/RustROS2/install/rosidl_generator_rs/lib/python3.12/site-packages:${PYTHONPATH} /home/rsanz/.cargo/bin/cargo ament-build --install-base /home/rsanz/git/learning/ROS2/RustROS2/install/rust_pubsub -- --manifest-path /home/rsanz/git/learning/ROS2/RustROS2/src/rust_pubsub/Cargo.toml --target-dir /home/rsanz/git/learning/ROS2/RustROS2/build/rust_pubsub --quiet
