[0.007s] Invoking command in '/home/rsanz/git/learning/ROS2/RustROS2/build/rosidl_core_runtime': AMENT_PREFIX_PATH=/home/rsanz/git/learning/ROS2/RustROS2/install/rosidl_generator_rs:${AMENT_PREFIX_PATH} CMAKE_PREFIX_PATH=/home/rsanz/git/learning/ROS2/RustROS2/install/rosidl_generator_rs:/opt/ros/jazzy/opt/gz_math_vendor:/opt/ros/jazzy/opt/gz_utils_vendor:/opt/ros/jazzy/opt/gz_cmake_vendor:/opt/ros/jazzy DEBUGINFOD_URLS=https://debuginfod.ubuntu.com PYTHONPATH=/home/rsanz/git/learning/ROS2/RustROS2/install/rosidl_generator_rs/lib/python3.12/site-packages:${PYTHONPATH} /usr/bin/cmake /home/rsanz/git/learning/ROS2/RustROS2/src/rosidl_core/rosidl_core_runtime -DCMAKE_INSTALL_PREFIX=/home/rsanz/git/learning/ROS2/RustROS2/install/rosidl_core_runtime
[0.029s] -- Found ament_cmake: 2.5.6 (/opt/ros/jazzy/share/ament_cmake/cmake)
[0.162s] -- Found Python3: /usr/bin/python3 (found version "3.12.3") found components: Interpreter 
[0.246s] -- Found ament_lint_auto: 0.17.5 (/opt/ros/jazzy/share/ament_lint_auto/cmake)
[0.325s] -- Added test 'copyright' to check source files copyright and LICENSE
[0.327s] -- Added test 'lint_cmake' to check CMake code style
[0.328s] -- Added test 'xmllint' to check XML markup files
[0.329s] -- Configuring done (0.3s)
[0.333s] -- Generating done (0.0s)
[0.334s] -- Build files have been written to: /home/rsanz/git/learning/ROS2/RustROS2/build/rosidl_core_runtime
[0.337s] Invoked command in '/home/rsanz/git/learning/ROS2/RustROS2/build/rosidl_core_runtime' returned '0': AMENT_PREFIX_PATH=/home/rsanz/git/learning/ROS2/RustROS2/install/rosidl_generator_rs:${AMENT_PREFIX_PATH} CMAKE_PREFIX_PATH=/home/rsanz/git/learning/ROS2/RustROS2/install/rosidl_generator_rs:/opt/ros/jazzy/opt/gz_math_vendor:/opt/ros/jazzy/opt/gz_utils_vendor:/opt/ros/jazzy/opt/gz_cmake_vendor:/opt/ros/jazzy DEBUGINFOD_URLS=https://debuginfod.ubuntu.com PYTHONPATH=/home/rsanz/git/learning/ROS2/RustROS2/install/rosidl_generator_rs/lib/python3.12/site-packages:${PYTHONPATH} /usr/bin/cmake /home/rsanz/git/learning/ROS2/RustROS2/src/rosidl_core/rosidl_core_runtime -DCMAKE_INSTALL_PREFIX=/home/rsanz/git/learning/ROS2/RustROS2/install/rosidl_core_runtime
[0.338s] Invoking command in '/home/rsanz/git/learning/ROS2/RustROS2/build/rosidl_core_runtime': AMENT_PREFIX_PATH=/home/rsanz/git/learning/ROS2/RustROS2/install/rosidl_generator_rs:${AMENT_PREFIX_PATH} CMAKE_PREFIX_PATH=/home/rsanz/git/learning/ROS2/RustROS2/install/rosidl_generator_rs:/opt/ros/jazzy/opt/gz_math_vendor:/opt/ros/jazzy/opt/gz_utils_vendor:/opt/ros/jazzy/opt/gz_cmake_vendor:/opt/ros/jazzy DEBUGINFOD_URLS=https://debuginfod.ubuntu.com PYTHONPATH=/home/rsanz/git/learning/ROS2/RustROS2/install/rosidl_generator_rs/lib/python3.12/site-packages:${PYTHONPATH} /usr/bin/cmake --build /home/rsanz/git/learning/ROS2/RustROS2/build/rosidl_core_runtime -- -j24 -l24
[0.369s] Invoked command in '/home/rsanz/git/learning/ROS2/RustROS2/build/rosidl_core_runtime' returned '0': AMENT_PREFIX_PATH=/home/rsanz/git/learning/ROS2/RustROS2/install/rosidl_generator_rs:${AMENT_PREFIX_PATH} CMAKE_PREFIX_PATH=/home/rsanz/git/learning/ROS2/RustROS2/install/rosidl_generator_rs:/opt/ros/jazzy/opt/gz_math_vendor:/opt/ros/jazzy/opt/gz_utils_vendor:/opt/ros/jazzy/opt/gz_cmake_vendor:/opt/ros/jazzy DEBUGINFOD_URLS=https://debuginfod.ubuntu.com PYTHONPATH=/home/rsanz/git/learning/ROS2/RustROS2/install/rosidl_generator_rs/lib/python3.12/site-packages:${PYTHONPATH} /usr/bin/cmake --build /home/rsanz/git/learning/ROS2/RustROS2/build/rosidl_core_runtime -- -j24 -l24
[0.370s] Invoking command in '/home/rsanz/git/learning/ROS2/RustROS2/build/rosidl_core_runtime': AMENT_PREFIX_PATH=/home/rsanz/git/learning/ROS2/RustROS2/install/rosidl_generator_rs:${AMENT_PREFIX_PATH} CMAKE_PREFIX_PATH=/home/rsanz/git/learning/ROS2/RustROS2/install/rosidl_generator_rs:/opt/ros/jazzy/opt/gz_math_vendor:/opt/ros/jazzy/opt/gz_utils_vendor:/opt/ros/jazzy/opt/gz_cmake_vendor:/opt/ros/jazzy DEBUGINFOD_URLS=https://debuginfod.ubuntu.com PYTHONPATH=/home/rsanz/git/learning/ROS2/RustROS2/install/rosidl_generator_rs/lib/python3.12/site-packages:${PYTHONPATH} /usr/bin/cmake --install /home/rsanz/git/learning/ROS2/RustROS2/build/rosidl_core_runtime
[0.377s] -- Install configuration: ""
[0.377s] -- Installing: /home/rsanz/git/learning/ROS2/RustROS2/install/rosidl_core_runtime/share/ament_index/resource_index/package_run_dependencies/rosidl_core_runtime
[0.377s] -- Installing: /home/rsanz/git/learning/ROS2/RustROS2/install/rosidl_core_runtime/share/ament_index/resource_index/parent_prefix_path/rosidl_core_runtime
[0.377s] -- Installing: /home/rsanz/git/learning/ROS2/RustROS2/install/rosidl_core_runtime/share/rosidl_core_runtime/environment/ament_prefix_path.sh
[0.377s] -- Installing: /home/rsanz/git/learning/ROS2/RustROS2/install/rosidl_core_runtime/share/rosidl_core_runtime/environment/ament_prefix_path.dsv
[0.378s] -- Installing: /home/rsanz/git/learning/ROS2/RustROS2/install/rosidl_core_runtime/share/rosidl_core_runtime/environment/path.sh
[0.378s] -- Installing: /home/rsanz/git/learning/ROS2/RustROS2/install/rosidl_core_runtime/share/rosidl_core_runtime/environment/path.dsv
[0.378s] -- Installing: /home/rsanz/git/learning/ROS2/RustROS2/install/rosidl_core_runtime/share/rosidl_core_runtime/local_setup.bash
[0.379s] -- Installing: /home/rsanz/git/learning/ROS2/RustROS2/install/rosidl_core_runtime/share/rosidl_core_runtime/local_setup.sh
[0.379s] -- Installing: /home/rsanz/git/learning/ROS2/RustROS2/install/rosidl_core_runtime/share/rosidl_core_runtime/local_setup.zsh
[0.379s] -- Installing: /home/rsanz/git/learning/ROS2/RustROS2/install/rosidl_core_runtime/share/rosidl_core_runtime/local_setup.dsv
[0.379s] -- Installing: /home/rsanz/git/learning/ROS2/RustROS2/install/rosidl_core_runtime/share/rosidl_core_runtime/package.dsv
[0.379s] -- Installing: /home/rsanz/git/learning/ROS2/RustROS2/install/rosidl_core_runtime/share/ament_index/resource_index/packages/rosidl_core_runtime
[0.379s] -- Installing: /home/rsanz/git/learning/ROS2/RustROS2/install/rosidl_core_runtime/share/rosidl_core_runtime/cmake/rosidl_core_runtime-extras.cmake
[0.379s] -- Installing: /home/rsanz/git/learning/ROS2/RustROS2/install/rosidl_core_runtime/share/rosidl_core_runtime/cmake/rosidl_core_runtimeConfig.cmake
[0.379s] -- Installing: /home/rsanz/git/learning/ROS2/RustROS2/install/rosidl_core_runtime/share/rosidl_core_runtime/cmake/rosidl_core_runtimeConfig-version.cmake
[0.380s] -- Installing: /home/rsanz/git/learning/ROS2/RustROS2/install/rosidl_core_runtime/share/rosidl_core_runtime/package.xml
[0.388s] Invoked command in '/home/rsanz/git/learning/ROS2/RustROS2/build/rosidl_core_runtime' returned '0': AMENT_PREFIX_PATH=/home/rsanz/git/learning/ROS2/RustROS2/install/rosidl_generator_rs:${AMENT_PREFIX_PATH} CMAKE_PREFIX_PATH=/home/rsanz/git/learning/ROS2/RustROS2/install/rosidl_generator_rs:/opt/ros/jazzy/opt/gz_math_vendor:/opt/ros/jazzy/opt/gz_utils_vendor:/opt/ros/jazzy/opt/gz_cmake_vendor:/opt/ros/jazzy DEBUGINFOD_URLS=https://debuginfod.ubuntu.com PYTHONPATH=/home/rsanz/git/learning/ROS2/RustROS2/install/rosidl_generator_rs/lib/python3.12/site-packages:${PYTHONPATH} /usr/bin/cmake --install /home/rsanz/git/learning/ROS2/RustROS2/build/rosidl_core_runtime
