[0.007s] Invoking command in '/home/rsanz/git/learning/ros2/tutorials/RustROS2/src/build/unique_identifier_msgs': AMENT_PREFIX_PATH=/home/rsanz/git/learning/ros2/tutorials/RustROS2/src/install/rosidl_core_runtime:/home/rsanz/git/learning/ros2/tutorials/RustROS2/src/install/rosidl_core_generators:/home/rsanz/git/learning/ros2/tutorials/RustROS2/src/install/rosidl_generator_rs:${AMENT_PREFIX_PATH} CMAKE_PREFIX_PATH=/home/rsanz/git/learning/ros2/tutorials/RustROS2/src/install/rosidl_core_runtime:/home/rsanz/git/learning/ros2/tutorials/RustROS2/src/install/rosidl_core_generators:/home/rsanz/git/learning/ros2/tutorials/RustROS2/src/install/rosidl_generator_rs:/opt/ros/jazzy/opt/gz_math_vendor:/opt/ros/jazzy/opt/gz_utils_vendor:/opt/ros/jazzy/opt/gz_cmake_vendor:/opt/ros/jazzy DEBUGINFOD_URLS=https://debuginfod.ubuntu.com PYTHONPATH=/home/rsanz/git/learning/ros2/tutorials/RustROS2/src/install/rosidl_generator_rs/lib/python3.12/site-packages:${PYTHONPATH} /usr/bin/cmake /home/rsanz/git/learning/ros2/tutorials/RustROS2/src/unique_identifier_msgs -DCMAKE_INSTALL_PREFIX=/home/rsanz/git/learning/ros2/tutorials/RustROS2/src/install/unique_identifier_msgs
[0.051s] -- The C compiler identification is GNU 13.3.0
[0.094s] -- The CXX compiler identification is GNU 13.3.0
[0.108s] -- Detecting C compiler ABI info
[0.177s] -- Detecting C compiler ABI info - done
[0.184s] -- Check for working C compiler: /usr/bin/cc - skipped
[0.184s] -- Detecting C compile features
[0.185s] -- Detecting C compile features - done
[0.193s] -- Detecting CXX compiler ABI info
[0.268s] -- Detecting CXX compiler ABI info - done
[0.275s] -- Check for working CXX compiler: /usr/bin/c++ - skipped
[0.275s] -- Detecting CXX compile features
[0.275s] -- Detecting CXX compile features - done
[0.277s] -- Found ament_cmake: 2.5.6 (/opt/ros/jazzy/share/ament_cmake/cmake)
[0.393s] -- Found Python3: /usr/bin/python3 (found version "3.12.3") found components: Interpreter 
[0.470s] -- Found rosidl_core_generators: 0.2.1 (/home/rsanz/git/learning/ros2/tutorials/RustROS2/src/install/rosidl_core_generators/share/rosidl_core_generators/cmake)
[0.473s] -- Using all available rosidl_typesupport_c: rosidl_typesupport_fastrtps_c;rosidl_typesupport_introspection_c
[0.515s] -- Using all available rosidl_typesupport_cpp: rosidl_typesupport_fastrtps_cpp;rosidl_typesupport_introspection_cpp
[0.551s] -- Found rosidl_adapter: 4.6.7 (/opt/ros/jazzy/share/rosidl_adapter/cmake)
[0.984s] -- Found ament_cmake_ros: 0.12.0 (/opt/ros/jazzy/share/ament_cmake_ros/cmake)
[1.318s] -- Using all available rosidl_typesupport_c: rosidl_typesupport_fastrtps_c;rosidl_typesupport_introspection_c
[1.752s] -- Using all available rosidl_typesupport_cpp: rosidl_typesupport_fastrtps_cpp;rosidl_typesupport_introspection_cpp
[1.867s] -- Found python_cmake_module: 0.11.1 (/opt/ros/jazzy/share/python_cmake_module/cmake)
[1.972s] -- Found PythonExtra: /usr/bin/python3  
[2.304s] -- Found Python3: /usr/bin/python3 (found version "3.12.3") found components: Interpreter Development NumPy Development.Module Development.Embed 
[2.331s] -- Found ament_lint_auto: 0.17.5 (/opt/ros/jazzy/share/ament_lint_auto/cmake)
[2.351s] -- Added test 'copyright' to check source files copyright and LICENSE
[2.362s] -- Added test 'lint_cmake' to check CMake code style
[2.367s] -- Added test 'xmllint' to check XML markup files
[2.370s] -- Configuring done (2.4s)
[2.401s] -- Generating done (0.0s)
[2.410s] -- Build files have been written to: /home/rsanz/git/learning/ros2/tutorials/RustROS2/src/build/unique_identifier_msgs
[2.416s] Invoked command in '/home/rsanz/git/learning/ros2/tutorials/RustROS2/src/build/unique_identifier_msgs' returned '0': AMENT_PREFIX_PATH=/home/rsanz/git/learning/ros2/tutorials/RustROS2/src/install/rosidl_core_runtime:/home/rsanz/git/learning/ros2/tutorials/RustROS2/src/install/rosidl_core_generators:/home/rsanz/git/learning/ros2/tutorials/RustROS2/src/install/rosidl_generator_rs:${AMENT_PREFIX_PATH} CMAKE_PREFIX_PATH=/home/rsanz/git/learning/ros2/tutorials/RustROS2/src/install/rosidl_core_runtime:/home/rsanz/git/learning/ros2/tutorials/RustROS2/src/install/rosidl_core_generators:/home/rsanz/git/learning/ros2/tutorials/RustROS2/src/install/rosidl_generator_rs:/opt/ros/jazzy/opt/gz_math_vendor:/opt/ros/jazzy/opt/gz_utils_vendor:/opt/ros/jazzy/opt/gz_cmake_vendor:/opt/ros/jazzy DEBUGINFOD_URLS=https://debuginfod.ubuntu.com PYTHONPATH=/home/rsanz/git/learning/ros2/tutorials/RustROS2/src/install/rosidl_generator_rs/lib/python3.12/site-packages:${PYTHONPATH} /usr/bin/cmake /home/rsanz/git/learning/ros2/tutorials/RustROS2/src/unique_identifier_msgs -DCMAKE_INSTALL_PREFIX=/home/rsanz/git/learning/ros2/tutorials/RustROS2/src/install/unique_identifier_msgs
[2.417s] Invoking command in '/home/rsanz/git/learning/ros2/tutorials/RustROS2/src/build/unique_identifier_msgs': AMENT_PREFIX_PATH=/home/rsanz/git/learning/ros2/tutorials/RustROS2/src/install/rosidl_core_runtime:/home/rsanz/git/learning/ros2/tutorials/RustROS2/src/install/rosidl_core_generators:/home/rsanz/git/learning/ros2/tutorials/RustROS2/src/install/rosidl_generator_rs:${AMENT_PREFIX_PATH} CMAKE_PREFIX_PATH=/home/rsanz/git/learning/ros2/tutorials/RustROS2/src/install/rosidl_core_runtime:/home/rsanz/git/learning/ros2/tutorials/RustROS2/src/install/rosidl_core_generators:/home/rsanz/git/learning/ros2/tutorials/RustROS2/src/install/rosidl_generator_rs:/opt/ros/jazzy/opt/gz_math_vendor:/opt/ros/jazzy/opt/gz_utils_vendor:/opt/ros/jazzy/opt/gz_cmake_vendor:/opt/ros/jazzy DEBUGINFOD_URLS=https://debuginfod.ubuntu.com PYTHONPATH=/home/rsanz/git/learning/ros2/tutorials/RustROS2/src/install/rosidl_generator_rs/lib/python3.12/site-packages:${PYTHONPATH} /usr/bin/cmake --build /home/rsanz/git/learning/ros2/tutorials/RustROS2/src/build/unique_identifier_msgs -- -j24 -l24
[2.459s] [  2%] [34m[1mGenerating type hashes for ROS interfaces[0m
[2.459s] [  5%] [34m[1mGenerating Rust code for ROS interfaces[0m
[2.465s] [  5%] Built target ament_cmake_python_copy_unique_identifier_msgs
[2.608s] [  5%] Built target unique_identifier_msgs__rosidl_generator_type_description
[2.617s] [  8%] [34m[1mGenerating C code for ROS interfaces[0m
[2.620s] [  8%] Built target unique_identifier_msgs__rs
[2.626s] [ 11%] [34m[1mGenerating C++ code for ROS interfaces[0m
[2.666s] running egg_info
[2.667s] creating unique_identifier_msgs.egg-info
[2.688s] writing unique_identifier_msgs.egg-info/PKG-INFO
[2.689s] writing dependency_links to unique_identifier_msgs.egg-info/dependency_links.txt
[2.689s] writing top-level names to unique_identifier_msgs.egg-info/top_level.txt
[2.689s] writing manifest file 'unique_identifier_msgs.egg-info/SOURCES.txt'
[2.753s] reading manifest file 'unique_identifier_msgs.egg-info/SOURCES.txt'
[2.753s] writing manifest file 'unique_identifier_msgs.egg-info/SOURCES.txt'
[2.776s] [ 11%] Built target ament_cmake_python_build_unique_identifier_msgs_egg
[2.800s] [ 11%] Built target unique_identifier_msgs__cpp
[2.807s] [ 14%] [32mBuilding C object CMakeFiles/unique_identifier_msgs__rosidl_generator_c.dir/rosidl_generator_c/unique_identifier_msgs/msg/detail/uuid__description.c.o[0m
[2.808s] [ 20%] [32mBuilding C object CMakeFiles/unique_identifier_msgs__rosidl_generator_c.dir/rosidl_generator_c/unique_identifier_msgs/msg/detail/uuid__functions.c.o[0m
[2.808s] [ 20%] [32mBuilding C object CMakeFiles/unique_identifier_msgs__rosidl_generator_c.dir/rosidl_generator_c/unique_identifier_msgs/msg/detail/uuid__type_support.c.o[0m
[2.843s] [ 22%] [32m[1mLinking C shared library libunique_identifier_msgs__rosidl_generator_c.so[0m
[2.871s] [ 22%] Built target unique_identifier_msgs__rosidl_generator_c
[2.881s] [ 28%] [34m[1mGenerating C type support dispatch for ROS interfaces[0m
[2.881s] [ 28%] [34m[1mGenerating C introspection for ROS interfaces[0m
[2.881s] [ 31%] [34m[1mGenerating C type support for eProsima Fast-RTPS[0m
[2.881s] [ 34%] [34m[1mGenerating C++ type support for eProsima Fast-RTPS[0m
[2.881s] [ 37%] [34m[1mGenerating C++ type support dispatch for ROS interfaces[0m
[2.882s] [ 40%] [34m[1mGenerating C++ introspection for ROS interfaces[0m
[3.051s] [ 45%] [32mBuilding CXX object CMakeFiles/unique_identifier_msgs__rosidl_typesupport_c.dir/rosidl_typesupport_c/unique_identifier_msgs/msg/uuid__type_support.cpp.o[0m
[3.051s] [ 45%] [32mBuilding CXX object CMakeFiles/unique_identifier_msgs__rosidl_typesupport_cpp.dir/rosidl_typesupport_cpp/unique_identifier_msgs/msg/uuid__type_support.cpp.o[0m
[3.066s] [ 51%] [32mBuilding CXX object CMakeFiles/unique_identifier_msgs__rosidl_typesupport_introspection_cpp.dir/rosidl_typesupport_introspection_cpp/unique_identifier_msgs/msg/detail/uuid__type_support.cpp.o[0m
[3.066s] [ 51%] [32mBuilding C object CMakeFiles/unique_identifier_msgs__rosidl_typesupport_introspection_c.dir/rosidl_typesupport_introspection_c/unique_identifier_msgs/msg/detail/uuid__type_support.c.o[0m
[3.074s] [ 54%] [32mBuilding CXX object CMakeFiles/unique_identifier_msgs__rosidl_typesupport_fastrtps_c.dir/rosidl_typesupport_fastrtps_c/unique_identifier_msgs/msg/detail/uuid__type_support_c.cpp.o[0m
[3.075s] [ 57%] [32mBuilding CXX object CMakeFiles/unique_identifier_msgs__rosidl_typesupport_fastrtps_cpp.dir/rosidl_typesupport_fastrtps_cpp/unique_identifier_msgs/msg/detail/dds_fastrtps/uuid__type_support.cpp.o[0m
[3.082s] [ 60%] [32m[1mLinking CXX shared library libunique_identifier_msgs__rosidl_typesupport_c.so[0m
[3.096s] [ 62%] [32m[1mLinking C shared library libunique_identifier_msgs__rosidl_typesupport_introspection_c.so[0m
[3.115s] [ 62%] Built target unique_identifier_msgs__rosidl_typesupport_c
[3.120s] [ 62%] Built target unique_identifier_msgs__rosidl_typesupport_introspection_c
[3.274s] [ 65%] [32m[1mLinking CXX shared library libunique_identifier_msgs__rosidl_typesupport_cpp.so[0m
[3.294s] [ 68%] [32m[1mLinking CXX shared library libunique_identifier_msgs__rosidl_typesupport_introspection_cpp.so[0m
[3.309s] [ 68%] Built target unique_identifier_msgs__rosidl_typesupport_cpp
[3.349s] [ 68%] Built target unique_identifier_msgs__rosidl_typesupport_introspection_cpp
[3.412s] [ 71%] [32m[1mLinking CXX shared library libunique_identifier_msgs__rosidl_typesupport_fastrtps_c.so[0m
[3.422s] [ 74%] [32m[1mLinking CXX shared library libunique_identifier_msgs__rosidl_typesupport_fastrtps_cpp.so[0m
[3.451s] [ 74%] Built target unique_identifier_msgs__rosidl_typesupport_fastrtps_c
[3.485s] [ 74%] Built target unique_identifier_msgs__rosidl_typesupport_fastrtps_cpp
[3.502s] [ 74%] Built target unique_identifier_msgs
[3.519s] [ 77%] [34m[1mGenerating Python code for ROS interfaces[0m
[3.721s] [ 77%] Built target unique_identifier_msgs__py
[3.736s] [ 80%] [32mBuilding C object CMakeFiles/unique_identifier_msgs__rosidl_generator_py.dir/rosidl_generator_py/unique_identifier_msgs/msg/_uuid_s.c.o[0m
[3.816s] [ 82%] [32m[1mLinking C shared library libunique_identifier_msgs__rosidl_generator_py.so[0m
[3.848s] [ 82%] Built target unique_identifier_msgs__rosidl_generator_py
[3.865s] [ 85%] [32mBuilding C object CMakeFiles/unique_identifier_msgs_s__rosidl_typesupport_c.dir/rosidl_generator_py/unique_identifier_msgs/_unique_identifier_msgs_s.ep.rosidl_typesupport_c.c.o[0m
[3.865s] [ 88%] [32mBuilding C object CMakeFiles/unique_identifier_msgs_s__rosidl_typesupport_fastrtps_c.dir/rosidl_generator_py/unique_identifier_msgs/_unique_identifier_msgs_s.ep.rosidl_typesupport_fastrtps_c.c.o[0m
[3.867s] [ 91%] [32mBuilding C object CMakeFiles/unique_identifier_msgs_s__rosidl_typesupport_introspection_c.dir/rosidl_generator_py/unique_identifier_msgs/_unique_identifier_msgs_s.ep.rosidl_typesupport_introspection_c.c.o[0m
[3.934s] [ 94%] [32m[1mLinking C shared module rosidl_generator_py/unique_identifier_msgs/unique_identifier_msgs_s__rosidl_typesupport_c.so[0m
[3.936s] [ 97%] [32m[1mLinking C shared module rosidl_generator_py/unique_identifier_msgs/unique_identifier_msgs_s__rosidl_typesupport_introspection_c.so[0m
[3.937s] [100%] [32m[1mLinking C shared module rosidl_generator_py/unique_identifier_msgs/unique_identifier_msgs_s__rosidl_typesupport_fastrtps_c.so[0m
[3.960s] [100%] Built target unique_identifier_msgs_s__rosidl_typesupport_c
[3.961s] [100%] Built target unique_identifier_msgs_s__rosidl_typesupport_introspection_c
[3.962s] [100%] Built target unique_identifier_msgs_s__rosidl_typesupport_fastrtps_c
[3.972s] Invoked command in '/home/rsanz/git/learning/ros2/tutorials/RustROS2/src/build/unique_identifier_msgs' returned '0': AMENT_PREFIX_PATH=/home/rsanz/git/learning/ros2/tutorials/RustROS2/src/install/rosidl_core_runtime:/home/rsanz/git/learning/ros2/tutorials/RustROS2/src/install/rosidl_core_generators:/home/rsanz/git/learning/ros2/tutorials/RustROS2/src/install/rosidl_generator_rs:${AMENT_PREFIX_PATH} CMAKE_PREFIX_PATH=/home/rsanz/git/learning/ros2/tutorials/RustROS2/src/install/rosidl_core_runtime:/home/rsanz/git/learning/ros2/tutorials/RustROS2/src/install/rosidl_core_generators:/home/rsanz/git/learning/ros2/tutorials/RustROS2/src/install/rosidl_generator_rs:/opt/ros/jazzy/opt/gz_math_vendor:/opt/ros/jazzy/opt/gz_utils_vendor:/opt/ros/jazzy/opt/gz_cmake_vendor:/opt/ros/jazzy DEBUGINFOD_URLS=https://debuginfod.ubuntu.com PYTHONPATH=/home/rsanz/git/learning/ros2/tutorials/RustROS2/src/install/rosidl_generator_rs/lib/python3.12/site-packages:${PYTHONPATH} /usr/bin/cmake --build /home/rsanz/git/learning/ros2/tutorials/RustROS2/src/build/unique_identifier_msgs -- -j24 -l24
[3.973s] Invoking command in '/home/rsanz/git/learning/ros2/tutorials/RustROS2/src/build/unique_identifier_msgs': AMENT_PREFIX_PATH=/home/rsanz/git/learning/ros2/tutorials/RustROS2/src/install/rosidl_core_runtime:/home/rsanz/git/learning/ros2/tutorials/RustROS2/src/install/rosidl_core_generators:/home/rsanz/git/learning/ros2/tutorials/RustROS2/src/install/rosidl_generator_rs:${AMENT_PREFIX_PATH} CMAKE_PREFIX_PATH=/home/rsanz/git/learning/ros2/tutorials/RustROS2/src/install/rosidl_core_runtime:/home/rsanz/git/learning/ros2/tutorials/RustROS2/src/install/rosidl_core_generators:/home/rsanz/git/learning/ros2/tutorials/RustROS2/src/install/rosidl_generator_rs:/opt/ros/jazzy/opt/gz_math_vendor:/opt/ros/jazzy/opt/gz_utils_vendor:/opt/ros/jazzy/opt/gz_cmake_vendor:/opt/ros/jazzy DEBUGINFOD_URLS=https://debuginfod.ubuntu.com PYTHONPATH=/home/rsanz/git/learning/ros2/tutorials/RustROS2/src/install/rosidl_generator_rs/lib/python3.12/site-packages:${PYTHONPATH} /usr/bin/cmake --install /home/rsanz/git/learning/ros2/tutorials/RustROS2/src/build/unique_identifier_msgs
[3.979s] -- Install configuration: ""
[3.980s] -- Installing: /home/rsanz/git/learning/ros2/tutorials/RustROS2/src/install/unique_identifier_msgs/share/ament_index/resource_index/rosidl_interfaces/unique_identifier_msgs
[3.980s] -- Installing: /home/rsanz/git/learning/ros2/tutorials/RustROS2/src/install/unique_identifier_msgs/share/unique_identifier_msgs/msg/UUID.json
[3.980s] -- Installing: /home/rsanz/git/learning/ros2/tutorials/RustROS2/src/install/unique_identifier_msgs/include/unique_identifier_msgs/unique_identifier_msgs
[3.980s] -- Installing: /home/rsanz/git/learning/ros2/tutorials/RustROS2/src/install/unique_identifier_msgs/include/unique_identifier_msgs/unique_identifier_msgs/msg
[3.980s] -- Installing: /home/rsanz/git/learning/ros2/tutorials/RustROS2/src/install/unique_identifier_msgs/include/unique_identifier_msgs/unique_identifier_msgs/msg/rosidl_generator_c__visibility_control.h
[3.980s] -- Installing: /home/rsanz/git/learning/ros2/tutorials/RustROS2/src/install/unique_identifier_msgs/include/unique_identifier_msgs/unique_identifier_msgs/msg/uuid.h
[3.980s] -- Installing: /home/rsanz/git/learning/ros2/tutorials/RustROS2/src/install/unique_identifier_msgs/include/unique_identifier_msgs/unique_identifier_msgs/msg/detail
[3.981s] -- Installing: /home/rsanz/git/learning/ros2/tutorials/RustROS2/src/install/unique_identifier_msgs/include/unique_identifier_msgs/unique_identifier_msgs/msg/detail/uuid__type_support.h
[3.981s] -- Installing: /home/rsanz/git/learning/ros2/tutorials/RustROS2/src/install/unique_identifier_msgs/include/unique_identifier_msgs/unique_identifier_msgs/msg/detail/uuid__functions.c
[3.981s] -- Installing: /home/rsanz/git/learning/ros2/tutorials/RustROS2/src/install/unique_identifier_msgs/include/unique_identifier_msgs/unique_identifier_msgs/msg/detail/uuid__functions.h
[3.981s] -- Installing: /home/rsanz/git/learning/ros2/tutorials/RustROS2/src/install/unique_identifier_msgs/include/unique_identifier_msgs/unique_identifier_msgs/msg/detail/uuid__description.c
[3.981s] -- Installing: /home/rsanz/git/learning/ros2/tutorials/RustROS2/src/install/unique_identifier_msgs/include/unique_identifier_msgs/unique_identifier_msgs/msg/detail/uuid__type_support.c
[3.981s] -- Installing: /home/rsanz/git/learning/ros2/tutorials/RustROS2/src/install/unique_identifier_msgs/include/unique_identifier_msgs/unique_identifier_msgs/msg/detail/uuid__struct.h
[3.982s] -- Installing: /home/rsanz/git/learning/ros2/tutorials/RustROS2/src/install/unique_identifier_msgs/share/unique_identifier_msgs/environment/library_path.sh
[3.982s] -- Installing: /home/rsanz/git/learning/ros2/tutorials/RustROS2/src/install/unique_identifier_msgs/share/unique_identifier_msgs/environment/library_path.dsv
[3.982s] -- Installing: /home/rsanz/git/learning/ros2/tutorials/RustROS2/src/install/unique_identifier_msgs/lib/libunique_identifier_msgs__rosidl_generator_c.so
[3.982s] -- Set non-toolchain portion of runtime path of "/home/rsanz/git/learning/ros2/tutorials/RustROS2/src/install/unique_identifier_msgs/lib/libunique_identifier_msgs__rosidl_generator_c.so" to ""
[3.982s] -- Up-to-date: /home/rsanz/git/learning/ros2/tutorials/RustROS2/src/install/unique_identifier_msgs/include/unique_identifier_msgs/unique_identifier_msgs
[3.982s] -- Up-to-date: /home/rsanz/git/learning/ros2/tutorials/RustROS2/src/install/unique_identifier_msgs/include/unique_identifier_msgs/unique_identifier_msgs/msg
[3.983s] -- Installing: /home/rsanz/git/learning/ros2/tutorials/RustROS2/src/install/unique_identifier_msgs/include/unique_identifier_msgs/unique_identifier_msgs/msg/rosidl_typesupport_fastrtps_c__visibility_control.h
[3.983s] -- Up-to-date: /home/rsanz/git/learning/ros2/tutorials/RustROS2/src/install/unique_identifier_msgs/include/unique_identifier_msgs/unique_identifier_msgs/msg/detail
[3.983s] -- Installing: /home/rsanz/git/learning/ros2/tutorials/RustROS2/src/install/unique_identifier_msgs/include/unique_identifier_msgs/unique_identifier_msgs/msg/detail/uuid__rosidl_typesupport_fastrtps_c.h
[3.983s] -- Installing: /home/rsanz/git/learning/ros2/tutorials/RustROS2/src/install/unique_identifier_msgs/lib/libunique_identifier_msgs__rosidl_typesupport_fastrtps_c.so
[3.983s] -- Set non-toolchain portion of runtime path of "/home/rsanz/git/learning/ros2/tutorials/RustROS2/src/install/unique_identifier_msgs/lib/libunique_identifier_msgs__rosidl_typesupport_fastrtps_c.so" to ""
[3.983s] -- Up-to-date: /home/rsanz/git/learning/ros2/tutorials/RustROS2/src/install/unique_identifier_msgs/include/unique_identifier_msgs/unique_identifier_msgs
[3.983s] -- Up-to-date: /home/rsanz/git/learning/ros2/tutorials/RustROS2/src/install/unique_identifier_msgs/include/unique_identifier_msgs/unique_identifier_msgs/msg
[3.983s] -- Installing: /home/rsanz/git/learning/ros2/tutorials/RustROS2/src/install/unique_identifier_msgs/include/unique_identifier_msgs/unique_identifier_msgs/msg/rosidl_typesupport_introspection_c__visibility_control.h
[3.983s] -- Up-to-date: /home/rsanz/git/learning/ros2/tutorials/RustROS2/src/install/unique_identifier_msgs/include/unique_identifier_msgs/unique_identifier_msgs/msg/detail
[3.983s] -- Installing: /home/rsanz/git/learning/ros2/tutorials/RustROS2/src/install/unique_identifier_msgs/include/unique_identifier_msgs/unique_identifier_msgs/msg/detail/uuid__rosidl_typesupport_introspection_c.h
[3.984s] -- Up-to-date: /home/rsanz/git/learning/ros2/tutorials/RustROS2/src/install/unique_identifier_msgs/include/unique_identifier_msgs/unique_identifier_msgs/msg/detail/uuid__type_support.c
[3.984s] -- Installing: /home/rsanz/git/learning/ros2/tutorials/RustROS2/src/install/unique_identifier_msgs/lib/libunique_identifier_msgs__rosidl_typesupport_introspection_c.so
[3.984s] -- Set non-toolchain portion of runtime path of "/home/rsanz/git/learning/ros2/tutorials/RustROS2/src/install/unique_identifier_msgs/lib/libunique_identifier_msgs__rosidl_typesupport_introspection_c.so" to ""
[3.984s] -- Installing: /home/rsanz/git/learning/ros2/tutorials/RustROS2/src/install/unique_identifier_msgs/lib/libunique_identifier_msgs__rosidl_typesupport_c.so
[3.984s] -- Set non-toolchain portion of runtime path of "/home/rsanz/git/learning/ros2/tutorials/RustROS2/src/install/unique_identifier_msgs/lib/libunique_identifier_msgs__rosidl_typesupport_c.so" to ""
[3.984s] -- Up-to-date: /home/rsanz/git/learning/ros2/tutorials/RustROS2/src/install/unique_identifier_msgs/include/unique_identifier_msgs/unique_identifier_msgs
[3.985s] -- Up-to-date: /home/rsanz/git/learning/ros2/tutorials/RustROS2/src/install/unique_identifier_msgs/include/unique_identifier_msgs/unique_identifier_msgs/msg
[3.985s] -- Up-to-date: /home/rsanz/git/learning/ros2/tutorials/RustROS2/src/install/unique_identifier_msgs/include/unique_identifier_msgs/unique_identifier_msgs/msg/detail
[3.985s] -- Installing: /home/rsanz/git/learning/ros2/tutorials/RustROS2/src/install/unique_identifier_msgs/include/unique_identifier_msgs/unique_identifier_msgs/msg/detail/uuid__struct.hpp
[3.985s] -- Installing: /home/rsanz/git/learning/ros2/tutorials/RustROS2/src/install/unique_identifier_msgs/include/unique_identifier_msgs/unique_identifier_msgs/msg/detail/uuid__type_support.hpp
[3.985s] -- Installing: /home/rsanz/git/learning/ros2/tutorials/RustROS2/src/install/unique_identifier_msgs/include/unique_identifier_msgs/unique_identifier_msgs/msg/detail/uuid__traits.hpp
[3.985s] -- Installing: /home/rsanz/git/learning/ros2/tutorials/RustROS2/src/install/unique_identifier_msgs/include/unique_identifier_msgs/unique_identifier_msgs/msg/detail/uuid__builder.hpp
[3.985s] -- Installing: /home/rsanz/git/learning/ros2/tutorials/RustROS2/src/install/unique_identifier_msgs/include/unique_identifier_msgs/unique_identifier_msgs/msg/uuid.hpp
[3.985s] -- Installing: /home/rsanz/git/learning/ros2/tutorials/RustROS2/src/install/unique_identifier_msgs/include/unique_identifier_msgs/unique_identifier_msgs/msg/rosidl_generator_cpp__visibility_control.hpp
[3.986s] -- Up-to-date: /home/rsanz/git/learning/ros2/tutorials/RustROS2/src/install/unique_identifier_msgs/include/unique_identifier_msgs/unique_identifier_msgs
[3.986s] -- Up-to-date: /home/rsanz/git/learning/ros2/tutorials/RustROS2/src/install/unique_identifier_msgs/include/unique_identifier_msgs/unique_identifier_msgs/msg
[3.986s] -- Installing: /home/rsanz/git/learning/ros2/tutorials/RustROS2/src/install/unique_identifier_msgs/include/unique_identifier_msgs/unique_identifier_msgs/msg/rosidl_typesupport_fastrtps_cpp__visibility_control.h
[3.986s] -- Up-to-date: /home/rsanz/git/learning/ros2/tutorials/RustROS2/src/install/unique_identifier_msgs/include/unique_identifier_msgs/unique_identifier_msgs/msg/detail
[3.986s] -- Installing: /home/rsanz/git/learning/ros2/tutorials/RustROS2/src/install/unique_identifier_msgs/include/unique_identifier_msgs/unique_identifier_msgs/msg/detail/uuid__rosidl_typesupport_fastrtps_cpp.hpp
[3.986s] -- Installing: /home/rsanz/git/learning/ros2/tutorials/RustROS2/src/install/unique_identifier_msgs/include/unique_identifier_msgs/unique_identifier_msgs/msg/detail/dds_fastrtps
[3.986s] -- Installing: /home/rsanz/git/learning/ros2/tutorials/RustROS2/src/install/unique_identifier_msgs/lib/libunique_identifier_msgs__rosidl_typesupport_fastrtps_cpp.so
[3.986s] -- Set non-toolchain portion of runtime path of "/home/rsanz/git/learning/ros2/tutorials/RustROS2/src/install/unique_identifier_msgs/lib/libunique_identifier_msgs__rosidl_typesupport_fastrtps_cpp.so" to ""
[3.987s] -- Up-to-date: /home/rsanz/git/learning/ros2/tutorials/RustROS2/src/install/unique_identifier_msgs/include/unique_identifier_msgs/unique_identifier_msgs
[3.987s] -- Up-to-date: /home/rsanz/git/learning/ros2/tutorials/RustROS2/src/install/unique_identifier_msgs/include/unique_identifier_msgs/unique_identifier_msgs/msg
[3.987s] -- Up-to-date: /home/rsanz/git/learning/ros2/tutorials/RustROS2/src/install/unique_identifier_msgs/include/unique_identifier_msgs/unique_identifier_msgs/msg/detail
[3.987s] -- Installing: /home/rsanz/git/learning/ros2/tutorials/RustROS2/src/install/unique_identifier_msgs/include/unique_identifier_msgs/unique_identifier_msgs/msg/detail/uuid__type_support.cpp
[3.987s] -- Installing: /home/rsanz/git/learning/ros2/tutorials/RustROS2/src/install/unique_identifier_msgs/include/unique_identifier_msgs/unique_identifier_msgs/msg/detail/uuid__rosidl_typesupport_introspection_cpp.hpp
[3.987s] -- Installing: /home/rsanz/git/learning/ros2/tutorials/RustROS2/src/install/unique_identifier_msgs/lib/libunique_identifier_msgs__rosidl_typesupport_introspection_cpp.so
[3.987s] -- Set non-toolchain portion of runtime path of "/home/rsanz/git/learning/ros2/tutorials/RustROS2/src/install/unique_identifier_msgs/lib/libunique_identifier_msgs__rosidl_typesupport_introspection_cpp.so" to ""
[3.987s] -- Installing: /home/rsanz/git/learning/ros2/tutorials/RustROS2/src/install/unique_identifier_msgs/lib/libunique_identifier_msgs__rosidl_typesupport_cpp.so
[3.988s] -- Set non-toolchain portion of runtime path of "/home/rsanz/git/learning/ros2/tutorials/RustROS2/src/install/unique_identifier_msgs/lib/libunique_identifier_msgs__rosidl_typesupport_cpp.so" to ""
[3.988s] -- Installing: /home/rsanz/git/learning/ros2/tutorials/RustROS2/src/install/unique_identifier_msgs/share/ament_index/resource_index/rust_packages/unique_identifier_msgs
[3.988s] -- Installing: /home/rsanz/git/learning/ros2/tutorials/RustROS2/src/install/unique_identifier_msgs/share/unique_identifier_msgs/rust
[3.988s] -- Installing: /home/rsanz/git/learning/ros2/tutorials/RustROS2/src/install/unique_identifier_msgs/share/unique_identifier_msgs/rust/src
[3.988s] -- Installing: /home/rsanz/git/learning/ros2/tutorials/RustROS2/src/install/unique_identifier_msgs/share/unique_identifier_msgs/rust/src/msg.rs
[3.988s] -- Installing: /home/rsanz/git/learning/ros2/tutorials/RustROS2/src/install/unique_identifier_msgs/share/unique_identifier_msgs/rust/src/msg
[3.988s] -- Installing: /home/rsanz/git/learning/ros2/tutorials/RustROS2/src/install/unique_identifier_msgs/share/unique_identifier_msgs/rust/src/msg/rmw.rs
[3.989s] -- Installing: /home/rsanz/git/learning/ros2/tutorials/RustROS2/src/install/unique_identifier_msgs/share/unique_identifier_msgs/rust/src/lib.rs
[3.989s] -- Installing: /home/rsanz/git/learning/ros2/tutorials/RustROS2/src/install/unique_identifier_msgs/share/unique_identifier_msgs/rust/build.rs
[3.989s] -- Installing: /home/rsanz/git/learning/ros2/tutorials/RustROS2/src/install/unique_identifier_msgs/share/unique_identifier_msgs/rust/Cargo.toml
[3.989s] -- Installing: /home/rsanz/git/learning/ros2/tutorials/RustROS2/src/install/unique_identifier_msgs/share/unique_identifier_msgs/environment/pythonpath.sh
[3.989s] -- Installing: /home/rsanz/git/learning/ros2/tutorials/RustROS2/src/install/unique_identifier_msgs/share/unique_identifier_msgs/environment/pythonpath.dsv
[3.989s] -- Installing: /home/rsanz/git/learning/ros2/tutorials/RustROS2/src/install/unique_identifier_msgs/lib/python3.12/site-packages/unique_identifier_msgs-2.5.0-py3.12.egg-info
[3.990s] -- Installing: /home/rsanz/git/learning/ros2/tutorials/RustROS2/src/install/unique_identifier_msgs/lib/python3.12/site-packages/unique_identifier_msgs-2.5.0-py3.12.egg-info/dependency_links.txt
[3.990s] -- Installing: /home/rsanz/git/learning/ros2/tutorials/RustROS2/src/install/unique_identifier_msgs/lib/python3.12/site-packages/unique_identifier_msgs-2.5.0-py3.12.egg-info/PKG-INFO
[3.990s] -- Installing: /home/rsanz/git/learning/ros2/tutorials/RustROS2/src/install/unique_identifier_msgs/lib/python3.12/site-packages/unique_identifier_msgs-2.5.0-py3.12.egg-info/top_level.txt
[3.990s] -- Installing: /home/rsanz/git/learning/ros2/tutorials/RustROS2/src/install/unique_identifier_msgs/lib/python3.12/site-packages/unique_identifier_msgs-2.5.0-py3.12.egg-info/SOURCES.txt
[3.990s] -- Installing: /home/rsanz/git/learning/ros2/tutorials/RustROS2/src/install/unique_identifier_msgs/lib/python3.12/site-packages/unique_identifier_msgs
[3.990s] -- Installing: /home/rsanz/git/learning/ros2/tutorials/RustROS2/src/install/unique_identifier_msgs/lib/python3.12/site-packages/unique_identifier_msgs/_unique_identifier_msgs_s.ep.rosidl_typesupport_introspection_c.c
[3.991s] -- Installing: /home/rsanz/git/learning/ros2/tutorials/RustROS2/src/install/unique_identifier_msgs/lib/python3.12/site-packages/unique_identifier_msgs/unique_identifier_msgs_s__rosidl_typesupport_fastrtps_c.so
[3.991s] -- Installing: /home/rsanz/git/learning/ros2/tutorials/RustROS2/src/install/unique_identifier_msgs/lib/python3.12/site-packages/unique_identifier_msgs/_unique_identifier_msgs_s.ep.rosidl_typesupport_c.c
[3.991s] -- Installing: /home/rsanz/git/learning/ros2/tutorials/RustROS2/src/install/unique_identifier_msgs/lib/python3.12/site-packages/unique_identifier_msgs/msg
[3.991s] -- Installing: /home/rsanz/git/learning/ros2/tutorials/RustROS2/src/install/unique_identifier_msgs/lib/python3.12/site-packages/unique_identifier_msgs/msg/__init__.py
[3.991s] -- Installing: /home/rsanz/git/learning/ros2/tutorials/RustROS2/src/install/unique_identifier_msgs/lib/python3.12/site-packages/unique_identifier_msgs/msg/_uuid.py
[3.991s] -- Installing: /home/rsanz/git/learning/ros2/tutorials/RustROS2/src/install/unique_identifier_msgs/lib/python3.12/site-packages/unique_identifier_msgs/msg/_uuid_s.c
[3.991s] -- Installing: /home/rsanz/git/learning/ros2/tutorials/RustROS2/src/install/unique_identifier_msgs/lib/python3.12/site-packages/unique_identifier_msgs/__init__.py
[3.992s] -- Installing: /home/rsanz/git/learning/ros2/tutorials/RustROS2/src/install/unique_identifier_msgs/lib/python3.12/site-packages/unique_identifier_msgs/unique_identifier_msgs_s__rosidl_typesupport_introspection_c.so
[3.992s] -- Installing: /home/rsanz/git/learning/ros2/tutorials/RustROS2/src/install/unique_identifier_msgs/lib/python3.12/site-packages/unique_identifier_msgs/unique_identifier_msgs_s__rosidl_typesupport_c.so
[3.992s] -- Installing: /home/rsanz/git/learning/ros2/tutorials/RustROS2/src/install/unique_identifier_msgs/lib/python3.12/site-packages/unique_identifier_msgs/_unique_identifier_msgs_s.ep.rosidl_typesupport_fastrtps_c.c
[4.022s] Listing '/home/rsanz/git/learning/ros2/tutorials/RustROS2/src/install/unique_identifier_msgs/lib/python3.12/site-packages/unique_identifier_msgs'...
[4.022s] Compiling '/home/rsanz/git/learning/ros2/tutorials/RustROS2/src/install/unique_identifier_msgs/lib/python3.12/site-packages/unique_identifier_msgs/__init__.py'...
[4.022s] Listing '/home/rsanz/git/learning/ros2/tutorials/RustROS2/src/install/unique_identifier_msgs/lib/python3.12/site-packages/unique_identifier_msgs/msg'...
[4.022s] Compiling '/home/rsanz/git/learning/ros2/tutorials/RustROS2/src/install/unique_identifier_msgs/lib/python3.12/site-packages/unique_identifier_msgs/msg/__init__.py'...
[4.022s] Compiling '/home/rsanz/git/learning/ros2/tutorials/RustROS2/src/install/unique_identifier_msgs/lib/python3.12/site-packages/unique_identifier_msgs/msg/_uuid.py'...
[4.026s] -- Installing: /home/rsanz/git/learning/ros2/tutorials/RustROS2/src/install/unique_identifier_msgs/lib/python3.12/site-packages/unique_identifier_msgs/unique_identifier_msgs_s__rosidl_typesupport_fastrtps_c.so
[4.026s] -- Set non-toolchain portion of runtime path of "/home/rsanz/git/learning/ros2/tutorials/RustROS2/src/install/unique_identifier_msgs/lib/python3.12/site-packages/unique_identifier_msgs/unique_identifier_msgs_s__rosidl_typesupport_fastrtps_c.so" to ""
[4.026s] -- Installing: /home/rsanz/git/learning/ros2/tutorials/RustROS2/src/install/unique_identifier_msgs/lib/python3.12/site-packages/unique_identifier_msgs/unique_identifier_msgs_s__rosidl_typesupport_introspection_c.so
[4.026s] -- Set non-toolchain portion of runtime path of "/home/rsanz/git/learning/ros2/tutorials/RustROS2/src/install/unique_identifier_msgs/lib/python3.12/site-packages/unique_identifier_msgs/unique_identifier_msgs_s__rosidl_typesupport_introspection_c.so" to ""
[4.027s] -- Installing: /home/rsanz/git/learning/ros2/tutorials/RustROS2/src/install/unique_identifier_msgs/lib/python3.12/site-packages/unique_identifier_msgs/unique_identifier_msgs_s__rosidl_typesupport_c.so
[4.027s] -- Set non-toolchain portion of runtime path of "/home/rsanz/git/learning/ros2/tutorials/RustROS2/src/install/unique_identifier_msgs/lib/python3.12/site-packages/unique_identifier_msgs/unique_identifier_msgs_s__rosidl_typesupport_c.so" to ""
[4.027s] -- Installing: /home/rsanz/git/learning/ros2/tutorials/RustROS2/src/install/unique_identifier_msgs/lib/libunique_identifier_msgs__rosidl_generator_py.so
[4.027s] -- Set non-toolchain portion of runtime path of "/home/rsanz/git/learning/ros2/tutorials/RustROS2/src/install/unique_identifier_msgs/lib/libunique_identifier_msgs__rosidl_generator_py.so" to ""
[4.027s] -- Installing: /home/rsanz/git/learning/ros2/tutorials/RustROS2/src/install/unique_identifier_msgs/share/unique_identifier_msgs/msg/UUID.idl
[4.027s] -- Installing: /home/rsanz/git/learning/ros2/tutorials/RustROS2/src/install/unique_identifier_msgs/share/unique_identifier_msgs/msg/UUID.msg
[4.028s] -- Installing: /home/rsanz/git/learning/ros2/tutorials/RustROS2/src/install/unique_identifier_msgs/share/ament_index/resource_index/package_run_dependencies/unique_identifier_msgs
[4.028s] -- Installing: /home/rsanz/git/learning/ros2/tutorials/RustROS2/src/install/unique_identifier_msgs/share/ament_index/resource_index/parent_prefix_path/unique_identifier_msgs
[4.028s] -- Installing: /home/rsanz/git/learning/ros2/tutorials/RustROS2/src/install/unique_identifier_msgs/share/unique_identifier_msgs/environment/ament_prefix_path.sh
[4.028s] -- Installing: /home/rsanz/git/learning/ros2/tutorials/RustROS2/src/install/unique_identifier_msgs/share/unique_identifier_msgs/environment/ament_prefix_path.dsv
[4.028s] -- Installing: /home/rsanz/git/learning/ros2/tutorials/RustROS2/src/install/unique_identifier_msgs/share/unique_identifier_msgs/environment/path.sh
[4.028s] -- Installing: /home/rsanz/git/learning/ros2/tutorials/RustROS2/src/install/unique_identifier_msgs/share/unique_identifier_msgs/environment/path.dsv
[4.029s] -- Installing: /home/rsanz/git/learning/ros2/tutorials/RustROS2/src/install/unique_identifier_msgs/share/unique_identifier_msgs/local_setup.bash
[4.029s] -- Installing: /home/rsanz/git/learning/ros2/tutorials/RustROS2/src/install/unique_identifier_msgs/share/unique_identifier_msgs/local_setup.sh
[4.029s] -- Installing: /home/rsanz/git/learning/ros2/tutorials/RustROS2/src/install/unique_identifier_msgs/share/unique_identifier_msgs/local_setup.zsh
[4.029s] -- Installing: /home/rsanz/git/learning/ros2/tutorials/RustROS2/src/install/unique_identifier_msgs/share/unique_identifier_msgs/local_setup.dsv
[4.029s] -- Installing: /home/rsanz/git/learning/ros2/tutorials/RustROS2/src/install/unique_identifier_msgs/share/unique_identifier_msgs/package.dsv
[4.029s] -- Installing: /home/rsanz/git/learning/ros2/tutorials/RustROS2/src/install/unique_identifier_msgs/share/ament_index/resource_index/packages/unique_identifier_msgs
[4.029s] -- Installing: /home/rsanz/git/learning/ros2/tutorials/RustROS2/src/install/unique_identifier_msgs/share/unique_identifier_msgs/cmake/export_unique_identifier_msgs__rosidl_generator_cExport.cmake
[4.030s] -- Installing: /home/rsanz/git/learning/ros2/tutorials/RustROS2/src/install/unique_identifier_msgs/share/unique_identifier_msgs/cmake/export_unique_identifier_msgs__rosidl_generator_cExport-noconfig.cmake
[4.030s] -- Installing: /home/rsanz/git/learning/ros2/tutorials/RustROS2/src/install/unique_identifier_msgs/share/unique_identifier_msgs/cmake/export_unique_identifier_msgs__rosidl_typesupport_fastrtps_cExport.cmake
[4.030s] -- Installing: /home/rsanz/git/learning/ros2/tutorials/RustROS2/src/install/unique_identifier_msgs/share/unique_identifier_msgs/cmake/export_unique_identifier_msgs__rosidl_typesupport_fastrtps_cExport-noconfig.cmake
[4.030s] -- Installing: /home/rsanz/git/learning/ros2/tutorials/RustROS2/src/install/unique_identifier_msgs/share/unique_identifier_msgs/cmake/unique_identifier_msgs__rosidl_typesupport_introspection_cExport.cmake
[4.030s] -- Installing: /home/rsanz/git/learning/ros2/tutorials/RustROS2/src/install/unique_identifier_msgs/share/unique_identifier_msgs/cmake/unique_identifier_msgs__rosidl_typesupport_introspection_cExport-noconfig.cmake
[4.030s] -- Installing: /home/rsanz/git/learning/ros2/tutorials/RustROS2/src/install/unique_identifier_msgs/share/unique_identifier_msgs/cmake/unique_identifier_msgs__rosidl_typesupport_cExport.cmake
[4.031s] -- Installing: /home/rsanz/git/learning/ros2/tutorials/RustROS2/src/install/unique_identifier_msgs/share/unique_identifier_msgs/cmake/unique_identifier_msgs__rosidl_typesupport_cExport-noconfig.cmake
[4.031s] -- Installing: /home/rsanz/git/learning/ros2/tutorials/RustROS2/src/install/unique_identifier_msgs/share/unique_identifier_msgs/cmake/export_unique_identifier_msgs__rosidl_generator_cppExport.cmake
[4.031s] -- Installing: /home/rsanz/git/learning/ros2/tutorials/RustROS2/src/install/unique_identifier_msgs/share/unique_identifier_msgs/cmake/export_unique_identifier_msgs__rosidl_typesupport_fastrtps_cppExport.cmake
[4.031s] -- Installing: /home/rsanz/git/learning/ros2/tutorials/RustROS2/src/install/unique_identifier_msgs/share/unique_identifier_msgs/cmake/export_unique_identifier_msgs__rosidl_typesupport_fastrtps_cppExport-noconfig.cmake
[4.031s] -- Installing: /home/rsanz/git/learning/ros2/tutorials/RustROS2/src/install/unique_identifier_msgs/share/unique_identifier_msgs/cmake/unique_identifier_msgs__rosidl_typesupport_introspection_cppExport.cmake
[4.031s] -- Installing: /home/rsanz/git/learning/ros2/tutorials/RustROS2/src/install/unique_identifier_msgs/share/unique_identifier_msgs/cmake/unique_identifier_msgs__rosidl_typesupport_introspection_cppExport-noconfig.cmake
[4.032s] -- Installing: /home/rsanz/git/learning/ros2/tutorials/RustROS2/src/install/unique_identifier_msgs/share/unique_identifier_msgs/cmake/unique_identifier_msgs__rosidl_typesupport_cppExport.cmake
[4.032s] -- Installing: /home/rsanz/git/learning/ros2/tutorials/RustROS2/src/install/unique_identifier_msgs/share/unique_identifier_msgs/cmake/unique_identifier_msgs__rosidl_typesupport_cppExport-noconfig.cmake
[4.032s] -- Installing: /home/rsanz/git/learning/ros2/tutorials/RustROS2/src/install/unique_identifier_msgs/share/unique_identifier_msgs/cmake/export_unique_identifier_msgs__rosidl_generator_pyExport.cmake
[4.032s] -- Installing: /home/rsanz/git/learning/ros2/tutorials/RustROS2/src/install/unique_identifier_msgs/share/unique_identifier_msgs/cmake/export_unique_identifier_msgs__rosidl_generator_pyExport-noconfig.cmake
[4.032s] -- Installing: /home/rsanz/git/learning/ros2/tutorials/RustROS2/src/install/unique_identifier_msgs/share/unique_identifier_msgs/cmake/rosidl_cmake-extras.cmake
[4.032s] -- Installing: /home/rsanz/git/learning/ros2/tutorials/RustROS2/src/install/unique_identifier_msgs/share/unique_identifier_msgs/cmake/ament_cmake_export_include_directories-extras.cmake
[4.033s] -- Installing: /home/rsanz/git/learning/ros2/tutorials/RustROS2/src/install/unique_identifier_msgs/share/unique_identifier_msgs/cmake/ament_cmake_export_libraries-extras.cmake
[4.033s] -- Installing: /home/rsanz/git/learning/ros2/tutorials/RustROS2/src/install/unique_identifier_msgs/share/unique_identifier_msgs/cmake/ament_cmake_export_targets-extras.cmake
[4.033s] -- Installing: /home/rsanz/git/learning/ros2/tutorials/RustROS2/src/install/unique_identifier_msgs/share/unique_identifier_msgs/cmake/rosidl_cmake_export_typesupport_targets-extras.cmake
[4.033s] -- Installing: /home/rsanz/git/learning/ros2/tutorials/RustROS2/src/install/unique_identifier_msgs/share/unique_identifier_msgs/cmake/ament_cmake_export_dependencies-extras.cmake
[4.033s] -- Installing: /home/rsanz/git/learning/ros2/tutorials/RustROS2/src/install/unique_identifier_msgs/share/unique_identifier_msgs/cmake/rosidl_cmake_export_typesupport_libraries-extras.cmake
[4.033s] -- Installing: /home/rsanz/git/learning/ros2/tutorials/RustROS2/src/install/unique_identifier_msgs/share/unique_identifier_msgs/cmake/unique_identifier_msgsConfig.cmake
[4.033s] -- Installing: /home/rsanz/git/learning/ros2/tutorials/RustROS2/src/install/unique_identifier_msgs/share/unique_identifier_msgs/cmake/unique_identifier_msgsConfig-version.cmake
[4.034s] -- Installing: /home/rsanz/git/learning/ros2/tutorials/RustROS2/src/install/unique_identifier_msgs/share/unique_identifier_msgs/package.xml
[4.034s] -- Installing: /home/rsanz/git/learning/ros2/tutorials/RustROS2/src/install/unique_identifier_msgs/share/unique_identifier_msgs/mapping_rules.yaml
[4.036s] Invoked command in '/home/rsanz/git/learning/ros2/tutorials/RustROS2/src/build/unique_identifier_msgs' returned '0': AMENT_PREFIX_PATH=/home/rsanz/git/learning/ros2/tutorials/RustROS2/src/install/rosidl_core_runtime:/home/rsanz/git/learning/ros2/tutorials/RustROS2/src/install/rosidl_core_generators:/home/rsanz/git/learning/ros2/tutorials/RustROS2/src/install/rosidl_generator_rs:${AMENT_PREFIX_PATH} CMAKE_PREFIX_PATH=/home/rsanz/git/learning/ros2/tutorials/RustROS2/src/install/rosidl_core_runtime:/home/rsanz/git/learning/ros2/tutorials/RustROS2/src/install/rosidl_core_generators:/home/rsanz/git/learning/ros2/tutorials/RustROS2/src/install/rosidl_generator_rs:/opt/ros/jazzy/opt/gz_math_vendor:/opt/ros/jazzy/opt/gz_utils_vendor:/opt/ros/jazzy/opt/gz_cmake_vendor:/opt/ros/jazzy DEBUGINFOD_URLS=https://debuginfod.ubuntu.com PYTHONPATH=/home/rsanz/git/learning/ros2/tutorials/RustROS2/src/install/rosidl_generator_rs/lib/python3.12/site-packages:${PYTHONPATH} /usr/bin/cmake --install /home/rsanz/git/learning/ros2/tutorials/RustROS2/src/build/unique_identifier_msgs
