[0.009s] Invoking command in '/home/rsanz/git/learning/ROS2/RustROS2/build/unique_identifier_msgs': AMENT_PREFIX_PATH=/home/rsanz/git/learning/ROS2/RustROS2/install/rosidl_core_runtime:/home/rsanz/git/learning/ROS2/RustROS2/install/rosidl_core_generators:/home/rsanz/git/learning/ROS2/RustROS2/install/rosidl_generator_rs:${AMENT_PREFIX_PATH} CMAKE_PREFIX_PATH=/home/rsanz/git/learning/ROS2/RustROS2/install/rosidl_core_runtime:/home/rsanz/git/learning/ROS2/RustROS2/install/rosidl_core_generators:/home/rsanz/git/learning/ROS2/RustROS2/install/rosidl_generator_rs:/opt/ros/jazzy/opt/gz_math_vendor:/opt/ros/jazzy/opt/gz_utils_vendor:/opt/ros/jazzy/opt/gz_cmake_vendor:/opt/ros/jazzy DEBUGINFOD_URLS=https://debuginfod.ubuntu.com PYTHONPATH=/home/rsanz/git/learning/ROS2/RustROS2/install/rosidl_generator_rs/lib/python3.12/site-packages:${PYTHONPATH} /usr/bin/cmake --build /home/rsanz/git/learning/ROS2/RustROS2/build/unique_identifier_msgs -- -j24 -l24
[0.051s] [  2%] Built target unique_identifier_msgs__rs
[0.051s] [  5%] Built target unique_identifier_msgs__rosidl_generator_type_description
[0.059s] [  5%] Built target ament_cmake_python_copy_unique_identifier_msgs
[0.067s] [  8%] Built target unique_identifier_msgs__cpp
[0.069s] [ 22%] Built target unique_identifier_msgs__rosidl_generator_c
[0.086s] [ 31%] Built target unique_identifier_msgs__rosidl_typesupport_c
[0.087s] [ 48%] Built target unique_identifier_msgs__rosidl_typesupport_introspection_c
[0.088s] [ 48%] Built target unique_identifier_msgs__rosidl_typesupport_cpp
[0.088s] [ 57%] Built target unique_identifier_msgs__rosidl_typesupport_fastrtps_c
[0.089s] [ 65%] Built target unique_identifier_msgs__rosidl_typesupport_fastrtps_cpp
[0.090s] [ 74%] Built target unique_identifier_msgs__rosidl_typesupport_introspection_cpp
[0.106s] [ 74%] Built target unique_identifier_msgs
[0.123s] [ 77%] Built target unique_identifier_msgs__py
[0.143s] [ 82%] Built target unique_identifier_msgs__rosidl_generator_py
[0.161s] [ 88%] Built target unique_identifier_msgs_s__rosidl_typesupport_fastrtps_c
[0.162s] [ 94%] Built target unique_identifier_msgs_s__rosidl_typesupport_c
[0.162s] [100%] Built target unique_identifier_msgs_s__rosidl_typesupport_introspection_c
[0.259s] running egg_info
[0.280s] writing unique_identifier_msgs.egg-info/PKG-INFO
[0.280s] writing dependency_links to unique_identifier_msgs.egg-info/dependency_links.txt
[0.280s] writing top-level names to unique_identifier_msgs.egg-info/top_level.txt
[0.344s] reading manifest file 'unique_identifier_msgs.egg-info/SOURCES.txt'
[0.344s] writing manifest file 'unique_identifier_msgs.egg-info/SOURCES.txt'
[0.370s] [100%] Built target ament_cmake_python_build_unique_identifier_msgs_egg
[0.382s] Invoked command in '/home/rsanz/git/learning/ROS2/RustROS2/build/unique_identifier_msgs' returned '0': AMENT_PREFIX_PATH=/home/rsanz/git/learning/ROS2/RustROS2/install/rosidl_core_runtime:/home/rsanz/git/learning/ROS2/RustROS2/install/rosidl_core_generators:/home/rsanz/git/learning/ROS2/RustROS2/install/rosidl_generator_rs:${AMENT_PREFIX_PATH} CMAKE_PREFIX_PATH=/home/rsanz/git/learning/ROS2/RustROS2/install/rosidl_core_runtime:/home/rsanz/git/learning/ROS2/RustROS2/install/rosidl_core_generators:/home/rsanz/git/learning/ROS2/RustROS2/install/rosidl_generator_rs:/opt/ros/jazzy/opt/gz_math_vendor:/opt/ros/jazzy/opt/gz_utils_vendor:/opt/ros/jazzy/opt/gz_cmake_vendor:/opt/ros/jazzy DEBUGINFOD_URLS=https://debuginfod.ubuntu.com PYTHONPATH=/home/rsanz/git/learning/ROS2/RustROS2/install/rosidl_generator_rs/lib/python3.12/site-packages:${PYTHONPATH} /usr/bin/cmake --build /home/rsanz/git/learning/ROS2/RustROS2/build/unique_identifier_msgs -- -j24 -l24
[0.383s] Invoking command in '/home/rsanz/git/learning/ROS2/RustROS2/build/unique_identifier_msgs': AMENT_PREFIX_PATH=/home/rsanz/git/learning/ROS2/RustROS2/install/rosidl_core_runtime:/home/rsanz/git/learning/ROS2/RustROS2/install/rosidl_core_generators:/home/rsanz/git/learning/ROS2/RustROS2/install/rosidl_generator_rs:${AMENT_PREFIX_PATH} CMAKE_PREFIX_PATH=/home/rsanz/git/learning/ROS2/RustROS2/install/rosidl_core_runtime:/home/rsanz/git/learning/ROS2/RustROS2/install/rosidl_core_generators:/home/rsanz/git/learning/ROS2/RustROS2/install/rosidl_generator_rs:/opt/ros/jazzy/opt/gz_math_vendor:/opt/ros/jazzy/opt/gz_utils_vendor:/opt/ros/jazzy/opt/gz_cmake_vendor:/opt/ros/jazzy DEBUGINFOD_URLS=https://debuginfod.ubuntu.com PYTHONPATH=/home/rsanz/git/learning/ROS2/RustROS2/install/rosidl_generator_rs/lib/python3.12/site-packages:${PYTHONPATH} /usr/bin/cmake --install /home/rsanz/git/learning/ROS2/RustROS2/build/unique_identifier_msgs
[0.389s] -- Install configuration: ""
[0.389s] -- Up-to-date: /home/rsanz/git/learning/ROS2/RustROS2/install/unique_identifier_msgs/share/ament_index/resource_index/rosidl_interfaces/unique_identifier_msgs
[0.390s] -- Up-to-date: /home/rsanz/git/learning/ROS2/RustROS2/install/unique_identifier_msgs/share/unique_identifier_msgs/msg/UUID.json
[0.390s] -- Up-to-date: /home/rsanz/git/learning/ROS2/RustROS2/install/unique_identifier_msgs/include/unique_identifier_msgs/unique_identifier_msgs
[0.390s] -- Up-to-date: /home/rsanz/git/learning/ROS2/RustROS2/install/unique_identifier_msgs/include/unique_identifier_msgs/unique_identifier_msgs/msg
[0.390s] -- Up-to-date: /home/rsanz/git/learning/ROS2/RustROS2/install/unique_identifier_msgs/include/unique_identifier_msgs/unique_identifier_msgs/msg/rosidl_generator_c__visibility_control.h
[0.390s] -- Up-to-date: /home/rsanz/git/learning/ROS2/RustROS2/install/unique_identifier_msgs/include/unique_identifier_msgs/unique_identifier_msgs/msg/uuid.h
[0.390s] -- Up-to-date: /home/rsanz/git/learning/ROS2/RustROS2/install/unique_identifier_msgs/include/unique_identifier_msgs/unique_identifier_msgs/msg/detail
[0.390s] -- Up-to-date: /home/rsanz/git/learning/ROS2/RustROS2/install/unique_identifier_msgs/include/unique_identifier_msgs/unique_identifier_msgs/msg/detail/uuid__type_support.h
[0.390s] -- Up-to-date: /home/rsanz/git/learning/ROS2/RustROS2/install/unique_identifier_msgs/include/unique_identifier_msgs/unique_identifier_msgs/msg/detail/uuid__functions.c
[0.390s] -- Up-to-date: /home/rsanz/git/learning/ROS2/RustROS2/install/unique_identifier_msgs/include/unique_identifier_msgs/unique_identifier_msgs/msg/detail/uuid__functions.h
[0.390s] -- Up-to-date: /home/rsanz/git/learning/ROS2/RustROS2/install/unique_identifier_msgs/include/unique_identifier_msgs/unique_identifier_msgs/msg/detail/uuid__description.c
[0.390s] -- Up-to-date: /home/rsanz/git/learning/ROS2/RustROS2/install/unique_identifier_msgs/include/unique_identifier_msgs/unique_identifier_msgs/msg/detail/uuid__type_support.c
[0.391s] -- Up-to-date: /home/rsanz/git/learning/ROS2/RustROS2/install/unique_identifier_msgs/include/unique_identifier_msgs/unique_identifier_msgs/msg/detail/uuid__struct.h
[0.391s] -- Up-to-date: /home/rsanz/git/learning/ROS2/RustROS2/install/unique_identifier_msgs/share/unique_identifier_msgs/environment/library_path.sh
[0.391s] -- Up-to-date: /home/rsanz/git/learning/ROS2/RustROS2/install/unique_identifier_msgs/share/unique_identifier_msgs/environment/library_path.dsv
[0.391s] -- Up-to-date: /home/rsanz/git/learning/ROS2/RustROS2/install/unique_identifier_msgs/lib/libunique_identifier_msgs__rosidl_generator_c.so
[0.391s] -- Up-to-date: /home/rsanz/git/learning/ROS2/RustROS2/install/unique_identifier_msgs/include/unique_identifier_msgs/unique_identifier_msgs
[0.391s] -- Up-to-date: /home/rsanz/git/learning/ROS2/RustROS2/install/unique_identifier_msgs/include/unique_identifier_msgs/unique_identifier_msgs/msg
[0.391s] -- Up-to-date: /home/rsanz/git/learning/ROS2/RustROS2/install/unique_identifier_msgs/include/unique_identifier_msgs/unique_identifier_msgs/msg/rosidl_typesupport_fastrtps_c__visibility_control.h
[0.391s] -- Up-to-date: /home/rsanz/git/learning/ROS2/RustROS2/install/unique_identifier_msgs/include/unique_identifier_msgs/unique_identifier_msgs/msg/detail
[0.391s] -- Up-to-date: /home/rsanz/git/learning/ROS2/RustROS2/install/unique_identifier_msgs/include/unique_identifier_msgs/unique_identifier_msgs/msg/detail/uuid__rosidl_typesupport_fastrtps_c.h
[0.391s] -- Up-to-date: /home/rsanz/git/learning/ROS2/RustROS2/install/unique_identifier_msgs/lib/libunique_identifier_msgs__rosidl_typesupport_fastrtps_c.so
[0.391s] -- Up-to-date: /home/rsanz/git/learning/ROS2/RustROS2/install/unique_identifier_msgs/include/unique_identifier_msgs/unique_identifier_msgs
[0.391s] -- Up-to-date: /home/rsanz/git/learning/ROS2/RustROS2/install/unique_identifier_msgs/include/unique_identifier_msgs/unique_identifier_msgs/msg
[0.391s] -- Up-to-date: /home/rsanz/git/learning/ROS2/RustROS2/install/unique_identifier_msgs/include/unique_identifier_msgs/unique_identifier_msgs/msg/rosidl_typesupport_introspection_c__visibility_control.h
[0.392s] -- Up-to-date: /home/rsanz/git/learning/ROS2/RustROS2/install/unique_identifier_msgs/include/unique_identifier_msgs/unique_identifier_msgs/msg/detail
[0.392s] -- Up-to-date: /home/rsanz/git/learning/ROS2/RustROS2/install/unique_identifier_msgs/include/unique_identifier_msgs/unique_identifier_msgs/msg/detail/uuid__rosidl_typesupport_introspection_c.h
[0.392s] -- Up-to-date: /home/rsanz/git/learning/ROS2/RustROS2/install/unique_identifier_msgs/include/unique_identifier_msgs/unique_identifier_msgs/msg/detail/uuid__type_support.c
[0.392s] -- Up-to-date: /home/rsanz/git/learning/ROS2/RustROS2/install/unique_identifier_msgs/lib/libunique_identifier_msgs__rosidl_typesupport_introspection_c.so
[0.392s] -- Up-to-date: /home/rsanz/git/learning/ROS2/RustROS2/install/unique_identifier_msgs/lib/libunique_identifier_msgs__rosidl_typesupport_c.so
[0.392s] -- Up-to-date: /home/rsanz/git/learning/ROS2/RustROS2/install/unique_identifier_msgs/include/unique_identifier_msgs/unique_identifier_msgs
[0.392s] -- Up-to-date: /home/rsanz/git/learning/ROS2/RustROS2/install/unique_identifier_msgs/include/unique_identifier_msgs/unique_identifier_msgs/msg
[0.392s] -- Up-to-date: /home/rsanz/git/learning/ROS2/RustROS2/install/unique_identifier_msgs/include/unique_identifier_msgs/unique_identifier_msgs/msg/detail
[0.392s] -- Up-to-date: /home/rsanz/git/learning/ROS2/RustROS2/install/unique_identifier_msgs/include/unique_identifier_msgs/unique_identifier_msgs/msg/detail/uuid__struct.hpp
[0.392s] -- Up-to-date: /home/rsanz/git/learning/ROS2/RustROS2/install/unique_identifier_msgs/include/unique_identifier_msgs/unique_identifier_msgs/msg/detail/uuid__type_support.hpp
[0.392s] -- Up-to-date: /home/rsanz/git/learning/ROS2/RustROS2/install/unique_identifier_msgs/include/unique_identifier_msgs/unique_identifier_msgs/msg/detail/uuid__traits.hpp
[0.392s] -- Up-to-date: /home/rsanz/git/learning/ROS2/RustROS2/install/unique_identifier_msgs/include/unique_identifier_msgs/unique_identifier_msgs/msg/detail/uuid__builder.hpp
[0.392s] -- Up-to-date: /home/rsanz/git/learning/ROS2/RustROS2/install/unique_identifier_msgs/include/unique_identifier_msgs/unique_identifier_msgs/msg/uuid.hpp
[0.393s] -- Up-to-date: /home/rsanz/git/learning/ROS2/RustROS2/install/unique_identifier_msgs/include/unique_identifier_msgs/unique_identifier_msgs/msg/rosidl_generator_cpp__visibility_control.hpp
[0.393s] -- Up-to-date: /home/rsanz/git/learning/ROS2/RustROS2/install/unique_identifier_msgs/include/unique_identifier_msgs/unique_identifier_msgs
[0.393s] -- Up-to-date: /home/rsanz/git/learning/ROS2/RustROS2/install/unique_identifier_msgs/include/unique_identifier_msgs/unique_identifier_msgs/msg
[0.393s] -- Up-to-date: /home/rsanz/git/learning/ROS2/RustROS2/install/unique_identifier_msgs/include/unique_identifier_msgs/unique_identifier_msgs/msg/rosidl_typesupport_fastrtps_cpp__visibility_control.h
[0.393s] -- Up-to-date: /home/rsanz/git/learning/ROS2/RustROS2/install/unique_identifier_msgs/include/unique_identifier_msgs/unique_identifier_msgs/msg/detail
[0.393s] -- Up-to-date: /home/rsanz/git/learning/ROS2/RustROS2/install/unique_identifier_msgs/include/unique_identifier_msgs/unique_identifier_msgs/msg/detail/uuid__rosidl_typesupport_fastrtps_cpp.hpp
[0.393s] -- Up-to-date: /home/rsanz/git/learning/ROS2/RustROS2/install/unique_identifier_msgs/include/unique_identifier_msgs/unique_identifier_msgs/msg/detail/dds_fastrtps
[0.394s] -- Up-to-date: /home/rsanz/git/learning/ROS2/RustROS2/install/unique_identifier_msgs/lib/libunique_identifier_msgs__rosidl_typesupport_fastrtps_cpp.so
[0.394s] -- Up-to-date: /home/rsanz/git/learning/ROS2/RustROS2/install/unique_identifier_msgs/include/unique_identifier_msgs/unique_identifier_msgs
[0.395s] -- Up-to-date: /home/rsanz/git/learning/ROS2/RustROS2/install/unique_identifier_msgs/include/unique_identifier_msgs/unique_identifier_msgs/msg
[0.395s] -- Up-to-date: /home/rsanz/git/learning/ROS2/RustROS2/install/unique_identifier_msgs/include/unique_identifier_msgs/unique_identifier_msgs/msg/detail
[0.395s] -- Up-to-date: /home/rsanz/git/learning/ROS2/RustROS2/install/unique_identifier_msgs/include/unique_identifier_msgs/unique_identifier_msgs/msg/detail/uuid__type_support.cpp
[0.396s] -- Up-to-date: /home/rsanz/git/learning/ROS2/RustROS2/install/unique_identifier_msgs/include/unique_identifier_msgs/unique_identifier_msgs/msg/detail/uuid__rosidl_typesupport_introspection_cpp.hpp
[0.396s] -- Up-to-date: /home/rsanz/git/learning/ROS2/RustROS2/install/unique_identifier_msgs/lib/libunique_identifier_msgs__rosidl_typesupport_introspection_cpp.so
[0.396s] -- Up-to-date: /home/rsanz/git/learning/ROS2/RustROS2/install/unique_identifier_msgs/lib/libunique_identifier_msgs__rosidl_typesupport_cpp.so
[0.396s] -- Up-to-date: /home/rsanz/git/learning/ROS2/RustROS2/install/unique_identifier_msgs/share/ament_index/resource_index/rust_packages/unique_identifier_msgs
[0.396s] -- Up-to-date: /home/rsanz/git/learning/ROS2/RustROS2/install/unique_identifier_msgs/share/unique_identifier_msgs/rust
[0.396s] -- Up-to-date: /home/rsanz/git/learning/ROS2/RustROS2/install/unique_identifier_msgs/share/unique_identifier_msgs/rust/src
[0.397s] -- Up-to-date: /home/rsanz/git/learning/ROS2/RustROS2/install/unique_identifier_msgs/share/unique_identifier_msgs/rust/src/msg.rs
[0.397s] -- Up-to-date: /home/rsanz/git/learning/ROS2/RustROS2/install/unique_identifier_msgs/share/unique_identifier_msgs/rust/src/msg
[0.397s] -- Up-to-date: /home/rsanz/git/learning/ROS2/RustROS2/install/unique_identifier_msgs/share/unique_identifier_msgs/rust/src/msg/rmw.rs
[0.397s] -- Up-to-date: /home/rsanz/git/learning/ROS2/RustROS2/install/unique_identifier_msgs/share/unique_identifier_msgs/rust/src/lib.rs
[0.397s] -- Up-to-date: /home/rsanz/git/learning/ROS2/RustROS2/install/unique_identifier_msgs/share/unique_identifier_msgs/rust/build.rs
[0.397s] -- Up-to-date: /home/rsanz/git/learning/ROS2/RustROS2/install/unique_identifier_msgs/share/unique_identifier_msgs/rust/Cargo.toml
[0.397s] -- Up-to-date: /home/rsanz/git/learning/ROS2/RustROS2/install/unique_identifier_msgs/share/unique_identifier_msgs/environment/pythonpath.sh
[0.397s] -- Up-to-date: /home/rsanz/git/learning/ROS2/RustROS2/install/unique_identifier_msgs/share/unique_identifier_msgs/environment/pythonpath.dsv
[0.398s] -- Up-to-date: /home/rsanz/git/learning/ROS2/RustROS2/install/unique_identifier_msgs/lib/python3.12/site-packages/unique_identifier_msgs-2.5.0-py3.12.egg-info
[0.398s] -- Installing: /home/rsanz/git/learning/ROS2/RustROS2/install/unique_identifier_msgs/lib/python3.12/site-packages/unique_identifier_msgs-2.5.0-py3.12.egg-info/dependency_links.txt
[0.398s] -- Installing: /home/rsanz/git/learning/ROS2/RustROS2/install/unique_identifier_msgs/lib/python3.12/site-packages/unique_identifier_msgs-2.5.0-py3.12.egg-info/PKG-INFO
[0.398s] -- Installing: /home/rsanz/git/learning/ROS2/RustROS2/install/unique_identifier_msgs/lib/python3.12/site-packages/unique_identifier_msgs-2.5.0-py3.12.egg-info/top_level.txt
[0.399s] -- Installing: /home/rsanz/git/learning/ROS2/RustROS2/install/unique_identifier_msgs/lib/python3.12/site-packages/unique_identifier_msgs-2.5.0-py3.12.egg-info/SOURCES.txt
[0.399s] -- Up-to-date: /home/rsanz/git/learning/ROS2/RustROS2/install/unique_identifier_msgs/lib/python3.12/site-packages/unique_identifier_msgs
[0.399s] -- Up-to-date: /home/rsanz/git/learning/ROS2/RustROS2/install/unique_identifier_msgs/lib/python3.12/site-packages/unique_identifier_msgs/_unique_identifier_msgs_s.ep.rosidl_typesupport_introspection_c.c
[0.400s] -- Up-to-date: /home/rsanz/git/learning/ROS2/RustROS2/install/unique_identifier_msgs/lib/python3.12/site-packages/unique_identifier_msgs/unique_identifier_msgs_s__rosidl_typesupport_fastrtps_c.so
[0.400s] -- Up-to-date: /home/rsanz/git/learning/ROS2/RustROS2/install/unique_identifier_msgs/lib/python3.12/site-packages/unique_identifier_msgs/_unique_identifier_msgs_s.ep.rosidl_typesupport_c.c
[0.400s] -- Up-to-date: /home/rsanz/git/learning/ROS2/RustROS2/install/unique_identifier_msgs/lib/python3.12/site-packages/unique_identifier_msgs/msg
[0.400s] -- Up-to-date: /home/rsanz/git/learning/ROS2/RustROS2/install/unique_identifier_msgs/lib/python3.12/site-packages/unique_identifier_msgs/msg/__init__.py
[0.400s] -- Up-to-date: /home/rsanz/git/learning/ROS2/RustROS2/install/unique_identifier_msgs/lib/python3.12/site-packages/unique_identifier_msgs/msg/_uuid.py
[0.400s] -- Up-to-date: /home/rsanz/git/learning/ROS2/RustROS2/install/unique_identifier_msgs/lib/python3.12/site-packages/unique_identifier_msgs/msg/_uuid_s.c
[0.400s] -- Up-to-date: /home/rsanz/git/learning/ROS2/RustROS2/install/unique_identifier_msgs/lib/python3.12/site-packages/unique_identifier_msgs/__init__.py
[0.400s] -- Up-to-date: /home/rsanz/git/learning/ROS2/RustROS2/install/unique_identifier_msgs/lib/python3.12/site-packages/unique_identifier_msgs/unique_identifier_msgs_s__rosidl_typesupport_introspection_c.so
[0.400s] -- Up-to-date: /home/rsanz/git/learning/ROS2/RustROS2/install/unique_identifier_msgs/lib/python3.12/site-packages/unique_identifier_msgs/unique_identifier_msgs_s__rosidl_typesupport_c.so
[0.400s] -- Up-to-date: /home/rsanz/git/learning/ROS2/RustROS2/install/unique_identifier_msgs/lib/python3.12/site-packages/unique_identifier_msgs/_unique_identifier_msgs_s.ep.rosidl_typesupport_fastrtps_c.c
[0.421s] Listing '/home/rsanz/git/learning/ROS2/RustROS2/install/unique_identifier_msgs/lib/python3.12/site-packages/unique_identifier_msgs'...
[0.421s] Listing '/home/rsanz/git/learning/ROS2/RustROS2/install/unique_identifier_msgs/lib/python3.12/site-packages/unique_identifier_msgs/msg'...
[0.425s] -- Up-to-date: /home/rsanz/git/learning/ROS2/RustROS2/install/unique_identifier_msgs/lib/python3.12/site-packages/unique_identifier_msgs/unique_identifier_msgs_s__rosidl_typesupport_fastrtps_c.so
[0.425s] -- Up-to-date: /home/rsanz/git/learning/ROS2/RustROS2/install/unique_identifier_msgs/lib/python3.12/site-packages/unique_identifier_msgs/unique_identifier_msgs_s__rosidl_typesupport_introspection_c.so
[0.425s] -- Up-to-date: /home/rsanz/git/learning/ROS2/RustROS2/install/unique_identifier_msgs/lib/python3.12/site-packages/unique_identifier_msgs/unique_identifier_msgs_s__rosidl_typesupport_c.so
[0.426s] -- Up-to-date: /home/rsanz/git/learning/ROS2/RustROS2/install/unique_identifier_msgs/lib/libunique_identifier_msgs__rosidl_generator_py.so
[0.426s] -- Up-to-date: /home/rsanz/git/learning/ROS2/RustROS2/install/unique_identifier_msgs/share/unique_identifier_msgs/msg/UUID.idl
[0.426s] -- Up-to-date: /home/rsanz/git/learning/ROS2/RustROS2/install/unique_identifier_msgs/share/unique_identifier_msgs/msg/UUID.msg
[0.426s] -- Up-to-date: /home/rsanz/git/learning/ROS2/RustROS2/install/unique_identifier_msgs/share/ament_index/resource_index/package_run_dependencies/unique_identifier_msgs
[0.426s] -- Up-to-date: /home/rsanz/git/learning/ROS2/RustROS2/install/unique_identifier_msgs/share/ament_index/resource_index/parent_prefix_path/unique_identifier_msgs
[0.426s] -- Up-to-date: /home/rsanz/git/learning/ROS2/RustROS2/install/unique_identifier_msgs/share/unique_identifier_msgs/environment/ament_prefix_path.sh
[0.426s] -- Up-to-date: /home/rsanz/git/learning/ROS2/RustROS2/install/unique_identifier_msgs/share/unique_identifier_msgs/environment/ament_prefix_path.dsv
[0.427s] -- Up-to-date: /home/rsanz/git/learning/ROS2/RustROS2/install/unique_identifier_msgs/share/unique_identifier_msgs/environment/path.sh
[0.427s] -- Up-to-date: /home/rsanz/git/learning/ROS2/RustROS2/install/unique_identifier_msgs/share/unique_identifier_msgs/environment/path.dsv
[0.427s] -- Up-to-date: /home/rsanz/git/learning/ROS2/RustROS2/install/unique_identifier_msgs/share/unique_identifier_msgs/local_setup.bash
[0.427s] -- Up-to-date: /home/rsanz/git/learning/ROS2/RustROS2/install/unique_identifier_msgs/share/unique_identifier_msgs/local_setup.sh
[0.427s] -- Up-to-date: /home/rsanz/git/learning/ROS2/RustROS2/install/unique_identifier_msgs/share/unique_identifier_msgs/local_setup.zsh
[0.427s] -- Up-to-date: /home/rsanz/git/learning/ROS2/RustROS2/install/unique_identifier_msgs/share/unique_identifier_msgs/local_setup.dsv
[0.427s] -- Installing: /home/rsanz/git/learning/ROS2/RustROS2/install/unique_identifier_msgs/share/unique_identifier_msgs/package.dsv
[0.427s] -- Up-to-date: /home/rsanz/git/learning/ROS2/RustROS2/install/unique_identifier_msgs/share/ament_index/resource_index/packages/unique_identifier_msgs
[0.427s] -- Up-to-date: /home/rsanz/git/learning/ROS2/RustROS2/install/unique_identifier_msgs/share/unique_identifier_msgs/cmake/export_unique_identifier_msgs__rosidl_generator_cExport.cmake
[0.427s] -- Up-to-date: /home/rsanz/git/learning/ROS2/RustROS2/install/unique_identifier_msgs/share/unique_identifier_msgs/cmake/export_unique_identifier_msgs__rosidl_generator_cExport-noconfig.cmake
[0.427s] -- Up-to-date: /home/rsanz/git/learning/ROS2/RustROS2/install/unique_identifier_msgs/share/unique_identifier_msgs/cmake/export_unique_identifier_msgs__rosidl_typesupport_fastrtps_cExport.cmake
[0.427s] -- Up-to-date: /home/rsanz/git/learning/ROS2/RustROS2/install/unique_identifier_msgs/share/unique_identifier_msgs/cmake/export_unique_identifier_msgs__rosidl_typesupport_fastrtps_cExport-noconfig.cmake
[0.428s] -- Up-to-date: /home/rsanz/git/learning/ROS2/RustROS2/install/unique_identifier_msgs/share/unique_identifier_msgs/cmake/unique_identifier_msgs__rosidl_typesupport_introspection_cExport.cmake
[0.428s] -- Up-to-date: /home/rsanz/git/learning/ROS2/RustROS2/install/unique_identifier_msgs/share/unique_identifier_msgs/cmake/unique_identifier_msgs__rosidl_typesupport_introspection_cExport-noconfig.cmake
[0.428s] -- Up-to-date: /home/rsanz/git/learning/ROS2/RustROS2/install/unique_identifier_msgs/share/unique_identifier_msgs/cmake/unique_identifier_msgs__rosidl_typesupport_cExport.cmake
[0.428s] -- Up-to-date: /home/rsanz/git/learning/ROS2/RustROS2/install/unique_identifier_msgs/share/unique_identifier_msgs/cmake/unique_identifier_msgs__rosidl_typesupport_cExport-noconfig.cmake
[0.428s] -- Up-to-date: /home/rsanz/git/learning/ROS2/RustROS2/install/unique_identifier_msgs/share/unique_identifier_msgs/cmake/export_unique_identifier_msgs__rosidl_generator_cppExport.cmake
[0.428s] -- Up-to-date: /home/rsanz/git/learning/ROS2/RustROS2/install/unique_identifier_msgs/share/unique_identifier_msgs/cmake/export_unique_identifier_msgs__rosidl_typesupport_fastrtps_cppExport.cmake
[0.428s] -- Up-to-date: /home/rsanz/git/learning/ROS2/RustROS2/install/unique_identifier_msgs/share/unique_identifier_msgs/cmake/export_unique_identifier_msgs__rosidl_typesupport_fastrtps_cppExport-noconfig.cmake
[0.428s] -- Up-to-date: /home/rsanz/git/learning/ROS2/RustROS2/install/unique_identifier_msgs/share/unique_identifier_msgs/cmake/unique_identifier_msgs__rosidl_typesupport_introspection_cppExport.cmake
[0.428s] -- Up-to-date: /home/rsanz/git/learning/ROS2/RustROS2/install/unique_identifier_msgs/share/unique_identifier_msgs/cmake/unique_identifier_msgs__rosidl_typesupport_introspection_cppExport-noconfig.cmake
[0.428s] -- Up-to-date: /home/rsanz/git/learning/ROS2/RustROS2/install/unique_identifier_msgs/share/unique_identifier_msgs/cmake/unique_identifier_msgs__rosidl_typesupport_cppExport.cmake
[0.429s] -- Up-to-date: /home/rsanz/git/learning/ROS2/RustROS2/install/unique_identifier_msgs/share/unique_identifier_msgs/cmake/unique_identifier_msgs__rosidl_typesupport_cppExport-noconfig.cmake
[0.429s] -- Up-to-date: /home/rsanz/git/learning/ROS2/RustROS2/install/unique_identifier_msgs/share/unique_identifier_msgs/cmake/export_unique_identifier_msgs__rosidl_generator_pyExport.cmake
[0.429s] -- Up-to-date: /home/rsanz/git/learning/ROS2/RustROS2/install/unique_identifier_msgs/share/unique_identifier_msgs/cmake/export_unique_identifier_msgs__rosidl_generator_pyExport-noconfig.cmake
[0.429s] -- Up-to-date: /home/rsanz/git/learning/ROS2/RustROS2/install/unique_identifier_msgs/share/unique_identifier_msgs/cmake/rosidl_cmake-extras.cmake
[0.429s] -- Up-to-date: /home/rsanz/git/learning/ROS2/RustROS2/install/unique_identifier_msgs/share/unique_identifier_msgs/cmake/ament_cmake_export_include_directories-extras.cmake
[0.429s] -- Up-to-date: /home/rsanz/git/learning/ROS2/RustROS2/install/unique_identifier_msgs/share/unique_identifier_msgs/cmake/ament_cmake_export_libraries-extras.cmake
[0.431s] -- Up-to-date: /home/rsanz/git/learning/ROS2/RustROS2/install/unique_identifier_msgs/share/unique_identifier_msgs/cmake/ament_cmake_export_targets-extras.cmake
[0.431s] -- Up-to-date: /home/rsanz/git/learning/ROS2/RustROS2/install/unique_identifier_msgs/share/unique_identifier_msgs/cmake/rosidl_cmake_export_typesupport_targets-extras.cmake
[0.431s] -- Up-to-date: /home/rsanz/git/learning/ROS2/RustROS2/install/unique_identifier_msgs/share/unique_identifier_msgs/cmake/ament_cmake_export_dependencies-extras.cmake
[0.432s] -- Up-to-date: /home/rsanz/git/learning/ROS2/RustROS2/install/unique_identifier_msgs/share/unique_identifier_msgs/cmake/rosidl_cmake_export_typesupport_libraries-extras.cmake
[0.432s] -- Up-to-date: /home/rsanz/git/learning/ROS2/RustROS2/install/unique_identifier_msgs/share/unique_identifier_msgs/cmake/unique_identifier_msgsConfig.cmake
[0.433s] -- Up-to-date: /home/rsanz/git/learning/ROS2/RustROS2/install/unique_identifier_msgs/share/unique_identifier_msgs/cmake/unique_identifier_msgsConfig-version.cmake
[0.433s] -- Up-to-date: /home/rsanz/git/learning/ROS2/RustROS2/install/unique_identifier_msgs/share/unique_identifier_msgs/package.xml
[0.433s] -- Up-to-date: /home/rsanz/git/learning/ROS2/RustROS2/install/unique_identifier_msgs/share/unique_identifier_msgs/mapping_rules.yaml
[0.439s] Invoked command in '/home/rsanz/git/learning/ROS2/RustROS2/build/unique_identifier_msgs' returned '0': AMENT_PREFIX_PATH=/home/rsanz/git/learning/ROS2/RustROS2/install/rosidl_core_runtime:/home/rsanz/git/learning/ROS2/RustROS2/install/rosidl_core_generators:/home/rsanz/git/learning/ROS2/RustROS2/install/rosidl_generator_rs:${AMENT_PREFIX_PATH} CMAKE_PREFIX_PATH=/home/rsanz/git/learning/ROS2/RustROS2/install/rosidl_core_runtime:/home/rsanz/git/learning/ROS2/RustROS2/install/rosidl_core_generators:/home/rsanz/git/learning/ROS2/RustROS2/install/rosidl_generator_rs:/opt/ros/jazzy/opt/gz_math_vendor:/opt/ros/jazzy/opt/gz_utils_vendor:/opt/ros/jazzy/opt/gz_cmake_vendor:/opt/ros/jazzy DEBUGINFOD_URLS=https://debuginfod.ubuntu.com PYTHONPATH=/home/rsanz/git/learning/ROS2/RustROS2/install/rosidl_generator_rs/lib/python3.12/site-packages:${PYTHONPATH} /usr/bin/cmake --install /home/rsanz/git/learning/ROS2/RustROS2/build/unique_identifier_msgs
