[1m[33mwarning[0m[1m: unused import: `Node`[0m
 [1m[94m--> [0msrc/talker.rs:3:22
  [1m[94m|[0m
[1m[94m3[0m [1m[94m|[0m use rclrs::{Context, Node, QOS_PROFILE_DEFAULT};
  [1m[94m|[0m                      [1m[33m^^^^[0m
  [1m[94m|[0m
  [1m[94m= [0m[1mnote[0m: `#[warn(unused_imports)]` (part of `#[warn(unused)]`) on by default

[1m[91merror[E0425][0m[1m: cannot find function `spin` in crate `rclrs`[0m
  [1m[94m--> [0msrc/listener.rs:25:12
   [1m[94m|[0m
[1m[94m25[0m [1m[94m|[0m     rclrs::spin(node).map_err(|e| e.into())
   [1m[94m|[0m            [1m[91m^^^^[0m [1m[91mnot found in `rclrs`[0m

[1m[91merror[E0061][0m[1m: this function takes 2 arguments but 1 argument was supplied[0m
   [1m[94m--> [0msrc/talker.rs:8:19
    [1m[94m|[0m
[1m[94m  8[0m [1m[94m|[0m     let context = Context::new(std::env::args())?;
    [1m[94m|[0m                   [1m[91m^^^^^^^^^^^^[0m[1m[94m------------------[0m [1m[94margument #2 of type `InitOptions` is missing[0m
    [1m[94m|[0m
[1m[92mnote[0m: associated function defined here
   [1m[94m--> [0m/home/rsanz/.cargo/registry/src/index.crates.io-1949cf8c6b5b557f/rclrs-0.7.0/src/context.rs:130:12
    [1m[94m|[0m
[1m[94m130[0m [1m[94m|[0m     pub fn new(
    [1m[94m|[0m            [1m[92m^^^[0m
[1m[96mhelp[0m: provide the argument
    [1m[94m|[0m
[1m[94m  8[0m [1m[94m| [0m    let context = Context::new(std::env::args()[92m, /* InitOptions */[0m)?;
    [1m[94m|[0m                                                [92m+++++++++++++++++++[0m

[1m[33mwarning[0m[1m: unused import: `Node`[0m
 [1m[94m--> [0msrc/listener.rs:2:22
  [1m[94m|[0m
[1m[94m2[0m [1m[94m|[0m use rclrs::{Context, Node, QOS_PROFILE_DEFAULT};
  [1m[94m|[0m                      [1m[33m^^^^[0m
  [1m[94m|[0m
  [1m[94m= [0m[1mnote[0m: `#[warn(unused_imports)]` (part of `#[warn(unused)]`) on by default

[1m[91merror[E0061][0m[1m: this function takes 2 arguments but 1 argument was supplied[0m
   [1m[94m--> [0msrc/listener.rs:7:19
    [1m[94m|[0m
[1m[94m  7[0m [1m[94m|[0m     let context = Context::new(std::env::args())?;
    [1m[94m|[0m                   [1m[91m^^^^^^^^^^^^[0m[1m[94m------------------[0m [1m[94margument #2 of type `InitOptions` is missing[0m
    [1m[94m|[0m
[1m[92mnote[0m: associated function defined here
   [1m[94m--> [0m/home/rsanz/.cargo/registry/src/index.crates.io-1949cf8c6b5b557f/rclrs-0.7.0/src/context.rs:130:12
    [1m[94m|[0m
[1m[94m130[0m [1m[94m|[0m     pub fn new(
    [1m[94m|[0m            [1m[92m^^^[0m
[1m[96mhelp[0m: provide the argument
    [1m[94m|[0m
[1m[94m  7[0m [1m[94m| [0m    let context = Context::new(std::env::args()[92m, /* InitOptions */[0m)?;
    [1m[94m|[0m                                                [92m+++++++++++++++++++[0m

[1m[91merror[E0599][0m[1m: no method named `create_node` found for struct `rclrs::Context` in the current scope[0m
  [1m[94m--> [0msrc/talker.rs:11:24
   [1m[94m|[0m
[1m[94m11[0m [1m[94m|[0m     let node = context.create_node("minimal_publisher")?;
   [1m[94m|[0m                        [1m[91m^^^^^^^^^^^[0m [1m[91mmethod not found in `rclrs::Context`[0m

[1m[91merror[E0599][0m[1m: no method named `create_node` found for struct `rclrs::Context` in the current scope[0m
  [1m[94m--> [0msrc/listener.rs:10:24
   [1m[94m|[0m
[1m[94m10[0m [1m[94m|[0m     let node = context.create_node("minimal_subscriber")?;
   [1m[94m|[0m                        [1m[91m^^^^^^^^^^^[0m [1m[91mmethod not found in `rclrs::Context`[0m

[1mSome errors have detailed explanations: E0061, E0599.[0m
[1mFor more information about an error, try `rustc --explain E0061`.[0m
[1mSome errors have detailed explanations: E0061, E0425, E0599.[0m
[1m[91merror[0m: could not compile `rust_pubsub` (bin "talker") due to 2 previous errors; 1 warning emitted
[1m[91merror[0m: could not compile `rust_pubsub` (bin "listener") due to 3 previous errors; 1 warning emitted
