[  5%] Built target unique_identifier_msgs__rs
[  5%] Built target unique_identifier_msgs__rosidl_generator_type_description
[  5%] Built target ament_cmake_python_copy_unique_identifier_msgs
[  8%] Built target unique_identifier_msgs__cpp
[ 22%] Built target unique_identifier_msgs__rosidl_generator_c
[ 31%] Built target unique_identifier_msgs__rosidl_typesupport_introspection_c
[ 48%] Built target unique_identifier_msgs__rosidl_typesupport_fastrtps_c
[ 48%] Built target unique_identifier_msgs__rosidl_typesupport_cpp
[ 57%] Built target unique_identifier_msgs__rosidl_typesupport_c
[ 65%] Built target unique_identifier_msgs__rosidl_typesupport_fastrtps_cpp
[ 74%] Built target unique_identifier_msgs__rosidl_typesupport_introspection_cpp
[ 74%] Built target unique_identifier_msgs
[ 77%] Built target unique_identifier_msgs__py
[ 82%] Built target unique_identifier_msgs__rosidl_generator_py
[ 88%] Built target unique_identifier_msgs_s__rosidl_typesupport_fastrtps_c
[ 94%] Built target unique_identifier_msgs_s__rosidl_typesupport_introspection_c
[100%] Built target unique_identifier_msgs_s__rosidl_typesupport_c
running egg_info
writing unique_identifier_msgs.egg-info/PKG-INFO
writing dependency_links to unique_identifier_msgs.egg-info/dependency_links.txt
writing top-level names to unique_identifier_msgs.egg-info/top_level.txt
reading manifest file 'unique_identifier_msgs.egg-info/SOURCES.txt'
writing manifest file 'unique_identifier_msgs.egg-info/SOURCES.txt'
[100%] Built target ament_cmake_python_build_unique_identifier_msgs_egg
-- Install configuration: ""
-- Up-to-date: /home/rsanz/git/learning/ROS2/RustROS2/install/unique_identifier_msgs/share/ament_index/resource_index/rosidl_interfaces/unique_identifier_msgs
-- Up-to-date: /home/rsanz/git/learning/ROS2/RustROS2/install/unique_identifier_msgs/share/unique_identifier_msgs/msg/UUID.json
-- Up-to-date: /home/rsanz/git/learning/ROS2/RustROS2/install/unique_identifier_msgs/include/unique_identifier_msgs/unique_identifier_msgs
-- Up-to-date: /home/rsanz/git/learning/ROS2/RustROS2/install/unique_identifier_msgs/include/unique_identifier_msgs/unique_identifier_msgs/msg
-- Up-to-date: /home/rsanz/git/learning/ROS2/RustROS2/install/unique_identifier_msgs/include/unique_identifier_msgs/unique_identifier_msgs/msg/rosidl_generator_c__visibility_control.h
-- Up-to-date: /home/rsanz/git/learning/ROS2/RustROS2/install/unique_identifier_msgs/include/unique_identifier_msgs/unique_identifier_msgs/msg/uuid.h
-- Up-to-date: /home/rsanz/git/learning/ROS2/RustROS2/install/unique_identifier_msgs/include/unique_identifier_msgs/unique_identifier_msgs/msg/detail
-- Up-to-date: /home/rsanz/git/learning/ROS2/RustROS2/install/unique_identifier_msgs/include/unique_identifier_msgs/unique_identifier_msgs/msg/detail/uuid__type_support.h
-- Up-to-date: /home/rsanz/git/learning/ROS2/RustROS2/install/unique_identifier_msgs/include/unique_identifier_msgs/unique_identifier_msgs/msg/detail/uuid__functions.c
-- Up-to-date: /home/rsanz/git/learning/ROS2/RustROS2/install/unique_identifier_msgs/include/unique_identifier_msgs/unique_identifier_msgs/msg/detail/uuid__functions.h
-- Up-to-date: /home/rsanz/git/learning/ROS2/RustROS2/install/unique_identifier_msgs/include/unique_identifier_msgs/unique_identifier_msgs/msg/detail/uuid__description.c
-- Up-to-date: /home/rsanz/git/learning/ROS2/RustROS2/install/unique_identifier_msgs/include/unique_identifier_msgs/unique_identifier_msgs/msg/detail/uuid__type_support.c
-- Up-to-date: /home/rsanz/git/learning/ROS2/RustROS2/install/unique_identifier_msgs/include/unique_identifier_msgs/unique_identifier_msgs/msg/detail/uuid__struct.h
-- Up-to-date: /home/rsanz/git/learning/ROS2/RustROS2/install/unique_identifier_msgs/share/unique_identifier_msgs/environment/library_path.sh
-- Up-to-date: /home/rsanz/git/learning/ROS2/RustROS2/install/unique_identifier_msgs/share/unique_identifier_msgs/environment/library_path.dsv
-- Up-to-date: /home/rsanz/git/learning/ROS2/RustROS2/install/unique_identifier_msgs/lib/libunique_identifier_msgs__rosidl_generator_c.so
-- Up-to-date: /home/rsanz/git/learning/ROS2/RustROS2/install/unique_identifier_msgs/include/unique_identifier_msgs/unique_identifier_msgs
-- Up-to-date: /home/rsanz/git/learning/ROS2/RustROS2/install/unique_identifier_msgs/include/unique_identifier_msgs/unique_identifier_msgs/msg
-- Up-to-date: /home/rsanz/git/learning/ROS2/RustROS2/install/unique_identifier_msgs/include/unique_identifier_msgs/unique_identifier_msgs/msg/rosidl_typesupport_fastrtps_c__visibility_control.h
-- Up-to-date: /home/rsanz/git/learning/ROS2/RustROS2/install/unique_identifier_msgs/include/unique_identifier_msgs/unique_identifier_msgs/msg/detail
-- Up-to-date: /home/rsanz/git/learning/ROS2/RustROS2/install/unique_identifier_msgs/include/unique_identifier_msgs/unique_identifier_msgs/msg/detail/uuid__rosidl_typesupport_fastrtps_c.h
-- Up-to-date: /home/rsanz/git/learning/ROS2/RustROS2/install/unique_identifier_msgs/lib/libunique_identifier_msgs__rosidl_typesupport_fastrtps_c.so
-- Up-to-date: /home/rsanz/git/learning/ROS2/RustROS2/install/unique_identifier_msgs/include/unique_identifier_msgs/unique_identifier_msgs
-- Up-to-date: /home/rsanz/git/learning/ROS2/RustROS2/install/unique_identifier_msgs/include/unique_identifier_msgs/unique_identifier_msgs/msg
-- Up-to-date: /home/rsanz/git/learning/ROS2/RustROS2/install/unique_identifier_msgs/include/unique_identifier_msgs/unique_identifier_msgs/msg/rosidl_typesupport_introspection_c__visibility_control.h
-- Up-to-date: /home/rsanz/git/learning/ROS2/RustROS2/install/unique_identifier_msgs/include/unique_identifier_msgs/unique_identifier_msgs/msg/detail
-- Up-to-date: /home/rsanz/git/learning/ROS2/RustROS2/install/unique_identifier_msgs/include/unique_identifier_msgs/unique_identifier_msgs/msg/detail/uuid__rosidl_typesupport_introspection_c.h
-- Up-to-date: /home/rsanz/git/learning/ROS2/RustROS2/install/unique_identifier_msgs/include/unique_identifier_msgs/unique_identifier_msgs/msg/detail/uuid__type_support.c
-- Up-to-date: /home/rsanz/git/learning/ROS2/RustROS2/install/unique_identifier_msgs/lib/libunique_identifier_msgs__rosidl_typesupport_introspection_c.so
-- Up-to-date: /home/rsanz/git/learning/ROS2/RustROS2/install/unique_identifier_msgs/lib/libunique_identifier_msgs__rosidl_typesupport_c.so
-- Up-to-date: /home/rsanz/git/learning/ROS2/RustROS2/install/unique_identifier_msgs/include/unique_identifier_msgs/unique_identifier_msgs
-- Up-to-date: /home/rsanz/git/learning/ROS2/RustROS2/install/unique_identifier_msgs/include/unique_identifier_msgs/unique_identifier_msgs/msg
-- Up-to-date: /home/rsanz/git/learning/ROS2/RustROS2/install/unique_identifier_msgs/include/unique_identifier_msgs/unique_identifier_msgs/msg/detail
-- Up-to-date: /home/rsanz/git/learning/ROS2/RustROS2/install/unique_identifier_msgs/include/unique_identifier_msgs/unique_identifier_msgs/msg/detail/uuid__struct.hpp
-- Up-to-date: /home/rsanz/git/learning/ROS2/RustROS2/install/unique_identifier_msgs/include/unique_identifier_msgs/unique_identifier_msgs/msg/detail/uuid__type_support.hpp
-- Up-to-date: /home/rsanz/git/learning/ROS2/RustROS2/install/unique_identifier_msgs/include/unique_identifier_msgs/unique_identifier_msgs/msg/detail/uuid__traits.hpp
-- Up-to-date: /home/rsanz/git/learning/ROS2/RustROS2/install/unique_identifier_msgs/include/unique_identifier_msgs/unique_identifier_msgs/msg/detail/uuid__builder.hpp
-- Up-to-date: /home/rsanz/git/learning/ROS2/RustROS2/install/unique_identifier_msgs/include/unique_identifier_msgs/unique_identifier_msgs/msg/uuid.hpp
-- Up-to-date: /home/rsanz/git/learning/ROS2/RustROS2/install/unique_identifier_msgs/include/unique_identifier_msgs/unique_identifier_msgs/msg/rosidl_generator_cpp__visibility_control.hpp
-- Up-to-date: /home/rsanz/git/learning/ROS2/RustROS2/install/unique_identifier_msgs/include/unique_identifier_msgs/unique_identifier_msgs
-- Up-to-date: /home/rsanz/git/learning/ROS2/RustROS2/install/unique_identifier_msgs/include/unique_identifier_msgs/unique_identifier_msgs/msg
-- Up-to-date: /home/rsanz/git/learning/ROS2/RustROS2/install/unique_identifier_msgs/include/unique_identifier_msgs/unique_identifier_msgs/msg/rosidl_typesupport_fastrtps_cpp__visibility_control.h
-- Up-to-date: /home/rsanz/git/learning/ROS2/RustROS2/install/unique_identifier_msgs/include/unique_identifier_msgs/unique_identifier_msgs/msg/detail
-- Up-to-date: /home/rsanz/git/learning/ROS2/RustROS2/install/unique_identifier_msgs/include/unique_identifier_msgs/unique_identifier_msgs/msg/detail/uuid__rosidl_typesupport_fastrtps_cpp.hpp
-- Up-to-date: /home/rsanz/git/learning/ROS2/RustROS2/install/unique_identifier_msgs/include/unique_identifier_msgs/unique_identifier_msgs/msg/detail/dds_fastrtps
-- Up-to-date: /home/rsanz/git/learning/ROS2/RustROS2/install/unique_identifier_msgs/lib/libunique_identifier_msgs__rosidl_typesupport_fastrtps_cpp.so
-- Up-to-date: /home/rsanz/git/learning/ROS2/RustROS2/install/unique_identifier_msgs/include/unique_identifier_msgs/unique_identifier_msgs
-- Up-to-date: /home/rsanz/git/learning/ROS2/RustROS2/install/unique_identifier_msgs/include/unique_identifier_msgs/unique_identifier_msgs/msg
-- Up-to-date: /home/rsanz/git/learning/ROS2/RustROS2/install/unique_identifier_msgs/include/unique_identifier_msgs/unique_identifier_msgs/msg/detail
-- Up-to-date: /home/rsanz/git/learning/ROS2/RustROS2/install/unique_identifier_msgs/include/unique_identifier_msgs/unique_identifier_msgs/msg/detail/uuid__type_support.cpp
-- Up-to-date: /home/rsanz/git/learning/ROS2/RustROS2/install/unique_identifier_msgs/include/unique_identifier_msgs/unique_identifier_msgs/msg/detail/uuid__rosidl_typesupport_introspection_cpp.hpp
-- Up-to-date: /home/rsanz/git/learning/ROS2/RustROS2/install/unique_identifier_msgs/lib/libunique_identifier_msgs__rosidl_typesupport_introspection_cpp.so
-- Up-to-date: /home/rsanz/git/learning/ROS2/RustROS2/install/unique_identifier_msgs/lib/libunique_identifier_msgs__rosidl_typesupport_cpp.so
-- Up-to-date: /home/rsanz/git/learning/ROS2/RustROS2/install/unique_identifier_msgs/share/ament_index/resource_index/rust_packages/unique_identifier_msgs
-- Up-to-date: /home/rsanz/git/learning/ROS2/RustROS2/install/unique_identifier_msgs/share/unique_identifier_msgs/rust
-- Up-to-date: /home/rsanz/git/learning/ROS2/RustROS2/install/unique_identifier_msgs/share/unique_identifier_msgs/rust/src
-- Up-to-date: /home/rsanz/git/learning/ROS2/RustROS2/install/unique_identifier_msgs/share/unique_identifier_msgs/rust/src/msg.rs
-- Up-to-date: /home/rsanz/git/learning/ROS2/RustROS2/install/unique_identifier_msgs/share/unique_identifier_msgs/rust/src/msg
-- Up-to-date: /home/rsanz/git/learning/ROS2/RustROS2/install/unique_identifier_msgs/share/unique_identifier_msgs/rust/src/msg/rmw.rs
-- Up-to-date: /home/rsanz/git/learning/ROS2/RustROS2/install/unique_identifier_msgs/share/unique_identifier_msgs/rust/src/lib.rs
-- Up-to-date: /home/rsanz/git/learning/ROS2/RustROS2/install/unique_identifier_msgs/share/unique_identifier_msgs/rust/build.rs
-- Up-to-date: /home/rsanz/git/learning/ROS2/RustROS2/install/unique_identifier_msgs/share/unique_identifier_msgs/rust/Cargo.toml
-- Up-to-date: /home/rsanz/git/learning/ROS2/RustROS2/install/unique_identifier_msgs/share/unique_identifier_msgs/environment/pythonpath.sh
-- Up-to-date: /home/rsanz/git/learning/ROS2/RustROS2/install/unique_identifier_msgs/share/unique_identifier_msgs/environment/pythonpath.dsv
-- Up-to-date: /home/rsanz/git/learning/ROS2/RustROS2/install/unique_identifier_msgs/lib/python3.12/site-packages/unique_identifier_msgs-2.5.0-py3.12.egg-info
-- Installing: /home/rsanz/git/learning/ROS2/RustROS2/install/unique_identifier_msgs/lib/python3.12/site-packages/unique_identifier_msgs-2.5.0-py3.12.egg-info/dependency_links.txt
-- Installing: /home/rsanz/git/learning/ROS2/RustROS2/install/unique_identifier_msgs/lib/python3.12/site-packages/unique_identifier_msgs-2.5.0-py3.12.egg-info/PKG-INFO
-- Installing: /home/rsanz/git/learning/ROS2/RustROS2/install/unique_identifier_msgs/lib/python3.12/site-packages/unique_identifier_msgs-2.5.0-py3.12.egg-info/top_level.txt
-- Installing: /home/rsanz/git/learning/ROS2/RustROS2/install/unique_identifier_msgs/lib/python3.12/site-packages/unique_identifier_msgs-2.5.0-py3.12.egg-info/SOURCES.txt
-- Up-to-date: /home/rsanz/git/learning/ROS2/RustROS2/install/unique_identifier_msgs/lib/python3.12/site-packages/unique_identifier_msgs
-- Up-to-date: /home/rsanz/git/learning/ROS2/RustROS2/install/unique_identifier_msgs/lib/python3.12/site-packages/unique_identifier_msgs/_unique_identifier_msgs_s.ep.rosidl_typesupport_introspection_c.c
-- Up-to-date: /home/rsanz/git/learning/ROS2/RustROS2/install/unique_identifier_msgs/lib/python3.12/site-packages/unique_identifier_msgs/unique_identifier_msgs_s__rosidl_typesupport_fastrtps_c.so
-- Up-to-date: /home/rsanz/git/learning/ROS2/RustROS2/install/unique_identifier_msgs/lib/python3.12/site-packages/unique_identifier_msgs/_unique_identifier_msgs_s.ep.rosidl_typesupport_c.c
-- Up-to-date: /home/rsanz/git/learning/ROS2/RustROS2/install/unique_identifier_msgs/lib/python3.12/site-packages/unique_identifier_msgs/msg
-- Up-to-date: /home/rsanz/git/learning/ROS2/RustROS2/install/unique_identifier_msgs/lib/python3.12/site-packages/unique_identifier_msgs/msg/__init__.py
-- Up-to-date: /home/rsanz/git/learning/ROS2/RustROS2/install/unique_identifier_msgs/lib/python3.12/site-packages/unique_identifier_msgs/msg/_uuid.py
-- Up-to-date: /home/rsanz/git/learning/ROS2/RustROS2/install/unique_identifier_msgs/lib/python3.12/site-packages/unique_identifier_msgs/msg/_uuid_s.c
-- Up-to-date: /home/rsanz/git/learning/ROS2/RustROS2/install/unique_identifier_msgs/lib/python3.12/site-packages/unique_identifier_msgs/__init__.py
-- Up-to-date: /home/rsanz/git/learning/ROS2/RustROS2/install/unique_identifier_msgs/lib/python3.12/site-packages/unique_identifier_msgs/unique_identifier_msgs_s__rosidl_typesupport_introspection_c.so
-- Up-to-date: /home/rsanz/git/learning/ROS2/RustROS2/install/unique_identifier_msgs/lib/python3.12/site-packages/unique_identifier_msgs/unique_identifier_msgs_s__rosidl_typesupport_c.so
-- Up-to-date: /home/rsanz/git/learning/ROS2/RustROS2/install/unique_identifier_msgs/lib/python3.12/site-packages/unique_identifier_msgs/_unique_identifier_msgs_s.ep.rosidl_typesupport_fastrtps_c.c
Listing '/home/rsanz/git/learning/ROS2/RustROS2/install/unique_identifier_msgs/lib/python3.12/site-packages/unique_identifier_msgs'...
Listing '/home/rsanz/git/learning/ROS2/RustROS2/install/unique_identifier_msgs/lib/python3.12/site-packages/unique_identifier_msgs/msg'...
-- Up-to-date: /home/rsanz/git/learning/ROS2/RustROS2/install/unique_identifier_msgs/lib/python3.12/site-packages/unique_identifier_msgs/unique_identifier_msgs_s__rosidl_typesupport_fastrtps_c.so
-- Up-to-date: /home/rsanz/git/learning/ROS2/RustROS2/install/unique_identifier_msgs/lib/python3.12/site-packages/unique_identifier_msgs/unique_identifier_msgs_s__rosidl_typesupport_introspection_c.so
-- Up-to-date: /home/rsanz/git/learning/ROS2/RustROS2/install/unique_identifier_msgs/lib/python3.12/site-packages/unique_identifier_msgs/unique_identifier_msgs_s__rosidl_typesupport_c.so
-- Up-to-date: /home/rsanz/git/learning/ROS2/RustROS2/install/unique_identifier_msgs/lib/libunique_identifier_msgs__rosidl_generator_py.so
-- Up-to-date: /home/rsanz/git/learning/ROS2/RustROS2/install/unique_identifier_msgs/share/unique_identifier_msgs/msg/UUID.idl
-- Up-to-date: /home/rsanz/git/learning/ROS2/RustROS2/install/unique_identifier_msgs/share/unique_identifier_msgs/msg/UUID.msg
-- Up-to-date: /home/rsanz/git/learning/ROS2/RustROS2/install/unique_identifier_msgs/share/ament_index/resource_index/package_run_dependencies/unique_identifier_msgs
-- Up-to-date: /home/rsanz/git/learning/ROS2/RustROS2/install/unique_identifier_msgs/share/ament_index/resource_index/parent_prefix_path/unique_identifier_msgs
-- Up-to-date: /home/rsanz/git/learning/ROS2/RustROS2/install/unique_identifier_msgs/share/unique_identifier_msgs/environment/ament_prefix_path.sh
-- Up-to-date: /home/rsanz/git/learning/ROS2/RustROS2/install/unique_identifier_msgs/share/unique_identifier_msgs/environment/ament_prefix_path.dsv
-- Up-to-date: /home/rsanz/git/learning/ROS2/RustROS2/install/unique_identifier_msgs/share/unique_identifier_msgs/environment/path.sh
-- Up-to-date: /home/rsanz/git/learning/ROS2/RustROS2/install/unique_identifier_msgs/share/unique_identifier_msgs/environment/path.dsv
-- Up-to-date: /home/rsanz/git/learning/ROS2/RustROS2/install/unique_identifier_msgs/share/unique_identifier_msgs/local_setup.bash
-- Up-to-date: /home/rsanz/git/learning/ROS2/RustROS2/install/unique_identifier_msgs/share/unique_identifier_msgs/local_setup.sh
-- Up-to-date: /home/rsanz/git/learning/ROS2/RustROS2/install/unique_identifier_msgs/share/unique_identifier_msgs/local_setup.zsh
-- Up-to-date: /home/rsanz/git/learning/ROS2/RustROS2/install/unique_identifier_msgs/share/unique_identifier_msgs/local_setup.dsv
-- Installing: /home/rsanz/git/learning/ROS2/RustROS2/install/unique_identifier_msgs/share/unique_identifier_msgs/package.dsv
-- Up-to-date: /home/rsanz/git/learning/ROS2/RustROS2/install/unique_identifier_msgs/share/ament_index/resource_index/packages/unique_identifier_msgs
-- Up-to-date: /home/rsanz/git/learning/ROS2/RustROS2/install/unique_identifier_msgs/share/unique_identifier_msgs/cmake/export_unique_identifier_msgs__rosidl_generator_cExport.cmake
-- Up-to-date: /home/rsanz/git/learning/ROS2/RustROS2/install/unique_identifier_msgs/share/unique_identifier_msgs/cmake/export_unique_identifier_msgs__rosidl_generator_cExport-noconfig.cmake
-- Up-to-date: /home/rsanz/git/learning/ROS2/RustROS2/install/unique_identifier_msgs/share/unique_identifier_msgs/cmake/export_unique_identifier_msgs__rosidl_typesupport_fastrtps_cExport.cmake
-- Up-to-date: /home/rsanz/git/learning/ROS2/RustROS2/install/unique_identifier_msgs/share/unique_identifier_msgs/cmake/export_unique_identifier_msgs__rosidl_typesupport_fastrtps_cExport-noconfig.cmake
-- Up-to-date: /home/rsanz/git/learning/ROS2/RustROS2/install/unique_identifier_msgs/share/unique_identifier_msgs/cmake/unique_identifier_msgs__rosidl_typesupport_introspection_cExport.cmake
-- Up-to-date: /home/rsanz/git/learning/ROS2/RustROS2/install/unique_identifier_msgs/share/unique_identifier_msgs/cmake/unique_identifier_msgs__rosidl_typesupport_introspection_cExport-noconfig.cmake
-- Up-to-date: /home/rsanz/git/learning/ROS2/RustROS2/install/unique_identifier_msgs/share/unique_identifier_msgs/cmake/unique_identifier_msgs__rosidl_typesupport_cExport.cmake
-- Up-to-date: /home/rsanz/git/learning/ROS2/RustROS2/install/unique_identifier_msgs/share/unique_identifier_msgs/cmake/unique_identifier_msgs__rosidl_typesupport_cExport-noconfig.cmake
-- Up-to-date: /home/rsanz/git/learning/ROS2/RustROS2/install/unique_identifier_msgs/share/unique_identifier_msgs/cmake/export_unique_identifier_msgs__rosidl_generator_cppExport.cmake
-- Up-to-date: /home/rsanz/git/learning/ROS2/RustROS2/install/unique_identifier_msgs/share/unique_identifier_msgs/cmake/export_unique_identifier_msgs__rosidl_typesupport_fastrtps_cppExport.cmake
-- Up-to-date: /home/rsanz/git/learning/ROS2/RustROS2/install/unique_identifier_msgs/share/unique_identifier_msgs/cmake/export_unique_identifier_msgs__rosidl_typesupport_fastrtps_cppExport-noconfig.cmake
-- Up-to-date: /home/rsanz/git/learning/ROS2/RustROS2/install/unique_identifier_msgs/share/unique_identifier_msgs/cmake/unique_identifier_msgs__rosidl_typesupport_introspection_cppExport.cmake
-- Up-to-date: /home/rsanz/git/learning/ROS2/RustROS2/install/unique_identifier_msgs/share/unique_identifier_msgs/cmake/unique_identifier_msgs__rosidl_typesupport_introspection_cppExport-noconfig.cmake
-- Up-to-date: /home/rsanz/git/learning/ROS2/RustROS2/install/unique_identifier_msgs/share/unique_identifier_msgs/cmake/unique_identifier_msgs__rosidl_typesupport_cppExport.cmake
-- Up-to-date: /home/rsanz/git/learning/ROS2/RustROS2/install/unique_identifier_msgs/share/unique_identifier_msgs/cmake/unique_identifier_msgs__rosidl_typesupport_cppExport-noconfig.cmake
-- Up-to-date: /home/rsanz/git/learning/ROS2/RustROS2/install/unique_identifier_msgs/share/unique_identifier_msgs/cmake/export_unique_identifier_msgs__rosidl_generator_pyExport.cmake
-- Up-to-date: /home/rsanz/git/learning/ROS2/RustROS2/install/unique_identifier_msgs/share/unique_identifier_msgs/cmake/export_unique_identifier_msgs__rosidl_generator_pyExport-noconfig.cmake
-- Up-to-date: /home/rsanz/git/learning/ROS2/RustROS2/install/unique_identifier_msgs/share/unique_identifier_msgs/cmake/rosidl_cmake-extras.cmake
-- Up-to-date: /home/rsanz/git/learning/ROS2/RustROS2/install/unique_identifier_msgs/share/unique_identifier_msgs/cmake/ament_cmake_export_include_directories-extras.cmake
-- Up-to-date: /home/rsanz/git/learning/ROS2/RustROS2/install/unique_identifier_msgs/share/unique_identifier_msgs/cmake/ament_cmake_export_libraries-extras.cmake
-- Up-to-date: /home/rsanz/git/learning/ROS2/RustROS2/install/unique_identifier_msgs/share/unique_identifier_msgs/cmake/ament_cmake_export_targets-extras.cmake
-- Up-to-date: /home/rsanz/git/learning/ROS2/RustROS2/install/unique_identifier_msgs/share/unique_identifier_msgs/cmake/rosidl_cmake_export_typesupport_targets-extras.cmake
-- Up-to-date: /home/rsanz/git/learning/ROS2/RustROS2/install/unique_identifier_msgs/share/unique_identifier_msgs/cmake/ament_cmake_export_dependencies-extras.cmake
-- Up-to-date: /home/rsanz/git/learning/ROS2/RustROS2/install/unique_identifier_msgs/share/unique_identifier_msgs/cmake/rosidl_cmake_export_typesupport_libraries-extras.cmake
-- Up-to-date: /home/rsanz/git/learning/ROS2/RustROS2/install/unique_identifier_msgs/share/unique_identifier_msgs/cmake/unique_identifier_msgsConfig.cmake
-- Up-to-date: /home/rsanz/git/learning/ROS2/RustROS2/install/unique_identifier_msgs/share/unique_identifier_msgs/cmake/unique_identifier_msgsConfig-version.cmake
-- Up-to-date: /home/rsanz/git/learning/ROS2/RustROS2/install/unique_identifier_msgs/share/unique_identifier_msgs/package.xml
-- Up-to-date: /home/rsanz/git/learning/ROS2/RustROS2/install/unique_identifier_msgs/share/unique_identifier_msgs/mapping_rules.yaml
