-- The C compiler identification is GNU 13.3.0
-- The CXX compiler identification is GNU 13.3.0
-- Detecting C compiler ABI info
-- Detecting C compiler ABI info - done
-- Check for working C compiler: /usr/bin/cc - skipped
-- Detecting C compile features
-- Detecting C compile features - done
-- Detecting CXX compiler ABI info
-- Detecting CXX compiler ABI info - done
-- Check for working CXX compiler: /usr/bin/c++ - skipped
-- Detecting CXX compile features
-- Detecting CXX compile features - done
-- Found ament_cmake: 2.5.6 (/opt/ros/jazzy/share/ament_cmake/cmake)
-- Found Python3: /usr/bin/python3 (found version "3.12.3") found components: Interpreter 
-- Configuring done (0.8s)
-- Generating done (0.0s)
-- Build files have been written to: /home/rsanz/git/learning/ROS2/RustROS2/build/rosidl_generator_rs
Built target ament_cmake_python_copy_rosidl_generator_rs
running egg_info
creating rosidl_generator_rs.egg-info
writing rosidl_generator_rs.egg-info/PKG-INFO
writing dependency_links to rosidl_generator_rs.egg-info/dependency_links.txt
writing top-level names to rosidl_generator_rs.egg-info/top_level.txt
writing manifest file 'rosidl_generator_rs.egg-info/SOURCES.txt'
reading manifest file 'rosidl_generator_rs.egg-info/SOURCES.txt'
writing manifest file 'rosidl_generator_rs.egg-info/SOURCES.txt'
Built target ament_cmake_python_build_rosidl_generator_rs_egg
-- Install configuration: ""
-- Installing: /home/rsanz/git/learning/ROS2/RustROS2/install/rosidl_generator_rs/share/ament_index/resource_index/rosidl_generator_packages/rosidl_generator_rs
-- Installing: /home/rsanz/git/learning/ROS2/RustROS2/install/rosidl_generator_rs/share/rosidl_generator_rs/environment/pythonpath.sh
-- Installing: /home/rsanz/git/learning/ROS2/RustROS2/install/rosidl_generator_rs/share/rosidl_generator_rs/environment/pythonpath.dsv
-- Installing: /home/rsanz/git/learning/ROS2/RustROS2/install/rosidl_generator_rs/lib/python3.12/site-packages/rosidl_generator_rs-0.4.12-py3.12.egg-info
-- Installing: /home/rsanz/git/learning/ROS2/RustROS2/install/rosidl_generator_rs/lib/python3.12/site-packages/rosidl_generator_rs-0.4.12-py3.12.egg-info/dependency_links.txt
-- Installing: /home/rsanz/git/learning/ROS2/RustROS2/install/rosidl_generator_rs/lib/python3.12/site-packages/rosidl_generator_rs-0.4.12-py3.12.egg-info/PKG-INFO
-- Installing: /home/rsanz/git/learning/ROS2/RustROS2/install/rosidl_generator_rs/lib/python3.12/site-packages/rosidl_generator_rs-0.4.12-py3.12.egg-info/top_level.txt
-- Installing: /home/rsanz/git/learning/ROS2/RustROS2/install/rosidl_generator_rs/lib/python3.12/site-packages/rosidl_generator_rs-0.4.12-py3.12.egg-info/SOURCES.txt
-- Installing: /home/rsanz/git/learning/ROS2/RustROS2/install/rosidl_generator_rs/lib/python3.12/site-packages/rosidl_generator_rs
-- Installing: /home/rsanz/git/learning/ROS2/RustROS2/install/rosidl_generator_rs/lib/python3.12/site-packages/rosidl_generator_rs/__init__.py
Listing '/home/rsanz/git/learning/ROS2/RustROS2/install/rosidl_generator_rs/lib/python3.12/site-packages/rosidl_generator_rs'...
Compiling '/home/rsanz/git/learning/ROS2/RustROS2/install/rosidl_generator_rs/lib/python3.12/site-packages/rosidl_generator_rs/__init__.py'...
-- Installing: /home/rsanz/git/learning/ROS2/RustROS2/install/rosidl_generator_rs/share/ament_index/resource_index/package_run_dependencies/rosidl_generator_rs
-- Installing: /home/rsanz/git/learning/ROS2/RustROS2/install/rosidl_generator_rs/share/ament_index/resource_index/parent_prefix_path/rosidl_generator_rs
-- Installing: /home/rsanz/git/learning/ROS2/RustROS2/install/rosidl_generator_rs/share/rosidl_generator_rs/environment/ament_prefix_path.sh
-- Installing: /home/rsanz/git/learning/ROS2/RustROS2/install/rosidl_generator_rs/share/rosidl_generator_rs/environment/ament_prefix_path.dsv
-- Installing: /home/rsanz/git/learning/ROS2/RustROS2/install/rosidl_generator_rs/share/rosidl_generator_rs/environment/path.sh
-- Installing: /home/rsanz/git/learning/ROS2/RustROS2/install/rosidl_generator_rs/share/rosidl_generator_rs/environment/path.dsv
-- Installing: /home/rsanz/git/learning/ROS2/RustROS2/install/rosidl_generator_rs/share/rosidl_generator_rs/local_setup.bash
-- Installing: /home/rsanz/git/learning/ROS2/RustROS2/install/rosidl_generator_rs/share/rosidl_generator_rs/local_setup.sh
-- Installing: /home/rsanz/git/learning/ROS2/RustROS2/install/rosidl_generator_rs/share/rosidl_generator_rs/local_setup.zsh
-- Installing: /home/rsanz/git/learning/ROS2/RustROS2/install/rosidl_generator_rs/share/rosidl_generator_rs/local_setup.dsv
-- Installing: /home/rsanz/git/learning/ROS2/RustROS2/install/rosidl_generator_rs/share/rosidl_generator_rs/package.dsv
-- Installing: /home/rsanz/git/learning/ROS2/RustROS2/install/rosidl_generator_rs/share/ament_index/resource_index/packages/rosidl_generator_rs
-- Installing: /home/rsanz/git/learning/ROS2/RustROS2/install/rosidl_generator_rs/share/rosidl_generator_rs/cmake/rosidl_generator_rs-extras.cmake
-- Installing: /home/rsanz/git/learning/ROS2/RustROS2/install/rosidl_generator_rs/share/rosidl_generator_rs/cmake/register_rs.cmake
-- Installing: /home/rsanz/git/learning/ROS2/RustROS2/install/rosidl_generator_rs/share/rosidl_generator_rs/cmake/ament_cmake_export_dependencies-extras.cmake
-- Installing: /home/rsanz/git/learning/ROS2/RustROS2/install/rosidl_generator_rs/share/rosidl_generator_rs/cmake/rosidl_generator_rsConfig.cmake
-- Installing: /home/rsanz/git/learning/ROS2/RustROS2/install/rosidl_generator_rs/share/rosidl_generator_rs/cmake/rosidl_generator_rsConfig-version.cmake
-- Installing: /home/rsanz/git/learning/ROS2/RustROS2/install/rosidl_generator_rs/share/rosidl_generator_rs/package.xml
-- Up-to-date: /home/rsanz/git/learning/ROS2/RustROS2/install/rosidl_generator_rs/share/rosidl_generator_rs/cmake
-- Installing: /home/rsanz/git/learning/ROS2/RustROS2/install/rosidl_generator_rs/share/rosidl_generator_rs/cmake/custom_command.cmake
-- Installing: /home/rsanz/git/learning/ROS2/RustROS2/install/rosidl_generator_rs/share/rosidl_generator_rs/cmake/rosidl_generator_rs_generate_interfaces.cmake
-- Up-to-date: /home/rsanz/git/learning/ROS2/RustROS2/install/rosidl_generator_rs/share/rosidl_generator_rs/cmake/register_rs.cmake
-- Installing: /home/rsanz/git/learning/ROS2/RustROS2/install/rosidl_generator_rs/lib/rosidl_generator_rs/rosidl_generator_rs
-- Up-to-date: /home/rsanz/git/learning/ROS2/RustROS2/install/rosidl_generator_rs/share/rosidl_generator_rs/cmake
-- Up-to-date: /home/rsanz/git/learning/ROS2/RustROS2/install/rosidl_generator_rs/share/rosidl_generator_rs/cmake/custom_command.cmake
-- Up-to-date: /home/rsanz/git/learning/ROS2/RustROS2/install/rosidl_generator_rs/share/rosidl_generator_rs/cmake/rosidl_generator_rs_generate_interfaces.cmake
-- Up-to-date: /home/rsanz/git/learning/ROS2/RustROS2/install/rosidl_generator_rs/share/rosidl_generator_rs/cmake/register_rs.cmake
-- Installing: /home/rsanz/git/learning/ROS2/RustROS2/install/rosidl_generator_rs/share/rosidl_generator_rs/resource
-- Installing: /home/rsanz/git/learning/ROS2/RustROS2/install/rosidl_generator_rs/share/rosidl_generator_rs/resource/action.rs.em
-- Installing: /home/rsanz/git/learning/ROS2/RustROS2/install/rosidl_generator_rs/share/rosidl_generator_rs/resource/build.rs.em
-- Installing: /home/rsanz/git/learning/ROS2/RustROS2/install/rosidl_generator_rs/share/rosidl_generator_rs/resource/srv.rs.em
-- Installing: /home/rsanz/git/learning/ROS2/RustROS2/install/rosidl_generator_rs/share/rosidl_generator_rs/resource/Cargo.toml.em
-- Installing: /home/rsanz/git/learning/ROS2/RustROS2/install/rosidl_generator_rs/share/rosidl_generator_rs/resource/templates
-- Installing: /home/rsanz/git/learning/ROS2/RustROS2/install/rosidl_generator_rs/share/rosidl_generator_rs/resource/templates/msg_idiomatic.rs.em
-- Installing: /home/rsanz/git/learning/ROS2/RustROS2/install/rosidl_generator_rs/share/rosidl_generator_rs/resource/templates/msg_rmw.rs.em
-- Installing: /home/rsanz/git/learning/ROS2/RustROS2/install/rosidl_generator_rs/share/rosidl_generator_rs/resource/templates/srv_idiomatic.rs.em
-- Installing: /home/rsanz/git/learning/ROS2/RustROS2/install/rosidl_generator_rs/share/rosidl_generator_rs/resource/templates/srv_rmw.rs.em
-- Installing: /home/rsanz/git/learning/ROS2/RustROS2/install/rosidl_generator_rs/share/rosidl_generator_rs/resource/msg
-- Installing: /home/rsanz/git/learning/ROS2/RustROS2/install/rosidl_generator_rs/share/rosidl_generator_rs/resource/msg/rmw.rs.em
-- Installing: /home/rsanz/git/learning/ROS2/RustROS2/install/rosidl_generator_rs/share/rosidl_generator_rs/resource/lib.rs.em
-- Installing: /home/rsanz/git/learning/ROS2/RustROS2/install/rosidl_generator_rs/share/rosidl_generator_rs/resource/action
-- Installing: /home/rsanz/git/learning/ROS2/RustROS2/install/rosidl_generator_rs/share/rosidl_generator_rs/resource/action/rmw.rs.em
-- Installing: /home/rsanz/git/learning/ROS2/RustROS2/install/rosidl_generator_rs/share/rosidl_generator_rs/resource/srv
-- Installing: /home/rsanz/git/learning/ROS2/RustROS2/install/rosidl_generator_rs/share/rosidl_generator_rs/resource/srv/rmw.rs.em
-- Installing: /home/rsanz/git/learning/ROS2/RustROS2/install/rosidl_generator_rs/share/rosidl_generator_rs/resource/msg.rs.em
