Built target ament_cmake_python_copy_rosidl_generator_rs
running egg_info
writing rosidl_generator_rs.egg-info/PKG-INFO
writing dependency_links to rosidl_generator_rs.egg-info/dependency_links.txt
writing top-level names to rosidl_generator_rs.egg-info/top_level.txt
reading manifest file 'rosidl_generator_rs.egg-info/SOURCES.txt'
writing manifest file 'rosidl_generator_rs.egg-info/SOURCES.txt'
Built target ament_cmake_python_build_rosidl_generator_rs_egg
-- Install configuration: ""
-- Up-to-date: /home/rsanz/git/learning/ROS2/RustROS2/install/rosidl_generator_rs/share/ament_index/resource_index/rosidl_generator_packages/rosidl_generator_rs
-- Up-to-date: /home/rsanz/git/learning/ROS2/RustROS2/install/rosidl_generator_rs/share/rosidl_generator_rs/environment/pythonpath.sh
-- Up-to-date: /home/rsanz/git/learning/ROS2/RustROS2/install/rosidl_generator_rs/share/rosidl_generator_rs/environment/pythonpath.dsv
-- Up-to-date: /home/rsanz/git/learning/ROS2/RustROS2/install/rosidl_generator_rs/lib/python3.12/site-packages/rosidl_generator_rs-0.4.12-py3.12.egg-info
-- Installing: /home/rsanz/git/learning/ROS2/RustROS2/install/rosidl_generator_rs/lib/python3.12/site-packages/rosidl_generator_rs-0.4.12-py3.12.egg-info/dependency_links.txt
-- Installing: /home/rsanz/git/learning/ROS2/RustROS2/install/rosidl_generator_rs/lib/python3.12/site-packages/rosidl_generator_rs-0.4.12-py3.12.egg-info/PKG-INFO
-- Installing: /home/rsanz/git/learning/ROS2/RustROS2/install/rosidl_generator_rs/lib/python3.12/site-packages/rosidl_generator_rs-0.4.12-py3.12.egg-info/top_level.txt
-- Installing: /home/rsanz/git/learning/ROS2/RustROS2/install/rosidl_generator_rs/lib/python3.12/site-packages/rosidl_generator_rs-0.4.12-py3.12.egg-info/SOURCES.txt
-- Up-to-date: /home/rsanz/git/learning/ROS2/RustROS2/install/rosidl_generator_rs/lib/python3.12/site-packages/rosidl_generator_rs
-- Up-to-date: /home/rsanz/git/learning/ROS2/RustROS2/install/rosidl_generator_rs/lib/python3.12/site-packages/rosidl_generator_rs/__init__.py
Listing '/home/rsanz/git/learning/ROS2/RustROS2/install/rosidl_generator_rs/lib/python3.12/site-packages/rosidl_generator_rs'...
-- Up-to-date: /home/rsanz/git/learning/ROS2/RustROS2/install/rosidl_generator_rs/share/ament_index/resource_index/package_run_dependencies/rosidl_generator_rs
-- Up-to-date: /home/rsanz/git/learning/ROS2/RustROS2/install/rosidl_generator_rs/share/ament_index/resource_index/parent_prefix_path/rosidl_generator_rs
-- Up-to-date: /home/rsanz/git/learning/ROS2/RustROS2/install/rosidl_generator_rs/share/rosidl_generator_rs/environment/ament_prefix_path.sh
-- Up-to-date: /home/rsanz/git/learning/ROS2/RustROS2/install/rosidl_generator_rs/share/rosidl_generator_rs/environment/ament_prefix_path.dsv
-- Up-to-date: /home/rsanz/git/learning/ROS2/RustROS2/install/rosidl_generator_rs/share/rosidl_generator_rs/environment/path.sh
-- Up-to-date: /home/rsanz/git/learning/ROS2/RustROS2/install/rosidl_generator_rs/share/rosidl_generator_rs/environment/path.dsv
-- Up-to-date: /home/rsanz/git/learning/ROS2/RustROS2/install/rosidl_generator_rs/share/rosidl_generator_rs/local_setup.bash
-- Up-to-date: /home/rsanz/git/learning/ROS2/RustROS2/install/rosidl_generator_rs/share/rosidl_generator_rs/local_setup.sh
-- Up-to-date: /home/rsanz/git/learning/ROS2/RustROS2/install/rosidl_generator_rs/share/rosidl_generator_rs/local_setup.zsh
-- Up-to-date: /home/rsanz/git/learning/ROS2/RustROS2/install/rosidl_generator_rs/share/rosidl_generator_rs/local_setup.dsv
-- Installing: /home/rsanz/git/learning/ROS2/RustROS2/install/rosidl_generator_rs/share/rosidl_generator_rs/package.dsv
-- Up-to-date: /home/rsanz/git/learning/ROS2/RustROS2/install/rosidl_generator_rs/share/ament_index/resource_index/packages/rosidl_generator_rs
-- Up-to-date: /home/rsanz/git/learning/ROS2/RustROS2/install/rosidl_generator_rs/share/rosidl_generator_rs/cmake/rosidl_generator_rs-extras.cmake
-- Up-to-date: /home/rsanz/git/learning/ROS2/RustROS2/install/rosidl_generator_rs/share/rosidl_generator_rs/cmake/register_rs.cmake
-- Up-to-date: /home/rsanz/git/learning/ROS2/RustROS2/install/rosidl_generator_rs/share/rosidl_generator_rs/cmake/ament_cmake_export_dependencies-extras.cmake
-- Up-to-date: /home/rsanz/git/learning/ROS2/RustROS2/install/rosidl_generator_rs/share/rosidl_generator_rs/cmake/rosidl_generator_rsConfig.cmake
-- Up-to-date: /home/rsanz/git/learning/ROS2/RustROS2/install/rosidl_generator_rs/share/rosidl_generator_rs/cmake/rosidl_generator_rsConfig-version.cmake
-- Up-to-date: /home/rsanz/git/learning/ROS2/RustROS2/install/rosidl_generator_rs/share/rosidl_generator_rs/package.xml
-- Up-to-date: /home/rsanz/git/learning/ROS2/RustROS2/install/rosidl_generator_rs/share/rosidl_generator_rs/cmake
-- Up-to-date: /home/rsanz/git/learning/ROS2/RustROS2/install/rosidl_generator_rs/share/rosidl_generator_rs/cmake/custom_command.cmake
-- Up-to-date: /home/rsanz/git/learning/ROS2/RustROS2/install/rosidl_generator_rs/share/rosidl_generator_rs/cmake/rosidl_generator_rs_generate_interfaces.cmake
-- Up-to-date: /home/rsanz/git/learning/ROS2/RustROS2/install/rosidl_generator_rs/share/rosidl_generator_rs/cmake/register_rs.cmake
-- Up-to-date: /home/rsanz/git/learning/ROS2/RustROS2/install/rosidl_generator_rs/lib/rosidl_generator_rs/rosidl_generator_rs
-- Up-to-date: /home/rsanz/git/learning/ROS2/RustROS2/install/rosidl_generator_rs/share/rosidl_generator_rs/cmake
-- Up-to-date: /home/rsanz/git/learning/ROS2/RustROS2/install/rosidl_generator_rs/share/rosidl_generator_rs/cmake/custom_command.cmake
-- Up-to-date: /home/rsanz/git/learning/ROS2/RustROS2/install/rosidl_generator_rs/share/rosidl_generator_rs/cmake/rosidl_generator_rs_generate_interfaces.cmake
-- Up-to-date: /home/rsanz/git/learning/ROS2/RustROS2/install/rosidl_generator_rs/share/rosidl_generator_rs/cmake/register_rs.cmake
-- Up-to-date: /home/rsanz/git/learning/ROS2/RustROS2/install/rosidl_generator_rs/share/rosidl_generator_rs/resource
-- Up-to-date: /home/rsanz/git/learning/ROS2/RustROS2/install/rosidl_generator_rs/share/rosidl_generator_rs/resource/action.rs.em
-- Up-to-date: /home/rsanz/git/learning/ROS2/RustROS2/install/rosidl_generator_rs/share/rosidl_generator_rs/resource/build.rs.em
-- Up-to-date: /home/rsanz/git/learning/ROS2/RustROS2/install/rosidl_generator_rs/share/rosidl_generator_rs/resource/srv.rs.em
-- Up-to-date: /home/rsanz/git/learning/ROS2/RustROS2/install/rosidl_generator_rs/share/rosidl_generator_rs/resource/Cargo.toml.em
-- Up-to-date: /home/rsanz/git/learning/ROS2/RustROS2/install/rosidl_generator_rs/share/rosidl_generator_rs/resource/templates
-- Up-to-date: /home/rsanz/git/learning/ROS2/RustROS2/install/rosidl_generator_rs/share/rosidl_generator_rs/resource/templates/msg_idiomatic.rs.em
-- Up-to-date: /home/rsanz/git/learning/ROS2/RustROS2/install/rosidl_generator_rs/share/rosidl_generator_rs/resource/templates/msg_rmw.rs.em
-- Up-to-date: /home/rsanz/git/learning/ROS2/RustROS2/install/rosidl_generator_rs/share/rosidl_generator_rs/resource/templates/srv_idiomatic.rs.em
-- Up-to-date: /home/rsanz/git/learning/ROS2/RustROS2/install/rosidl_generator_rs/share/rosidl_generator_rs/resource/templates/srv_rmw.rs.em
-- Up-to-date: /home/rsanz/git/learning/ROS2/RustROS2/install/rosidl_generator_rs/share/rosidl_generator_rs/resource/msg
-- Up-to-date: /home/rsanz/git/learning/ROS2/RustROS2/install/rosidl_generator_rs/share/rosidl_generator_rs/resource/msg/rmw.rs.em
-- Up-to-date: /home/rsanz/git/learning/ROS2/RustROS2/install/rosidl_generator_rs/share/rosidl_generator_rs/resource/lib.rs.em
-- Up-to-date: /home/rsanz/git/learning/ROS2/RustROS2/install/rosidl_generator_rs/share/rosidl_generator_rs/resource/action
-- Up-to-date: /home/rsanz/git/learning/ROS2/RustROS2/install/rosidl_generator_rs/share/rosidl_generator_rs/resource/action/rmw.rs.em
-- Up-to-date: /home/rsanz/git/learning/ROS2/RustROS2/install/rosidl_generator_rs/share/rosidl_generator_rs/resource/srv
-- Up-to-date: /home/rsanz/git/learning/ROS2/RustROS2/install/rosidl_generator_rs/share/rosidl_generator_rs/resource/srv/rmw.rs.em
-- Up-to-date: /home/rsanz/git/learning/ROS2/RustROS2/install/rosidl_generator_rs/share/rosidl_generator_rs/resource/msg.rs.em
