[0.007s] Invoking command in '/home/rsanz/git/learning/ROS2/RustROS2/build/rosidl_core_runtime': AMENT_PREFIX_PATH=/home/rsanz/git/learning/ROS2/RustROS2/install/rosidl_generator_rs:${AMENT_PREFIX_PATH} CMAKE_PREFIX_PATH=/home/rsanz/git/learning/ROS2/RustROS2/install/rosidl_generator_rs:/opt/ros/jazzy/opt/gz_math_vendor:/opt/ros/jazzy/opt/gz_utils_vendor:/opt/ros/jazzy/opt/gz_cmake_vendor:/opt/ros/jazzy DEBUGINFOD_URLS=https://debuginfod.ubuntu.com PYTHONPATH=/home/rsanz/git/learning/ROS2/RustROS2/install/rosidl_generator_rs/lib/python3.12/site-packages:${PYTHONPATH} /usr/bin/cmake --build /home/rsanz/git/learning/ROS2/RustROS2/build/rosidl_core_runtime -- -j24 -l24
[0.045s] Invoked command in '/home/rsanz/git/learning/ROS2/RustROS2/build/rosidl_core_runtime' returned '0': AMENT_PREFIX_PATH=/home/rsanz/git/learning/ROS2/RustROS2/install/rosidl_generator_rs:${AMENT_PREFIX_PATH} CMAKE_PREFIX_PATH=/home/rsanz/git/learning/ROS2/RustROS2/install/rosidl_generator_rs:/opt/ros/jazzy/opt/gz_math_vendor:/opt/ros/jazzy/opt/gz_utils_vendor:/opt/ros/jazzy/opt/gz_cmake_vendor:/opt/ros/jazzy DEBUGINFOD_URLS=https://debuginfod.ubuntu.com PYTHONPATH=/home/rsanz/git/learning/ROS2/RustROS2/install/rosidl_generator_rs/lib/python3.12/site-packages:${PYTHONPATH} /usr/bin/cmake --build /home/rsanz/git/learning/ROS2/RustROS2/build/rosidl_core_runtime -- -j24 -l24
[0.047s] Invoking command in '/home/rsanz/git/learning/ROS2/RustROS2/build/rosidl_core_runtime': AMENT_PREFIX_PATH=/home/rsanz/git/learning/ROS2/RustROS2/install/rosidl_generator_rs:${AMENT_PREFIX_PATH} CMAKE_PREFIX_PATH=/home/rsanz/git/learning/ROS2/RustROS2/install/rosidl_generator_rs:/opt/ros/jazzy/opt/gz_math_vendor:/opt/ros/jazzy/opt/gz_utils_vendor:/opt/ros/jazzy/opt/gz_cmake_vendor:/opt/ros/jazzy DEBUGINFOD_URLS=https://debuginfod.ubuntu.com PYTHONPATH=/home/rsanz/git/learning/ROS2/RustROS2/install/rosidl_generator_rs/lib/python3.12/site-packages:${PYTHONPATH} /usr/bin/cmake --install /home/rsanz/git/learning/ROS2/RustROS2/build/rosidl_core_runtime
[0.050s] -- Install configuration: ""
[0.050s] -- Up-to-date: /home/rsanz/git/learning/ROS2/RustROS2/install/rosidl_core_runtime/share/ament_index/resource_index/package_run_dependencies/rosidl_core_runtime
[0.051s] -- Up-to-date: /home/rsanz/git/learning/ROS2/RustROS2/install/rosidl_core_runtime/share/ament_index/resource_index/parent_prefix_path/rosidl_core_runtime
[0.051s] -- Up-to-date: /home/rsanz/git/learning/ROS2/RustROS2/install/rosidl_core_runtime/share/rosidl_core_runtime/environment/ament_prefix_path.sh
[0.051s] -- Up-to-date: /home/rsanz/git/learning/ROS2/RustROS2/install/rosidl_core_runtime/share/rosidl_core_runtime/environment/ament_prefix_path.dsv
[0.051s] -- Up-to-date: /home/rsanz/git/learning/ROS2/RustROS2/install/rosidl_core_runtime/share/rosidl_core_runtime/environment/path.sh
[0.052s] -- Up-to-date: /home/rsanz/git/learning/ROS2/RustROS2/install/rosidl_core_runtime/share/rosidl_core_runtime/environment/path.dsv
[0.052s] -- Up-to-date: /home/rsanz/git/learning/ROS2/RustROS2/install/rosidl_core_runtime/share/rosidl_core_runtime/local_setup.bash
[0.052s] -- Up-to-date: /home/rsanz/git/learning/ROS2/RustROS2/install/rosidl_core_runtime/share/rosidl_core_runtime/local_setup.sh
[0.052s] -- Up-to-date: /home/rsanz/git/learning/ROS2/RustROS2/install/rosidl_core_runtime/share/rosidl_core_runtime/local_setup.zsh
[0.052s] -- Up-to-date: /home/rsanz/git/learning/ROS2/RustROS2/install/rosidl_core_runtime/share/rosidl_core_runtime/local_setup.dsv
[0.052s] -- Installing: /home/rsanz/git/learning/ROS2/RustROS2/install/rosidl_core_runtime/share/rosidl_core_runtime/package.dsv
[0.052s] -- Up-to-date: /home/rsanz/git/learning/ROS2/RustROS2/install/rosidl_core_runtime/share/ament_index/resource_index/packages/rosidl_core_runtime
[0.052s] -- Up-to-date: /home/rsanz/git/learning/ROS2/RustROS2/install/rosidl_core_runtime/share/rosidl_core_runtime/cmake/rosidl_core_runtime-extras.cmake
[0.052s] -- Up-to-date: /home/rsanz/git/learning/ROS2/RustROS2/install/rosidl_core_runtime/share/rosidl_core_runtime/cmake/rosidl_core_runtimeConfig.cmake
[0.053s] -- Up-to-date: /home/rsanz/git/learning/ROS2/RustROS2/install/rosidl_core_runtime/share/rosidl_core_runtime/cmake/rosidl_core_runtimeConfig-version.cmake
[0.053s] -- Up-to-date: /home/rsanz/git/learning/ROS2/RustROS2/install/rosidl_core_runtime/share/rosidl_core_runtime/package.xml
[0.060s] Invoked command in '/home/rsanz/git/learning/ROS2/RustROS2/build/rosidl_core_runtime' returned '0': AMENT_PREFIX_PATH=/home/rsanz/git/learning/ROS2/RustROS2/install/rosidl_generator_rs:${AMENT_PREFIX_PATH} CMAKE_PREFIX_PATH=/home/rsanz/git/learning/ROS2/RustROS2/install/rosidl_generator_rs:/opt/ros/jazzy/opt/gz_math_vendor:/opt/ros/jazzy/opt/gz_utils_vendor:/opt/ros/jazzy/opt/gz_cmake_vendor:/opt/ros/jazzy DEBUGINFOD_URLS=https://debuginfod.ubuntu.com PYTHONPATH=/home/rsanz/git/learning/ROS2/RustROS2/install/rosidl_generator_rs/lib/python3.12/site-packages:${PYTHONPATH} /usr/bin/cmake --install /home/rsanz/git/learning/ROS2/RustROS2/build/rosidl_core_runtime
