[0.015s] Invoking command in '/home/rsanz/git/learning/ROS2/RustROS2/build/action_msgs': AMENT_PREFIX_PATH=/home/rsanz/git/learning/ROS2/RustROS2/install/service_msgs:/home/rsanz/git/learning/ROS2/RustROS2/install/unique_identifier_msgs:/home/rsanz/git/learning/ROS2/RustROS2/install/builtin_interfaces:/home/rsanz/git/learning/ROS2/RustROS2/install/rosidl_core_runtime:/home/rsanz/git/learning/ROS2/RustROS2/install/rosidl_core_generators:/home/rsanz/git/learning/ROS2/RustROS2/install/rosidl_generator_rs:${AMENT_PREFIX_PATH} CMAKE_PREFIX_PATH=/home/rsanz/git/learning/ROS2/RustROS2/install/service_msgs:/home/rsanz/git/learning/ROS2/RustROS2/install/unique_identifier_msgs:/home/rsanz/git/learning/ROS2/RustROS2/install/builtin_interfaces:/home/rsanz/git/learning/ROS2/RustROS2/install/rosidl_core_runtime:/home/rsanz/git/learning/ROS2/RustROS2/install/rosidl_core_generators:/home/rsanz/git/learning/ROS2/RustROS2/install/rosidl_generator_rs:/opt/ros/jazzy/opt/gz_math_vendor:/opt/ros/jazzy/opt/gz_utils_vendor:/opt/ros/jazzy/opt/gz_cmake_vendor:/opt/ros/jazzy DEBUGINFOD_URLS=https://debuginfod.ubuntu.com LD_LIBRARY_PATH=/home/rsanz/git/learning/ROS2/RustROS2/install/service_msgs/lib:/home/rsanz/git/learning/ROS2/RustROS2/install/unique_identifier_msgs/lib:/home/rsanz/git/learning/ROS2/RustROS2/install/builtin_interfaces/lib:${LD_LIBRARY_PATH} PYTHONPATH=/home/rsanz/git/learning/ROS2/RustROS2/install/service_msgs/lib/python3.12/site-packages:/home/rsanz/git/learning/ROS2/RustROS2/install/unique_identifier_msgs/lib/python3.12/site-packages:/home/rsanz/git/learning/ROS2/RustROS2/install/builtin_interfaces/lib/python3.12/site-packages:/home/rsanz/git/learning/ROS2/RustROS2/install/rosidl_generator_rs/lib/python3.12/site-packages:${PYTHONPATH} /usr/bin/cmake --build /home/rsanz/git/learning/ROS2/RustROS2/build/action_msgs -- -j24 -l24
[0.060s] [  1%] Built target action_msgs__rosidl_generator_type_description
[0.060s] [  3%] Built target action_msgs__rs
[0.068s] [  3%] Built target ament_cmake_python_copy_action_msgs
[0.078s] [  4%] Built target action_msgs__cpp
[0.080s] [ 26%] Built target action_msgs__rosidl_generator_c
[0.100s] [ 44%] Built target action_msgs__rosidl_typesupport_introspection_c
[0.100s] [ 44%] Built target action_msgs__rosidl_typesupport_c
[0.102s] [ 63%] Built target action_msgs__rosidl_typesupport_cpp
[0.102s] [ 63%] Built target action_msgs__rosidl_typesupport_fastrtps_c
[0.102s] [ 80%] Built target action_msgs__rosidl_typesupport_fastrtps_cpp
[0.102s] [ 81%] Built target action_msgs__rosidl_typesupport_introspection_cpp
[0.120s] [ 81%] Built target action_msgs
[0.137s] [ 83%] Built target action_msgs__py
[0.159s] [ 90%] Built target action_msgs__rosidl_generator_py
[0.179s] [ 93%] Built target action_msgs_s__rosidl_typesupport_c
[0.180s] [ 96%] Built target action_msgs_s__rosidl_typesupport_fastrtps_c
[0.181s] [100%] Built target action_msgs_s__rosidl_typesupport_introspection_c
[0.267s] running egg_info
[0.289s] writing action_msgs.egg-info/PKG-INFO
[0.289s] writing dependency_links to action_msgs.egg-info/dependency_links.txt
[0.289s] writing top-level names to action_msgs.egg-info/top_level.txt
[0.354s] reading manifest file 'action_msgs.egg-info/SOURCES.txt'
[0.355s] writing manifest file 'action_msgs.egg-info/SOURCES.txt'
[0.376s] [100%] Built target ament_cmake_python_build_action_msgs_egg
[0.388s] Invoked command in '/home/rsanz/git/learning/ROS2/RustROS2/build/action_msgs' returned '0': AMENT_PREFIX_PATH=/home/rsanz/git/learning/ROS2/RustROS2/install/service_msgs:/home/rsanz/git/learning/ROS2/RustROS2/install/unique_identifier_msgs:/home/rsanz/git/learning/ROS2/RustROS2/install/builtin_interfaces:/home/rsanz/git/learning/ROS2/RustROS2/install/rosidl_core_runtime:/home/rsanz/git/learning/ROS2/RustROS2/install/rosidl_core_generators:/home/rsanz/git/learning/ROS2/RustROS2/install/rosidl_generator_rs:${AMENT_PREFIX_PATH} CMAKE_PREFIX_PATH=/home/rsanz/git/learning/ROS2/RustROS2/install/service_msgs:/home/rsanz/git/learning/ROS2/RustROS2/install/unique_identifier_msgs:/home/rsanz/git/learning/ROS2/RustROS2/install/builtin_interfaces:/home/rsanz/git/learning/ROS2/RustROS2/install/rosidl_core_runtime:/home/rsanz/git/learning/ROS2/RustROS2/install/rosidl_core_generators:/home/rsanz/git/learning/ROS2/RustROS2/install/rosidl_generator_rs:/opt/ros/jazzy/opt/gz_math_vendor:/opt/ros/jazzy/opt/gz_utils_vendor:/opt/ros/jazzy/opt/gz_cmake_vendor:/opt/ros/jazzy DEBUGINFOD_URLS=https://debuginfod.ubuntu.com LD_LIBRARY_PATH=/home/rsanz/git/learning/ROS2/RustROS2/install/service_msgs/lib:/home/rsanz/git/learning/ROS2/RustROS2/install/unique_identifier_msgs/lib:/home/rsanz/git/learning/ROS2/RustROS2/install/builtin_interfaces/lib:${LD_LIBRARY_PATH} PYTHONPATH=/home/rsanz/git/learning/ROS2/RustROS2/install/service_msgs/lib/python3.12/site-packages:/home/rsanz/git/learning/ROS2/RustROS2/install/unique_identifier_msgs/lib/python3.12/site-packages:/home/rsanz/git/learning/ROS2/RustROS2/install/builtin_interfaces/lib/python3.12/site-packages:/home/rsanz/git/learning/ROS2/RustROS2/install/rosidl_generator_rs/lib/python3.12/site-packages:${PYTHONPATH} /usr/bin/cmake --build /home/rsanz/git/learning/ROS2/RustROS2/build/action_msgs -- -j24 -l24
[0.389s] Invoking command in '/home/rsanz/git/learning/ROS2/RustROS2/build/action_msgs': AMENT_PREFIX_PATH=/home/rsanz/git/learning/ROS2/RustROS2/install/service_msgs:/home/rsanz/git/learning/ROS2/RustROS2/install/unique_identifier_msgs:/home/rsanz/git/learning/ROS2/RustROS2/install/builtin_interfaces:/home/rsanz/git/learning/ROS2/RustROS2/install/rosidl_core_runtime:/home/rsanz/git/learning/ROS2/RustROS2/install/rosidl_core_generators:/home/rsanz/git/learning/ROS2/RustROS2/install/rosidl_generator_rs:${AMENT_PREFIX_PATH} CMAKE_PREFIX_PATH=/home/rsanz/git/learning/ROS2/RustROS2/install/service_msgs:/home/rsanz/git/learning/ROS2/RustROS2/install/unique_identifier_msgs:/home/rsanz/git/learning/ROS2/RustROS2/install/builtin_interfaces:/home/rsanz/git/learning/ROS2/RustROS2/install/rosidl_core_runtime:/home/rsanz/git/learning/ROS2/RustROS2/install/rosidl_core_generators:/home/rsanz/git/learning/ROS2/RustROS2/install/rosidl_generator_rs:/opt/ros/jazzy/opt/gz_math_vendor:/opt/ros/jazzy/opt/gz_utils_vendor:/opt/ros/jazzy/opt/gz_cmake_vendor:/opt/ros/jazzy DEBUGINFOD_URLS=https://debuginfod.ubuntu.com LD_LIBRARY_PATH=/home/rsanz/git/learning/ROS2/RustROS2/install/service_msgs/lib:/home/rsanz/git/learning/ROS2/RustROS2/install/unique_identifier_msgs/lib:/home/rsanz/git/learning/ROS2/RustROS2/install/builtin_interfaces/lib:${LD_LIBRARY_PATH} PYTHONPATH=/home/rsanz/git/learning/ROS2/RustROS2/install/service_msgs/lib/python3.12/site-packages:/home/rsanz/git/learning/ROS2/RustROS2/install/unique_identifier_msgs/lib/python3.12/site-packages:/home/rsanz/git/learning/ROS2/RustROS2/install/builtin_interfaces/lib/python3.12/site-packages:/home/rsanz/git/learning/ROS2/RustROS2/install/rosidl_generator_rs/lib/python3.12/site-packages:${PYTHONPATH} /usr/bin/cmake --install /home/rsanz/git/learning/ROS2/RustROS2/build/action_msgs
[0.397s] -- Install configuration: ""
[0.397s] -- Up-to-date: /home/rsanz/git/learning/ROS2/RustROS2/install/action_msgs/share/ament_index/resource_index/rosidl_interfaces/action_msgs
[0.397s] -- Up-to-date: /home/rsanz/git/learning/ROS2/RustROS2/install/action_msgs/share/action_msgs/msg/GoalInfo.json
[0.397s] -- Up-to-date: /home/rsanz/git/learning/ROS2/RustROS2/install/action_msgs/share/action_msgs/msg/GoalStatus.json
[0.398s] -- Up-to-date: /home/rsanz/git/learning/ROS2/RustROS2/install/action_msgs/share/action_msgs/msg/GoalStatusArray.json
[0.398s] -- Up-to-date: /home/rsanz/git/learning/ROS2/RustROS2/install/action_msgs/share/action_msgs/srv/CancelGoal.json
[0.398s] -- Up-to-date: /home/rsanz/git/learning/ROS2/RustROS2/install/action_msgs/include/action_msgs/action_msgs
[0.398s] -- Up-to-date: /home/rsanz/git/learning/ROS2/RustROS2/install/action_msgs/include/action_msgs/action_msgs/msg
[0.398s] -- Up-to-date: /home/rsanz/git/learning/ROS2/RustROS2/install/action_msgs/include/action_msgs/action_msgs/msg/rosidl_generator_c__visibility_control.h
[0.398s] -- Up-to-date: /home/rsanz/git/learning/ROS2/RustROS2/install/action_msgs/include/action_msgs/action_msgs/msg/goal_status_array.h
[0.399s] -- Up-to-date: /home/rsanz/git/learning/ROS2/RustROS2/install/action_msgs/include/action_msgs/action_msgs/msg/goal_info.h
[0.399s] -- Up-to-date: /home/rsanz/git/learning/ROS2/RustROS2/install/action_msgs/include/action_msgs/action_msgs/msg/detail
[0.399s] -- Up-to-date: /home/rsanz/git/learning/ROS2/RustROS2/install/action_msgs/include/action_msgs/action_msgs/msg/detail/goal_info__type_support.c
[0.399s] -- Up-to-date: /home/rsanz/git/learning/ROS2/RustROS2/install/action_msgs/include/action_msgs/action_msgs/msg/detail/goal_status_array__functions.c
[0.399s] -- Up-to-date: /home/rsanz/git/learning/ROS2/RustROS2/install/action_msgs/include/action_msgs/action_msgs/msg/detail/goal_status__type_support.h
[0.399s] -- Up-to-date: /home/rsanz/git/learning/ROS2/RustROS2/install/action_msgs/include/action_msgs/action_msgs/msg/detail/goal_info__struct.h
[0.399s] -- Up-to-date: /home/rsanz/git/learning/ROS2/RustROS2/install/action_msgs/include/action_msgs/action_msgs/msg/detail/goal_info__description.c
[0.399s] -- Up-to-date: /home/rsanz/git/learning/ROS2/RustROS2/install/action_msgs/include/action_msgs/action_msgs/msg/detail/goal_status_array__functions.h
[0.400s] -- Up-to-date: /home/rsanz/git/learning/ROS2/RustROS2/install/action_msgs/include/action_msgs/action_msgs/msg/detail/goal_info__type_support.h
[0.400s] -- Up-to-date: /home/rsanz/git/learning/ROS2/RustROS2/install/action_msgs/include/action_msgs/action_msgs/msg/detail/goal_info__functions.c
[0.400s] -- Up-to-date: /home/rsanz/git/learning/ROS2/RustROS2/install/action_msgs/include/action_msgs/action_msgs/msg/detail/goal_status__functions.c
[0.400s] -- Up-to-date: /home/rsanz/git/learning/ROS2/RustROS2/install/action_msgs/include/action_msgs/action_msgs/msg/detail/goal_status__functions.h
[0.400s] -- Up-to-date: /home/rsanz/git/learning/ROS2/RustROS2/install/action_msgs/include/action_msgs/action_msgs/msg/detail/goal_status_array__struct.h
[0.400s] -- Up-to-date: /home/rsanz/git/learning/ROS2/RustROS2/install/action_msgs/include/action_msgs/action_msgs/msg/detail/goal_status_array__type_support.h
[0.400s] -- Up-to-date: /home/rsanz/git/learning/ROS2/RustROS2/install/action_msgs/include/action_msgs/action_msgs/msg/detail/goal_status_array__description.c
[0.400s] -- Up-to-date: /home/rsanz/git/learning/ROS2/RustROS2/install/action_msgs/include/action_msgs/action_msgs/msg/detail/goal_status__description.c
[0.401s] -- Up-to-date: /home/rsanz/git/learning/ROS2/RustROS2/install/action_msgs/include/action_msgs/action_msgs/msg/detail/goal_status__type_support.c
[0.401s] -- Up-to-date: /home/rsanz/git/learning/ROS2/RustROS2/install/action_msgs/include/action_msgs/action_msgs/msg/detail/goal_status__struct.h
[0.401s] -- Up-to-date: /home/rsanz/git/learning/ROS2/RustROS2/install/action_msgs/include/action_msgs/action_msgs/msg/detail/goal_status_array__type_support.c
[0.401s] -- Up-to-date: /home/rsanz/git/learning/ROS2/RustROS2/install/action_msgs/include/action_msgs/action_msgs/msg/detail/goal_info__functions.h
[0.401s] -- Up-to-date: /home/rsanz/git/learning/ROS2/RustROS2/install/action_msgs/include/action_msgs/action_msgs/msg/goal_status.h
[0.401s] -- Up-to-date: /home/rsanz/git/learning/ROS2/RustROS2/install/action_msgs/include/action_msgs/action_msgs/srv
[0.401s] -- Up-to-date: /home/rsanz/git/learning/ROS2/RustROS2/install/action_msgs/include/action_msgs/action_msgs/srv/detail
[0.401s] -- Up-to-date: /home/rsanz/git/learning/ROS2/RustROS2/install/action_msgs/include/action_msgs/action_msgs/srv/detail/cancel_goal__type_support.h
[0.401s] -- Up-to-date: /home/rsanz/git/learning/ROS2/RustROS2/install/action_msgs/include/action_msgs/action_msgs/srv/detail/cancel_goal__struct.h
[0.401s] -- Up-to-date: /home/rsanz/git/learning/ROS2/RustROS2/install/action_msgs/include/action_msgs/action_msgs/srv/detail/cancel_goal__description.c
[0.402s] -- Up-to-date: /home/rsanz/git/learning/ROS2/RustROS2/install/action_msgs/include/action_msgs/action_msgs/srv/detail/cancel_goal__functions.h
[0.402s] -- Up-to-date: /home/rsanz/git/learning/ROS2/RustROS2/install/action_msgs/include/action_msgs/action_msgs/srv/detail/cancel_goal__functions.c
[0.402s] -- Up-to-date: /home/rsanz/git/learning/ROS2/RustROS2/install/action_msgs/include/action_msgs/action_msgs/srv/detail/cancel_goal__type_support.c
[0.402s] -- Up-to-date: /home/rsanz/git/learning/ROS2/RustROS2/install/action_msgs/include/action_msgs/action_msgs/srv/cancel_goal.h
[0.402s] -- Up-to-date: /home/rsanz/git/learning/ROS2/RustROS2/install/action_msgs/share/action_msgs/environment/library_path.sh
[0.402s] -- Up-to-date: /home/rsanz/git/learning/ROS2/RustROS2/install/action_msgs/share/action_msgs/environment/library_path.dsv
[0.402s] -- Up-to-date: /home/rsanz/git/learning/ROS2/RustROS2/install/action_msgs/lib/libaction_msgs__rosidl_generator_c.so
[0.402s] -- Up-to-date: /home/rsanz/git/learning/ROS2/RustROS2/install/action_msgs/include/action_msgs/action_msgs
[0.402s] -- Up-to-date: /home/rsanz/git/learning/ROS2/RustROS2/install/action_msgs/include/action_msgs/action_msgs/msg
[0.402s] -- Up-to-date: /home/rsanz/git/learning/ROS2/RustROS2/install/action_msgs/include/action_msgs/action_msgs/msg/rosidl_typesupport_fastrtps_c__visibility_control.h
[0.402s] -- Up-to-date: /home/rsanz/git/learning/ROS2/RustROS2/install/action_msgs/include/action_msgs/action_msgs/msg/detail
[0.403s] -- Up-to-date: /home/rsanz/git/learning/ROS2/RustROS2/install/action_msgs/include/action_msgs/action_msgs/msg/detail/goal_status__rosidl_typesupport_fastrtps_c.h
[0.403s] -- Up-to-date: /home/rsanz/git/learning/ROS2/RustROS2/install/action_msgs/include/action_msgs/action_msgs/msg/detail/goal_status_array__rosidl_typesupport_fastrtps_c.h
[0.403s] -- Up-to-date: /home/rsanz/git/learning/ROS2/RustROS2/install/action_msgs/include/action_msgs/action_msgs/msg/detail/goal_info__rosidl_typesupport_fastrtps_c.h
[0.403s] -- Up-to-date: /home/rsanz/git/learning/ROS2/RustROS2/install/action_msgs/include/action_msgs/action_msgs/srv
[0.403s] -- Up-to-date: /home/rsanz/git/learning/ROS2/RustROS2/install/action_msgs/include/action_msgs/action_msgs/srv/detail
[0.403s] -- Up-to-date: /home/rsanz/git/learning/ROS2/RustROS2/install/action_msgs/include/action_msgs/action_msgs/srv/detail/cancel_goal__rosidl_typesupport_fastrtps_c.h
[0.403s] -- Up-to-date: /home/rsanz/git/learning/ROS2/RustROS2/install/action_msgs/lib/libaction_msgs__rosidl_typesupport_fastrtps_c.so
[0.403s] -- Up-to-date: /home/rsanz/git/learning/ROS2/RustROS2/install/action_msgs/include/action_msgs/action_msgs
[0.403s] -- Up-to-date: /home/rsanz/git/learning/ROS2/RustROS2/install/action_msgs/include/action_msgs/action_msgs/msg
[0.403s] -- Up-to-date: /home/rsanz/git/learning/ROS2/RustROS2/install/action_msgs/include/action_msgs/action_msgs/msg/goal_info.hpp
[0.403s] -- Up-to-date: /home/rsanz/git/learning/ROS2/RustROS2/install/action_msgs/include/action_msgs/action_msgs/msg/detail
[0.404s] -- Up-to-date: /home/rsanz/git/learning/ROS2/RustROS2/install/action_msgs/include/action_msgs/action_msgs/msg/detail/goal_status_array__type_support.hpp
[0.404s] -- Up-to-date: /home/rsanz/git/learning/ROS2/RustROS2/install/action_msgs/include/action_msgs/action_msgs/msg/detail/goal_info__type_support.hpp
[0.404s] -- Up-to-date: /home/rsanz/git/learning/ROS2/RustROS2/install/action_msgs/include/action_msgs/action_msgs/msg/detail/goal_status__type_support.hpp
[0.404s] -- Up-to-date: /home/rsanz/git/learning/ROS2/RustROS2/install/action_msgs/include/action_msgs/action_msgs/msg/detail/goal_status_array__traits.hpp
[0.404s] -- Up-to-date: /home/rsanz/git/learning/ROS2/RustROS2/install/action_msgs/include/action_msgs/action_msgs/msg/detail/goal_status_array__struct.hpp
[0.404s] -- Up-to-date: /home/rsanz/git/learning/ROS2/RustROS2/install/action_msgs/include/action_msgs/action_msgs/msg/detail/goal_info__builder.hpp
[0.404s] -- Up-to-date: /home/rsanz/git/learning/ROS2/RustROS2/install/action_msgs/include/action_msgs/action_msgs/msg/detail/goal_info__traits.hpp
[0.404s] -- Up-to-date: /home/rsanz/git/learning/ROS2/RustROS2/install/action_msgs/include/action_msgs/action_msgs/msg/detail/goal_status__traits.hpp
[0.404s] -- Up-to-date: /home/rsanz/git/learning/ROS2/RustROS2/install/action_msgs/include/action_msgs/action_msgs/msg/detail/goal_status__struct.hpp
[0.405s] -- Up-to-date: /home/rsanz/git/learning/ROS2/RustROS2/install/action_msgs/include/action_msgs/action_msgs/msg/detail/goal_info__struct.hpp
[0.405s] -- Up-to-date: /home/rsanz/git/learning/ROS2/RustROS2/install/action_msgs/include/action_msgs/action_msgs/msg/detail/goal_status_array__builder.hpp
[0.405s] -- Up-to-date: /home/rsanz/git/learning/ROS2/RustROS2/install/action_msgs/include/action_msgs/action_msgs/msg/detail/goal_status__builder.hpp
[0.405s] -- Up-to-date: /home/rsanz/git/learning/ROS2/RustROS2/install/action_msgs/include/action_msgs/action_msgs/msg/goal_status.hpp
[0.405s] -- Up-to-date: /home/rsanz/git/learning/ROS2/RustROS2/install/action_msgs/include/action_msgs/action_msgs/msg/goal_status_array.hpp
[0.405s] -- Up-to-date: /home/rsanz/git/learning/ROS2/RustROS2/install/action_msgs/include/action_msgs/action_msgs/msg/rosidl_generator_cpp__visibility_control.hpp
[0.405s] -- Up-to-date: /home/rsanz/git/learning/ROS2/RustROS2/install/action_msgs/include/action_msgs/action_msgs/srv
[0.405s] -- Up-to-date: /home/rsanz/git/learning/ROS2/RustROS2/install/action_msgs/include/action_msgs/action_msgs/srv/detail
[0.405s] -- Up-to-date: /home/rsanz/git/learning/ROS2/RustROS2/install/action_msgs/include/action_msgs/action_msgs/srv/detail/cancel_goal__builder.hpp
[0.405s] -- Up-to-date: /home/rsanz/git/learning/ROS2/RustROS2/install/action_msgs/include/action_msgs/action_msgs/srv/detail/cancel_goal__traits.hpp
[0.405s] -- Up-to-date: /home/rsanz/git/learning/ROS2/RustROS2/install/action_msgs/include/action_msgs/action_msgs/srv/detail/cancel_goal__type_support.hpp
[0.405s] -- Up-to-date: /home/rsanz/git/learning/ROS2/RustROS2/install/action_msgs/include/action_msgs/action_msgs/srv/detail/cancel_goal__struct.hpp
[0.405s] -- Up-to-date: /home/rsanz/git/learning/ROS2/RustROS2/install/action_msgs/include/action_msgs/action_msgs/srv/cancel_goal.hpp
[0.405s] -- Up-to-date: /home/rsanz/git/learning/ROS2/RustROS2/install/action_msgs/include/action_msgs/action_msgs
[0.406s] -- Up-to-date: /home/rsanz/git/learning/ROS2/RustROS2/install/action_msgs/include/action_msgs/action_msgs/msg
[0.406s] -- Up-to-date: /home/rsanz/git/learning/ROS2/RustROS2/install/action_msgs/include/action_msgs/action_msgs/msg/rosidl_typesupport_fastrtps_cpp__visibility_control.h
[0.406s] -- Up-to-date: /home/rsanz/git/learning/ROS2/RustROS2/install/action_msgs/include/action_msgs/action_msgs/msg/detail
[0.406s] -- Up-to-date: /home/rsanz/git/learning/ROS2/RustROS2/install/action_msgs/include/action_msgs/action_msgs/msg/detail/goal_info__rosidl_typesupport_fastrtps_cpp.hpp
[0.406s] -- Up-to-date: /home/rsanz/git/learning/ROS2/RustROS2/install/action_msgs/include/action_msgs/action_msgs/msg/detail/goal_status_array__rosidl_typesupport_fastrtps_cpp.hpp
[0.406s] -- Up-to-date: /home/rsanz/git/learning/ROS2/RustROS2/install/action_msgs/include/action_msgs/action_msgs/msg/detail/goal_status__rosidl_typesupport_fastrtps_cpp.hpp
[0.406s] -- Up-to-date: /home/rsanz/git/learning/ROS2/RustROS2/install/action_msgs/include/action_msgs/action_msgs/msg/detail/dds_fastrtps
[0.406s] -- Up-to-date: /home/rsanz/git/learning/ROS2/RustROS2/install/action_msgs/include/action_msgs/action_msgs/srv
[0.406s] -- Up-to-date: /home/rsanz/git/learning/ROS2/RustROS2/install/action_msgs/include/action_msgs/action_msgs/srv/detail
[0.406s] -- Up-to-date: /home/rsanz/git/learning/ROS2/RustROS2/install/action_msgs/include/action_msgs/action_msgs/srv/detail/cancel_goal__rosidl_typesupport_fastrtps_cpp.hpp
[0.406s] -- Up-to-date: /home/rsanz/git/learning/ROS2/RustROS2/install/action_msgs/include/action_msgs/action_msgs/srv/detail/dds_fastrtps
[0.406s] -- Up-to-date: /home/rsanz/git/learning/ROS2/RustROS2/install/action_msgs/lib/libaction_msgs__rosidl_typesupport_fastrtps_cpp.so
[0.406s] -- Up-to-date: /home/rsanz/git/learning/ROS2/RustROS2/install/action_msgs/include/action_msgs/action_msgs
[0.407s] -- Up-to-date: /home/rsanz/git/learning/ROS2/RustROS2/install/action_msgs/include/action_msgs/action_msgs/msg
[0.407s] -- Up-to-date: /home/rsanz/git/learning/ROS2/RustROS2/install/action_msgs/include/action_msgs/action_msgs/msg/rosidl_typesupport_introspection_c__visibility_control.h
[0.407s] -- Up-to-date: /home/rsanz/git/learning/ROS2/RustROS2/install/action_msgs/include/action_msgs/action_msgs/msg/detail
[0.407s] -- Up-to-date: /home/rsanz/git/learning/ROS2/RustROS2/install/action_msgs/include/action_msgs/action_msgs/msg/detail/goal_info__type_support.c
[0.407s] -- Up-to-date: /home/rsanz/git/learning/ROS2/RustROS2/install/action_msgs/include/action_msgs/action_msgs/msg/detail/goal_status__rosidl_typesupport_introspection_c.h
[0.407s] -- Up-to-date: /home/rsanz/git/learning/ROS2/RustROS2/install/action_msgs/include/action_msgs/action_msgs/msg/detail/goal_status_array__rosidl_typesupport_introspection_c.h
[0.407s] -- Up-to-date: /home/rsanz/git/learning/ROS2/RustROS2/install/action_msgs/include/action_msgs/action_msgs/msg/detail/goal_status__type_support.c
[0.407s] -- Up-to-date: /home/rsanz/git/learning/ROS2/RustROS2/install/action_msgs/include/action_msgs/action_msgs/msg/detail/goal_status_array__type_support.c
[0.407s] -- Up-to-date: /home/rsanz/git/learning/ROS2/RustROS2/install/action_msgs/include/action_msgs/action_msgs/msg/detail/goal_info__rosidl_typesupport_introspection_c.h
[0.407s] -- Up-to-date: /home/rsanz/git/learning/ROS2/RustROS2/install/action_msgs/include/action_msgs/action_msgs/srv
[0.407s] -- Up-to-date: /home/rsanz/git/learning/ROS2/RustROS2/install/action_msgs/include/action_msgs/action_msgs/srv/detail
[0.407s] -- Up-to-date: /home/rsanz/git/learning/ROS2/RustROS2/install/action_msgs/include/action_msgs/action_msgs/srv/detail/cancel_goal__rosidl_typesupport_introspection_c.h
[0.407s] -- Up-to-date: /home/rsanz/git/learning/ROS2/RustROS2/install/action_msgs/include/action_msgs/action_msgs/srv/detail/cancel_goal__type_support.c
[0.407s] -- Up-to-date: /home/rsanz/git/learning/ROS2/RustROS2/install/action_msgs/lib/libaction_msgs__rosidl_typesupport_introspection_c.so
[0.407s] -- Up-to-date: /home/rsanz/git/learning/ROS2/RustROS2/install/action_msgs/lib/libaction_msgs__rosidl_typesupport_c.so
[0.408s] -- Up-to-date: /home/rsanz/git/learning/ROS2/RustROS2/install/action_msgs/include/action_msgs/action_msgs
[0.408s] -- Up-to-date: /home/rsanz/git/learning/ROS2/RustROS2/install/action_msgs/include/action_msgs/action_msgs/msg
[0.408s] -- Up-to-date: /home/rsanz/git/learning/ROS2/RustROS2/install/action_msgs/include/action_msgs/action_msgs/msg/detail
[0.408s] -- Up-to-date: /home/rsanz/git/learning/ROS2/RustROS2/install/action_msgs/include/action_msgs/action_msgs/msg/detail/goal_status_array__type_support.cpp
[0.408s] -- Up-to-date: /home/rsanz/git/learning/ROS2/RustROS2/install/action_msgs/include/action_msgs/action_msgs/msg/detail/goal_status_array__rosidl_typesupport_introspection_cpp.hpp
[0.408s] -- Up-to-date: /home/rsanz/git/learning/ROS2/RustROS2/install/action_msgs/include/action_msgs/action_msgs/msg/detail/goal_info__type_support.cpp
[0.408s] -- Up-to-date: /home/rsanz/git/learning/ROS2/RustROS2/install/action_msgs/include/action_msgs/action_msgs/msg/detail/goal_status__rosidl_typesupport_introspection_cpp.hpp
[0.408s] -- Up-to-date: /home/rsanz/git/learning/ROS2/RustROS2/install/action_msgs/include/action_msgs/action_msgs/msg/detail/goal_status__type_support.cpp
[0.408s] -- Up-to-date: /home/rsanz/git/learning/ROS2/RustROS2/install/action_msgs/include/action_msgs/action_msgs/msg/detail/goal_info__rosidl_typesupport_introspection_cpp.hpp
[0.408s] -- Up-to-date: /home/rsanz/git/learning/ROS2/RustROS2/install/action_msgs/include/action_msgs/action_msgs/srv
[0.408s] -- Up-to-date: /home/rsanz/git/learning/ROS2/RustROS2/install/action_msgs/include/action_msgs/action_msgs/srv/detail
[0.408s] -- Up-to-date: /home/rsanz/git/learning/ROS2/RustROS2/install/action_msgs/include/action_msgs/action_msgs/srv/detail/cancel_goal__type_support.cpp
[0.408s] -- Up-to-date: /home/rsanz/git/learning/ROS2/RustROS2/install/action_msgs/include/action_msgs/action_msgs/srv/detail/cancel_goal__rosidl_typesupport_introspection_cpp.hpp
[0.408s] -- Up-to-date: /home/rsanz/git/learning/ROS2/RustROS2/install/action_msgs/lib/libaction_msgs__rosidl_typesupport_introspection_cpp.so
[0.408s] -- Up-to-date: /home/rsanz/git/learning/ROS2/RustROS2/install/action_msgs/lib/libaction_msgs__rosidl_typesupport_cpp.so
[0.408s] -- Up-to-date: /home/rsanz/git/learning/ROS2/RustROS2/install/action_msgs/share/ament_index/resource_index/rust_packages/action_msgs
[0.409s] -- Up-to-date: /home/rsanz/git/learning/ROS2/RustROS2/install/action_msgs/share/action_msgs/rust
[0.409s] -- Up-to-date: /home/rsanz/git/learning/ROS2/RustROS2/install/action_msgs/share/action_msgs/rust/src
[0.409s] -- Up-to-date: /home/rsanz/git/learning/ROS2/RustROS2/install/action_msgs/share/action_msgs/rust/src/msg.rs
[0.409s] -- Up-to-date: /home/rsanz/git/learning/ROS2/RustROS2/install/action_msgs/share/action_msgs/rust/src/srv.rs
[0.409s] -- Up-to-date: /home/rsanz/git/learning/ROS2/RustROS2/install/action_msgs/share/action_msgs/rust/src/msg
[0.409s] -- Up-to-date: /home/rsanz/git/learning/ROS2/RustROS2/install/action_msgs/share/action_msgs/rust/src/msg/rmw.rs
[0.409s] -- Up-to-date: /home/rsanz/git/learning/ROS2/RustROS2/install/action_msgs/share/action_msgs/rust/src/srv
[0.409s] -- Up-to-date: /home/rsanz/git/learning/ROS2/RustROS2/install/action_msgs/share/action_msgs/rust/src/srv/rmw.rs
[0.409s] -- Up-to-date: /home/rsanz/git/learning/ROS2/RustROS2/install/action_msgs/share/action_msgs/rust/src/lib.rs
[0.409s] -- Up-to-date: /home/rsanz/git/learning/ROS2/RustROS2/install/action_msgs/share/action_msgs/rust/build.rs
[0.409s] -- Up-to-date: /home/rsanz/git/learning/ROS2/RustROS2/install/action_msgs/share/action_msgs/rust/Cargo.toml
[0.409s] -- Up-to-date: /home/rsanz/git/learning/ROS2/RustROS2/install/action_msgs/share/action_msgs/environment/pythonpath.sh
[0.409s] -- Up-to-date: /home/rsanz/git/learning/ROS2/RustROS2/install/action_msgs/share/action_msgs/environment/pythonpath.dsv
[0.409s] -- Up-to-date: /home/rsanz/git/learning/ROS2/RustROS2/install/action_msgs/lib/python3.12/site-packages/action_msgs-2.0.3-py3.12.egg-info
[0.409s] -- Installing: /home/rsanz/git/learning/ROS2/RustROS2/install/action_msgs/lib/python3.12/site-packages/action_msgs-2.0.3-py3.12.egg-info/dependency_links.txt
[0.409s] -- Installing: /home/rsanz/git/learning/ROS2/RustROS2/install/action_msgs/lib/python3.12/site-packages/action_msgs-2.0.3-py3.12.egg-info/PKG-INFO
[0.409s] -- Installing: /home/rsanz/git/learning/ROS2/RustROS2/install/action_msgs/lib/python3.12/site-packages/action_msgs-2.0.3-py3.12.egg-info/top_level.txt
[0.409s] -- Installing: /home/rsanz/git/learning/ROS2/RustROS2/install/action_msgs/lib/python3.12/site-packages/action_msgs-2.0.3-py3.12.egg-info/SOURCES.txt
[0.410s] -- Up-to-date: /home/rsanz/git/learning/ROS2/RustROS2/install/action_msgs/lib/python3.12/site-packages/action_msgs
[0.410s] -- Up-to-date: /home/rsanz/git/learning/ROS2/RustROS2/install/action_msgs/lib/python3.12/site-packages/action_msgs/action_msgs_s__rosidl_typesupport_introspection_c.so
[0.410s] -- Up-to-date: /home/rsanz/git/learning/ROS2/RustROS2/install/action_msgs/lib/python3.12/site-packages/action_msgs/_action_msgs_s.ep.rosidl_typesupport_fastrtps_c.c
[0.410s] -- Up-to-date: /home/rsanz/git/learning/ROS2/RustROS2/install/action_msgs/lib/python3.12/site-packages/action_msgs/_action_msgs_s.ep.rosidl_typesupport_introspection_c.c
[0.410s] -- Up-to-date: /home/rsanz/git/learning/ROS2/RustROS2/install/action_msgs/lib/python3.12/site-packages/action_msgs/action_msgs_s__rosidl_typesupport_c.so
[0.410s] -- Up-to-date: /home/rsanz/git/learning/ROS2/RustROS2/install/action_msgs/lib/python3.12/site-packages/action_msgs/action_msgs_s__rosidl_typesupport_fastrtps_c.so
[0.410s] -- Up-to-date: /home/rsanz/git/learning/ROS2/RustROS2/install/action_msgs/lib/python3.12/site-packages/action_msgs/_action_msgs_s.ep.rosidl_typesupport_c.c
[0.410s] -- Up-to-date: /home/rsanz/git/learning/ROS2/RustROS2/install/action_msgs/lib/python3.12/site-packages/action_msgs/msg
[0.410s] -- Up-to-date: /home/rsanz/git/learning/ROS2/RustROS2/install/action_msgs/lib/python3.12/site-packages/action_msgs/msg/_goal_status.py
[0.410s] -- Up-to-date: /home/rsanz/git/learning/ROS2/RustROS2/install/action_msgs/lib/python3.12/site-packages/action_msgs/msg/_goal_status_array_s.c
[0.410s] -- Up-to-date: /home/rsanz/git/learning/ROS2/RustROS2/install/action_msgs/lib/python3.12/site-packages/action_msgs/msg/_goal_info.py
[0.410s] -- Up-to-date: /home/rsanz/git/learning/ROS2/RustROS2/install/action_msgs/lib/python3.12/site-packages/action_msgs/msg/_goal_info_s.c
[0.410s] -- Up-to-date: /home/rsanz/git/learning/ROS2/RustROS2/install/action_msgs/lib/python3.12/site-packages/action_msgs/msg/__init__.py
[0.410s] -- Up-to-date: /home/rsanz/git/learning/ROS2/RustROS2/install/action_msgs/lib/python3.12/site-packages/action_msgs/msg/_goal_status_array.py
[0.410s] -- Up-to-date: /home/rsanz/git/learning/ROS2/RustROS2/install/action_msgs/lib/python3.12/site-packages/action_msgs/msg/_goal_status_s.c
[0.410s] -- Up-to-date: /home/rsanz/git/learning/ROS2/RustROS2/install/action_msgs/lib/python3.12/site-packages/action_msgs/__init__.py
[0.410s] -- Up-to-date: /home/rsanz/git/learning/ROS2/RustROS2/install/action_msgs/lib/python3.12/site-packages/action_msgs/srv
[0.410s] -- Up-to-date: /home/rsanz/git/learning/ROS2/RustROS2/install/action_msgs/lib/python3.12/site-packages/action_msgs/srv/_cancel_goal_s.c
[0.410s] -- Up-to-date: /home/rsanz/git/learning/ROS2/RustROS2/install/action_msgs/lib/python3.12/site-packages/action_msgs/srv/_cancel_goal.py
[0.411s] -- Up-to-date: /home/rsanz/git/learning/ROS2/RustROS2/install/action_msgs/lib/python3.12/site-packages/action_msgs/srv/__init__.py
[0.440s] Listing '/home/rsanz/git/learning/ROS2/RustROS2/install/action_msgs/lib/python3.12/site-packages/action_msgs'...
[0.440s] Listing '/home/rsanz/git/learning/ROS2/RustROS2/install/action_msgs/lib/python3.12/site-packages/action_msgs/msg'...
[0.440s] Listing '/home/rsanz/git/learning/ROS2/RustROS2/install/action_msgs/lib/python3.12/site-packages/action_msgs/srv'...
[0.445s] -- Up-to-date: /home/rsanz/git/learning/ROS2/RustROS2/install/action_msgs/lib/python3.12/site-packages/action_msgs/action_msgs_s__rosidl_typesupport_fastrtps_c.so
[0.445s] -- Up-to-date: /home/rsanz/git/learning/ROS2/RustROS2/install/action_msgs/lib/python3.12/site-packages/action_msgs/action_msgs_s__rosidl_typesupport_introspection_c.so
[0.446s] -- Up-to-date: /home/rsanz/git/learning/ROS2/RustROS2/install/action_msgs/lib/python3.12/site-packages/action_msgs/action_msgs_s__rosidl_typesupport_c.so
[0.446s] -- Up-to-date: /home/rsanz/git/learning/ROS2/RustROS2/install/action_msgs/lib/libaction_msgs__rosidl_generator_py.so
[0.446s] -- Up-to-date: /home/rsanz/git/learning/ROS2/RustROS2/install/action_msgs/share/action_msgs/msg/GoalInfo.idl
[0.446s] -- Up-to-date: /home/rsanz/git/learning/ROS2/RustROS2/install/action_msgs/share/action_msgs/msg/GoalStatus.idl
[0.446s] -- Up-to-date: /home/rsanz/git/learning/ROS2/RustROS2/install/action_msgs/share/action_msgs/msg/GoalStatusArray.idl
[0.446s] -- Up-to-date: /home/rsanz/git/learning/ROS2/RustROS2/install/action_msgs/share/action_msgs/srv/CancelGoal.idl
[0.447s] -- Up-to-date: /home/rsanz/git/learning/ROS2/RustROS2/install/action_msgs/share/action_msgs/msg/GoalInfo.msg
[0.447s] -- Up-to-date: /home/rsanz/git/learning/ROS2/RustROS2/install/action_msgs/share/action_msgs/msg/GoalStatus.msg
[0.447s] -- Up-to-date: /home/rsanz/git/learning/ROS2/RustROS2/install/action_msgs/share/action_msgs/msg/GoalStatusArray.msg
[0.447s] -- Up-to-date: /home/rsanz/git/learning/ROS2/RustROS2/install/action_msgs/share/action_msgs/srv/CancelGoal.srv
[0.447s] -- Up-to-date: /home/rsanz/git/learning/ROS2/RustROS2/install/action_msgs/share/ament_index/resource_index/package_run_dependencies/action_msgs
[0.447s] -- Up-to-date: /home/rsanz/git/learning/ROS2/RustROS2/install/action_msgs/share/ament_index/resource_index/parent_prefix_path/action_msgs
[0.447s] -- Up-to-date: /home/rsanz/git/learning/ROS2/RustROS2/install/action_msgs/share/action_msgs/environment/ament_prefix_path.sh
[0.447s] -- Up-to-date: /home/rsanz/git/learning/ROS2/RustROS2/install/action_msgs/share/action_msgs/environment/ament_prefix_path.dsv
[0.447s] -- Up-to-date: /home/rsanz/git/learning/ROS2/RustROS2/install/action_msgs/share/action_msgs/environment/path.sh
[0.447s] -- Up-to-date: /home/rsanz/git/learning/ROS2/RustROS2/install/action_msgs/share/action_msgs/environment/path.dsv
[0.448s] -- Up-to-date: /home/rsanz/git/learning/ROS2/RustROS2/install/action_msgs/share/action_msgs/local_setup.bash
[0.448s] -- Up-to-date: /home/rsanz/git/learning/ROS2/RustROS2/install/action_msgs/share/action_msgs/local_setup.sh
[0.448s] -- Up-to-date: /home/rsanz/git/learning/ROS2/RustROS2/install/action_msgs/share/action_msgs/local_setup.zsh
[0.448s] -- Up-to-date: /home/rsanz/git/learning/ROS2/RustROS2/install/action_msgs/share/action_msgs/local_setup.dsv
[0.448s] -- Installing: /home/rsanz/git/learning/ROS2/RustROS2/install/action_msgs/share/action_msgs/package.dsv
[0.448s] -- Up-to-date: /home/rsanz/git/learning/ROS2/RustROS2/install/action_msgs/share/ament_index/resource_index/packages/action_msgs
[0.448s] -- Up-to-date: /home/rsanz/git/learning/ROS2/RustROS2/install/action_msgs/share/action_msgs/cmake/export_action_msgs__rosidl_generator_cExport.cmake
[0.448s] -- Up-to-date: /home/rsanz/git/learning/ROS2/RustROS2/install/action_msgs/share/action_msgs/cmake/export_action_msgs__rosidl_generator_cExport-noconfig.cmake
[0.448s] -- Up-to-date: /home/rsanz/git/learning/ROS2/RustROS2/install/action_msgs/share/action_msgs/cmake/export_action_msgs__rosidl_typesupport_fastrtps_cExport.cmake
[0.448s] -- Up-to-date: /home/rsanz/git/learning/ROS2/RustROS2/install/action_msgs/share/action_msgs/cmake/export_action_msgs__rosidl_typesupport_fastrtps_cExport-noconfig.cmake
[0.449s] -- Up-to-date: /home/rsanz/git/learning/ROS2/RustROS2/install/action_msgs/share/action_msgs/cmake/export_action_msgs__rosidl_generator_cppExport.cmake
[0.449s] -- Up-to-date: /home/rsanz/git/learning/ROS2/RustROS2/install/action_msgs/share/action_msgs/cmake/export_action_msgs__rosidl_typesupport_fastrtps_cppExport.cmake
[0.449s] -- Up-to-date: /home/rsanz/git/learning/ROS2/RustROS2/install/action_msgs/share/action_msgs/cmake/export_action_msgs__rosidl_typesupport_fastrtps_cppExport-noconfig.cmake
[0.449s] -- Up-to-date: /home/rsanz/git/learning/ROS2/RustROS2/install/action_msgs/share/action_msgs/cmake/action_msgs__rosidl_typesupport_introspection_cExport.cmake
[0.449s] -- Up-to-date: /home/rsanz/git/learning/ROS2/RustROS2/install/action_msgs/share/action_msgs/cmake/action_msgs__rosidl_typesupport_introspection_cExport-noconfig.cmake
[0.449s] -- Up-to-date: /home/rsanz/git/learning/ROS2/RustROS2/install/action_msgs/share/action_msgs/cmake/action_msgs__rosidl_typesupport_cExport.cmake
[0.449s] -- Up-to-date: /home/rsanz/git/learning/ROS2/RustROS2/install/action_msgs/share/action_msgs/cmake/action_msgs__rosidl_typesupport_cExport-noconfig.cmake
[0.449s] -- Up-to-date: /home/rsanz/git/learning/ROS2/RustROS2/install/action_msgs/share/action_msgs/cmake/action_msgs__rosidl_typesupport_introspection_cppExport.cmake
[0.449s] -- Up-to-date: /home/rsanz/git/learning/ROS2/RustROS2/install/action_msgs/share/action_msgs/cmake/action_msgs__rosidl_typesupport_introspection_cppExport-noconfig.cmake
[0.450s] -- Up-to-date: /home/rsanz/git/learning/ROS2/RustROS2/install/action_msgs/share/action_msgs/cmake/action_msgs__rosidl_typesupport_cppExport.cmake
[0.450s] -- Up-to-date: /home/rsanz/git/learning/ROS2/RustROS2/install/action_msgs/share/action_msgs/cmake/action_msgs__rosidl_typesupport_cppExport-noconfig.cmake
[0.450s] -- Up-to-date: /home/rsanz/git/learning/ROS2/RustROS2/install/action_msgs/share/action_msgs/cmake/export_action_msgs__rosidl_generator_pyExport.cmake
[0.450s] -- Up-to-date: /home/rsanz/git/learning/ROS2/RustROS2/install/action_msgs/share/action_msgs/cmake/export_action_msgs__rosidl_generator_pyExport-noconfig.cmake
[0.450s] -- Up-to-date: /home/rsanz/git/learning/ROS2/RustROS2/install/action_msgs/share/action_msgs/cmake/rosidl_cmake-extras.cmake
[0.450s] -- Up-to-date: /home/rsanz/git/learning/ROS2/RustROS2/install/action_msgs/share/action_msgs/cmake/ament_cmake_export_dependencies-extras.cmake
[0.450s] -- Up-to-date: /home/rsanz/git/learning/ROS2/RustROS2/install/action_msgs/share/action_msgs/cmake/ament_cmake_export_include_directories-extras.cmake
[0.450s] -- Up-to-date: /home/rsanz/git/learning/ROS2/RustROS2/install/action_msgs/share/action_msgs/cmake/ament_cmake_export_libraries-extras.cmake
[0.450s] -- Up-to-date: /home/rsanz/git/learning/ROS2/RustROS2/install/action_msgs/share/action_msgs/cmake/ament_cmake_export_targets-extras.cmake
[0.450s] -- Up-to-date: /home/rsanz/git/learning/ROS2/RustROS2/install/action_msgs/share/action_msgs/cmake/rosidl_cmake_export_typesupport_targets-extras.cmake
[0.450s] -- Up-to-date: /home/rsanz/git/learning/ROS2/RustROS2/install/action_msgs/share/action_msgs/cmake/rosidl_cmake_export_typesupport_libraries-extras.cmake
[0.450s] -- Up-to-date: /home/rsanz/git/learning/ROS2/RustROS2/install/action_msgs/share/action_msgs/cmake/action_msgsConfig.cmake
[0.451s] -- Up-to-date: /home/rsanz/git/learning/ROS2/RustROS2/install/action_msgs/share/action_msgs/cmake/action_msgsConfig-version.cmake
[0.451s] -- Up-to-date: /home/rsanz/git/learning/ROS2/RustROS2/install/action_msgs/share/action_msgs/package.xml
[0.452s] Invoked command in '/home/rsanz/git/learning/ROS2/RustROS2/build/action_msgs' returned '0': AMENT_PREFIX_PATH=/home/rsanz/git/learning/ROS2/RustROS2/install/service_msgs:/home/rsanz/git/learning/ROS2/RustROS2/install/unique_identifier_msgs:/home/rsanz/git/learning/ROS2/RustROS2/install/builtin_interfaces:/home/rsanz/git/learning/ROS2/RustROS2/install/rosidl_core_runtime:/home/rsanz/git/learning/ROS2/RustROS2/install/rosidl_core_generators:/home/rsanz/git/learning/ROS2/RustROS2/install/rosidl_generator_rs:${AMENT_PREFIX_PATH} CMAKE_PREFIX_PATH=/home/rsanz/git/learning/ROS2/RustROS2/install/service_msgs:/home/rsanz/git/learning/ROS2/RustROS2/install/unique_identifier_msgs:/home/rsanz/git/learning/ROS2/RustROS2/install/builtin_interfaces:/home/rsanz/git/learning/ROS2/RustROS2/install/rosidl_core_runtime:/home/rsanz/git/learning/ROS2/RustROS2/install/rosidl_core_generators:/home/rsanz/git/learning/ROS2/RustROS2/install/rosidl_generator_rs:/opt/ros/jazzy/opt/gz_math_vendor:/opt/ros/jazzy/opt/gz_utils_vendor:/opt/ros/jazzy/opt/gz_cmake_vendor:/opt/ros/jazzy DEBUGINFOD_URLS=https://debuginfod.ubuntu.com LD_LIBRARY_PATH=/home/rsanz/git/learning/ROS2/RustROS2/install/service_msgs/lib:/home/rsanz/git/learning/ROS2/RustROS2/install/unique_identifier_msgs/lib:/home/rsanz/git/learning/ROS2/RustROS2/install/builtin_interfaces/lib:${LD_LIBRARY_PATH} PYTHONPATH=/home/rsanz/git/learning/ROS2/RustROS2/install/service_msgs/lib/python3.12/site-packages:/home/rsanz/git/learning/ROS2/RustROS2/install/unique_identifier_msgs/lib/python3.12/site-packages:/home/rsanz/git/learning/ROS2/RustROS2/install/builtin_interfaces/lib/python3.12/site-packages:/home/rsanz/git/learning/ROS2/RustROS2/install/rosidl_generator_rs/lib/python3.12/site-packages:${PYTHONPATH} /usr/bin/cmake --install /home/rsanz/git/learning/ROS2/RustROS2/build/action_msgs
