[  2%] Built target builtin_interfaces__rosidl_generator_type_description
[  4%] Built target builtin_interfaces__rs
[  4%] Built target ament_cmake_python_copy_builtin_interfaces
[  6%] Built target builtin_interfaces__cpp
[ 24%] Built target builtin_interfaces__rosidl_generator_c
[ 33%] Built target builtin_interfaces__rosidl_typesupport_c
[ 42%] Built target builtin_interfaces__rosidl_typesupport_fastrtps_c
[ 51%] Built target builtin_interfaces__rosidl_typesupport_cpp
[ 60%] Built target builtin_interfaces__rosidl_typesupport_introspection_cpp
[ 68%] Built target builtin_interfaces__rosidl_typesupport_introspection_c
[ 77%] Built target builtin_interfaces__rosidl_typesupport_fastrtps_cpp
[ 77%] Built target builtin_interfaces
[ 80%] Built target builtin_interfaces__py
[ 86%] Built target builtin_interfaces__rosidl_generator_py
[ 95%] Built target builtin_interfaces_s__rosidl_typesupport_introspection_c
[ 95%] Built target builtin_interfaces_s__rosidl_typesupport_fastrtps_c
[100%] Built target builtin_interfaces_s__rosidl_typesupport_c
running egg_info
writing builtin_interfaces.egg-info/PKG-INFO
writing dependency_links to builtin_interfaces.egg-info/dependency_links.txt
writing top-level names to builtin_interfaces.egg-info/top_level.txt
reading manifest file 'builtin_interfaces.egg-info/SOURCES.txt'
writing manifest file 'builtin_interfaces.egg-info/SOURCES.txt'
[100%] Built target ament_cmake_python_build_builtin_interfaces_egg
-- Install configuration: ""
-- Up-to-date: /home/rsanz/git/learning/ROS2/RustROS2/install/builtin_interfaces/share/ament_index/resource_index/rosidl_interfaces/builtin_interfaces
-- Up-to-date: /home/rsanz/git/learning/ROS2/RustROS2/install/builtin_interfaces/share/builtin_interfaces/msg/Duration.json
-- Up-to-date: /home/rsanz/git/learning/ROS2/RustROS2/install/builtin_interfaces/share/builtin_interfaces/msg/Time.json
-- Up-to-date: /home/rsanz/git/learning/ROS2/RustROS2/install/builtin_interfaces/include/builtin_interfaces/builtin_interfaces
-- Up-to-date: /home/rsanz/git/learning/ROS2/RustROS2/install/builtin_interfaces/include/builtin_interfaces/builtin_interfaces/msg
-- Up-to-date: /home/rsanz/git/learning/ROS2/RustROS2/install/builtin_interfaces/include/builtin_interfaces/builtin_interfaces/msg/rosidl_generator_c__visibility_control.h
-- Up-to-date: /home/rsanz/git/learning/ROS2/RustROS2/install/builtin_interfaces/include/builtin_interfaces/builtin_interfaces/msg/time.h
-- Up-to-date: /home/rsanz/git/learning/ROS2/RustROS2/install/builtin_interfaces/include/builtin_interfaces/builtin_interfaces/msg/detail
-- Up-to-date: /home/rsanz/git/learning/ROS2/RustROS2/install/builtin_interfaces/include/builtin_interfaces/builtin_interfaces/msg/detail/time__type_support.h
-- Up-to-date: /home/rsanz/git/learning/ROS2/RustROS2/install/builtin_interfaces/include/builtin_interfaces/builtin_interfaces/msg/detail/duration__functions.h
-- Up-to-date: /home/rsanz/git/learning/ROS2/RustROS2/install/builtin_interfaces/include/builtin_interfaces/builtin_interfaces/msg/detail/duration__type_support.h
-- Up-to-date: /home/rsanz/git/learning/ROS2/RustROS2/install/builtin_interfaces/include/builtin_interfaces/builtin_interfaces/msg/detail/time__functions.c
-- Up-to-date: /home/rsanz/git/learning/ROS2/RustROS2/install/builtin_interfaces/include/builtin_interfaces/builtin_interfaces/msg/detail/time__functions.h
-- Up-to-date: /home/rsanz/git/learning/ROS2/RustROS2/install/builtin_interfaces/include/builtin_interfaces/builtin_interfaces/msg/detail/duration__functions.c
-- Up-to-date: /home/rsanz/git/learning/ROS2/RustROS2/install/builtin_interfaces/include/builtin_interfaces/builtin_interfaces/msg/detail/time__type_support.c
-- Up-to-date: /home/rsanz/git/learning/ROS2/RustROS2/install/builtin_interfaces/include/builtin_interfaces/builtin_interfaces/msg/detail/time__description.c
-- Up-to-date: /home/rsanz/git/learning/ROS2/RustROS2/install/builtin_interfaces/include/builtin_interfaces/builtin_interfaces/msg/detail/time__struct.h
-- Up-to-date: /home/rsanz/git/learning/ROS2/RustROS2/install/builtin_interfaces/include/builtin_interfaces/builtin_interfaces/msg/detail/duration__type_support.c
-- Up-to-date: /home/rsanz/git/learning/ROS2/RustROS2/install/builtin_interfaces/include/builtin_interfaces/builtin_interfaces/msg/detail/duration__description.c
-- Up-to-date: /home/rsanz/git/learning/ROS2/RustROS2/install/builtin_interfaces/include/builtin_interfaces/builtin_interfaces/msg/detail/duration__struct.h
-- Up-to-date: /home/rsanz/git/learning/ROS2/RustROS2/install/builtin_interfaces/include/builtin_interfaces/builtin_interfaces/msg/duration.h
-- Up-to-date: /home/rsanz/git/learning/ROS2/RustROS2/install/builtin_interfaces/share/builtin_interfaces/environment/library_path.sh
-- Up-to-date: /home/rsanz/git/learning/ROS2/RustROS2/install/builtin_interfaces/share/builtin_interfaces/environment/library_path.dsv
-- Up-to-date: /home/rsanz/git/learning/ROS2/RustROS2/install/builtin_interfaces/lib/libbuiltin_interfaces__rosidl_generator_c.so
-- Up-to-date: /home/rsanz/git/learning/ROS2/RustROS2/install/builtin_interfaces/include/builtin_interfaces/builtin_interfaces
-- Up-to-date: /home/rsanz/git/learning/ROS2/RustROS2/install/builtin_interfaces/include/builtin_interfaces/builtin_interfaces/msg
-- Up-to-date: /home/rsanz/git/learning/ROS2/RustROS2/install/builtin_interfaces/include/builtin_interfaces/builtin_interfaces/msg/rosidl_typesupport_fastrtps_c__visibility_control.h
-- Up-to-date: /home/rsanz/git/learning/ROS2/RustROS2/install/builtin_interfaces/include/builtin_interfaces/builtin_interfaces/msg/detail
-- Up-to-date: /home/rsanz/git/learning/ROS2/RustROS2/install/builtin_interfaces/include/builtin_interfaces/builtin_interfaces/msg/detail/duration__rosidl_typesupport_fastrtps_c.h
-- Up-to-date: /home/rsanz/git/learning/ROS2/RustROS2/install/builtin_interfaces/include/builtin_interfaces/builtin_interfaces/msg/detail/time__rosidl_typesupport_fastrtps_c.h
-- Up-to-date: /home/rsanz/git/learning/ROS2/RustROS2/install/builtin_interfaces/lib/libbuiltin_interfaces__rosidl_typesupport_fastrtps_c.so
-- Up-to-date: /home/rsanz/git/learning/ROS2/RustROS2/install/builtin_interfaces/include/builtin_interfaces/builtin_interfaces
-- Up-to-date: /home/rsanz/git/learning/ROS2/RustROS2/install/builtin_interfaces/include/builtin_interfaces/builtin_interfaces/msg
-- Up-to-date: /home/rsanz/git/learning/ROS2/RustROS2/install/builtin_interfaces/include/builtin_interfaces/builtin_interfaces/msg/rosidl_typesupport_introspection_c__visibility_control.h
-- Up-to-date: /home/rsanz/git/learning/ROS2/RustROS2/install/builtin_interfaces/include/builtin_interfaces/builtin_interfaces/msg/detail
-- Up-to-date: /home/rsanz/git/learning/ROS2/RustROS2/install/builtin_interfaces/include/builtin_interfaces/builtin_interfaces/msg/detail/time__type_support.c
-- Up-to-date: /home/rsanz/git/learning/ROS2/RustROS2/install/builtin_interfaces/include/builtin_interfaces/builtin_interfaces/msg/detail/duration__rosidl_typesupport_introspection_c.h
-- Up-to-date: /home/rsanz/git/learning/ROS2/RustROS2/install/builtin_interfaces/include/builtin_interfaces/builtin_interfaces/msg/detail/time__rosidl_typesupport_introspection_c.h
-- Up-to-date: /home/rsanz/git/learning/ROS2/RustROS2/install/builtin_interfaces/include/builtin_interfaces/builtin_interfaces/msg/detail/duration__type_support.c
-- Up-to-date: /home/rsanz/git/learning/ROS2/RustROS2/install/builtin_interfaces/lib/libbuiltin_interfaces__rosidl_typesupport_introspection_c.so
-- Up-to-date: /home/rsanz/git/learning/ROS2/RustROS2/install/builtin_interfaces/lib/libbuiltin_interfaces__rosidl_typesupport_c.so
-- Up-to-date: /home/rsanz/git/learning/ROS2/RustROS2/install/builtin_interfaces/include/builtin_interfaces/builtin_interfaces
-- Up-to-date: /home/rsanz/git/learning/ROS2/RustROS2/install/builtin_interfaces/include/builtin_interfaces/builtin_interfaces/msg
-- Up-to-date: /home/rsanz/git/learning/ROS2/RustROS2/install/builtin_interfaces/include/builtin_interfaces/builtin_interfaces/msg/time.hpp
-- Up-to-date: /home/rsanz/git/learning/ROS2/RustROS2/install/builtin_interfaces/include/builtin_interfaces/builtin_interfaces/msg/detail
-- Up-to-date: /home/rsanz/git/learning/ROS2/RustROS2/install/builtin_interfaces/include/builtin_interfaces/builtin_interfaces/msg/detail/duration__traits.hpp
-- Up-to-date: /home/rsanz/git/learning/ROS2/RustROS2/install/builtin_interfaces/include/builtin_interfaces/builtin_interfaces/msg/detail/time__struct.hpp
-- Up-to-date: /home/rsanz/git/learning/ROS2/RustROS2/install/builtin_interfaces/include/builtin_interfaces/builtin_interfaces/msg/detail/time__traits.hpp
-- Up-to-date: /home/rsanz/git/learning/ROS2/RustROS2/install/builtin_interfaces/include/builtin_interfaces/builtin_interfaces/msg/detail/duration__type_support.hpp
-- Up-to-date: /home/rsanz/git/learning/ROS2/RustROS2/install/builtin_interfaces/include/builtin_interfaces/builtin_interfaces/msg/detail/duration__builder.hpp
-- Up-to-date: /home/rsanz/git/learning/ROS2/RustROS2/install/builtin_interfaces/include/builtin_interfaces/builtin_interfaces/msg/detail/time__type_support.hpp
-- Up-to-date: /home/rsanz/git/learning/ROS2/RustROS2/install/builtin_interfaces/include/builtin_interfaces/builtin_interfaces/msg/detail/duration__struct.hpp
-- Up-to-date: /home/rsanz/git/learning/ROS2/RustROS2/install/builtin_interfaces/include/builtin_interfaces/builtin_interfaces/msg/detail/time__builder.hpp
-- Up-to-date: /home/rsanz/git/learning/ROS2/RustROS2/install/builtin_interfaces/include/builtin_interfaces/builtin_interfaces/msg/duration.hpp
-- Up-to-date: /home/rsanz/git/learning/ROS2/RustROS2/install/builtin_interfaces/include/builtin_interfaces/builtin_interfaces/msg/rosidl_generator_cpp__visibility_control.hpp
-- Up-to-date: /home/rsanz/git/learning/ROS2/RustROS2/install/builtin_interfaces/include/builtin_interfaces/builtin_interfaces
-- Up-to-date: /home/rsanz/git/learning/ROS2/RustROS2/install/builtin_interfaces/include/builtin_interfaces/builtin_interfaces/msg
-- Up-to-date: /home/rsanz/git/learning/ROS2/RustROS2/install/builtin_interfaces/include/builtin_interfaces/builtin_interfaces/msg/rosidl_typesupport_fastrtps_cpp__visibility_control.h
-- Up-to-date: /home/rsanz/git/learning/ROS2/RustROS2/install/builtin_interfaces/include/builtin_interfaces/builtin_interfaces/msg/detail
-- Up-to-date: /home/rsanz/git/learning/ROS2/RustROS2/install/builtin_interfaces/include/builtin_interfaces/builtin_interfaces/msg/detail/duration__rosidl_typesupport_fastrtps_cpp.hpp
-- Up-to-date: /home/rsanz/git/learning/ROS2/RustROS2/install/builtin_interfaces/include/builtin_interfaces/builtin_interfaces/msg/detail/time__rosidl_typesupport_fastrtps_cpp.hpp
-- Up-to-date: /home/rsanz/git/learning/ROS2/RustROS2/install/builtin_interfaces/include/builtin_interfaces/builtin_interfaces/msg/detail/dds_fastrtps
-- Up-to-date: /home/rsanz/git/learning/ROS2/RustROS2/install/builtin_interfaces/lib/libbuiltin_interfaces__rosidl_typesupport_fastrtps_cpp.so
-- Up-to-date: /home/rsanz/git/learning/ROS2/RustROS2/install/builtin_interfaces/include/builtin_interfaces/builtin_interfaces
-- Up-to-date: /home/rsanz/git/learning/ROS2/RustROS2/install/builtin_interfaces/include/builtin_interfaces/builtin_interfaces/msg
-- Up-to-date: /home/rsanz/git/learning/ROS2/RustROS2/install/builtin_interfaces/include/builtin_interfaces/builtin_interfaces/msg/detail
-- Up-to-date: /home/rsanz/git/learning/ROS2/RustROS2/install/builtin_interfaces/include/builtin_interfaces/builtin_interfaces/msg/detail/time__type_support.cpp
-- Up-to-date: /home/rsanz/git/learning/ROS2/RustROS2/install/builtin_interfaces/include/builtin_interfaces/builtin_interfaces/msg/detail/duration__rosidl_typesupport_introspection_cpp.hpp
-- Up-to-date: /home/rsanz/git/learning/ROS2/RustROS2/install/builtin_interfaces/include/builtin_interfaces/builtin_interfaces/msg/detail/duration__type_support.cpp
-- Up-to-date: /home/rsanz/git/learning/ROS2/RustROS2/install/builtin_interfaces/include/builtin_interfaces/builtin_interfaces/msg/detail/time__rosidl_typesupport_introspection_cpp.hpp
-- Up-to-date: /home/rsanz/git/learning/ROS2/RustROS2/install/builtin_interfaces/lib/libbuiltin_interfaces__rosidl_typesupport_introspection_cpp.so
-- Up-to-date: /home/rsanz/git/learning/ROS2/RustROS2/install/builtin_interfaces/lib/libbuiltin_interfaces__rosidl_typesupport_cpp.so
-- Up-to-date: /home/rsanz/git/learning/ROS2/RustROS2/install/builtin_interfaces/share/ament_index/resource_index/rust_packages/builtin_interfaces
-- Up-to-date: /home/rsanz/git/learning/ROS2/RustROS2/install/builtin_interfaces/share/builtin_interfaces/rust
-- Up-to-date: /home/rsanz/git/learning/ROS2/RustROS2/install/builtin_interfaces/share/builtin_interfaces/rust/src
-- Up-to-date: /home/rsanz/git/learning/ROS2/RustROS2/install/builtin_interfaces/share/builtin_interfaces/rust/src/msg.rs
-- Up-to-date: /home/rsanz/git/learning/ROS2/RustROS2/install/builtin_interfaces/share/builtin_interfaces/rust/src/msg
-- Up-to-date: /home/rsanz/git/learning/ROS2/RustROS2/install/builtin_interfaces/share/builtin_interfaces/rust/src/msg/rmw.rs
-- Up-to-date: /home/rsanz/git/learning/ROS2/RustROS2/install/builtin_interfaces/share/builtin_interfaces/rust/src/lib.rs
-- Up-to-date: /home/rsanz/git/learning/ROS2/RustROS2/install/builtin_interfaces/share/builtin_interfaces/rust/build.rs
-- Up-to-date: /home/rsanz/git/learning/ROS2/RustROS2/install/builtin_interfaces/share/builtin_interfaces/rust/Cargo.toml
-- Up-to-date: /home/rsanz/git/learning/ROS2/RustROS2/install/builtin_interfaces/share/builtin_interfaces/environment/pythonpath.sh
-- Up-to-date: /home/rsanz/git/learning/ROS2/RustROS2/install/builtin_interfaces/share/builtin_interfaces/environment/pythonpath.dsv
-- Up-to-date: /home/rsanz/git/learning/ROS2/RustROS2/install/builtin_interfaces/lib/python3.12/site-packages/builtin_interfaces-2.0.3-py3.12.egg-info
-- Installing: /home/rsanz/git/learning/ROS2/RustROS2/install/builtin_interfaces/lib/python3.12/site-packages/builtin_interfaces-2.0.3-py3.12.egg-info/dependency_links.txt
-- Installing: /home/rsanz/git/learning/ROS2/RustROS2/install/builtin_interfaces/lib/python3.12/site-packages/builtin_interfaces-2.0.3-py3.12.egg-info/PKG-INFO
-- Installing: /home/rsanz/git/learning/ROS2/RustROS2/install/builtin_interfaces/lib/python3.12/site-packages/builtin_interfaces-2.0.3-py3.12.egg-info/top_level.txt
-- Installing: /home/rsanz/git/learning/ROS2/RustROS2/install/builtin_interfaces/lib/python3.12/site-packages/builtin_interfaces-2.0.3-py3.12.egg-info/SOURCES.txt
-- Up-to-date: /home/rsanz/git/learning/ROS2/RustROS2/install/builtin_interfaces/lib/python3.12/site-packages/builtin_interfaces
-- Up-to-date: /home/rsanz/git/learning/ROS2/RustROS2/install/builtin_interfaces/lib/python3.12/site-packages/builtin_interfaces/builtin_interfaces_s__rosidl_typesupport_fastrtps_c.so
-- Up-to-date: /home/rsanz/git/learning/ROS2/RustROS2/install/builtin_interfaces/lib/python3.12/site-packages/builtin_interfaces/builtin_interfaces_s__rosidl_typesupport_c.so
-- Up-to-date: /home/rsanz/git/learning/ROS2/RustROS2/install/builtin_interfaces/lib/python3.12/site-packages/builtin_interfaces/_builtin_interfaces_s.ep.rosidl_typesupport_fastrtps_c.c
-- Up-to-date: /home/rsanz/git/learning/ROS2/RustROS2/install/builtin_interfaces/lib/python3.12/site-packages/builtin_interfaces/builtin_interfaces_s__rosidl_typesupport_introspection_c.so
-- Up-to-date: /home/rsanz/git/learning/ROS2/RustROS2/install/builtin_interfaces/lib/python3.12/site-packages/builtin_interfaces/msg
-- Up-to-date: /home/rsanz/git/learning/ROS2/RustROS2/install/builtin_interfaces/lib/python3.12/site-packages/builtin_interfaces/msg/_duration_s.c
-- Up-to-date: /home/rsanz/git/learning/ROS2/RustROS2/install/builtin_interfaces/lib/python3.12/site-packages/builtin_interfaces/msg/_duration.py
-- Up-to-date: /home/rsanz/git/learning/ROS2/RustROS2/install/builtin_interfaces/lib/python3.12/site-packages/builtin_interfaces/msg/_time.py
-- Up-to-date: /home/rsanz/git/learning/ROS2/RustROS2/install/builtin_interfaces/lib/python3.12/site-packages/builtin_interfaces/msg/__init__.py
-- Up-to-date: /home/rsanz/git/learning/ROS2/RustROS2/install/builtin_interfaces/lib/python3.12/site-packages/builtin_interfaces/msg/_time_s.c
-- Up-to-date: /home/rsanz/git/learning/ROS2/RustROS2/install/builtin_interfaces/lib/python3.12/site-packages/builtin_interfaces/__init__.py
-- Up-to-date: /home/rsanz/git/learning/ROS2/RustROS2/install/builtin_interfaces/lib/python3.12/site-packages/builtin_interfaces/_builtin_interfaces_s.ep.rosidl_typesupport_introspection_c.c
-- Up-to-date: /home/rsanz/git/learning/ROS2/RustROS2/install/builtin_interfaces/lib/python3.12/site-packages/builtin_interfaces/_builtin_interfaces_s.ep.rosidl_typesupport_c.c
Listing '/home/rsanz/git/learning/ROS2/RustROS2/install/builtin_interfaces/lib/python3.12/site-packages/builtin_interfaces'...
Listing '/home/rsanz/git/learning/ROS2/RustROS2/install/builtin_interfaces/lib/python3.12/site-packages/builtin_interfaces/msg'...
-- Up-to-date: /home/rsanz/git/learning/ROS2/RustROS2/install/builtin_interfaces/lib/python3.12/site-packages/builtin_interfaces/builtin_interfaces_s__rosidl_typesupport_fastrtps_c.so
-- Up-to-date: /home/rsanz/git/learning/ROS2/RustROS2/install/builtin_interfaces/lib/python3.12/site-packages/builtin_interfaces/builtin_interfaces_s__rosidl_typesupport_introspection_c.so
-- Up-to-date: /home/rsanz/git/learning/ROS2/RustROS2/install/builtin_interfaces/lib/python3.12/site-packages/builtin_interfaces/builtin_interfaces_s__rosidl_typesupport_c.so
-- Up-to-date: /home/rsanz/git/learning/ROS2/RustROS2/install/builtin_interfaces/lib/libbuiltin_interfaces__rosidl_generator_py.so
-- Up-to-date: /home/rsanz/git/learning/ROS2/RustROS2/install/builtin_interfaces/share/builtin_interfaces/msg/Duration.idl
-- Up-to-date: /home/rsanz/git/learning/ROS2/RustROS2/install/builtin_interfaces/share/builtin_interfaces/msg/Time.idl
-- Up-to-date: /home/rsanz/git/learning/ROS2/RustROS2/install/builtin_interfaces/share/builtin_interfaces/msg/Duration.msg
-- Up-to-date: /home/rsanz/git/learning/ROS2/RustROS2/install/builtin_interfaces/share/builtin_interfaces/msg/Time.msg
-- Up-to-date: /home/rsanz/git/learning/ROS2/RustROS2/install/builtin_interfaces/share/ament_index/resource_index/package_run_dependencies/builtin_interfaces
-- Up-to-date: /home/rsanz/git/learning/ROS2/RustROS2/install/builtin_interfaces/share/ament_index/resource_index/parent_prefix_path/builtin_interfaces
-- Up-to-date: /home/rsanz/git/learning/ROS2/RustROS2/install/builtin_interfaces/share/builtin_interfaces/environment/ament_prefix_path.sh
-- Up-to-date: /home/rsanz/git/learning/ROS2/RustROS2/install/builtin_interfaces/share/builtin_interfaces/environment/ament_prefix_path.dsv
-- Up-to-date: /home/rsanz/git/learning/ROS2/RustROS2/install/builtin_interfaces/share/builtin_interfaces/environment/path.sh
-- Up-to-date: /home/rsanz/git/learning/ROS2/RustROS2/install/builtin_interfaces/share/builtin_interfaces/environment/path.dsv
-- Up-to-date: /home/rsanz/git/learning/ROS2/RustROS2/install/builtin_interfaces/share/builtin_interfaces/local_setup.bash
-- Up-to-date: /home/rsanz/git/learning/ROS2/RustROS2/install/builtin_interfaces/share/builtin_interfaces/local_setup.sh
-- Up-to-date: /home/rsanz/git/learning/ROS2/RustROS2/install/builtin_interfaces/share/builtin_interfaces/local_setup.zsh
-- Up-to-date: /home/rsanz/git/learning/ROS2/RustROS2/install/builtin_interfaces/share/builtin_interfaces/local_setup.dsv
-- Installing: /home/rsanz/git/learning/ROS2/RustROS2/install/builtin_interfaces/share/builtin_interfaces/package.dsv
-- Up-to-date: /home/rsanz/git/learning/ROS2/RustROS2/install/builtin_interfaces/share/ament_index/resource_index/packages/builtin_interfaces
-- Up-to-date: /home/rsanz/git/learning/ROS2/RustROS2/install/builtin_interfaces/share/builtin_interfaces/cmake/export_builtin_interfaces__rosidl_generator_cExport.cmake
-- Up-to-date: /home/rsanz/git/learning/ROS2/RustROS2/install/builtin_interfaces/share/builtin_interfaces/cmake/export_builtin_interfaces__rosidl_generator_cExport-noconfig.cmake
-- Up-to-date: /home/rsanz/git/learning/ROS2/RustROS2/install/builtin_interfaces/share/builtin_interfaces/cmake/export_builtin_interfaces__rosidl_typesupport_fastrtps_cExport.cmake
-- Up-to-date: /home/rsanz/git/learning/ROS2/RustROS2/install/builtin_interfaces/share/builtin_interfaces/cmake/export_builtin_interfaces__rosidl_typesupport_fastrtps_cExport-noconfig.cmake
-- Up-to-date: /home/rsanz/git/learning/ROS2/RustROS2/install/builtin_interfaces/share/builtin_interfaces/cmake/builtin_interfaces__rosidl_typesupport_introspection_cExport.cmake
-- Up-to-date: /home/rsanz/git/learning/ROS2/RustROS2/install/builtin_interfaces/share/builtin_interfaces/cmake/builtin_interfaces__rosidl_typesupport_introspection_cExport-noconfig.cmake
-- Up-to-date: /home/rsanz/git/learning/ROS2/RustROS2/install/builtin_interfaces/share/builtin_interfaces/cmake/builtin_interfaces__rosidl_typesupport_cExport.cmake
-- Up-to-date: /home/rsanz/git/learning/ROS2/RustROS2/install/builtin_interfaces/share/builtin_interfaces/cmake/builtin_interfaces__rosidl_typesupport_cExport-noconfig.cmake
-- Up-to-date: /home/rsanz/git/learning/ROS2/RustROS2/install/builtin_interfaces/share/builtin_interfaces/cmake/export_builtin_interfaces__rosidl_generator_cppExport.cmake
-- Up-to-date: /home/rsanz/git/learning/ROS2/RustROS2/install/builtin_interfaces/share/builtin_interfaces/cmake/export_builtin_interfaces__rosidl_typesupport_fastrtps_cppExport.cmake
-- Up-to-date: /home/rsanz/git/learning/ROS2/RustROS2/install/builtin_interfaces/share/builtin_interfaces/cmake/export_builtin_interfaces__rosidl_typesupport_fastrtps_cppExport-noconfig.cmake
-- Up-to-date: /home/rsanz/git/learning/ROS2/RustROS2/install/builtin_interfaces/share/builtin_interfaces/cmake/builtin_interfaces__rosidl_typesupport_introspection_cppExport.cmake
-- Up-to-date: /home/rsanz/git/learning/ROS2/RustROS2/install/builtin_interfaces/share/builtin_interfaces/cmake/builtin_interfaces__rosidl_typesupport_introspection_cppExport-noconfig.cmake
-- Up-to-date: /home/rsanz/git/learning/ROS2/RustROS2/install/builtin_interfaces/share/builtin_interfaces/cmake/builtin_interfaces__rosidl_typesupport_cppExport.cmake
-- Up-to-date: /home/rsanz/git/learning/ROS2/RustROS2/install/builtin_interfaces/share/builtin_interfaces/cmake/builtin_interfaces__rosidl_typesupport_cppExport-noconfig.cmake
-- Up-to-date: /home/rsanz/git/learning/ROS2/RustROS2/install/builtin_interfaces/share/builtin_interfaces/cmake/export_builtin_interfaces__rosidl_generator_pyExport.cmake
-- Up-to-date: /home/rsanz/git/learning/ROS2/RustROS2/install/builtin_interfaces/share/builtin_interfaces/cmake/export_builtin_interfaces__rosidl_generator_pyExport-noconfig.cmake
-- Up-to-date: /home/rsanz/git/learning/ROS2/RustROS2/install/builtin_interfaces/share/builtin_interfaces/cmake/rosidl_cmake-extras.cmake
-- Up-to-date: /home/rsanz/git/learning/ROS2/RustROS2/install/builtin_interfaces/share/builtin_interfaces/cmake/ament_cmake_export_include_directories-extras.cmake
-- Up-to-date: /home/rsanz/git/learning/ROS2/RustROS2/install/builtin_interfaces/share/builtin_interfaces/cmake/ament_cmake_export_libraries-extras.cmake
-- Up-to-date: /home/rsanz/git/learning/ROS2/RustROS2/install/builtin_interfaces/share/builtin_interfaces/cmake/ament_cmake_export_targets-extras.cmake
-- Up-to-date: /home/rsanz/git/learning/ROS2/RustROS2/install/builtin_interfaces/share/builtin_interfaces/cmake/rosidl_cmake_export_typesupport_targets-extras.cmake
-- Up-to-date: /home/rsanz/git/learning/ROS2/RustROS2/install/builtin_interfaces/share/builtin_interfaces/cmake/ament_cmake_export_dependencies-extras.cmake
-- Up-to-date: /home/rsanz/git/learning/ROS2/RustROS2/install/builtin_interfaces/share/builtin_interfaces/cmake/rosidl_cmake_export_typesupport_libraries-extras.cmake
-- Up-to-date: /home/rsanz/git/learning/ROS2/RustROS2/install/builtin_interfaces/share/builtin_interfaces/cmake/builtin_interfacesConfig.cmake
-- Up-to-date: /home/rsanz/git/learning/ROS2/RustROS2/install/builtin_interfaces/share/builtin_interfaces/cmake/builtin_interfacesConfig-version.cmake
-- Up-to-date: /home/rsanz/git/learning/ROS2/RustROS2/install/builtin_interfaces/share/builtin_interfaces/package.xml
