[0.010s] Invoking command in '/home/rsanz/git/learning/ROS2/RustROS2/build/service_msgs': AMENT_PREFIX_PATH=/home/rsanz/git/learning/ROS2/RustROS2/install/builtin_interfaces:/home/rsanz/git/learning/ROS2/RustROS2/install/rosidl_core_runtime:/home/rsanz/git/learning/ROS2/RustROS2/install/rosidl_core_generators:/home/rsanz/git/learning/ROS2/RustROS2/install/rosidl_generator_rs:${AMENT_PREFIX_PATH} CMAKE_PREFIX_PATH=/home/rsanz/git/learning/ROS2/RustROS2/install/builtin_interfaces:/home/rsanz/git/learning/ROS2/RustROS2/install/rosidl_core_runtime:/home/rsanz/git/learning/ROS2/RustROS2/install/rosidl_core_generators:/home/rsanz/git/learning/ROS2/RustROS2/install/rosidl_generator_rs:/opt/ros/jazzy/opt/gz_math_vendor:/opt/ros/jazzy/opt/gz_utils_vendor:/opt/ros/jazzy/opt/gz_cmake_vendor:/opt/ros/jazzy DEBUGINFOD_URLS=https://debuginfod.ubuntu.com LD_LIBRARY_PATH=/home/rsanz/git/learning/ROS2/RustROS2/install/builtin_interfaces/lib:${LD_LIBRARY_PATH} PYTHONPATH=/home/rsanz/git/learning/ROS2/RustROS2/install/builtin_interfaces/lib/python3.12/site-packages:/home/rsanz/git/learning/ROS2/RustROS2/install/rosidl_generator_rs/lib/python3.12/site-packages:${PYTHONPATH} /usr/bin/cmake --build /home/rsanz/git/learning/ROS2/RustROS2/build/service_msgs -- -j24 -l24
[0.053s] [  2%] Built target service_msgs__rosidl_generator_type_description
[0.054s] [  5%] Built target service_msgs__rs
[0.063s] [  5%] Built target ament_cmake_python_copy_service_msgs
[0.071s] [  8%] Built target service_msgs__cpp
[0.072s] [ 22%] Built target service_msgs__rosidl_generator_c
[0.090s] [ 31%] Built target service_msgs__rosidl_typesupport_introspection_c
[0.091s] [ 42%] Built target service_msgs__rosidl_typesupport_fastrtps_c
[0.091s] [ 48%] Built target service_msgs__rosidl_typesupport_fastrtps_cpp
[0.092s] [ 62%] Built target service_msgs__rosidl_typesupport_c
[0.092s] [ 65%] Built target service_msgs__rosidl_typesupport_introspection_cpp
[0.092s] [ 74%] Built target service_msgs__rosidl_typesupport_cpp
[0.109s] [ 74%] Built target service_msgs
[0.124s] [ 77%] Built target service_msgs__py
[0.141s] [ 82%] Built target service_msgs__rosidl_generator_py
[0.161s] [ 88%] Built target service_msgs_s__rosidl_typesupport_c
[0.161s] [ 94%] Built target service_msgs_s__rosidl_typesupport_fastrtps_c
[0.162s] [100%] Built target service_msgs_s__rosidl_typesupport_introspection_c
[0.252s] running egg_info
[0.273s] writing service_msgs.egg-info/PKG-INFO
[0.273s] writing dependency_links to service_msgs.egg-info/dependency_links.txt
[0.273s] writing top-level names to service_msgs.egg-info/top_level.txt
[0.336s] reading manifest file 'service_msgs.egg-info/SOURCES.txt'
[0.337s] writing manifest file 'service_msgs.egg-info/SOURCES.txt'
[0.356s] [100%] Built target ament_cmake_python_build_service_msgs_egg
[0.366s] Invoked command in '/home/rsanz/git/learning/ROS2/RustROS2/build/service_msgs' returned '0': AMENT_PREFIX_PATH=/home/rsanz/git/learning/ROS2/RustROS2/install/builtin_interfaces:/home/rsanz/git/learning/ROS2/RustROS2/install/rosidl_core_runtime:/home/rsanz/git/learning/ROS2/RustROS2/install/rosidl_core_generators:/home/rsanz/git/learning/ROS2/RustROS2/install/rosidl_generator_rs:${AMENT_PREFIX_PATH} CMAKE_PREFIX_PATH=/home/rsanz/git/learning/ROS2/RustROS2/install/builtin_interfaces:/home/rsanz/git/learning/ROS2/RustROS2/install/rosidl_core_runtime:/home/rsanz/git/learning/ROS2/RustROS2/install/rosidl_core_generators:/home/rsanz/git/learning/ROS2/RustROS2/install/rosidl_generator_rs:/opt/ros/jazzy/opt/gz_math_vendor:/opt/ros/jazzy/opt/gz_utils_vendor:/opt/ros/jazzy/opt/gz_cmake_vendor:/opt/ros/jazzy DEBUGINFOD_URLS=https://debuginfod.ubuntu.com LD_LIBRARY_PATH=/home/rsanz/git/learning/ROS2/RustROS2/install/builtin_interfaces/lib:${LD_LIBRARY_PATH} PYTHONPATH=/home/rsanz/git/learning/ROS2/RustROS2/install/builtin_interfaces/lib/python3.12/site-packages:/home/rsanz/git/learning/ROS2/RustROS2/install/rosidl_generator_rs/lib/python3.12/site-packages:${PYTHONPATH} /usr/bin/cmake --build /home/rsanz/git/learning/ROS2/RustROS2/build/service_msgs -- -j24 -l24
[0.367s] Invoking command in '/home/rsanz/git/learning/ROS2/RustROS2/build/service_msgs': AMENT_PREFIX_PATH=/home/rsanz/git/learning/ROS2/RustROS2/install/builtin_interfaces:/home/rsanz/git/learning/ROS2/RustROS2/install/rosidl_core_runtime:/home/rsanz/git/learning/ROS2/RustROS2/install/rosidl_core_generators:/home/rsanz/git/learning/ROS2/RustROS2/install/rosidl_generator_rs:${AMENT_PREFIX_PATH} CMAKE_PREFIX_PATH=/home/rsanz/git/learning/ROS2/RustROS2/install/builtin_interfaces:/home/rsanz/git/learning/ROS2/RustROS2/install/rosidl_core_runtime:/home/rsanz/git/learning/ROS2/RustROS2/install/rosidl_core_generators:/home/rsanz/git/learning/ROS2/RustROS2/install/rosidl_generator_rs:/opt/ros/jazzy/opt/gz_math_vendor:/opt/ros/jazzy/opt/gz_utils_vendor:/opt/ros/jazzy/opt/gz_cmake_vendor:/opt/ros/jazzy DEBUGINFOD_URLS=https://debuginfod.ubuntu.com LD_LIBRARY_PATH=/home/rsanz/git/learning/ROS2/RustROS2/install/builtin_interfaces/lib:${LD_LIBRARY_PATH} PYTHONPATH=/home/rsanz/git/learning/ROS2/RustROS2/install/builtin_interfaces/lib/python3.12/site-packages:/home/rsanz/git/learning/ROS2/RustROS2/install/rosidl_generator_rs/lib/python3.12/site-packages:${PYTHONPATH} /usr/bin/cmake --install /home/rsanz/git/learning/ROS2/RustROS2/build/service_msgs
[0.375s] -- Install configuration: ""
[0.375s] -- Up-to-date: /home/rsanz/git/learning/ROS2/RustROS2/install/service_msgs/share/ament_index/resource_index/rosidl_interfaces/service_msgs
[0.375s] -- Up-to-date: /home/rsanz/git/learning/ROS2/RustROS2/install/service_msgs/share/service_msgs/msg/ServiceEventInfo.json
[0.375s] -- Up-to-date: /home/rsanz/git/learning/ROS2/RustROS2/install/service_msgs/include/service_msgs/service_msgs
[0.376s] -- Up-to-date: /home/rsanz/git/learning/ROS2/RustROS2/install/service_msgs/include/service_msgs/service_msgs/msg
[0.376s] -- Up-to-date: /home/rsanz/git/learning/ROS2/RustROS2/install/service_msgs/include/service_msgs/service_msgs/msg/rosidl_generator_c__visibility_control.h
[0.376s] -- Up-to-date: /home/rsanz/git/learning/ROS2/RustROS2/install/service_msgs/include/service_msgs/service_msgs/msg/detail
[0.376s] -- Up-to-date: /home/rsanz/git/learning/ROS2/RustROS2/install/service_msgs/include/service_msgs/service_msgs/msg/detail/service_event_info__struct.h
[0.376s] -- Up-to-date: /home/rsanz/git/learning/ROS2/RustROS2/install/service_msgs/include/service_msgs/service_msgs/msg/detail/service_event_info__type_support.c
[0.376s] -- Up-to-date: /home/rsanz/git/learning/ROS2/RustROS2/install/service_msgs/include/service_msgs/service_msgs/msg/detail/service_event_info__type_support.h
[0.376s] -- Up-to-date: /home/rsanz/git/learning/ROS2/RustROS2/install/service_msgs/include/service_msgs/service_msgs/msg/detail/service_event_info__functions.c
[0.376s] -- Up-to-date: /home/rsanz/git/learning/ROS2/RustROS2/install/service_msgs/include/service_msgs/service_msgs/msg/detail/service_event_info__description.c
[0.376s] -- Up-to-date: /home/rsanz/git/learning/ROS2/RustROS2/install/service_msgs/include/service_msgs/service_msgs/msg/detail/service_event_info__functions.h
[0.376s] -- Up-to-date: /home/rsanz/git/learning/ROS2/RustROS2/install/service_msgs/include/service_msgs/service_msgs/msg/service_event_info.h
[0.376s] -- Up-to-date: /home/rsanz/git/learning/ROS2/RustROS2/install/service_msgs/share/service_msgs/environment/library_path.sh
[0.377s] -- Up-to-date: /home/rsanz/git/learning/ROS2/RustROS2/install/service_msgs/share/service_msgs/environment/library_path.dsv
[0.377s] -- Up-to-date: /home/rsanz/git/learning/ROS2/RustROS2/install/service_msgs/lib/libservice_msgs__rosidl_generator_c.so
[0.377s] -- Up-to-date: /home/rsanz/git/learning/ROS2/RustROS2/install/service_msgs/include/service_msgs/service_msgs
[0.377s] -- Up-to-date: /home/rsanz/git/learning/ROS2/RustROS2/install/service_msgs/include/service_msgs/service_msgs/msg
[0.377s] -- Up-to-date: /home/rsanz/git/learning/ROS2/RustROS2/install/service_msgs/include/service_msgs/service_msgs/msg/rosidl_typesupport_fastrtps_c__visibility_control.h
[0.377s] -- Up-to-date: /home/rsanz/git/learning/ROS2/RustROS2/install/service_msgs/include/service_msgs/service_msgs/msg/detail
[0.377s] -- Up-to-date: /home/rsanz/git/learning/ROS2/RustROS2/install/service_msgs/include/service_msgs/service_msgs/msg/detail/service_event_info__rosidl_typesupport_fastrtps_c.h
[0.377s] -- Up-to-date: /home/rsanz/git/learning/ROS2/RustROS2/install/service_msgs/lib/libservice_msgs__rosidl_typesupport_fastrtps_c.so
[0.377s] -- Up-to-date: /home/rsanz/git/learning/ROS2/RustROS2/install/service_msgs/include/service_msgs/service_msgs
[0.377s] -- Up-to-date: /home/rsanz/git/learning/ROS2/RustROS2/install/service_msgs/include/service_msgs/service_msgs/msg
[0.377s] -- Up-to-date: /home/rsanz/git/learning/ROS2/RustROS2/install/service_msgs/include/service_msgs/service_msgs/msg/service_event_info.hpp
[0.377s] -- Up-to-date: /home/rsanz/git/learning/ROS2/RustROS2/install/service_msgs/include/service_msgs/service_msgs/msg/detail
[0.378s] -- Up-to-date: /home/rsanz/git/learning/ROS2/RustROS2/install/service_msgs/include/service_msgs/service_msgs/msg/detail/service_event_info__type_support.hpp
[0.378s] -- Up-to-date: /home/rsanz/git/learning/ROS2/RustROS2/install/service_msgs/include/service_msgs/service_msgs/msg/detail/service_event_info__traits.hpp
[0.378s] -- Up-to-date: /home/rsanz/git/learning/ROS2/RustROS2/install/service_msgs/include/service_msgs/service_msgs/msg/detail/service_event_info__struct.hpp
[0.378s] -- Up-to-date: /home/rsanz/git/learning/ROS2/RustROS2/install/service_msgs/include/service_msgs/service_msgs/msg/detail/service_event_info__builder.hpp
[0.378s] -- Up-to-date: /home/rsanz/git/learning/ROS2/RustROS2/install/service_msgs/include/service_msgs/service_msgs/msg/rosidl_generator_cpp__visibility_control.hpp
[0.378s] -- Up-to-date: /home/rsanz/git/learning/ROS2/RustROS2/install/service_msgs/include/service_msgs/service_msgs
[0.378s] -- Up-to-date: /home/rsanz/git/learning/ROS2/RustROS2/install/service_msgs/include/service_msgs/service_msgs/msg
[0.378s] -- Up-to-date: /home/rsanz/git/learning/ROS2/RustROS2/install/service_msgs/include/service_msgs/service_msgs/msg/rosidl_typesupport_fastrtps_cpp__visibility_control.h
[0.378s] -- Up-to-date: /home/rsanz/git/learning/ROS2/RustROS2/install/service_msgs/include/service_msgs/service_msgs/msg/detail
[0.378s] -- Up-to-date: /home/rsanz/git/learning/ROS2/RustROS2/install/service_msgs/include/service_msgs/service_msgs/msg/detail/service_event_info__rosidl_typesupport_fastrtps_cpp.hpp
[0.378s] -- Up-to-date: /home/rsanz/git/learning/ROS2/RustROS2/install/service_msgs/include/service_msgs/service_msgs/msg/detail/dds_fastrtps
[0.378s] -- Up-to-date: /home/rsanz/git/learning/ROS2/RustROS2/install/service_msgs/lib/libservice_msgs__rosidl_typesupport_fastrtps_cpp.so
[0.378s] -- Up-to-date: /home/rsanz/git/learning/ROS2/RustROS2/install/service_msgs/include/service_msgs/service_msgs
[0.378s] -- Up-to-date: /home/rsanz/git/learning/ROS2/RustROS2/install/service_msgs/include/service_msgs/service_msgs/msg
[0.378s] -- Up-to-date: /home/rsanz/git/learning/ROS2/RustROS2/install/service_msgs/include/service_msgs/service_msgs/msg/rosidl_typesupport_introspection_c__visibility_control.h
[0.379s] -- Up-to-date: /home/rsanz/git/learning/ROS2/RustROS2/install/service_msgs/include/service_msgs/service_msgs/msg/detail
[0.379s] -- Up-to-date: /home/rsanz/git/learning/ROS2/RustROS2/install/service_msgs/include/service_msgs/service_msgs/msg/detail/service_event_info__type_support.c
[0.379s] -- Up-to-date: /home/rsanz/git/learning/ROS2/RustROS2/install/service_msgs/include/service_msgs/service_msgs/msg/detail/service_event_info__rosidl_typesupport_introspection_c.h
[0.379s] -- Up-to-date: /home/rsanz/git/learning/ROS2/RustROS2/install/service_msgs/lib/libservice_msgs__rosidl_typesupport_introspection_c.so
[0.379s] -- Up-to-date: /home/rsanz/git/learning/ROS2/RustROS2/install/service_msgs/lib/libservice_msgs__rosidl_typesupport_c.so
[0.379s] -- Up-to-date: /home/rsanz/git/learning/ROS2/RustROS2/install/service_msgs/include/service_msgs/service_msgs
[0.379s] -- Up-to-date: /home/rsanz/git/learning/ROS2/RustROS2/install/service_msgs/include/service_msgs/service_msgs/msg
[0.379s] -- Up-to-date: /home/rsanz/git/learning/ROS2/RustROS2/install/service_msgs/include/service_msgs/service_msgs/msg/detail
[0.379s] -- Up-to-date: /home/rsanz/git/learning/ROS2/RustROS2/install/service_msgs/include/service_msgs/service_msgs/msg/detail/service_event_info__rosidl_typesupport_introspection_cpp.hpp
[0.379s] -- Up-to-date: /home/rsanz/git/learning/ROS2/RustROS2/install/service_msgs/include/service_msgs/service_msgs/msg/detail/service_event_info__type_support.cpp
[0.379s] -- Up-to-date: /home/rsanz/git/learning/ROS2/RustROS2/install/service_msgs/lib/libservice_msgs__rosidl_typesupport_introspection_cpp.so
[0.379s] -- Up-to-date: /home/rsanz/git/learning/ROS2/RustROS2/install/service_msgs/lib/libservice_msgs__rosidl_typesupport_cpp.so
[0.379s] -- Up-to-date: /home/rsanz/git/learning/ROS2/RustROS2/install/service_msgs/share/ament_index/resource_index/rust_packages/service_msgs
[0.380s] -- Up-to-date: /home/rsanz/git/learning/ROS2/RustROS2/install/service_msgs/share/service_msgs/rust
[0.380s] -- Up-to-date: /home/rsanz/git/learning/ROS2/RustROS2/install/service_msgs/share/service_msgs/rust/src
[0.380s] -- Up-to-date: /home/rsanz/git/learning/ROS2/RustROS2/install/service_msgs/share/service_msgs/rust/src/msg.rs
[0.380s] -- Up-to-date: /home/rsanz/git/learning/ROS2/RustROS2/install/service_msgs/share/service_msgs/rust/src/msg
[0.380s] -- Up-to-date: /home/rsanz/git/learning/ROS2/RustROS2/install/service_msgs/share/service_msgs/rust/src/msg/rmw.rs
[0.380s] -- Up-to-date: /home/rsanz/git/learning/ROS2/RustROS2/install/service_msgs/share/service_msgs/rust/src/lib.rs
[0.380s] -- Up-to-date: /home/rsanz/git/learning/ROS2/RustROS2/install/service_msgs/share/service_msgs/rust/build.rs
[0.380s] -- Up-to-date: /home/rsanz/git/learning/ROS2/RustROS2/install/service_msgs/share/service_msgs/rust/Cargo.toml
[0.380s] -- Up-to-date: /home/rsanz/git/learning/ROS2/RustROS2/install/service_msgs/share/service_msgs/environment/pythonpath.sh
[0.380s] -- Up-to-date: /home/rsanz/git/learning/ROS2/RustROS2/install/service_msgs/share/service_msgs/environment/pythonpath.dsv
[0.380s] -- Up-to-date: /home/rsanz/git/learning/ROS2/RustROS2/install/service_msgs/lib/python3.12/site-packages/service_msgs-2.0.3-py3.12.egg-info
[0.380s] -- Installing: /home/rsanz/git/learning/ROS2/RustROS2/install/service_msgs/lib/python3.12/site-packages/service_msgs-2.0.3-py3.12.egg-info/dependency_links.txt
[0.380s] -- Installing: /home/rsanz/git/learning/ROS2/RustROS2/install/service_msgs/lib/python3.12/site-packages/service_msgs-2.0.3-py3.12.egg-info/PKG-INFO
[0.380s] -- Installing: /home/rsanz/git/learning/ROS2/RustROS2/install/service_msgs/lib/python3.12/site-packages/service_msgs-2.0.3-py3.12.egg-info/top_level.txt
[0.380s] -- Installing: /home/rsanz/git/learning/ROS2/RustROS2/install/service_msgs/lib/python3.12/site-packages/service_msgs-2.0.3-py3.12.egg-info/SOURCES.txt
[0.381s] -- Up-to-date: /home/rsanz/git/learning/ROS2/RustROS2/install/service_msgs/lib/python3.12/site-packages/service_msgs
[0.381s] -- Up-to-date: /home/rsanz/git/learning/ROS2/RustROS2/install/service_msgs/lib/python3.12/site-packages/service_msgs/service_msgs_s__rosidl_typesupport_introspection_c.so
[0.381s] -- Up-to-date: /home/rsanz/git/learning/ROS2/RustROS2/install/service_msgs/lib/python3.12/site-packages/service_msgs/service_msgs_s__rosidl_typesupport_fastrtps_c.so
[0.381s] -- Up-to-date: /home/rsanz/git/learning/ROS2/RustROS2/install/service_msgs/lib/python3.12/site-packages/service_msgs/service_msgs_s__rosidl_typesupport_c.so
[0.381s] -- Up-to-date: /home/rsanz/git/learning/ROS2/RustROS2/install/service_msgs/lib/python3.12/site-packages/service_msgs/_service_msgs_s.ep.rosidl_typesupport_fastrtps_c.c
[0.381s] -- Up-to-date: /home/rsanz/git/learning/ROS2/RustROS2/install/service_msgs/lib/python3.12/site-packages/service_msgs/_service_msgs_s.ep.rosidl_typesupport_introspection_c.c
[0.381s] -- Up-to-date: /home/rsanz/git/learning/ROS2/RustROS2/install/service_msgs/lib/python3.12/site-packages/service_msgs/msg
[0.381s] -- Up-to-date: /home/rsanz/git/learning/ROS2/RustROS2/install/service_msgs/lib/python3.12/site-packages/service_msgs/msg/_service_event_info_s.c
[0.381s] -- Up-to-date: /home/rsanz/git/learning/ROS2/RustROS2/install/service_msgs/lib/python3.12/site-packages/service_msgs/msg/__init__.py
[0.381s] -- Up-to-date: /home/rsanz/git/learning/ROS2/RustROS2/install/service_msgs/lib/python3.12/site-packages/service_msgs/msg/_service_event_info.py
[0.381s] -- Up-to-date: /home/rsanz/git/learning/ROS2/RustROS2/install/service_msgs/lib/python3.12/site-packages/service_msgs/__init__.py
[0.381s] -- Up-to-date: /home/rsanz/git/learning/ROS2/RustROS2/install/service_msgs/lib/python3.12/site-packages/service_msgs/_service_msgs_s.ep.rosidl_typesupport_c.c
[0.405s] Listing '/home/rsanz/git/learning/ROS2/RustROS2/install/service_msgs/lib/python3.12/site-packages/service_msgs'...
[0.405s] Listing '/home/rsanz/git/learning/ROS2/RustROS2/install/service_msgs/lib/python3.12/site-packages/service_msgs/msg'...
[0.409s] -- Up-to-date: /home/rsanz/git/learning/ROS2/RustROS2/install/service_msgs/lib/python3.12/site-packages/service_msgs/service_msgs_s__rosidl_typesupport_fastrtps_c.so
[0.409s] -- Up-to-date: /home/rsanz/git/learning/ROS2/RustROS2/install/service_msgs/lib/python3.12/site-packages/service_msgs/service_msgs_s__rosidl_typesupport_introspection_c.so
[0.409s] -- Up-to-date: /home/rsanz/git/learning/ROS2/RustROS2/install/service_msgs/lib/python3.12/site-packages/service_msgs/service_msgs_s__rosidl_typesupport_c.so
[0.410s] -- Up-to-date: /home/rsanz/git/learning/ROS2/RustROS2/install/service_msgs/lib/libservice_msgs__rosidl_generator_py.so
[0.410s] -- Up-to-date: /home/rsanz/git/learning/ROS2/RustROS2/install/service_msgs/share/service_msgs/msg/ServiceEventInfo.idl
[0.410s] -- Up-to-date: /home/rsanz/git/learning/ROS2/RustROS2/install/service_msgs/share/service_msgs/msg/ServiceEventInfo.msg
[0.410s] -- Up-to-date: /home/rsanz/git/learning/ROS2/RustROS2/install/service_msgs/share/ament_index/resource_index/package_run_dependencies/service_msgs
[0.410s] -- Up-to-date: /home/rsanz/git/learning/ROS2/RustROS2/install/service_msgs/share/ament_index/resource_index/parent_prefix_path/service_msgs
[0.410s] -- Up-to-date: /home/rsanz/git/learning/ROS2/RustROS2/install/service_msgs/share/service_msgs/environment/ament_prefix_path.sh
[0.410s] -- Up-to-date: /home/rsanz/git/learning/ROS2/RustROS2/install/service_msgs/share/service_msgs/environment/ament_prefix_path.dsv
[0.410s] -- Up-to-date: /home/rsanz/git/learning/ROS2/RustROS2/install/service_msgs/share/service_msgs/environment/path.sh
[0.410s] -- Up-to-date: /home/rsanz/git/learning/ROS2/RustROS2/install/service_msgs/share/service_msgs/environment/path.dsv
[0.410s] -- Up-to-date: /home/rsanz/git/learning/ROS2/RustROS2/install/service_msgs/share/service_msgs/local_setup.bash
[0.410s] -- Up-to-date: /home/rsanz/git/learning/ROS2/RustROS2/install/service_msgs/share/service_msgs/local_setup.sh
[0.410s] -- Up-to-date: /home/rsanz/git/learning/ROS2/RustROS2/install/service_msgs/share/service_msgs/local_setup.zsh
[0.411s] -- Up-to-date: /home/rsanz/git/learning/ROS2/RustROS2/install/service_msgs/share/service_msgs/local_setup.dsv
[0.411s] -- Installing: /home/rsanz/git/learning/ROS2/RustROS2/install/service_msgs/share/service_msgs/package.dsv
[0.411s] -- Up-to-date: /home/rsanz/git/learning/ROS2/RustROS2/install/service_msgs/share/ament_index/resource_index/packages/service_msgs
[0.411s] -- Up-to-date: /home/rsanz/git/learning/ROS2/RustROS2/install/service_msgs/share/service_msgs/cmake/export_service_msgs__rosidl_generator_cExport.cmake
[0.411s] -- Up-to-date: /home/rsanz/git/learning/ROS2/RustROS2/install/service_msgs/share/service_msgs/cmake/export_service_msgs__rosidl_generator_cExport-noconfig.cmake
[0.411s] -- Up-to-date: /home/rsanz/git/learning/ROS2/RustROS2/install/service_msgs/share/service_msgs/cmake/export_service_msgs__rosidl_typesupport_fastrtps_cExport.cmake
[0.411s] -- Up-to-date: /home/rsanz/git/learning/ROS2/RustROS2/install/service_msgs/share/service_msgs/cmake/export_service_msgs__rosidl_typesupport_fastrtps_cExport-noconfig.cmake
[0.411s] -- Up-to-date: /home/rsanz/git/learning/ROS2/RustROS2/install/service_msgs/share/service_msgs/cmake/export_service_msgs__rosidl_generator_cppExport.cmake
[0.411s] -- Up-to-date: /home/rsanz/git/learning/ROS2/RustROS2/install/service_msgs/share/service_msgs/cmake/export_service_msgs__rosidl_typesupport_fastrtps_cppExport.cmake
[0.411s] -- Up-to-date: /home/rsanz/git/learning/ROS2/RustROS2/install/service_msgs/share/service_msgs/cmake/export_service_msgs__rosidl_typesupport_fastrtps_cppExport-noconfig.cmake
[0.411s] -- Up-to-date: /home/rsanz/git/learning/ROS2/RustROS2/install/service_msgs/share/service_msgs/cmake/service_msgs__rosidl_typesupport_introspection_cExport.cmake
[0.411s] -- Up-to-date: /home/rsanz/git/learning/ROS2/RustROS2/install/service_msgs/share/service_msgs/cmake/service_msgs__rosidl_typesupport_introspection_cExport-noconfig.cmake
[0.411s] -- Up-to-date: /home/rsanz/git/learning/ROS2/RustROS2/install/service_msgs/share/service_msgs/cmake/service_msgs__rosidl_typesupport_cExport.cmake
[0.412s] -- Up-to-date: /home/rsanz/git/learning/ROS2/RustROS2/install/service_msgs/share/service_msgs/cmake/service_msgs__rosidl_typesupport_cExport-noconfig.cmake
[0.412s] -- Up-to-date: /home/rsanz/git/learning/ROS2/RustROS2/install/service_msgs/share/service_msgs/cmake/service_msgs__rosidl_typesupport_introspection_cppExport.cmake
[0.412s] -- Up-to-date: /home/rsanz/git/learning/ROS2/RustROS2/install/service_msgs/share/service_msgs/cmake/service_msgs__rosidl_typesupport_introspection_cppExport-noconfig.cmake
[0.412s] -- Up-to-date: /home/rsanz/git/learning/ROS2/RustROS2/install/service_msgs/share/service_msgs/cmake/service_msgs__rosidl_typesupport_cppExport.cmake
[0.412s] -- Up-to-date: /home/rsanz/git/learning/ROS2/RustROS2/install/service_msgs/share/service_msgs/cmake/service_msgs__rosidl_typesupport_cppExport-noconfig.cmake
[0.412s] -- Up-to-date: /home/rsanz/git/learning/ROS2/RustROS2/install/service_msgs/share/service_msgs/cmake/export_service_msgs__rosidl_generator_pyExport.cmake
[0.412s] -- Up-to-date: /home/rsanz/git/learning/ROS2/RustROS2/install/service_msgs/share/service_msgs/cmake/export_service_msgs__rosidl_generator_pyExport-noconfig.cmake
[0.412s] -- Up-to-date: /home/rsanz/git/learning/ROS2/RustROS2/install/service_msgs/share/service_msgs/cmake/rosidl_cmake-extras.cmake
[0.412s] -- Up-to-date: /home/rsanz/git/learning/ROS2/RustROS2/install/service_msgs/share/service_msgs/cmake/ament_cmake_export_dependencies-extras.cmake
[0.412s] -- Up-to-date: /home/rsanz/git/learning/ROS2/RustROS2/install/service_msgs/share/service_msgs/cmake/ament_cmake_export_include_directories-extras.cmake
[0.412s] -- Up-to-date: /home/rsanz/git/learning/ROS2/RustROS2/install/service_msgs/share/service_msgs/cmake/ament_cmake_export_libraries-extras.cmake
[0.412s] -- Up-to-date: /home/rsanz/git/learning/ROS2/RustROS2/install/service_msgs/share/service_msgs/cmake/ament_cmake_export_targets-extras.cmake
[0.412s] -- Up-to-date: /home/rsanz/git/learning/ROS2/RustROS2/install/service_msgs/share/service_msgs/cmake/rosidl_cmake_export_typesupport_targets-extras.cmake
[0.412s] -- Up-to-date: /home/rsanz/git/learning/ROS2/RustROS2/install/service_msgs/share/service_msgs/cmake/rosidl_cmake_export_typesupport_libraries-extras.cmake
[0.413s] -- Up-to-date: /home/rsanz/git/learning/ROS2/RustROS2/install/service_msgs/share/service_msgs/cmake/service_msgsConfig.cmake
[0.413s] -- Up-to-date: /home/rsanz/git/learning/ROS2/RustROS2/install/service_msgs/share/service_msgs/cmake/service_msgsConfig-version.cmake
[0.413s] -- Up-to-date: /home/rsanz/git/learning/ROS2/RustROS2/install/service_msgs/share/service_msgs/package.xml
[0.414s] Invoked command in '/home/rsanz/git/learning/ROS2/RustROS2/build/service_msgs' returned '0': AMENT_PREFIX_PATH=/home/rsanz/git/learning/ROS2/RustROS2/install/builtin_interfaces:/home/rsanz/git/learning/ROS2/RustROS2/install/rosidl_core_runtime:/home/rsanz/git/learning/ROS2/RustROS2/install/rosidl_core_generators:/home/rsanz/git/learning/ROS2/RustROS2/install/rosidl_generator_rs:${AMENT_PREFIX_PATH} CMAKE_PREFIX_PATH=/home/rsanz/git/learning/ROS2/RustROS2/install/builtin_interfaces:/home/rsanz/git/learning/ROS2/RustROS2/install/rosidl_core_runtime:/home/rsanz/git/learning/ROS2/RustROS2/install/rosidl_core_generators:/home/rsanz/git/learning/ROS2/RustROS2/install/rosidl_generator_rs:/opt/ros/jazzy/opt/gz_math_vendor:/opt/ros/jazzy/opt/gz_utils_vendor:/opt/ros/jazzy/opt/gz_cmake_vendor:/opt/ros/jazzy DEBUGINFOD_URLS=https://debuginfod.ubuntu.com LD_LIBRARY_PATH=/home/rsanz/git/learning/ROS2/RustROS2/install/builtin_interfaces/lib:${LD_LIBRARY_PATH} PYTHONPATH=/home/rsanz/git/learning/ROS2/RustROS2/install/builtin_interfaces/lib/python3.12/site-packages:/home/rsanz/git/learning/ROS2/RustROS2/install/rosidl_generator_rs/lib/python3.12/site-packages:${PYTHONPATH} /usr/bin/cmake --install /home/rsanz/git/learning/ROS2/RustROS2/build/service_msgs
