[0.017s] Invoking command in '/home/rsanz/git/learning/ROS2/RustROS2/build/action_msgs': AMENT_PREFIX_PATH=/home/rsanz/git/learning/ROS2/RustROS2/install/service_msgs:/home/rsanz/git/learning/ROS2/RustROS2/install/unique_identifier_msgs:/home/rsanz/git/learning/ROS2/RustROS2/install/builtin_interfaces:/home/rsanz/git/learning/ROS2/RustROS2/install/rosidl_core_runtime:/home/rsanz/git/learning/ROS2/RustROS2/install/rosidl_core_generators:/home/rsanz/git/learning/ROS2/RustROS2/install/rosidl_generator_rs:${AMENT_PREFIX_PATH} CMAKE_PREFIX_PATH=/home/rsanz/git/learning/ROS2/RustROS2/install/service_msgs:/home/rsanz/git/learning/ROS2/RustROS2/install/unique_identifier_msgs:/home/rsanz/git/learning/ROS2/RustROS2/install/builtin_interfaces:/home/rsanz/git/learning/ROS2/RustROS2/install/rosidl_core_runtime:/home/rsanz/git/learning/ROS2/RustROS2/install/rosidl_core_generators:/home/rsanz/git/learning/ROS2/RustROS2/install/rosidl_generator_rs:/opt/ros/jazzy/opt/gz_math_vendor:/opt/ros/jazzy/opt/gz_utils_vendor:/opt/ros/jazzy/opt/gz_cmake_vendor:/opt/ros/jazzy DEBUGINFOD_URLS=https://debuginfod.ubuntu.com LD_LIBRARY_PATH=/home/rsanz/git/learning/ROS2/RustROS2/install/service_msgs/lib:/home/rsanz/git/learning/ROS2/RustROS2/install/unique_identifier_msgs/lib:/home/rsanz/git/learning/ROS2/RustROS2/install/builtin_interfaces/lib:${LD_LIBRARY_PATH} PYTHONPATH=/home/rsanz/git/learning/ROS2/RustROS2/install/service_msgs/lib/python3.12/site-packages:/home/rsanz/git/learning/ROS2/RustROS2/install/unique_identifier_msgs/lib/python3.12/site-packages:/home/rsanz/git/learning/ROS2/RustROS2/install/builtin_interfaces/lib/python3.12/site-packages:/home/rsanz/git/learning/ROS2/RustROS2/install/rosidl_generator_rs/lib/python3.12/site-packages:${PYTHONPATH} /usr/bin/cmake /home/rsanz/git/learning/ROS2/RustROS2/src/rcl_interfaces/action_msgs -DCMAKE_INSTALL_PREFIX=/home/rsanz/git/learning/ROS2/RustROS2/install/action_msgs
[0.062s] -- The C compiler identification is GNU 13.3.0
[0.108s] -- The CXX compiler identification is GNU 13.3.0
[0.123s] -- Detecting C compiler ABI info
[0.196s] -- Detecting C compiler ABI info - done
[0.202s] -- Check for working C compiler: /usr/bin/cc - skipped
[0.202s] -- Detecting C compile features
[0.203s] -- Detecting C compile features - done
[0.211s] -- Detecting CXX compiler ABI info
[0.292s] -- Detecting CXX compiler ABI info - done
[0.299s] -- Check for working CXX compiler: /usr/bin/c++ - skipped
[0.299s] -- Detecting CXX compile features
[0.300s] -- Detecting CXX compile features - done
[0.303s] -- Found ament_cmake: 2.5.6 (/opt/ros/jazzy/share/ament_cmake/cmake)
[0.426s] -- Found Python3: /usr/bin/python3 (found version "3.12.3") found components: Interpreter 
[0.513s] -- Found builtin_interfaces: 2.0.3 (/home/rsanz/git/learning/ROS2/RustROS2/install/builtin_interfaces/share/builtin_interfaces/cmake)
[0.550s] -- Found rosidl_generator_c: 4.6.7 (/opt/ros/jazzy/share/rosidl_generator_c/cmake)
[0.563s] -- Found rosidl_generator_cpp: 4.6.7 (/opt/ros/jazzy/share/rosidl_generator_cpp/cmake)
[0.576s] -- Using all available rosidl_typesupport_c: rosidl_typesupport_fastrtps_c;rosidl_typesupport_introspection_c
[0.591s] -- Using all available rosidl_typesupport_cpp: rosidl_typesupport_fastrtps_cpp;rosidl_typesupport_introspection_cpp
[0.602s] -- Found rosidl_core_generators: 0.2.1 (/home/rsanz/git/learning/ROS2/RustROS2/install/rosidl_core_generators/share/rosidl_core_generators/cmake)
[0.616s] -- Found rosidl_adapter: 4.6.7 (/opt/ros/jazzy/share/rosidl_adapter/cmake)
[0.617s] -- Found unique_identifier_msgs: 2.5.0 (/home/rsanz/git/learning/ROS2/RustROS2/install/unique_identifier_msgs/share/unique_identifier_msgs/cmake)
[1.131s] -- Found ament_cmake_cppcheck: 0.17.5 (/opt/ros/jazzy/share/ament_cmake_cppcheck/cmake)
[1.134s] -- Found ament_cmake_cpplint: 0.17.5 (/opt/ros/jazzy/share/ament_cmake_cpplint/cmake)
[1.137s] -- Found ament_cmake_uncrustify: 0.17.5 (/opt/ros/jazzy/share/ament_cmake_uncrustify/cmake)
[1.140s] -- Found ament_cmake_ros: 0.12.0 (/opt/ros/jazzy/share/ament_cmake_ros/cmake)
[1.747s] -- Using all available rosidl_typesupport_c: rosidl_typesupport_fastrtps_c;rosidl_typesupport_introspection_c
[1.990s] -- Using all available rosidl_typesupport_cpp: rosidl_typesupport_fastrtps_cpp;rosidl_typesupport_introspection_cpp
[2.118s] -- Found python_cmake_module: 0.11.1 (/opt/ros/jazzy/share/python_cmake_module/cmake)
[2.235s] -- Found PythonExtra: /usr/bin/python3  
[2.592s] -- Found Python3: /usr/bin/python3 (found version "3.12.3") found components: Interpreter Development NumPy Development.Module Development.Embed 
[2.629s] -- Found ament_cmake_flake8: 0.17.5 (/opt/ros/jazzy/share/ament_cmake_flake8/cmake)
[2.631s] -- Found ament_cmake_pep257: 0.17.5 (/opt/ros/jazzy/share/ament_cmake_pep257/cmake)
[2.634s] -- Found ament_lint_auto: 0.17.5 (/opt/ros/jazzy/share/ament_lint_auto/cmake)
[2.650s] -- Added test 'copyright' to check source files copyright and LICENSE
[2.651s] -- Added test 'lint_cmake' to check CMake code style
[2.651s] -- Added test 'xmllint' to check XML markup files
[2.654s] -- Configuring done (2.6s)
[2.695s] -- Generating done (0.0s)
[2.705s] -- Build files have been written to: /home/rsanz/git/learning/ROS2/RustROS2/build/action_msgs
[2.714s] Invoked command in '/home/rsanz/git/learning/ROS2/RustROS2/build/action_msgs' returned '0': AMENT_PREFIX_PATH=/home/rsanz/git/learning/ROS2/RustROS2/install/service_msgs:/home/rsanz/git/learning/ROS2/RustROS2/install/unique_identifier_msgs:/home/rsanz/git/learning/ROS2/RustROS2/install/builtin_interfaces:/home/rsanz/git/learning/ROS2/RustROS2/install/rosidl_core_runtime:/home/rsanz/git/learning/ROS2/RustROS2/install/rosidl_core_generators:/home/rsanz/git/learning/ROS2/RustROS2/install/rosidl_generator_rs:${AMENT_PREFIX_PATH} CMAKE_PREFIX_PATH=/home/rsanz/git/learning/ROS2/RustROS2/install/service_msgs:/home/rsanz/git/learning/ROS2/RustROS2/install/unique_identifier_msgs:/home/rsanz/git/learning/ROS2/RustROS2/install/builtin_interfaces:/home/rsanz/git/learning/ROS2/RustROS2/install/rosidl_core_runtime:/home/rsanz/git/learning/ROS2/RustROS2/install/rosidl_core_generators:/home/rsanz/git/learning/ROS2/RustROS2/install/rosidl_generator_rs:/opt/ros/jazzy/opt/gz_math_vendor:/opt/ros/jazzy/opt/gz_utils_vendor:/opt/ros/jazzy/opt/gz_cmake_vendor:/opt/ros/jazzy DEBUGINFOD_URLS=https://debuginfod.ubuntu.com LD_LIBRARY_PATH=/home/rsanz/git/learning/ROS2/RustROS2/install/service_msgs/lib:/home/rsanz/git/learning/ROS2/RustROS2/install/unique_identifier_msgs/lib:/home/rsanz/git/learning/ROS2/RustROS2/install/builtin_interfaces/lib:${LD_LIBRARY_PATH} PYTHONPATH=/home/rsanz/git/learning/ROS2/RustROS2/install/service_msgs/lib/python3.12/site-packages:/home/rsanz/git/learning/ROS2/RustROS2/install/unique_identifier_msgs/lib/python3.12/site-packages:/home/rsanz/git/learning/ROS2/RustROS2/install/builtin_interfaces/lib/python3.12/site-packages:/home/rsanz/git/learning/ROS2/RustROS2/install/rosidl_generator_rs/lib/python3.12/site-packages:${PYTHONPATH} /usr/bin/cmake /home/rsanz/git/learning/ROS2/RustROS2/src/rcl_interfaces/action_msgs -DCMAKE_INSTALL_PREFIX=/home/rsanz/git/learning/ROS2/RustROS2/install/action_msgs
[2.715s] Invoking command in '/home/rsanz/git/learning/ROS2/RustROS2/build/action_msgs': AMENT_PREFIX_PATH=/home/rsanz/git/learning/ROS2/RustROS2/install/service_msgs:/home/rsanz/git/learning/ROS2/RustROS2/install/unique_identifier_msgs:/home/rsanz/git/learning/ROS2/RustROS2/install/builtin_interfaces:/home/rsanz/git/learning/ROS2/RustROS2/install/rosidl_core_runtime:/home/rsanz/git/learning/ROS2/RustROS2/install/rosidl_core_generators:/home/rsanz/git/learning/ROS2/RustROS2/install/rosidl_generator_rs:${AMENT_PREFIX_PATH} CMAKE_PREFIX_PATH=/home/rsanz/git/learning/ROS2/RustROS2/install/service_msgs:/home/rsanz/git/learning/ROS2/RustROS2/install/unique_identifier_msgs:/home/rsanz/git/learning/ROS2/RustROS2/install/builtin_interfaces:/home/rsanz/git/learning/ROS2/RustROS2/install/rosidl_core_runtime:/home/rsanz/git/learning/ROS2/RustROS2/install/rosidl_core_generators:/home/rsanz/git/learning/ROS2/RustROS2/install/rosidl_generator_rs:/opt/ros/jazzy/opt/gz_math_vendor:/opt/ros/jazzy/opt/gz_utils_vendor:/opt/ros/jazzy/opt/gz_cmake_vendor:/opt/ros/jazzy DEBUGINFOD_URLS=https://debuginfod.ubuntu.com LD_LIBRARY_PATH=/home/rsanz/git/learning/ROS2/RustROS2/install/service_msgs/lib:/home/rsanz/git/learning/ROS2/RustROS2/install/unique_identifier_msgs/lib:/home/rsanz/git/learning/ROS2/RustROS2/install/builtin_interfaces/lib:${LD_LIBRARY_PATH} PYTHONPATH=/home/rsanz/git/learning/ROS2/RustROS2/install/service_msgs/lib/python3.12/site-packages:/home/rsanz/git/learning/ROS2/RustROS2/install/unique_identifier_msgs/lib/python3.12/site-packages:/home/rsanz/git/learning/ROS2/RustROS2/install/builtin_interfaces/lib/python3.12/site-packages:/home/rsanz/git/learning/ROS2/RustROS2/install/rosidl_generator_rs/lib/python3.12/site-packages:${PYTHONPATH} /usr/bin/cmake --build /home/rsanz/git/learning/ROS2/RustROS2/build/action_msgs -- -j24 -l24
[2.760s] [  1%] [34m[1mGenerating Rust code for ROS interfaces[0m
[2.762s] [  3%] [34m[1mGenerating type hashes for ROS interfaces[0m
[2.768s] [  3%] Built target ament_cmake_python_copy_action_msgs
[2.968s] running egg_info
[2.969s] creating action_msgs.egg-info
[2.990s] writing action_msgs.egg-info/PKG-INFO
[2.991s] writing dependency_links to action_msgs.egg-info/dependency_links.txt
[2.991s] writing top-level names to action_msgs.egg-info/top_level.txt
[2.991s] writing manifest file 'action_msgs.egg-info/SOURCES.txt'
[3.058s] reading manifest file 'action_msgs.egg-info/SOURCES.txt'
[3.059s] writing manifest file 'action_msgs.egg-info/SOURCES.txt'
[3.081s] [  3%] Built target ament_cmake_python_build_action_msgs_egg
[3.088s] [  3%] Built target action_msgs__rosidl_generator_type_description
[3.097s] [  4%] [34m[1mGenerating C code for ROS interfaces[0m
[3.106s] [  6%] [34m[1mGenerating C++ code for ROS interfaces[0m
[3.108s] [  6%] Built target action_msgs__rs
[3.542s] [  6%] Built target action_msgs__cpp
[3.605s] [  7%] [32mBuilding C object CMakeFiles/action_msgs__rosidl_generator_c.dir/rosidl_generator_c/action_msgs/msg/detail/goal_info__type_support.c.o[0m
[3.606s] [  9%] [32mBuilding C object CMakeFiles/action_msgs__rosidl_generator_c.dir/rosidl_generator_c/action_msgs/msg/detail/goal_info__description.c.o[0m
[3.607s] [ 10%] [32mBuilding C object CMakeFiles/action_msgs__rosidl_generator_c.dir/rosidl_generator_c/action_msgs/msg/detail/goal_status_array__description.c.o[0m
[3.607s] [ 12%] [32mBuilding C object CMakeFiles/action_msgs__rosidl_generator_c.dir/rosidl_generator_c/action_msgs/msg/detail/goal_status__description.c.o[0m
[3.607s] [ 13%] [32mBuilding C object CMakeFiles/action_msgs__rosidl_generator_c.dir/rosidl_generator_c/action_msgs/msg/detail/goal_info__functions.c.o[0m
[3.607s] [ 15%] [32mBuilding C object CMakeFiles/action_msgs__rosidl_generator_c.dir/rosidl_generator_c/action_msgs/msg/detail/goal_status__functions.c.o[0m
[3.608s] [ 16%] [32mBuilding C object CMakeFiles/action_msgs__rosidl_generator_c.dir/rosidl_generator_c/action_msgs/srv/detail/cancel_goal__functions.c.o[0m
[3.608s] [ 18%] [32mBuilding C object CMakeFiles/action_msgs__rosidl_generator_c.dir/rosidl_generator_c/action_msgs/srv/detail/cancel_goal__type_support.c.o[0m
[3.608s] [ 20%] [32mBuilding C object CMakeFiles/action_msgs__rosidl_generator_c.dir/rosidl_generator_c/action_msgs/msg/detail/goal_status__type_support.c.o[0m
[3.608s] [ 23%] [32mBuilding C object CMakeFiles/action_msgs__rosidl_generator_c.dir/rosidl_generator_c/action_msgs/msg/detail/goal_status_array__functions.c.o[0m
[3.608s] [ 23%] [32mBuilding C object CMakeFiles/action_msgs__rosidl_generator_c.dir/rosidl_generator_c/action_msgs/msg/detail/goal_status_array__type_support.c.o[0m
[3.609s] [ 24%] [32mBuilding C object CMakeFiles/action_msgs__rosidl_generator_c.dir/rosidl_generator_c/action_msgs/srv/detail/cancel_goal__description.c.o[0m
[3.666s] [ 26%] [32m[1mLinking C shared library libaction_msgs__rosidl_generator_c.so[0m
[3.702s] [ 26%] Built target action_msgs__rosidl_generator_c
[3.712s] [ 30%] [34m[1mGenerating C++ introspection for ROS interfaces[0m
[3.712s] [ 30%] [34m[1mGenerating C++ type support dispatch for ROS interfaces[0m
[3.712s] [ 30%] [34m[1mGenerating C type support for eProsima Fast-RTPS[0m
[3.712s] [ 35%] [34m[1mGenerating C type support dispatch for ROS interfaces[0m
[3.712s] [ 35%] [34m[1mGenerating C introspection for ROS interfaces[0m
[3.712s] [ 35%] [34m[1mGenerating C++ type support for eProsima Fast-RTPS[0m
[4.082s] [ 38%] [32mBuilding CXX object CMakeFiles/action_msgs__rosidl_typesupport_cpp.dir/rosidl_typesupport_cpp/action_msgs/msg/goal_status__type_support.cpp.o[0m
[4.082s] [ 38%] [32mBuilding CXX object CMakeFiles/action_msgs__rosidl_typesupport_cpp.dir/rosidl_typesupport_cpp/action_msgs/msg/goal_info__type_support.cpp.o[0m
[4.082s] [ 40%] [32mBuilding CXX object CMakeFiles/action_msgs__rosidl_typesupport_c.dir/rosidl_typesupport_c/action_msgs/srv/cancel_goal__type_support.cpp.o[0m
[4.082s] [ 41%] [32mBuilding CXX object CMakeFiles/action_msgs__rosidl_typesupport_cpp.dir/rosidl_typesupport_cpp/action_msgs/msg/goal_status_array__type_support.cpp.o[0m
[4.083s] [ 43%] [32mBuilding CXX object CMakeFiles/action_msgs__rosidl_typesupport_c.dir/rosidl_typesupport_c/action_msgs/msg/goal_status__type_support.cpp.o[0m
[4.083s] [ 44%] [32mBuilding CXX object CMakeFiles/action_msgs__rosidl_typesupport_c.dir/rosidl_typesupport_c/action_msgs/msg/goal_status_array__type_support.cpp.o[0m
[4.083s] [ 46%] [32mBuilding CXX object CMakeFiles/action_msgs__rosidl_typesupport_cpp.dir/rosidl_typesupport_cpp/action_msgs/srv/cancel_goal__type_support.cpp.o[0m
[4.084s] [ 47%] [32mBuilding CXX object CMakeFiles/action_msgs__rosidl_typesupport_c.dir/rosidl_typesupport_c/action_msgs/msg/goal_info__type_support.cpp.o[0m
[4.129s] [ 49%] [32m[1mLinking CXX shared library libaction_msgs__rosidl_typesupport_c.so[0m
[4.133s] [ 50%] [32mBuilding CXX object CMakeFiles/action_msgs__rosidl_typesupport_introspection_cpp.dir/rosidl_typesupport_introspection_cpp/action_msgs/srv/detail/cancel_goal__type_support.cpp.o[0m
[4.133s] [ 52%] [32mBuilding CXX object CMakeFiles/action_msgs__rosidl_typesupport_introspection_cpp.dir/rosidl_typesupport_introspection_cpp/action_msgs/msg/detail/goal_status__type_support.cpp.o[0m
[4.133s] [ 53%] [32mBuilding CXX object CMakeFiles/action_msgs__rosidl_typesupport_introspection_cpp.dir/rosidl_typesupport_introspection_cpp/action_msgs/msg/detail/goal_info__type_support.cpp.o[0m
[4.133s] [ 55%] [32mBuilding C object CMakeFiles/action_msgs__rosidl_typesupport_introspection_c.dir/rosidl_typesupport_introspection_c/action_msgs/srv/detail/cancel_goal__type_support.c.o[0m
[4.134s] [ 56%] [32mBuilding CXX object CMakeFiles/action_msgs__rosidl_typesupport_introspection_cpp.dir/rosidl_typesupport_introspection_cpp/action_msgs/msg/detail/goal_status_array__type_support.cpp.o[0m
[4.134s] [ 58%] [32mBuilding C object CMakeFiles/action_msgs__rosidl_typesupport_introspection_c.dir/rosidl_typesupport_introspection_c/action_msgs/msg/detail/goal_info__type_support.c.o[0m
[4.135s] [ 60%] [32mBuilding C object CMakeFiles/action_msgs__rosidl_typesupport_introspection_c.dir/rosidl_typesupport_introspection_c/action_msgs/msg/detail/goal_status_array__type_support.c.o[0m
[4.135s] [ 61%] [32mBuilding C object CMakeFiles/action_msgs__rosidl_typesupport_introspection_c.dir/rosidl_typesupport_introspection_c/action_msgs/msg/detail/goal_status__type_support.c.o[0m
[4.179s] [ 61%] Built target action_msgs__rosidl_typesupport_c
[4.187s] [ 63%] [32m[1mLinking C shared library libaction_msgs__rosidl_typesupport_introspection_c.so[0m
[4.211s] [ 67%] [32mBuilding CXX object CMakeFiles/action_msgs__rosidl_typesupport_fastrtps_cpp.dir/rosidl_typesupport_fastrtps_cpp/action_msgs/msg/detail/dds_fastrtps/goal_status_array__type_support.cpp.o[0m
[4.212s] [ 67%] [32mBuilding CXX object CMakeFiles/action_msgs__rosidl_typesupport_fastrtps_cpp.dir/rosidl_typesupport_fastrtps_cpp/action_msgs/msg/detail/dds_fastrtps/goal_info__type_support.cpp.o[0m
[4.212s] [ 67%] [32mBuilding CXX object CMakeFiles/action_msgs__rosidl_typesupport_fastrtps_cpp.dir/rosidl_typesupport_fastrtps_cpp/action_msgs/msg/detail/dds_fastrtps/goal_status__type_support.cpp.o[0m
[4.212s] [ 69%] [32mBuilding CXX object CMakeFiles/action_msgs__rosidl_typesupport_fastrtps_cpp.dir/rosidl_typesupport_fastrtps_cpp/action_msgs/srv/detail/dds_fastrtps/cancel_goal__type_support.cpp.o[0m
[4.212s] [ 70%] [32mBuilding CXX object CMakeFiles/action_msgs__rosidl_typesupport_fastrtps_c.dir/rosidl_typesupport_fastrtps_c/action_msgs/msg/detail/goal_status__type_support_c.cpp.o[0m
[4.212s] [ 72%] [32mBuilding CXX object CMakeFiles/action_msgs__rosidl_typesupport_fastrtps_c.dir/rosidl_typesupport_fastrtps_c/action_msgs/msg/detail/goal_info__type_support_c.cpp.o[0m
[4.212s] [ 75%] [32mBuilding CXX object CMakeFiles/action_msgs__rosidl_typesupport_fastrtps_c.dir/rosidl_typesupport_fastrtps_c/action_msgs/srv/detail/cancel_goal__type_support_c.cpp.o[0m
[4.212s] [ 75%] [32mBuilding CXX object CMakeFiles/action_msgs__rosidl_typesupport_fastrtps_c.dir/rosidl_typesupport_fastrtps_c/action_msgs/msg/detail/goal_status_array__type_support_c.cpp.o[0m
[4.229s] [ 75%] Built target action_msgs__rosidl_typesupport_introspection_c
[4.520s] [ 76%] [32m[1mLinking CXX shared library libaction_msgs__rosidl_typesupport_cpp.so[0m
[4.585s] [ 78%] [32m[1mLinking CXX shared library libaction_msgs__rosidl_typesupport_introspection_cpp.so[0m
[4.620s] [ 78%] Built target action_msgs__rosidl_typesupport_cpp
[4.677s] [ 78%] Built target action_msgs__rosidl_typesupport_introspection_cpp
[4.697s] [ 80%] [32m[1mLinking CXX shared library libaction_msgs__rosidl_typesupport_fastrtps_c.so[0m
[4.747s] [ 80%] Built target action_msgs__rosidl_typesupport_fastrtps_c
[4.837s] [ 81%] [32m[1mLinking CXX shared library libaction_msgs__rosidl_typesupport_fastrtps_cpp.so[0m
[4.903s] [ 81%] Built target action_msgs__rosidl_typesupport_fastrtps_cpp
[4.921s] [ 81%] Built target action_msgs
[4.941s] [ 83%] [34m[1mGenerating Python code for ROS interfaces[0m
[5.702s] [ 83%] Built target action_msgs__py
[5.733s] [ 86%] [32mBuilding C object CMakeFiles/action_msgs__rosidl_generator_py.dir/rosidl_generator_py/action_msgs/msg/_goal_status_s.c.o[0m
[5.733s] [ 86%] [32mBuilding C object CMakeFiles/action_msgs__rosidl_generator_py.dir/rosidl_generator_py/action_msgs/msg/_goal_status_array_s.c.o[0m
[5.733s] [ 89%] [32mBuilding C object CMakeFiles/action_msgs__rosidl_generator_py.dir/rosidl_generator_py/action_msgs/msg/_goal_info_s.c.o[0m
[5.734s] [ 89%] [32mBuilding C object CMakeFiles/action_msgs__rosidl_generator_py.dir/rosidl_generator_py/action_msgs/srv/_cancel_goal_s.c.o[0m
[5.965s] [ 90%] [32m[1mLinking C shared library libaction_msgs__rosidl_generator_py.so[0m
[6.039s] [ 90%] Built target action_msgs__rosidl_generator_py
[6.072s] [ 92%] [32mBuilding C object CMakeFiles/action_msgs_s__rosidl_typesupport_introspection_c.dir/rosidl_generator_py/action_msgs/_action_msgs_s.ep.rosidl_typesupport_introspection_c.c.o[0m
[6.072s] [ 93%] [32mBuilding C object CMakeFiles/action_msgs_s__rosidl_typesupport_c.dir/rosidl_generator_py/action_msgs/_action_msgs_s.ep.rosidl_typesupport_c.c.o[0m
[6.073s] [ 95%] [32mBuilding C object CMakeFiles/action_msgs_s__rosidl_typesupport_fastrtps_c.dir/rosidl_generator_py/action_msgs/_action_msgs_s.ep.rosidl_typesupport_fastrtps_c.c.o[0m
[6.188s] [ 96%] [32m[1mLinking C shared module rosidl_generator_py/action_msgs/action_msgs_s__rosidl_typesupport_c.so[0m
[6.231s] [ 98%] [32m[1mLinking C shared module rosidl_generator_py/action_msgs/action_msgs_s__rosidl_typesupport_introspection_c.so[0m
[6.236s] [100%] [32m[1mLinking C shared module rosidl_generator_py/action_msgs/action_msgs_s__rosidl_typesupport_fastrtps_c.so[0m
[6.237s] [100%] Built target action_msgs_s__rosidl_typesupport_c
[6.276s] [100%] Built target action_msgs_s__rosidl_typesupport_introspection_c
[6.283s] [100%] Built target action_msgs_s__rosidl_typesupport_fastrtps_c
[6.304s] Invoked command in '/home/rsanz/git/learning/ROS2/RustROS2/build/action_msgs' returned '0': AMENT_PREFIX_PATH=/home/rsanz/git/learning/ROS2/RustROS2/install/service_msgs:/home/rsanz/git/learning/ROS2/RustROS2/install/unique_identifier_msgs:/home/rsanz/git/learning/ROS2/RustROS2/install/builtin_interfaces:/home/rsanz/git/learning/ROS2/RustROS2/install/rosidl_core_runtime:/home/rsanz/git/learning/ROS2/RustROS2/install/rosidl_core_generators:/home/rsanz/git/learning/ROS2/RustROS2/install/rosidl_generator_rs:${AMENT_PREFIX_PATH} CMAKE_PREFIX_PATH=/home/rsanz/git/learning/ROS2/RustROS2/install/service_msgs:/home/rsanz/git/learning/ROS2/RustROS2/install/unique_identifier_msgs:/home/rsanz/git/learning/ROS2/RustROS2/install/builtin_interfaces:/home/rsanz/git/learning/ROS2/RustROS2/install/rosidl_core_runtime:/home/rsanz/git/learning/ROS2/RustROS2/install/rosidl_core_generators:/home/rsanz/git/learning/ROS2/RustROS2/install/rosidl_generator_rs:/opt/ros/jazzy/opt/gz_math_vendor:/opt/ros/jazzy/opt/gz_utils_vendor:/opt/ros/jazzy/opt/gz_cmake_vendor:/opt/ros/jazzy DEBUGINFOD_URLS=https://debuginfod.ubuntu.com LD_LIBRARY_PATH=/home/rsanz/git/learning/ROS2/RustROS2/install/service_msgs/lib:/home/rsanz/git/learning/ROS2/RustROS2/install/unique_identifier_msgs/lib:/home/rsanz/git/learning/ROS2/RustROS2/install/builtin_interfaces/lib:${LD_LIBRARY_PATH} PYTHONPATH=/home/rsanz/git/learning/ROS2/RustROS2/install/service_msgs/lib/python3.12/site-packages:/home/rsanz/git/learning/ROS2/RustROS2/install/unique_identifier_msgs/lib/python3.12/site-packages:/home/rsanz/git/learning/ROS2/RustROS2/install/builtin_interfaces/lib/python3.12/site-packages:/home/rsanz/git/learning/ROS2/RustROS2/install/rosidl_generator_rs/lib/python3.12/site-packages:${PYTHONPATH} /usr/bin/cmake --build /home/rsanz/git/learning/ROS2/RustROS2/build/action_msgs -- -j24 -l24
[6.305s] Invoking command in '/home/rsanz/git/learning/ROS2/RustROS2/build/action_msgs': AMENT_PREFIX_PATH=/home/rsanz/git/learning/ROS2/RustROS2/install/service_msgs:/home/rsanz/git/learning/ROS2/RustROS2/install/unique_identifier_msgs:/home/rsanz/git/learning/ROS2/RustROS2/install/builtin_interfaces:/home/rsanz/git/learning/ROS2/RustROS2/install/rosidl_core_runtime:/home/rsanz/git/learning/ROS2/RustROS2/install/rosidl_core_generators:/home/rsanz/git/learning/ROS2/RustROS2/install/rosidl_generator_rs:${AMENT_PREFIX_PATH} CMAKE_PREFIX_PATH=/home/rsanz/git/learning/ROS2/RustROS2/install/service_msgs:/home/rsanz/git/learning/ROS2/RustROS2/install/unique_identifier_msgs:/home/rsanz/git/learning/ROS2/RustROS2/install/builtin_interfaces:/home/rsanz/git/learning/ROS2/RustROS2/install/rosidl_core_runtime:/home/rsanz/git/learning/ROS2/RustROS2/install/rosidl_core_generators:/home/rsanz/git/learning/ROS2/RustROS2/install/rosidl_generator_rs:/opt/ros/jazzy/opt/gz_math_vendor:/opt/ros/jazzy/opt/gz_utils_vendor:/opt/ros/jazzy/opt/gz_cmake_vendor:/opt/ros/jazzy DEBUGINFOD_URLS=https://debuginfod.ubuntu.com LD_LIBRARY_PATH=/home/rsanz/git/learning/ROS2/RustROS2/install/service_msgs/lib:/home/rsanz/git/learning/ROS2/RustROS2/install/unique_identifier_msgs/lib:/home/rsanz/git/learning/ROS2/RustROS2/install/builtin_interfaces/lib:${LD_LIBRARY_PATH} PYTHONPATH=/home/rsanz/git/learning/ROS2/RustROS2/install/service_msgs/lib/python3.12/site-packages:/home/rsanz/git/learning/ROS2/RustROS2/install/unique_identifier_msgs/lib/python3.12/site-packages:/home/rsanz/git/learning/ROS2/RustROS2/install/builtin_interfaces/lib/python3.12/site-packages:/home/rsanz/git/learning/ROS2/RustROS2/install/rosidl_generator_rs/lib/python3.12/site-packages:${PYTHONPATH} /usr/bin/cmake --install /home/rsanz/git/learning/ROS2/RustROS2/build/action_msgs
[6.318s] -- Install configuration: ""
[6.318s] -- Installing: /home/rsanz/git/learning/ROS2/RustROS2/install/action_msgs/share/ament_index/resource_index/rosidl_interfaces/action_msgs
[6.318s] -- Installing: /home/rsanz/git/learning/ROS2/RustROS2/install/action_msgs/share/action_msgs/msg/GoalInfo.json
[6.319s] -- Installing: /home/rsanz/git/learning/ROS2/RustROS2/install/action_msgs/share/action_msgs/msg/GoalStatus.json
[6.319s] -- Installing: /home/rsanz/git/learning/ROS2/RustROS2/install/action_msgs/share/action_msgs/msg/GoalStatusArray.json
[6.319s] -- Installing: /home/rsanz/git/learning/ROS2/RustROS2/install/action_msgs/share/action_msgs/srv/CancelGoal.json
[6.319s] -- Installing: /home/rsanz/git/learning/ROS2/RustROS2/install/action_msgs/include/action_msgs/action_msgs
[6.320s] -- Installing: /home/rsanz/git/learning/ROS2/RustROS2/install/action_msgs/include/action_msgs/action_msgs/msg
[6.320s] -- Installing: /home/rsanz/git/learning/ROS2/RustROS2/install/action_msgs/include/action_msgs/action_msgs/msg/rosidl_generator_c__visibility_control.h
[6.320s] -- Installing: /home/rsanz/git/learning/ROS2/RustROS2/install/action_msgs/include/action_msgs/action_msgs/msg/goal_status_array.h
[6.320s] -- Installing: /home/rsanz/git/learning/ROS2/RustROS2/install/action_msgs/include/action_msgs/action_msgs/msg/goal_info.h
[6.320s] -- Installing: /home/rsanz/git/learning/ROS2/RustROS2/install/action_msgs/include/action_msgs/action_msgs/msg/detail
[6.321s] -- Installing: /home/rsanz/git/learning/ROS2/RustROS2/install/action_msgs/include/action_msgs/action_msgs/msg/detail/goal_info__type_support.c
[6.321s] -- Installing: /home/rsanz/git/learning/ROS2/RustROS2/install/action_msgs/include/action_msgs/action_msgs/msg/detail/goal_status_array__functions.c
[6.321s] -- Installing: /home/rsanz/git/learning/ROS2/RustROS2/install/action_msgs/include/action_msgs/action_msgs/msg/detail/goal_status__type_support.h
[6.321s] -- Installing: /home/rsanz/git/learning/ROS2/RustROS2/install/action_msgs/include/action_msgs/action_msgs/msg/detail/goal_info__struct.h
[6.321s] -- Installing: /home/rsanz/git/learning/ROS2/RustROS2/install/action_msgs/include/action_msgs/action_msgs/msg/detail/goal_info__description.c
[6.322s] -- Installing: /home/rsanz/git/learning/ROS2/RustROS2/install/action_msgs/include/action_msgs/action_msgs/msg/detail/goal_status_array__functions.h
[6.322s] -- Installing: /home/rsanz/git/learning/ROS2/RustROS2/install/action_msgs/include/action_msgs/action_msgs/msg/detail/goal_info__type_support.h
[6.322s] -- Installing: /home/rsanz/git/learning/ROS2/RustROS2/install/action_msgs/include/action_msgs/action_msgs/msg/detail/goal_info__functions.c
[6.322s] -- Installing: /home/rsanz/git/learning/ROS2/RustROS2/install/action_msgs/include/action_msgs/action_msgs/msg/detail/goal_status__functions.c
[6.322s] -- Installing: /home/rsanz/git/learning/ROS2/RustROS2/install/action_msgs/include/action_msgs/action_msgs/msg/detail/goal_status__functions.h
[6.323s] -- Installing: /home/rsanz/git/learning/ROS2/RustROS2/install/action_msgs/include/action_msgs/action_msgs/msg/detail/goal_status_array__struct.h
[6.323s] -- Installing: /home/rsanz/git/learning/ROS2/RustROS2/install/action_msgs/include/action_msgs/action_msgs/msg/detail/goal_status_array__type_support.h
[6.324s] -- Installing: /home/rsanz/git/learning/ROS2/RustROS2/install/action_msgs/include/action_msgs/action_msgs/msg/detail/goal_status_array__description.c
[6.324s] -- Installing: /home/rsanz/git/learning/ROS2/RustROS2/install/action_msgs/include/action_msgs/action_msgs/msg/detail/goal_status__description.c
[6.324s] -- Installing: /home/rsanz/git/learning/ROS2/RustROS2/install/action_msgs/include/action_msgs/action_msgs/msg/detail/goal_status__type_support.c
[6.324s] -- Installing: /home/rsanz/git/learning/ROS2/RustROS2/install/action_msgs/include/action_msgs/action_msgs/msg/detail/goal_status__struct.h
[6.324s] -- Installing: /home/rsanz/git/learning/ROS2/RustROS2/install/action_msgs/include/action_msgs/action_msgs/msg/detail/goal_status_array__type_support.c
[6.325s] -- Installing: /home/rsanz/git/learning/ROS2/RustROS2/install/action_msgs/include/action_msgs/action_msgs/msg/detail/goal_info__functions.h
[6.325s] -- Installing: /home/rsanz/git/learning/ROS2/RustROS2/install/action_msgs/include/action_msgs/action_msgs/msg/goal_status.h
[6.325s] -- Installing: /home/rsanz/git/learning/ROS2/RustROS2/install/action_msgs/include/action_msgs/action_msgs/srv
[6.325s] -- Installing: /home/rsanz/git/learning/ROS2/RustROS2/install/action_msgs/include/action_msgs/action_msgs/srv/detail
[6.325s] -- Installing: /home/rsanz/git/learning/ROS2/RustROS2/install/action_msgs/include/action_msgs/action_msgs/srv/detail/cancel_goal__type_support.h
[6.325s] -- Installing: /home/rsanz/git/learning/ROS2/RustROS2/install/action_msgs/include/action_msgs/action_msgs/srv/detail/cancel_goal__struct.h
[6.326s] -- Installing: /home/rsanz/git/learning/ROS2/RustROS2/install/action_msgs/include/action_msgs/action_msgs/srv/detail/cancel_goal__description.c
[6.326s] -- Installing: /home/rsanz/git/learning/ROS2/RustROS2/install/action_msgs/include/action_msgs/action_msgs/srv/detail/cancel_goal__functions.h
[6.326s] -- Installing: /home/rsanz/git/learning/ROS2/RustROS2/install/action_msgs/include/action_msgs/action_msgs/srv/detail/cancel_goal__functions.c
[6.326s] -- Installing: /home/rsanz/git/learning/ROS2/RustROS2/install/action_msgs/include/action_msgs/action_msgs/srv/detail/cancel_goal__type_support.c
[6.326s] -- Installing: /home/rsanz/git/learning/ROS2/RustROS2/install/action_msgs/include/action_msgs/action_msgs/srv/cancel_goal.h
[6.327s] -- Installing: /home/rsanz/git/learning/ROS2/RustROS2/install/action_msgs/share/action_msgs/environment/library_path.sh
[6.327s] -- Installing: /home/rsanz/git/learning/ROS2/RustROS2/install/action_msgs/share/action_msgs/environment/library_path.dsv
[6.327s] -- Installing: /home/rsanz/git/learning/ROS2/RustROS2/install/action_msgs/lib/libaction_msgs__rosidl_generator_c.so
[6.328s] -- Set non-toolchain portion of runtime path of "/home/rsanz/git/learning/ROS2/RustROS2/install/action_msgs/lib/libaction_msgs__rosidl_generator_c.so" to ""
[6.328s] -- Up-to-date: /home/rsanz/git/learning/ROS2/RustROS2/install/action_msgs/include/action_msgs/action_msgs
[6.328s] -- Up-to-date: /home/rsanz/git/learning/ROS2/RustROS2/install/action_msgs/include/action_msgs/action_msgs/msg
[6.329s] -- Installing: /home/rsanz/git/learning/ROS2/RustROS2/install/action_msgs/include/action_msgs/action_msgs/msg/rosidl_typesupport_fastrtps_c__visibility_control.h
[6.329s] -- Up-to-date: /home/rsanz/git/learning/ROS2/RustROS2/install/action_msgs/include/action_msgs/action_msgs/msg/detail
[6.329s] -- Installing: /home/rsanz/git/learning/ROS2/RustROS2/install/action_msgs/include/action_msgs/action_msgs/msg/detail/goal_status__rosidl_typesupport_fastrtps_c.h
[6.329s] -- Installing: /home/rsanz/git/learning/ROS2/RustROS2/install/action_msgs/include/action_msgs/action_msgs/msg/detail/goal_status_array__rosidl_typesupport_fastrtps_c.h
[6.329s] -- Installing: /home/rsanz/git/learning/ROS2/RustROS2/install/action_msgs/include/action_msgs/action_msgs/msg/detail/goal_info__rosidl_typesupport_fastrtps_c.h
[6.329s] -- Up-to-date: /home/rsanz/git/learning/ROS2/RustROS2/install/action_msgs/include/action_msgs/action_msgs/srv
[6.329s] -- Up-to-date: /home/rsanz/git/learning/ROS2/RustROS2/install/action_msgs/include/action_msgs/action_msgs/srv/detail
[6.330s] -- Installing: /home/rsanz/git/learning/ROS2/RustROS2/install/action_msgs/include/action_msgs/action_msgs/srv/detail/cancel_goal__rosidl_typesupport_fastrtps_c.h
[6.330s] -- Installing: /home/rsanz/git/learning/ROS2/RustROS2/install/action_msgs/lib/libaction_msgs__rosidl_typesupport_fastrtps_c.so
[6.330s] -- Set non-toolchain portion of runtime path of "/home/rsanz/git/learning/ROS2/RustROS2/install/action_msgs/lib/libaction_msgs__rosidl_typesupport_fastrtps_c.so" to ""
[6.330s] -- Up-to-date: /home/rsanz/git/learning/ROS2/RustROS2/install/action_msgs/include/action_msgs/action_msgs
[6.330s] -- Up-to-date: /home/rsanz/git/learning/ROS2/RustROS2/install/action_msgs/include/action_msgs/action_msgs/msg
[6.331s] -- Installing: /home/rsanz/git/learning/ROS2/RustROS2/install/action_msgs/include/action_msgs/action_msgs/msg/goal_info.hpp
[6.331s] -- Up-to-date: /home/rsanz/git/learning/ROS2/RustROS2/install/action_msgs/include/action_msgs/action_msgs/msg/detail
[6.331s] -- Installing: /home/rsanz/git/learning/ROS2/RustROS2/install/action_msgs/include/action_msgs/action_msgs/msg/detail/goal_status_array__type_support.hpp
[6.331s] -- Installing: /home/rsanz/git/learning/ROS2/RustROS2/install/action_msgs/include/action_msgs/action_msgs/msg/detail/goal_info__type_support.hpp
[6.331s] -- Installing: /home/rsanz/git/learning/ROS2/RustROS2/install/action_msgs/include/action_msgs/action_msgs/msg/detail/goal_status__type_support.hpp
[6.331s] -- Installing: /home/rsanz/git/learning/ROS2/RustROS2/install/action_msgs/include/action_msgs/action_msgs/msg/detail/goal_status_array__traits.hpp
[6.331s] -- Installing: /home/rsanz/git/learning/ROS2/RustROS2/install/action_msgs/include/action_msgs/action_msgs/msg/detail/goal_status_array__struct.hpp
[6.332s] -- Installing: /home/rsanz/git/learning/ROS2/RustROS2/install/action_msgs/include/action_msgs/action_msgs/msg/detail/goal_info__builder.hpp
[6.332s] -- Installing: /home/rsanz/git/learning/ROS2/RustROS2/install/action_msgs/include/action_msgs/action_msgs/msg/detail/goal_info__traits.hpp
[6.332s] -- Installing: /home/rsanz/git/learning/ROS2/RustROS2/install/action_msgs/include/action_msgs/action_msgs/msg/detail/goal_status__traits.hpp
[6.332s] -- Installing: /home/rsanz/git/learning/ROS2/RustROS2/install/action_msgs/include/action_msgs/action_msgs/msg/detail/goal_status__struct.hpp
[6.332s] -- Installing: /home/rsanz/git/learning/ROS2/RustROS2/install/action_msgs/include/action_msgs/action_msgs/msg/detail/goal_info__struct.hpp
[6.333s] -- Installing: /home/rsanz/git/learning/ROS2/RustROS2/install/action_msgs/include/action_msgs/action_msgs/msg/detail/goal_status_array__builder.hpp
[6.333s] -- Installing: /home/rsanz/git/learning/ROS2/RustROS2/install/action_msgs/include/action_msgs/action_msgs/msg/detail/goal_status__builder.hpp
[6.333s] -- Installing: /home/rsanz/git/learning/ROS2/RustROS2/install/action_msgs/include/action_msgs/action_msgs/msg/goal_status.hpp
[6.333s] -- Installing: /home/rsanz/git/learning/ROS2/RustROS2/install/action_msgs/include/action_msgs/action_msgs/msg/goal_status_array.hpp
[6.333s] -- Installing: /home/rsanz/git/learning/ROS2/RustROS2/install/action_msgs/include/action_msgs/action_msgs/msg/rosidl_generator_cpp__visibility_control.hpp
[6.334s] -- Up-to-date: /home/rsanz/git/learning/ROS2/RustROS2/install/action_msgs/include/action_msgs/action_msgs/srv
[6.334s] -- Up-to-date: /home/rsanz/git/learning/ROS2/RustROS2/install/action_msgs/include/action_msgs/action_msgs/srv/detail
[6.334s] -- Installing: /home/rsanz/git/learning/ROS2/RustROS2/install/action_msgs/include/action_msgs/action_msgs/srv/detail/cancel_goal__builder.hpp
[6.334s] -- Installing: /home/rsanz/git/learning/ROS2/RustROS2/install/action_msgs/include/action_msgs/action_msgs/srv/detail/cancel_goal__traits.hpp
[6.334s] -- Installing: /home/rsanz/git/learning/ROS2/RustROS2/install/action_msgs/include/action_msgs/action_msgs/srv/detail/cancel_goal__type_support.hpp
[6.335s] -- Installing: /home/rsanz/git/learning/ROS2/RustROS2/install/action_msgs/include/action_msgs/action_msgs/srv/detail/cancel_goal__struct.hpp
[6.335s] -- Installing: /home/rsanz/git/learning/ROS2/RustROS2/install/action_msgs/include/action_msgs/action_msgs/srv/cancel_goal.hpp
[6.335s] -- Up-to-date: /home/rsanz/git/learning/ROS2/RustROS2/install/action_msgs/include/action_msgs/action_msgs
[6.335s] -- Up-to-date: /home/rsanz/git/learning/ROS2/RustROS2/install/action_msgs/include/action_msgs/action_msgs/msg
[6.335s] -- Installing: /home/rsanz/git/learning/ROS2/RustROS2/install/action_msgs/include/action_msgs/action_msgs/msg/rosidl_typesupport_fastrtps_cpp__visibility_control.h
[6.336s] -- Up-to-date: /home/rsanz/git/learning/ROS2/RustROS2/install/action_msgs/include/action_msgs/action_msgs/msg/detail
[6.336s] -- Installing: /home/rsanz/git/learning/ROS2/RustROS2/install/action_msgs/include/action_msgs/action_msgs/msg/detail/goal_info__rosidl_typesupport_fastrtps_cpp.hpp
[6.336s] -- Installing: /home/rsanz/git/learning/ROS2/RustROS2/install/action_msgs/include/action_msgs/action_msgs/msg/detail/goal_status_array__rosidl_typesupport_fastrtps_cpp.hpp
[6.336s] -- Installing: /home/rsanz/git/learning/ROS2/RustROS2/install/action_msgs/include/action_msgs/action_msgs/msg/detail/goal_status__rosidl_typesupport_fastrtps_cpp.hpp
[6.336s] -- Installing: /home/rsanz/git/learning/ROS2/RustROS2/install/action_msgs/include/action_msgs/action_msgs/msg/detail/dds_fastrtps
[6.337s] -- Up-to-date: /home/rsanz/git/learning/ROS2/RustROS2/install/action_msgs/include/action_msgs/action_msgs/srv
[6.337s] -- Up-to-date: /home/rsanz/git/learning/ROS2/RustROS2/install/action_msgs/include/action_msgs/action_msgs/srv/detail
[6.337s] -- Installing: /home/rsanz/git/learning/ROS2/RustROS2/install/action_msgs/include/action_msgs/action_msgs/srv/detail/cancel_goal__rosidl_typesupport_fastrtps_cpp.hpp
[6.337s] -- Installing: /home/rsanz/git/learning/ROS2/RustROS2/install/action_msgs/include/action_msgs/action_msgs/srv/detail/dds_fastrtps
[6.337s] -- Installing: /home/rsanz/git/learning/ROS2/RustROS2/install/action_msgs/lib/libaction_msgs__rosidl_typesupport_fastrtps_cpp.so
[6.338s] -- Set non-toolchain portion of runtime path of "/home/rsanz/git/learning/ROS2/RustROS2/install/action_msgs/lib/libaction_msgs__rosidl_typesupport_fastrtps_cpp.so" to ""
[6.338s] -- Up-to-date: /home/rsanz/git/learning/ROS2/RustROS2/install/action_msgs/include/action_msgs/action_msgs
[6.338s] -- Up-to-date: /home/rsanz/git/learning/ROS2/RustROS2/install/action_msgs/include/action_msgs/action_msgs/msg
[6.338s] -- Installing: /home/rsanz/git/learning/ROS2/RustROS2/install/action_msgs/include/action_msgs/action_msgs/msg/rosidl_typesupport_introspection_c__visibility_control.h
[6.338s] -- Up-to-date: /home/rsanz/git/learning/ROS2/RustROS2/install/action_msgs/include/action_msgs/action_msgs/msg/detail
[6.338s] -- Up-to-date: /home/rsanz/git/learning/ROS2/RustROS2/install/action_msgs/include/action_msgs/action_msgs/msg/detail/goal_info__type_support.c
[6.338s] -- Installing: /home/rsanz/git/learning/ROS2/RustROS2/install/action_msgs/include/action_msgs/action_msgs/msg/detail/goal_status__rosidl_typesupport_introspection_c.h
[6.339s] -- Installing: /home/rsanz/git/learning/ROS2/RustROS2/install/action_msgs/include/action_msgs/action_msgs/msg/detail/goal_status_array__rosidl_typesupport_introspection_c.h
[6.339s] -- Up-to-date: /home/rsanz/git/learning/ROS2/RustROS2/install/action_msgs/include/action_msgs/action_msgs/msg/detail/goal_status__type_support.c
[6.339s] -- Up-to-date: /home/rsanz/git/learning/ROS2/RustROS2/install/action_msgs/include/action_msgs/action_msgs/msg/detail/goal_status_array__type_support.c
[6.339s] -- Installing: /home/rsanz/git/learning/ROS2/RustROS2/install/action_msgs/include/action_msgs/action_msgs/msg/detail/goal_info__rosidl_typesupport_introspection_c.h
[6.339s] -- Up-to-date: /home/rsanz/git/learning/ROS2/RustROS2/install/action_msgs/include/action_msgs/action_msgs/srv
[6.339s] -- Up-to-date: /home/rsanz/git/learning/ROS2/RustROS2/install/action_msgs/include/action_msgs/action_msgs/srv/detail
[6.340s] -- Installing: /home/rsanz/git/learning/ROS2/RustROS2/install/action_msgs/include/action_msgs/action_msgs/srv/detail/cancel_goal__rosidl_typesupport_introspection_c.h
[6.340s] -- Up-to-date: /home/rsanz/git/learning/ROS2/RustROS2/install/action_msgs/include/action_msgs/action_msgs/srv/detail/cancel_goal__type_support.c
[6.340s] -- Installing: /home/rsanz/git/learning/ROS2/RustROS2/install/action_msgs/lib/libaction_msgs__rosidl_typesupport_introspection_c.so
[6.340s] -- Set non-toolchain portion of runtime path of "/home/rsanz/git/learning/ROS2/RustROS2/install/action_msgs/lib/libaction_msgs__rosidl_typesupport_introspection_c.so" to ""
[6.340s] -- Installing: /home/rsanz/git/learning/ROS2/RustROS2/install/action_msgs/lib/libaction_msgs__rosidl_typesupport_c.so
[6.340s] -- Set non-toolchain portion of runtime path of "/home/rsanz/git/learning/ROS2/RustROS2/install/action_msgs/lib/libaction_msgs__rosidl_typesupport_c.so" to ""
[6.341s] -- Up-to-date: /home/rsanz/git/learning/ROS2/RustROS2/install/action_msgs/include/action_msgs/action_msgs
[6.341s] -- Up-to-date: /home/rsanz/git/learning/ROS2/RustROS2/install/action_msgs/include/action_msgs/action_msgs/msg
[6.341s] -- Up-to-date: /home/rsanz/git/learning/ROS2/RustROS2/install/action_msgs/include/action_msgs/action_msgs/msg/detail
[6.341s] -- Installing: /home/rsanz/git/learning/ROS2/RustROS2/install/action_msgs/include/action_msgs/action_msgs/msg/detail/goal_status_array__type_support.cpp
[6.341s] -- Installing: /home/rsanz/git/learning/ROS2/RustROS2/install/action_msgs/include/action_msgs/action_msgs/msg/detail/goal_status_array__rosidl_typesupport_introspection_cpp.hpp
[6.342s] -- Installing: /home/rsanz/git/learning/ROS2/RustROS2/install/action_msgs/include/action_msgs/action_msgs/msg/detail/goal_info__type_support.cpp
[6.342s] -- Installing: /home/rsanz/git/learning/ROS2/RustROS2/install/action_msgs/include/action_msgs/action_msgs/msg/detail/goal_status__rosidl_typesupport_introspection_cpp.hpp
[6.342s] -- Installing: /home/rsanz/git/learning/ROS2/RustROS2/install/action_msgs/include/action_msgs/action_msgs/msg/detail/goal_status__type_support.cpp
[6.342s] -- Installing: /home/rsanz/git/learning/ROS2/RustROS2/install/action_msgs/include/action_msgs/action_msgs/msg/detail/goal_info__rosidl_typesupport_introspection_cpp.hpp
[6.342s] -- Up-to-date: /home/rsanz/git/learning/ROS2/RustROS2/install/action_msgs/include/action_msgs/action_msgs/srv
[6.342s] -- Up-to-date: /home/rsanz/git/learning/ROS2/RustROS2/install/action_msgs/include/action_msgs/action_msgs/srv/detail
[6.343s] -- Installing: /home/rsanz/git/learning/ROS2/RustROS2/install/action_msgs/include/action_msgs/action_msgs/srv/detail/cancel_goal__type_support.cpp
[6.343s] -- Installing: /home/rsanz/git/learning/ROS2/RustROS2/install/action_msgs/include/action_msgs/action_msgs/srv/detail/cancel_goal__rosidl_typesupport_introspection_cpp.hpp
[6.343s] -- Installing: /home/rsanz/git/learning/ROS2/RustROS2/install/action_msgs/lib/libaction_msgs__rosidl_typesupport_introspection_cpp.so
[6.343s] -- Set non-toolchain portion of runtime path of "/home/rsanz/git/learning/ROS2/RustROS2/install/action_msgs/lib/libaction_msgs__rosidl_typesupport_introspection_cpp.so" to ""
[6.344s] -- Installing: /home/rsanz/git/learning/ROS2/RustROS2/install/action_msgs/lib/libaction_msgs__rosidl_typesupport_cpp.so
[6.344s] -- Set non-toolchain portion of runtime path of "/home/rsanz/git/learning/ROS2/RustROS2/install/action_msgs/lib/libaction_msgs__rosidl_typesupport_cpp.so" to ""
[6.345s] -- Installing: /home/rsanz/git/learning/ROS2/RustROS2/install/action_msgs/share/ament_index/resource_index/rust_packages/action_msgs
[6.346s] -- Installing: /home/rsanz/git/learning/ROS2/RustROS2/install/action_msgs/share/action_msgs/rust
[6.346s] -- Installing: /home/rsanz/git/learning/ROS2/RustROS2/install/action_msgs/share/action_msgs/rust/src
[6.346s] -- Installing: /home/rsanz/git/learning/ROS2/RustROS2/install/action_msgs/share/action_msgs/rust/src/msg.rs
[6.346s] -- Installing: /home/rsanz/git/learning/ROS2/RustROS2/install/action_msgs/share/action_msgs/rust/src/srv.rs
[6.346s] -- Installing: /home/rsanz/git/learning/ROS2/RustROS2/install/action_msgs/share/action_msgs/rust/src/msg
[6.346s] -- Installing: /home/rsanz/git/learning/ROS2/RustROS2/install/action_msgs/share/action_msgs/rust/src/msg/rmw.rs
[6.346s] -- Installing: /home/rsanz/git/learning/ROS2/RustROS2/install/action_msgs/share/action_msgs/rust/src/srv
[6.347s] -- Installing: /home/rsanz/git/learning/ROS2/RustROS2/install/action_msgs/share/action_msgs/rust/src/srv/rmw.rs
[6.347s] -- Installing: /home/rsanz/git/learning/ROS2/RustROS2/install/action_msgs/share/action_msgs/rust/src/lib.rs
[6.347s] -- Installing: /home/rsanz/git/learning/ROS2/RustROS2/install/action_msgs/share/action_msgs/rust/build.rs
[6.347s] -- Installing: /home/rsanz/git/learning/ROS2/RustROS2/install/action_msgs/share/action_msgs/rust/Cargo.toml
[6.347s] -- Installing: /home/rsanz/git/learning/ROS2/RustROS2/install/action_msgs/share/action_msgs/environment/pythonpath.sh
[6.347s] -- Installing: /home/rsanz/git/learning/ROS2/RustROS2/install/action_msgs/share/action_msgs/environment/pythonpath.dsv
[6.347s] -- Installing: /home/rsanz/git/learning/ROS2/RustROS2/install/action_msgs/lib/python3.12/site-packages/action_msgs-2.0.3-py3.12.egg-info
[6.347s] -- Installing: /home/rsanz/git/learning/ROS2/RustROS2/install/action_msgs/lib/python3.12/site-packages/action_msgs-2.0.3-py3.12.egg-info/dependency_links.txt
[6.347s] -- Installing: /home/rsanz/git/learning/ROS2/RustROS2/install/action_msgs/lib/python3.12/site-packages/action_msgs-2.0.3-py3.12.egg-info/PKG-INFO
[6.348s] -- Installing: /home/rsanz/git/learning/ROS2/RustROS2/install/action_msgs/lib/python3.12/site-packages/action_msgs-2.0.3-py3.12.egg-info/top_level.txt
[6.348s] -- Installing: /home/rsanz/git/learning/ROS2/RustROS2/install/action_msgs/lib/python3.12/site-packages/action_msgs-2.0.3-py3.12.egg-info/SOURCES.txt
[6.348s] -- Installing: /home/rsanz/git/learning/ROS2/RustROS2/install/action_msgs/lib/python3.12/site-packages/action_msgs
[6.348s] -- Installing: /home/rsanz/git/learning/ROS2/RustROS2/install/action_msgs/lib/python3.12/site-packages/action_msgs/action_msgs_s__rosidl_typesupport_introspection_c.so
[6.348s] -- Installing: /home/rsanz/git/learning/ROS2/RustROS2/install/action_msgs/lib/python3.12/site-packages/action_msgs/_action_msgs_s.ep.rosidl_typesupport_fastrtps_c.c
[6.349s] -- Installing: /home/rsanz/git/learning/ROS2/RustROS2/install/action_msgs/lib/python3.12/site-packages/action_msgs/_action_msgs_s.ep.rosidl_typesupport_introspection_c.c
[6.349s] -- Installing: /home/rsanz/git/learning/ROS2/RustROS2/install/action_msgs/lib/python3.12/site-packages/action_msgs/action_msgs_s__rosidl_typesupport_c.so
[6.349s] -- Installing: /home/rsanz/git/learning/ROS2/RustROS2/install/action_msgs/lib/python3.12/site-packages/action_msgs/action_msgs_s__rosidl_typesupport_fastrtps_c.so
[6.349s] -- Installing: /home/rsanz/git/learning/ROS2/RustROS2/install/action_msgs/lib/python3.12/site-packages/action_msgs/_action_msgs_s.ep.rosidl_typesupport_c.c
[6.350s] -- Installing: /home/rsanz/git/learning/ROS2/RustROS2/install/action_msgs/lib/python3.12/site-packages/action_msgs/msg
[6.350s] -- Installing: /home/rsanz/git/learning/ROS2/RustROS2/install/action_msgs/lib/python3.12/site-packages/action_msgs/msg/_goal_status.py
[6.350s] -- Installing: /home/rsanz/git/learning/ROS2/RustROS2/install/action_msgs/lib/python3.12/site-packages/action_msgs/msg/_goal_status_array_s.c
[6.350s] -- Installing: /home/rsanz/git/learning/ROS2/RustROS2/install/action_msgs/lib/python3.12/site-packages/action_msgs/msg/_goal_info.py
[6.350s] -- Installing: /home/rsanz/git/learning/ROS2/RustROS2/install/action_msgs/lib/python3.12/site-packages/action_msgs/msg/_goal_info_s.c
[6.351s] -- Installing: /home/rsanz/git/learning/ROS2/RustROS2/install/action_msgs/lib/python3.12/site-packages/action_msgs/msg/__init__.py
[6.351s] -- Installing: /home/rsanz/git/learning/ROS2/RustROS2/install/action_msgs/lib/python3.12/site-packages/action_msgs/msg/_goal_status_array.py
[6.351s] -- Installing: /home/rsanz/git/learning/ROS2/RustROS2/install/action_msgs/lib/python3.12/site-packages/action_msgs/msg/_goal_status_s.c
[6.351s] -- Installing: /home/rsanz/git/learning/ROS2/RustROS2/install/action_msgs/lib/python3.12/site-packages/action_msgs/__init__.py
[6.351s] -- Installing: /home/rsanz/git/learning/ROS2/RustROS2/install/action_msgs/lib/python3.12/site-packages/action_msgs/srv
[6.352s] -- Installing: /home/rsanz/git/learning/ROS2/RustROS2/install/action_msgs/lib/python3.12/site-packages/action_msgs/srv/_cancel_goal_s.c
[6.352s] -- Installing: /home/rsanz/git/learning/ROS2/RustROS2/install/action_msgs/lib/python3.12/site-packages/action_msgs/srv/_cancel_goal.py
[6.352s] -- Installing: /home/rsanz/git/learning/ROS2/RustROS2/install/action_msgs/lib/python3.12/site-packages/action_msgs/srv/__init__.py
[6.396s] Listing '/home/rsanz/git/learning/ROS2/RustROS2/install/action_msgs/lib/python3.12/site-packages/action_msgs'...
[6.396s] Compiling '/home/rsanz/git/learning/ROS2/RustROS2/install/action_msgs/lib/python3.12/site-packages/action_msgs/__init__.py'...
[6.396s] Listing '/home/rsanz/git/learning/ROS2/RustROS2/install/action_msgs/lib/python3.12/site-packages/action_msgs/msg'...
[6.396s] Compiling '/home/rsanz/git/learning/ROS2/RustROS2/install/action_msgs/lib/python3.12/site-packages/action_msgs/msg/__init__.py'...
[6.397s] Compiling '/home/rsanz/git/learning/ROS2/RustROS2/install/action_msgs/lib/python3.12/site-packages/action_msgs/msg/_goal_info.py'...
[6.397s] Compiling '/home/rsanz/git/learning/ROS2/RustROS2/install/action_msgs/lib/python3.12/site-packages/action_msgs/msg/_goal_status.py'...
[6.397s] Compiling '/home/rsanz/git/learning/ROS2/RustROS2/install/action_msgs/lib/python3.12/site-packages/action_msgs/msg/_goal_status_array.py'...
[6.397s] Listing '/home/rsanz/git/learning/ROS2/RustROS2/install/action_msgs/lib/python3.12/site-packages/action_msgs/srv'...
[6.397s] Compiling '/home/rsanz/git/learning/ROS2/RustROS2/install/action_msgs/lib/python3.12/site-packages/action_msgs/srv/__init__.py'...
[6.397s] Compiling '/home/rsanz/git/learning/ROS2/RustROS2/install/action_msgs/lib/python3.12/site-packages/action_msgs/srv/_cancel_goal.py'...
[6.402s] -- Installing: /home/rsanz/git/learning/ROS2/RustROS2/install/action_msgs/lib/python3.12/site-packages/action_msgs/action_msgs_s__rosidl_typesupport_fastrtps_c.so
[6.403s] -- Set non-toolchain portion of runtime path of "/home/rsanz/git/learning/ROS2/RustROS2/install/action_msgs/lib/python3.12/site-packages/action_msgs/action_msgs_s__rosidl_typesupport_fastrtps_c.so" to ""
[6.403s] -- Installing: /home/rsanz/git/learning/ROS2/RustROS2/install/action_msgs/lib/python3.12/site-packages/action_msgs/action_msgs_s__rosidl_typesupport_introspection_c.so
[6.403s] -- Set non-toolchain portion of runtime path of "/home/rsanz/git/learning/ROS2/RustROS2/install/action_msgs/lib/python3.12/site-packages/action_msgs/action_msgs_s__rosidl_typesupport_introspection_c.so" to ""
[6.404s] -- Installing: /home/rsanz/git/learning/ROS2/RustROS2/install/action_msgs/lib/python3.12/site-packages/action_msgs/action_msgs_s__rosidl_typesupport_c.so
[6.404s] -- Set non-toolchain portion of runtime path of "/home/rsanz/git/learning/ROS2/RustROS2/install/action_msgs/lib/python3.12/site-packages/action_msgs/action_msgs_s__rosidl_typesupport_c.so" to ""
[6.404s] -- Installing: /home/rsanz/git/learning/ROS2/RustROS2/install/action_msgs/lib/libaction_msgs__rosidl_generator_py.so
[6.405s] -- Set non-toolchain portion of runtime path of "/home/rsanz/git/learning/ROS2/RustROS2/install/action_msgs/lib/libaction_msgs__rosidl_generator_py.so" to ""
[6.405s] -- Installing: /home/rsanz/git/learning/ROS2/RustROS2/install/action_msgs/share/action_msgs/msg/GoalInfo.idl
[6.405s] -- Installing: /home/rsanz/git/learning/ROS2/RustROS2/install/action_msgs/share/action_msgs/msg/GoalStatus.idl
[6.405s] -- Installing: /home/rsanz/git/learning/ROS2/RustROS2/install/action_msgs/share/action_msgs/msg/GoalStatusArray.idl
[6.405s] -- Installing: /home/rsanz/git/learning/ROS2/RustROS2/install/action_msgs/share/action_msgs/srv/CancelGoal.idl
[6.405s] -- Installing: /home/rsanz/git/learning/ROS2/RustROS2/install/action_msgs/share/action_msgs/msg/GoalInfo.msg
[6.406s] -- Installing: /home/rsanz/git/learning/ROS2/RustROS2/install/action_msgs/share/action_msgs/msg/GoalStatus.msg
[6.406s] -- Installing: /home/rsanz/git/learning/ROS2/RustROS2/install/action_msgs/share/action_msgs/msg/GoalStatusArray.msg
[6.406s] -- Installing: /home/rsanz/git/learning/ROS2/RustROS2/install/action_msgs/share/action_msgs/srv/CancelGoal.srv
[6.406s] -- Installing: /home/rsanz/git/learning/ROS2/RustROS2/install/action_msgs/share/ament_index/resource_index/package_run_dependencies/action_msgs
[6.407s] -- Installing: /home/rsanz/git/learning/ROS2/RustROS2/install/action_msgs/share/ament_index/resource_index/parent_prefix_path/action_msgs
[6.407s] -- Installing: /home/rsanz/git/learning/ROS2/RustROS2/install/action_msgs/share/action_msgs/environment/ament_prefix_path.sh
[6.407s] -- Installing: /home/rsanz/git/learning/ROS2/RustROS2/install/action_msgs/share/action_msgs/environment/ament_prefix_path.dsv
[6.407s] -- Installing: /home/rsanz/git/learning/ROS2/RustROS2/install/action_msgs/share/action_msgs/environment/path.sh
[6.407s] -- Installing: /home/rsanz/git/learning/ROS2/RustROS2/install/action_msgs/share/action_msgs/environment/path.dsv
[6.408s] -- Installing: /home/rsanz/git/learning/ROS2/RustROS2/install/action_msgs/share/action_msgs/local_setup.bash
[6.408s] -- Installing: /home/rsanz/git/learning/ROS2/RustROS2/install/action_msgs/share/action_msgs/local_setup.sh
[6.408s] -- Installing: /home/rsanz/git/learning/ROS2/RustROS2/install/action_msgs/share/action_msgs/local_setup.zsh
[6.408s] -- Installing: /home/rsanz/git/learning/ROS2/RustROS2/install/action_msgs/share/action_msgs/local_setup.dsv
[6.408s] -- Installing: /home/rsanz/git/learning/ROS2/RustROS2/install/action_msgs/share/action_msgs/package.dsv
[6.409s] -- Installing: /home/rsanz/git/learning/ROS2/RustROS2/install/action_msgs/share/ament_index/resource_index/packages/action_msgs
[6.409s] -- Installing: /home/rsanz/git/learning/ROS2/RustROS2/install/action_msgs/share/action_msgs/cmake/export_action_msgs__rosidl_generator_cExport.cmake
[6.409s] -- Installing: /home/rsanz/git/learning/ROS2/RustROS2/install/action_msgs/share/action_msgs/cmake/export_action_msgs__rosidl_generator_cExport-noconfig.cmake
[6.409s] -- Installing: /home/rsanz/git/learning/ROS2/RustROS2/install/action_msgs/share/action_msgs/cmake/export_action_msgs__rosidl_typesupport_fastrtps_cExport.cmake
[6.410s] -- Installing: /home/rsanz/git/learning/ROS2/RustROS2/install/action_msgs/share/action_msgs/cmake/export_action_msgs__rosidl_typesupport_fastrtps_cExport-noconfig.cmake
[6.410s] -- Installing: /home/rsanz/git/learning/ROS2/RustROS2/install/action_msgs/share/action_msgs/cmake/export_action_msgs__rosidl_generator_cppExport.cmake
[6.410s] -- Installing: /home/rsanz/git/learning/ROS2/RustROS2/install/action_msgs/share/action_msgs/cmake/export_action_msgs__rosidl_typesupport_fastrtps_cppExport.cmake
[6.410s] -- Installing: /home/rsanz/git/learning/ROS2/RustROS2/install/action_msgs/share/action_msgs/cmake/export_action_msgs__rosidl_typesupport_fastrtps_cppExport-noconfig.cmake
[6.411s] -- Installing: /home/rsanz/git/learning/ROS2/RustROS2/install/action_msgs/share/action_msgs/cmake/action_msgs__rosidl_typesupport_introspection_cExport.cmake
[6.411s] -- Installing: /home/rsanz/git/learning/ROS2/RustROS2/install/action_msgs/share/action_msgs/cmake/action_msgs__rosidl_typesupport_introspection_cExport-noconfig.cmake
[6.411s] -- Installing: /home/rsanz/git/learning/ROS2/RustROS2/install/action_msgs/share/action_msgs/cmake/action_msgs__rosidl_typesupport_cExport.cmake
[6.412s] -- Installing: /home/rsanz/git/learning/ROS2/RustROS2/install/action_msgs/share/action_msgs/cmake/action_msgs__rosidl_typesupport_cExport-noconfig.cmake
[6.412s] -- Installing: /home/rsanz/git/learning/ROS2/RustROS2/install/action_msgs/share/action_msgs/cmake/action_msgs__rosidl_typesupport_introspection_cppExport.cmake
[6.412s] -- Installing: /home/rsanz/git/learning/ROS2/RustROS2/install/action_msgs/share/action_msgs/cmake/action_msgs__rosidl_typesupport_introspection_cppExport-noconfig.cmake
[6.412s] -- Installing: /home/rsanz/git/learning/ROS2/RustROS2/install/action_msgs/share/action_msgs/cmake/action_msgs__rosidl_typesupport_cppExport.cmake
[6.413s] -- Installing: /home/rsanz/git/learning/ROS2/RustROS2/install/action_msgs/share/action_msgs/cmake/action_msgs__rosidl_typesupport_cppExport-noconfig.cmake
[6.413s] -- Installing: /home/rsanz/git/learning/ROS2/RustROS2/install/action_msgs/share/action_msgs/cmake/export_action_msgs__rosidl_generator_pyExport.cmake
[6.413s] -- Installing: /home/rsanz/git/learning/ROS2/RustROS2/install/action_msgs/share/action_msgs/cmake/export_action_msgs__rosidl_generator_pyExport-noconfig.cmake
[6.413s] -- Installing: /home/rsanz/git/learning/ROS2/RustROS2/install/action_msgs/share/action_msgs/cmake/rosidl_cmake-extras.cmake
[6.414s] -- Installing: /home/rsanz/git/learning/ROS2/RustROS2/install/action_msgs/share/action_msgs/cmake/ament_cmake_export_dependencies-extras.cmake
[6.414s] -- Installing: /home/rsanz/git/learning/ROS2/RustROS2/install/action_msgs/share/action_msgs/cmake/ament_cmake_export_include_directories-extras.cmake
[6.414s] -- Installing: /home/rsanz/git/learning/ROS2/RustROS2/install/action_msgs/share/action_msgs/cmake/ament_cmake_export_libraries-extras.cmake
[6.414s] -- Installing: /home/rsanz/git/learning/ROS2/RustROS2/install/action_msgs/share/action_msgs/cmake/ament_cmake_export_targets-extras.cmake
[6.414s] -- Installing: /home/rsanz/git/learning/ROS2/RustROS2/install/action_msgs/share/action_msgs/cmake/rosidl_cmake_export_typesupport_targets-extras.cmake
[6.415s] -- Installing: /home/rsanz/git/learning/ROS2/RustROS2/install/action_msgs/share/action_msgs/cmake/rosidl_cmake_export_typesupport_libraries-extras.cmake
[6.415s] -- Installing: /home/rsanz/git/learning/ROS2/RustROS2/install/action_msgs/share/action_msgs/cmake/action_msgsConfig.cmake
[6.415s] -- Installing: /home/rsanz/git/learning/ROS2/RustROS2/install/action_msgs/share/action_msgs/cmake/action_msgsConfig-version.cmake
[6.415s] -- Installing: /home/rsanz/git/learning/ROS2/RustROS2/install/action_msgs/share/action_msgs/package.xml
[6.419s] Invoked command in '/home/rsanz/git/learning/ROS2/RustROS2/build/action_msgs' returned '0': AMENT_PREFIX_PATH=/home/rsanz/git/learning/ROS2/RustROS2/install/service_msgs:/home/rsanz/git/learning/ROS2/RustROS2/install/unique_identifier_msgs:/home/rsanz/git/learning/ROS2/RustROS2/install/builtin_interfaces:/home/rsanz/git/learning/ROS2/RustROS2/install/rosidl_core_runtime:/home/rsanz/git/learning/ROS2/RustROS2/install/rosidl_core_generators:/home/rsanz/git/learning/ROS2/RustROS2/install/rosidl_generator_rs:${AMENT_PREFIX_PATH} CMAKE_PREFIX_PATH=/home/rsanz/git/learning/ROS2/RustROS2/install/service_msgs:/home/rsanz/git/learning/ROS2/RustROS2/install/unique_identifier_msgs:/home/rsanz/git/learning/ROS2/RustROS2/install/builtin_interfaces:/home/rsanz/git/learning/ROS2/RustROS2/install/rosidl_core_runtime:/home/rsanz/git/learning/ROS2/RustROS2/install/rosidl_core_generators:/home/rsanz/git/learning/ROS2/RustROS2/install/rosidl_generator_rs:/opt/ros/jazzy/opt/gz_math_vendor:/opt/ros/jazzy/opt/gz_utils_vendor:/opt/ros/jazzy/opt/gz_cmake_vendor:/opt/ros/jazzy DEBUGINFOD_URLS=https://debuginfod.ubuntu.com LD_LIBRARY_PATH=/home/rsanz/git/learning/ROS2/RustROS2/install/service_msgs/lib:/home/rsanz/git/learning/ROS2/RustROS2/install/unique_identifier_msgs/lib:/home/rsanz/git/learning/ROS2/RustROS2/install/builtin_interfaces/lib:${LD_LIBRARY_PATH} PYTHONPATH=/home/rsanz/git/learning/ROS2/RustROS2/install/service_msgs/lib/python3.12/site-packages:/home/rsanz/git/learning/ROS2/RustROS2/install/unique_identifier_msgs/lib/python3.12/site-packages:/home/rsanz/git/learning/ROS2/RustROS2/install/builtin_interfaces/lib/python3.12/site-packages:/home/rsanz/git/learning/ROS2/RustROS2/install/rosidl_generator_rs/lib/python3.12/site-packages:${PYTHONPATH} /usr/bin/cmake --install /home/rsanz/git/learning/ROS2/RustROS2/build/action_msgs
