[0.011s] Invoking command in '/home/rsanz/git/learning/ROS2/RustROS2/build/service_msgs': AMENT_PREFIX_PATH=/home/rsanz/git/learning/ROS2/RustROS2/install/builtin_interfaces:/home/rsanz/git/learning/ROS2/RustROS2/install/rosidl_core_runtime:/home/rsanz/git/learning/ROS2/RustROS2/install/rosidl_core_generators:/home/rsanz/git/learning/ROS2/RustROS2/install/rosidl_generator_rs:${AMENT_PREFIX_PATH} CMAKE_PREFIX_PATH=/home/rsanz/git/learning/ROS2/RustROS2/install/builtin_interfaces:/home/rsanz/git/learning/ROS2/RustROS2/install/rosidl_core_runtime:/home/rsanz/git/learning/ROS2/RustROS2/install/rosidl_core_generators:/home/rsanz/git/learning/ROS2/RustROS2/install/rosidl_generator_rs:/opt/ros/jazzy/opt/gz_math_vendor:/opt/ros/jazzy/opt/gz_utils_vendor:/opt/ros/jazzy/opt/gz_cmake_vendor:/opt/ros/jazzy DEBUGINFOD_URLS=https://debuginfod.ubuntu.com LD_LIBRARY_PATH=/home/rsanz/git/learning/ROS2/RustROS2/install/builtin_interfaces/lib:${LD_LIBRARY_PATH} PYTHONPATH=/home/rsanz/git/learning/ROS2/RustROS2/install/builtin_interfaces/lib/python3.12/site-packages:/home/rsanz/git/learning/ROS2/RustROS2/install/rosidl_generator_rs/lib/python3.12/site-packages:${PYTHONPATH} /usr/bin/cmake /home/rsanz/git/learning/ROS2/RustROS2/src/rcl_interfaces/service_msgs -DCMAKE_INSTALL_PREFIX=/home/rsanz/git/learning/ROS2/RustROS2/install/service_msgs
[0.058s] -- The C compiler identification is GNU 13.3.0
[0.107s] -- The CXX compiler identification is GNU 13.3.0
[0.122s] -- Detecting C compiler ABI info
[0.198s] -- Detecting C compiler ABI info - done
[0.205s] -- Check for working C compiler: /usr/bin/cc - skipped
[0.206s] -- Detecting C compile features
[0.206s] -- Detecting C compile features - done
[0.214s] -- Detecting CXX compiler ABI info
[0.297s] -- Detecting CXX compiler ABI info - done
[0.305s] -- Check for working CXX compiler: /usr/bin/c++ - skipped
[0.306s] -- Detecting CXX compile features
[0.306s] -- Detecting CXX compile features - done
[0.309s] -- Found ament_cmake: 2.5.6 (/opt/ros/jazzy/share/ament_cmake/cmake)
[0.434s] -- Found Python3: /usr/bin/python3 (found version "3.12.3") found components: Interpreter 
[0.521s] -- Found builtin_interfaces: 2.0.3 (/home/rsanz/git/learning/ROS2/RustROS2/install/builtin_interfaces/share/builtin_interfaces/cmake)
[0.556s] -- Found rosidl_generator_c: 4.6.7 (/opt/ros/jazzy/share/rosidl_generator_c/cmake)
[0.568s] -- Found rosidl_generator_cpp: 4.6.7 (/opt/ros/jazzy/share/rosidl_generator_cpp/cmake)
[0.580s] -- Using all available rosidl_typesupport_c: rosidl_typesupport_fastrtps_c;rosidl_typesupport_introspection_c
[0.594s] -- Using all available rosidl_typesupport_cpp: rosidl_typesupport_fastrtps_cpp;rosidl_typesupport_introspection_cpp
[0.612s] -- Found rosidl_core_generators: 0.2.1 (/home/rsanz/git/learning/ROS2/RustROS2/install/rosidl_core_generators/share/rosidl_core_generators/cmake)
[0.625s] -- Found rosidl_adapter: 4.6.7 (/opt/ros/jazzy/share/rosidl_adapter/cmake)
[1.076s] -- Found ament_cmake_cppcheck: 0.17.5 (/opt/ros/jazzy/share/ament_cmake_cppcheck/cmake)
[1.078s] -- Found ament_cmake_cpplint: 0.17.5 (/opt/ros/jazzy/share/ament_cmake_cpplint/cmake)
[1.081s] -- Found ament_cmake_uncrustify: 0.17.5 (/opt/ros/jazzy/share/ament_cmake_uncrustify/cmake)
[1.083s] -- Found ament_cmake_ros: 0.12.0 (/opt/ros/jazzy/share/ament_cmake_ros/cmake)
[1.670s] -- Using all available rosidl_typesupport_c: rosidl_typesupport_fastrtps_c;rosidl_typesupport_introspection_c
[1.908s] -- Using all available rosidl_typesupport_cpp: rosidl_typesupport_fastrtps_cpp;rosidl_typesupport_introspection_cpp
[2.027s] -- Found python_cmake_module: 0.11.1 (/opt/ros/jazzy/share/python_cmake_module/cmake)
[2.138s] -- Found PythonExtra: /usr/bin/python3  
[2.480s] -- Found Python3: /usr/bin/python3 (found version "3.12.3") found components: Interpreter Development NumPy Development.Module Development.Embed 
[2.512s] -- Found ament_cmake_flake8: 0.17.5 (/opt/ros/jazzy/share/ament_cmake_flake8/cmake)
[2.515s] -- Found ament_cmake_pep257: 0.17.5 (/opt/ros/jazzy/share/ament_cmake_pep257/cmake)
[2.518s] -- Found ament_lint_auto: 0.17.5 (/opt/ros/jazzy/share/ament_lint_auto/cmake)
[2.534s] -- Added test 'copyright' to check source files copyright and LICENSE
[2.535s] -- Added test 'lint_cmake' to check CMake code style
[2.535s] -- Added test 'xmllint' to check XML markup files
[2.538s] -- Configuring done (2.5s)
[2.568s] -- Generating done (0.0s)
[2.578s] -- Build files have been written to: /home/rsanz/git/learning/ROS2/RustROS2/build/service_msgs
[2.587s] Invoked command in '/home/rsanz/git/learning/ROS2/RustROS2/build/service_msgs' returned '0': AMENT_PREFIX_PATH=/home/rsanz/git/learning/ROS2/RustROS2/install/builtin_interfaces:/home/rsanz/git/learning/ROS2/RustROS2/install/rosidl_core_runtime:/home/rsanz/git/learning/ROS2/RustROS2/install/rosidl_core_generators:/home/rsanz/git/learning/ROS2/RustROS2/install/rosidl_generator_rs:${AMENT_PREFIX_PATH} CMAKE_PREFIX_PATH=/home/rsanz/git/learning/ROS2/RustROS2/install/builtin_interfaces:/home/rsanz/git/learning/ROS2/RustROS2/install/rosidl_core_runtime:/home/rsanz/git/learning/ROS2/RustROS2/install/rosidl_core_generators:/home/rsanz/git/learning/ROS2/RustROS2/install/rosidl_generator_rs:/opt/ros/jazzy/opt/gz_math_vendor:/opt/ros/jazzy/opt/gz_utils_vendor:/opt/ros/jazzy/opt/gz_cmake_vendor:/opt/ros/jazzy DEBUGINFOD_URLS=https://debuginfod.ubuntu.com LD_LIBRARY_PATH=/home/rsanz/git/learning/ROS2/RustROS2/install/builtin_interfaces/lib:${LD_LIBRARY_PATH} PYTHONPATH=/home/rsanz/git/learning/ROS2/RustROS2/install/builtin_interfaces/lib/python3.12/site-packages:/home/rsanz/git/learning/ROS2/RustROS2/install/rosidl_generator_rs/lib/python3.12/site-packages:${PYTHONPATH} /usr/bin/cmake /home/rsanz/git/learning/ROS2/RustROS2/src/rcl_interfaces/service_msgs -DCMAKE_INSTALL_PREFIX=/home/rsanz/git/learning/ROS2/RustROS2/install/service_msgs
[2.588s] Invoking command in '/home/rsanz/git/learning/ROS2/RustROS2/build/service_msgs': AMENT_PREFIX_PATH=/home/rsanz/git/learning/ROS2/RustROS2/install/builtin_interfaces:/home/rsanz/git/learning/ROS2/RustROS2/install/rosidl_core_runtime:/home/rsanz/git/learning/ROS2/RustROS2/install/rosidl_core_generators:/home/rsanz/git/learning/ROS2/RustROS2/install/rosidl_generator_rs:${AMENT_PREFIX_PATH} CMAKE_PREFIX_PATH=/home/rsanz/git/learning/ROS2/RustROS2/install/builtin_interfaces:/home/rsanz/git/learning/ROS2/RustROS2/install/rosidl_core_runtime:/home/rsanz/git/learning/ROS2/RustROS2/install/rosidl_core_generators:/home/rsanz/git/learning/ROS2/RustROS2/install/rosidl_generator_rs:/opt/ros/jazzy/opt/gz_math_vendor:/opt/ros/jazzy/opt/gz_utils_vendor:/opt/ros/jazzy/opt/gz_cmake_vendor:/opt/ros/jazzy DEBUGINFOD_URLS=https://debuginfod.ubuntu.com LD_LIBRARY_PATH=/home/rsanz/git/learning/ROS2/RustROS2/install/builtin_interfaces/lib:${LD_LIBRARY_PATH} PYTHONPATH=/home/rsanz/git/learning/ROS2/RustROS2/install/builtin_interfaces/lib/python3.12/site-packages:/home/rsanz/git/learning/ROS2/RustROS2/install/rosidl_generator_rs/lib/python3.12/site-packages:${PYTHONPATH} /usr/bin/cmake --build /home/rsanz/git/learning/ROS2/RustROS2/build/service_msgs -- -j24 -l24
[2.634s] [  2%] [34m[1mGenerating type hashes for ROS interfaces[0m
[2.635s] [  5%] [34m[1mGenerating Rust code for ROS interfaces[0m
[2.640s] [  5%] Built target ament_cmake_python_copy_service_msgs
[2.820s] [  5%] Built target service_msgs__rosidl_generator_type_description
[2.829s] [  8%] [34m[1mGenerating C code for ROS interfaces[0m
[2.836s] [  8%] Built target service_msgs__rs
[2.838s] [ 11%] [34m[1mGenerating C++ code for ROS interfaces[0m
[2.854s] running egg_info
[2.855s] creating service_msgs.egg-info
[2.876s] writing service_msgs.egg-info/PKG-INFO
[2.876s] writing dependency_links to service_msgs.egg-info/dependency_links.txt
[2.876s] writing top-level names to service_msgs.egg-info/top_level.txt
[2.877s] writing manifest file 'service_msgs.egg-info/SOURCES.txt'
[2.940s] reading manifest file 'service_msgs.egg-info/SOURCES.txt'
[2.940s] writing manifest file 'service_msgs.egg-info/SOURCES.txt'
[2.962s] [ 11%] Built target ament_cmake_python_build_service_msgs_egg
[3.038s] [ 11%] Built target service_msgs__cpp
[3.046s] [ 14%] [32mBuilding C object CMakeFiles/service_msgs__rosidl_generator_c.dir/rosidl_generator_c/service_msgs/msg/detail/service_event_info__functions.c.o[0m
[3.047s] [ 17%] [32mBuilding C object CMakeFiles/service_msgs__rosidl_generator_c.dir/rosidl_generator_c/service_msgs/msg/detail/service_event_info__description.c.o[0m
[3.047s] [ 20%] [32mBuilding C object CMakeFiles/service_msgs__rosidl_generator_c.dir/rosidl_generator_c/service_msgs/msg/detail/service_event_info__type_support.c.o[0m
[3.084s] [ 22%] [32m[1mLinking C shared library libservice_msgs__rosidl_generator_c.so[0m
[3.118s] [ 22%] Built target service_msgs__rosidl_generator_c
[3.127s] [ 34%] [34m[1mGenerating C++ type support for eProsima Fast-RTPS[0m
[3.127s] [ 34%] [34m[1mGenerating C type support for eProsima Fast-RTPS[0m
[3.127s] [ 34%] [34m[1mGenerating C++ type support dispatch for ROS interfaces[0m
[3.127s] [ 34%] [34m[1mGenerating C type support dispatch for ROS interfaces[0m
[3.128s] [ 40%] [34m[1mGenerating C introspection for ROS interfaces[0m
[3.128s] [ 40%] [34m[1mGenerating C++ introspection for ROS interfaces[0m
[3.325s] [ 42%] [32mBuilding CXX object CMakeFiles/service_msgs__rosidl_typesupport_c.dir/rosidl_typesupport_c/service_msgs/msg/service_event_info__type_support.cpp.o[0m
[3.325s] [ 45%] [32mBuilding CXX object CMakeFiles/service_msgs__rosidl_typesupport_cpp.dir/rosidl_typesupport_cpp/service_msgs/msg/service_event_info__type_support.cpp.o[0m
[3.340s] [ 48%] [32mBuilding C object CMakeFiles/service_msgs__rosidl_typesupport_introspection_c.dir/rosidl_typesupport_introspection_c/service_msgs/msg/detail/service_event_info__type_support.c.o[0m
[3.353s] [ 51%] [32mBuilding CXX object CMakeFiles/service_msgs__rosidl_typesupport_introspection_cpp.dir/rosidl_typesupport_introspection_cpp/service_msgs/msg/detail/service_event_info__type_support.cpp.o[0m
[3.354s] [ 54%] [32mBuilding CXX object CMakeFiles/service_msgs__rosidl_typesupport_fastrtps_cpp.dir/rosidl_typesupport_fastrtps_cpp/service_msgs/msg/detail/dds_fastrtps/service_event_info__type_support.cpp.o[0m
[3.357s] [ 57%] [32mBuilding CXX object CMakeFiles/service_msgs__rosidl_typesupport_fastrtps_c.dir/rosidl_typesupport_fastrtps_c/service_msgs/msg/detail/service_event_info__type_support_c.cpp.o[0m
[3.359s] [ 60%] [32m[1mLinking CXX shared library libservice_msgs__rosidl_typesupport_c.so[0m
[3.372s] [ 62%] [32m[1mLinking C shared library libservice_msgs__rosidl_typesupport_introspection_c.so[0m
[3.393s] [ 62%] Built target service_msgs__rosidl_typesupport_c
[3.399s] [ 62%] Built target service_msgs__rosidl_typesupport_introspection_c
[3.544s] [ 65%] [32m[1mLinking CXX shared library libservice_msgs__rosidl_typesupport_cpp.so[0m
[3.580s] [ 68%] [32m[1mLinking CXX shared library libservice_msgs__rosidl_typesupport_introspection_cpp.so[0m
[3.580s] [ 68%] Built target service_msgs__rosidl_typesupport_cpp
[3.641s] [ 68%] Built target service_msgs__rosidl_typesupport_introspection_cpp
[3.671s] [ 71%] [32m[1mLinking CXX shared library libservice_msgs__rosidl_typesupport_fastrtps_c.so[0m
[3.682s] [ 74%] [32m[1mLinking CXX shared library libservice_msgs__rosidl_typesupport_fastrtps_cpp.so[0m
[3.712s] [ 74%] Built target service_msgs__rosidl_typesupport_fastrtps_c
[3.740s] [ 74%] Built target service_msgs__rosidl_typesupport_fastrtps_cpp
[3.758s] [ 74%] Built target service_msgs
[3.775s] [ 77%] [34m[1mGenerating Python code for ROS interfaces[0m
[4.040s] [ 77%] Built target service_msgs__py
[4.056s] [ 80%] [32mBuilding C object CMakeFiles/service_msgs__rosidl_generator_py.dir/rosidl_generator_py/service_msgs/msg/_service_event_info_s.c.o[0m
[4.154s] [ 82%] [32m[1mLinking C shared library libservice_msgs__rosidl_generator_py.so[0m
[4.188s] [ 82%] Built target service_msgs__rosidl_generator_py
[4.206s] [ 85%] [32mBuilding C object CMakeFiles/service_msgs_s__rosidl_typesupport_fastrtps_c.dir/rosidl_generator_py/service_msgs/_service_msgs_s.ep.rosidl_typesupport_fastrtps_c.c.o[0m
[4.206s] [ 88%] [32mBuilding C object CMakeFiles/service_msgs_s__rosidl_typesupport_introspection_c.dir/rosidl_generator_py/service_msgs/_service_msgs_s.ep.rosidl_typesupport_introspection_c.c.o[0m
[4.206s] [ 91%] [32mBuilding C object CMakeFiles/service_msgs_s__rosidl_typesupport_c.dir/rosidl_generator_py/service_msgs/_service_msgs_s.ep.rosidl_typesupport_c.c.o[0m
[4.281s] [ 94%] [32m[1mLinking C shared module rosidl_generator_py/service_msgs/service_msgs_s__rosidl_typesupport_c.so[0m
[4.281s] [ 97%] [32m[1mLinking C shared module rosidl_generator_py/service_msgs/service_msgs_s__rosidl_typesupport_introspection_c.so[0m
[4.289s] [100%] [32m[1mLinking C shared module rosidl_generator_py/service_msgs/service_msgs_s__rosidl_typesupport_fastrtps_c.so[0m
[4.307s] [100%] Built target service_msgs_s__rosidl_typesupport_c
[4.307s] [100%] Built target service_msgs_s__rosidl_typesupport_introspection_c
[4.317s] [100%] Built target service_msgs_s__rosidl_typesupport_fastrtps_c
[4.328s] Invoked command in '/home/rsanz/git/learning/ROS2/RustROS2/build/service_msgs' returned '0': AMENT_PREFIX_PATH=/home/rsanz/git/learning/ROS2/RustROS2/install/builtin_interfaces:/home/rsanz/git/learning/ROS2/RustROS2/install/rosidl_core_runtime:/home/rsanz/git/learning/ROS2/RustROS2/install/rosidl_core_generators:/home/rsanz/git/learning/ROS2/RustROS2/install/rosidl_generator_rs:${AMENT_PREFIX_PATH} CMAKE_PREFIX_PATH=/home/rsanz/git/learning/ROS2/RustROS2/install/builtin_interfaces:/home/rsanz/git/learning/ROS2/RustROS2/install/rosidl_core_runtime:/home/rsanz/git/learning/ROS2/RustROS2/install/rosidl_core_generators:/home/rsanz/git/learning/ROS2/RustROS2/install/rosidl_generator_rs:/opt/ros/jazzy/opt/gz_math_vendor:/opt/ros/jazzy/opt/gz_utils_vendor:/opt/ros/jazzy/opt/gz_cmake_vendor:/opt/ros/jazzy DEBUGINFOD_URLS=https://debuginfod.ubuntu.com LD_LIBRARY_PATH=/home/rsanz/git/learning/ROS2/RustROS2/install/builtin_interfaces/lib:${LD_LIBRARY_PATH} PYTHONPATH=/home/rsanz/git/learning/ROS2/RustROS2/install/builtin_interfaces/lib/python3.12/site-packages:/home/rsanz/git/learning/ROS2/RustROS2/install/rosidl_generator_rs/lib/python3.12/site-packages:${PYTHONPATH} /usr/bin/cmake --build /home/rsanz/git/learning/ROS2/RustROS2/build/service_msgs -- -j24 -l24
[4.329s] Invoking command in '/home/rsanz/git/learning/ROS2/RustROS2/build/service_msgs': AMENT_PREFIX_PATH=/home/rsanz/git/learning/ROS2/RustROS2/install/builtin_interfaces:/home/rsanz/git/learning/ROS2/RustROS2/install/rosidl_core_runtime:/home/rsanz/git/learning/ROS2/RustROS2/install/rosidl_core_generators:/home/rsanz/git/learning/ROS2/RustROS2/install/rosidl_generator_rs:${AMENT_PREFIX_PATH} CMAKE_PREFIX_PATH=/home/rsanz/git/learning/ROS2/RustROS2/install/builtin_interfaces:/home/rsanz/git/learning/ROS2/RustROS2/install/rosidl_core_runtime:/home/rsanz/git/learning/ROS2/RustROS2/install/rosidl_core_generators:/home/rsanz/git/learning/ROS2/RustROS2/install/rosidl_generator_rs:/opt/ros/jazzy/opt/gz_math_vendor:/opt/ros/jazzy/opt/gz_utils_vendor:/opt/ros/jazzy/opt/gz_cmake_vendor:/opt/ros/jazzy DEBUGINFOD_URLS=https://debuginfod.ubuntu.com LD_LIBRARY_PATH=/home/rsanz/git/learning/ROS2/RustROS2/install/builtin_interfaces/lib:${LD_LIBRARY_PATH} PYTHONPATH=/home/rsanz/git/learning/ROS2/RustROS2/install/builtin_interfaces/lib/python3.12/site-packages:/home/rsanz/git/learning/ROS2/RustROS2/install/rosidl_generator_rs/lib/python3.12/site-packages:${PYTHONPATH} /usr/bin/cmake --install /home/rsanz/git/learning/ROS2/RustROS2/build/service_msgs
[4.336s] -- Install configuration: ""
[4.336s] -- Installing: /home/rsanz/git/learning/ROS2/RustROS2/install/service_msgs/share/ament_index/resource_index/rosidl_interfaces/service_msgs
[4.337s] -- Installing: /home/rsanz/git/learning/ROS2/RustROS2/install/service_msgs/share/service_msgs/msg/ServiceEventInfo.json
[4.337s] -- Installing: /home/rsanz/git/learning/ROS2/RustROS2/install/service_msgs/include/service_msgs/service_msgs
[4.337s] -- Installing: /home/rsanz/git/learning/ROS2/RustROS2/install/service_msgs/include/service_msgs/service_msgs/msg
[4.337s] -- Installing: /home/rsanz/git/learning/ROS2/RustROS2/install/service_msgs/include/service_msgs/service_msgs/msg/rosidl_generator_c__visibility_control.h
[4.337s] -- Installing: /home/rsanz/git/learning/ROS2/RustROS2/install/service_msgs/include/service_msgs/service_msgs/msg/detail
[4.337s] -- Installing: /home/rsanz/git/learning/ROS2/RustROS2/install/service_msgs/include/service_msgs/service_msgs/msg/detail/service_event_info__struct.h
[4.338s] -- Installing: /home/rsanz/git/learning/ROS2/RustROS2/install/service_msgs/include/service_msgs/service_msgs/msg/detail/service_event_info__type_support.c
[4.338s] -- Installing: /home/rsanz/git/learning/ROS2/RustROS2/install/service_msgs/include/service_msgs/service_msgs/msg/detail/service_event_info__type_support.h
[4.338s] -- Installing: /home/rsanz/git/learning/ROS2/RustROS2/install/service_msgs/include/service_msgs/service_msgs/msg/detail/service_event_info__functions.c
[4.338s] -- Installing: /home/rsanz/git/learning/ROS2/RustROS2/install/service_msgs/include/service_msgs/service_msgs/msg/detail/service_event_info__description.c
[4.338s] -- Installing: /home/rsanz/git/learning/ROS2/RustROS2/install/service_msgs/include/service_msgs/service_msgs/msg/detail/service_event_info__functions.h
[4.339s] -- Installing: /home/rsanz/git/learning/ROS2/RustROS2/install/service_msgs/include/service_msgs/service_msgs/msg/service_event_info.h
[4.339s] -- Installing: /home/rsanz/git/learning/ROS2/RustROS2/install/service_msgs/share/service_msgs/environment/library_path.sh
[4.339s] -- Installing: /home/rsanz/git/learning/ROS2/RustROS2/install/service_msgs/share/service_msgs/environment/library_path.dsv
[4.339s] -- Installing: /home/rsanz/git/learning/ROS2/RustROS2/install/service_msgs/lib/libservice_msgs__rosidl_generator_c.so
[4.340s] -- Set non-toolchain portion of runtime path of "/home/rsanz/git/learning/ROS2/RustROS2/install/service_msgs/lib/libservice_msgs__rosidl_generator_c.so" to ""
[4.340s] -- Up-to-date: /home/rsanz/git/learning/ROS2/RustROS2/install/service_msgs/include/service_msgs/service_msgs
[4.340s] -- Up-to-date: /home/rsanz/git/learning/ROS2/RustROS2/install/service_msgs/include/service_msgs/service_msgs/msg
[4.340s] -- Installing: /home/rsanz/git/learning/ROS2/RustROS2/install/service_msgs/include/service_msgs/service_msgs/msg/rosidl_typesupport_fastrtps_c__visibility_control.h
[4.340s] -- Up-to-date: /home/rsanz/git/learning/ROS2/RustROS2/install/service_msgs/include/service_msgs/service_msgs/msg/detail
[4.340s] -- Installing: /home/rsanz/git/learning/ROS2/RustROS2/install/service_msgs/include/service_msgs/service_msgs/msg/detail/service_event_info__rosidl_typesupport_fastrtps_c.h
[4.340s] -- Installing: /home/rsanz/git/learning/ROS2/RustROS2/install/service_msgs/lib/libservice_msgs__rosidl_typesupport_fastrtps_c.so
[4.341s] -- Set non-toolchain portion of runtime path of "/home/rsanz/git/learning/ROS2/RustROS2/install/service_msgs/lib/libservice_msgs__rosidl_typesupport_fastrtps_c.so" to ""
[4.341s] -- Up-to-date: /home/rsanz/git/learning/ROS2/RustROS2/install/service_msgs/include/service_msgs/service_msgs
[4.341s] -- Up-to-date: /home/rsanz/git/learning/ROS2/RustROS2/install/service_msgs/include/service_msgs/service_msgs/msg
[4.341s] -- Installing: /home/rsanz/git/learning/ROS2/RustROS2/install/service_msgs/include/service_msgs/service_msgs/msg/service_event_info.hpp
[4.341s] -- Up-to-date: /home/rsanz/git/learning/ROS2/RustROS2/install/service_msgs/include/service_msgs/service_msgs/msg/detail
[4.341s] -- Installing: /home/rsanz/git/learning/ROS2/RustROS2/install/service_msgs/include/service_msgs/service_msgs/msg/detail/service_event_info__type_support.hpp
[4.341s] -- Installing: /home/rsanz/git/learning/ROS2/RustROS2/install/service_msgs/include/service_msgs/service_msgs/msg/detail/service_event_info__traits.hpp
[4.341s] -- Installing: /home/rsanz/git/learning/ROS2/RustROS2/install/service_msgs/include/service_msgs/service_msgs/msg/detail/service_event_info__struct.hpp
[4.341s] -- Installing: /home/rsanz/git/learning/ROS2/RustROS2/install/service_msgs/include/service_msgs/service_msgs/msg/detail/service_event_info__builder.hpp
[4.341s] -- Installing: /home/rsanz/git/learning/ROS2/RustROS2/install/service_msgs/include/service_msgs/service_msgs/msg/rosidl_generator_cpp__visibility_control.hpp
[4.342s] -- Up-to-date: /home/rsanz/git/learning/ROS2/RustROS2/install/service_msgs/include/service_msgs/service_msgs
[4.342s] -- Up-to-date: /home/rsanz/git/learning/ROS2/RustROS2/install/service_msgs/include/service_msgs/service_msgs/msg
[4.342s] -- Installing: /home/rsanz/git/learning/ROS2/RustROS2/install/service_msgs/include/service_msgs/service_msgs/msg/rosidl_typesupport_fastrtps_cpp__visibility_control.h
[4.342s] -- Up-to-date: /home/rsanz/git/learning/ROS2/RustROS2/install/service_msgs/include/service_msgs/service_msgs/msg/detail
[4.342s] -- Installing: /home/rsanz/git/learning/ROS2/RustROS2/install/service_msgs/include/service_msgs/service_msgs/msg/detail/service_event_info__rosidl_typesupport_fastrtps_cpp.hpp
[4.342s] -- Installing: /home/rsanz/git/learning/ROS2/RustROS2/install/service_msgs/include/service_msgs/service_msgs/msg/detail/dds_fastrtps
[4.342s] -- Installing: /home/rsanz/git/learning/ROS2/RustROS2/install/service_msgs/lib/libservice_msgs__rosidl_typesupport_fastrtps_cpp.so
[4.343s] -- Set non-toolchain portion of runtime path of "/home/rsanz/git/learning/ROS2/RustROS2/install/service_msgs/lib/libservice_msgs__rosidl_typesupport_fastrtps_cpp.so" to ""
[4.343s] -- Up-to-date: /home/rsanz/git/learning/ROS2/RustROS2/install/service_msgs/include/service_msgs/service_msgs
[4.343s] -- Up-to-date: /home/rsanz/git/learning/ROS2/RustROS2/install/service_msgs/include/service_msgs/service_msgs/msg
[4.343s] -- Installing: /home/rsanz/git/learning/ROS2/RustROS2/install/service_msgs/include/service_msgs/service_msgs/msg/rosidl_typesupport_introspection_c__visibility_control.h
[4.343s] -- Up-to-date: /home/rsanz/git/learning/ROS2/RustROS2/install/service_msgs/include/service_msgs/service_msgs/msg/detail
[4.343s] -- Up-to-date: /home/rsanz/git/learning/ROS2/RustROS2/install/service_msgs/include/service_msgs/service_msgs/msg/detail/service_event_info__type_support.c
[4.343s] -- Installing: /home/rsanz/git/learning/ROS2/RustROS2/install/service_msgs/include/service_msgs/service_msgs/msg/detail/service_event_info__rosidl_typesupport_introspection_c.h
[4.343s] -- Installing: /home/rsanz/git/learning/ROS2/RustROS2/install/service_msgs/lib/libservice_msgs__rosidl_typesupport_introspection_c.so
[4.343s] -- Set non-toolchain portion of runtime path of "/home/rsanz/git/learning/ROS2/RustROS2/install/service_msgs/lib/libservice_msgs__rosidl_typesupport_introspection_c.so" to ""
[4.343s] -- Installing: /home/rsanz/git/learning/ROS2/RustROS2/install/service_msgs/lib/libservice_msgs__rosidl_typesupport_c.so
[4.344s] -- Set non-toolchain portion of runtime path of "/home/rsanz/git/learning/ROS2/RustROS2/install/service_msgs/lib/libservice_msgs__rosidl_typesupport_c.so" to ""
[4.344s] -- Up-to-date: /home/rsanz/git/learning/ROS2/RustROS2/install/service_msgs/include/service_msgs/service_msgs
[4.344s] -- Up-to-date: /home/rsanz/git/learning/ROS2/RustROS2/install/service_msgs/include/service_msgs/service_msgs/msg
[4.344s] -- Up-to-date: /home/rsanz/git/learning/ROS2/RustROS2/install/service_msgs/include/service_msgs/service_msgs/msg/detail
[4.344s] -- Installing: /home/rsanz/git/learning/ROS2/RustROS2/install/service_msgs/include/service_msgs/service_msgs/msg/detail/service_event_info__rosidl_typesupport_introspection_cpp.hpp
[4.344s] -- Installing: /home/rsanz/git/learning/ROS2/RustROS2/install/service_msgs/include/service_msgs/service_msgs/msg/detail/service_event_info__type_support.cpp
[4.344s] -- Installing: /home/rsanz/git/learning/ROS2/RustROS2/install/service_msgs/lib/libservice_msgs__rosidl_typesupport_introspection_cpp.so
[4.345s] -- Set non-toolchain portion of runtime path of "/home/rsanz/git/learning/ROS2/RustROS2/install/service_msgs/lib/libservice_msgs__rosidl_typesupport_introspection_cpp.so" to ""
[4.345s] -- Installing: /home/rsanz/git/learning/ROS2/RustROS2/install/service_msgs/lib/libservice_msgs__rosidl_typesupport_cpp.so
[4.345s] -- Set non-toolchain portion of runtime path of "/home/rsanz/git/learning/ROS2/RustROS2/install/service_msgs/lib/libservice_msgs__rosidl_typesupport_cpp.so" to ""
[4.345s] -- Installing: /home/rsanz/git/learning/ROS2/RustROS2/install/service_msgs/share/ament_index/resource_index/rust_packages/service_msgs
[4.345s] -- Installing: /home/rsanz/git/learning/ROS2/RustROS2/install/service_msgs/share/service_msgs/rust
[4.345s] -- Installing: /home/rsanz/git/learning/ROS2/RustROS2/install/service_msgs/share/service_msgs/rust/src
[4.345s] -- Installing: /home/rsanz/git/learning/ROS2/RustROS2/install/service_msgs/share/service_msgs/rust/src/msg.rs
[4.346s] -- Installing: /home/rsanz/git/learning/ROS2/RustROS2/install/service_msgs/share/service_msgs/rust/src/msg
[4.346s] -- Installing: /home/rsanz/git/learning/ROS2/RustROS2/install/service_msgs/share/service_msgs/rust/src/msg/rmw.rs
[4.346s] -- Installing: /home/rsanz/git/learning/ROS2/RustROS2/install/service_msgs/share/service_msgs/rust/src/lib.rs
[4.346s] -- Installing: /home/rsanz/git/learning/ROS2/RustROS2/install/service_msgs/share/service_msgs/rust/build.rs
[4.346s] -- Installing: /home/rsanz/git/learning/ROS2/RustROS2/install/service_msgs/share/service_msgs/rust/Cargo.toml
[4.346s] -- Installing: /home/rsanz/git/learning/ROS2/RustROS2/install/service_msgs/share/service_msgs/environment/pythonpath.sh
[4.347s] -- Installing: /home/rsanz/git/learning/ROS2/RustROS2/install/service_msgs/share/service_msgs/environment/pythonpath.dsv
[4.347s] -- Installing: /home/rsanz/git/learning/ROS2/RustROS2/install/service_msgs/lib/python3.12/site-packages/service_msgs-2.0.3-py3.12.egg-info
[4.347s] -- Installing: /home/rsanz/git/learning/ROS2/RustROS2/install/service_msgs/lib/python3.12/site-packages/service_msgs-2.0.3-py3.12.egg-info/dependency_links.txt
[4.347s] -- Installing: /home/rsanz/git/learning/ROS2/RustROS2/install/service_msgs/lib/python3.12/site-packages/service_msgs-2.0.3-py3.12.egg-info/PKG-INFO
[4.347s] -- Installing: /home/rsanz/git/learning/ROS2/RustROS2/install/service_msgs/lib/python3.12/site-packages/service_msgs-2.0.3-py3.12.egg-info/top_level.txt
[4.348s] -- Installing: /home/rsanz/git/learning/ROS2/RustROS2/install/service_msgs/lib/python3.12/site-packages/service_msgs-2.0.3-py3.12.egg-info/SOURCES.txt
[4.348s] -- Installing: /home/rsanz/git/learning/ROS2/RustROS2/install/service_msgs/lib/python3.12/site-packages/service_msgs
[4.348s] -- Installing: /home/rsanz/git/learning/ROS2/RustROS2/install/service_msgs/lib/python3.12/site-packages/service_msgs/service_msgs_s__rosidl_typesupport_introspection_c.so
[4.348s] -- Installing: /home/rsanz/git/learning/ROS2/RustROS2/install/service_msgs/lib/python3.12/site-packages/service_msgs/service_msgs_s__rosidl_typesupport_fastrtps_c.so
[4.348s] -- Installing: /home/rsanz/git/learning/ROS2/RustROS2/install/service_msgs/lib/python3.12/site-packages/service_msgs/service_msgs_s__rosidl_typesupport_c.so
[4.348s] -- Installing: /home/rsanz/git/learning/ROS2/RustROS2/install/service_msgs/lib/python3.12/site-packages/service_msgs/_service_msgs_s.ep.rosidl_typesupport_fastrtps_c.c
[4.349s] -- Installing: /home/rsanz/git/learning/ROS2/RustROS2/install/service_msgs/lib/python3.12/site-packages/service_msgs/_service_msgs_s.ep.rosidl_typesupport_introspection_c.c
[4.349s] -- Installing: /home/rsanz/git/learning/ROS2/RustROS2/install/service_msgs/lib/python3.12/site-packages/service_msgs/msg
[4.349s] -- Installing: /home/rsanz/git/learning/ROS2/RustROS2/install/service_msgs/lib/python3.12/site-packages/service_msgs/msg/_service_event_info_s.c
[4.349s] -- Installing: /home/rsanz/git/learning/ROS2/RustROS2/install/service_msgs/lib/python3.12/site-packages/service_msgs/msg/__init__.py
[4.349s] -- Installing: /home/rsanz/git/learning/ROS2/RustROS2/install/service_msgs/lib/python3.12/site-packages/service_msgs/msg/_service_event_info.py
[4.349s] -- Installing: /home/rsanz/git/learning/ROS2/RustROS2/install/service_msgs/lib/python3.12/site-packages/service_msgs/__init__.py
[4.350s] -- Installing: /home/rsanz/git/learning/ROS2/RustROS2/install/service_msgs/lib/python3.12/site-packages/service_msgs/_service_msgs_s.ep.rosidl_typesupport_c.c
[4.380s] Listing '/home/rsanz/git/learning/ROS2/RustROS2/install/service_msgs/lib/python3.12/site-packages/service_msgs'...
[4.380s] Compiling '/home/rsanz/git/learning/ROS2/RustROS2/install/service_msgs/lib/python3.12/site-packages/service_msgs/__init__.py'...
[4.380s] Listing '/home/rsanz/git/learning/ROS2/RustROS2/install/service_msgs/lib/python3.12/site-packages/service_msgs/msg'...
[4.380s] Compiling '/home/rsanz/git/learning/ROS2/RustROS2/install/service_msgs/lib/python3.12/site-packages/service_msgs/msg/__init__.py'...
[4.380s] Compiling '/home/rsanz/git/learning/ROS2/RustROS2/install/service_msgs/lib/python3.12/site-packages/service_msgs/msg/_service_event_info.py'...
[4.383s] -- Installing: /home/rsanz/git/learning/ROS2/RustROS2/install/service_msgs/lib/python3.12/site-packages/service_msgs/service_msgs_s__rosidl_typesupport_fastrtps_c.so
[4.384s] -- Set non-toolchain portion of runtime path of "/home/rsanz/git/learning/ROS2/RustROS2/install/service_msgs/lib/python3.12/site-packages/service_msgs/service_msgs_s__rosidl_typesupport_fastrtps_c.so" to ""
[4.384s] -- Installing: /home/rsanz/git/learning/ROS2/RustROS2/install/service_msgs/lib/python3.12/site-packages/service_msgs/service_msgs_s__rosidl_typesupport_introspection_c.so
[4.385s] -- Set non-toolchain portion of runtime path of "/home/rsanz/git/learning/ROS2/RustROS2/install/service_msgs/lib/python3.12/site-packages/service_msgs/service_msgs_s__rosidl_typesupport_introspection_c.so" to ""
[4.385s] -- Installing: /home/rsanz/git/learning/ROS2/RustROS2/install/service_msgs/lib/python3.12/site-packages/service_msgs/service_msgs_s__rosidl_typesupport_c.so
[4.385s] -- Set non-toolchain portion of runtime path of "/home/rsanz/git/learning/ROS2/RustROS2/install/service_msgs/lib/python3.12/site-packages/service_msgs/service_msgs_s__rosidl_typesupport_c.so" to ""
[4.385s] -- Installing: /home/rsanz/git/learning/ROS2/RustROS2/install/service_msgs/lib/libservice_msgs__rosidl_generator_py.so
[4.386s] -- Set non-toolchain portion of runtime path of "/home/rsanz/git/learning/ROS2/RustROS2/install/service_msgs/lib/libservice_msgs__rosidl_generator_py.so" to ""
[4.386s] -- Installing: /home/rsanz/git/learning/ROS2/RustROS2/install/service_msgs/share/service_msgs/msg/ServiceEventInfo.idl
[4.386s] -- Installing: /home/rsanz/git/learning/ROS2/RustROS2/install/service_msgs/share/service_msgs/msg/ServiceEventInfo.msg
[4.386s] -- Installing: /home/rsanz/git/learning/ROS2/RustROS2/install/service_msgs/share/ament_index/resource_index/package_run_dependencies/service_msgs
[4.386s] -- Installing: /home/rsanz/git/learning/ROS2/RustROS2/install/service_msgs/share/ament_index/resource_index/parent_prefix_path/service_msgs
[4.386s] -- Installing: /home/rsanz/git/learning/ROS2/RustROS2/install/service_msgs/share/service_msgs/environment/ament_prefix_path.sh
[4.387s] -- Installing: /home/rsanz/git/learning/ROS2/RustROS2/install/service_msgs/share/service_msgs/environment/ament_prefix_path.dsv
[4.387s] -- Installing: /home/rsanz/git/learning/ROS2/RustROS2/install/service_msgs/share/service_msgs/environment/path.sh
[4.387s] -- Installing: /home/rsanz/git/learning/ROS2/RustROS2/install/service_msgs/share/service_msgs/environment/path.dsv
[4.387s] -- Installing: /home/rsanz/git/learning/ROS2/RustROS2/install/service_msgs/share/service_msgs/local_setup.bash
[4.387s] -- Installing: /home/rsanz/git/learning/ROS2/RustROS2/install/service_msgs/share/service_msgs/local_setup.sh
[4.387s] -- Installing: /home/rsanz/git/learning/ROS2/RustROS2/install/service_msgs/share/service_msgs/local_setup.zsh
[4.388s] -- Installing: /home/rsanz/git/learning/ROS2/RustROS2/install/service_msgs/share/service_msgs/local_setup.dsv
[4.388s] -- Installing: /home/rsanz/git/learning/ROS2/RustROS2/install/service_msgs/share/service_msgs/package.dsv
[4.388s] -- Installing: /home/rsanz/git/learning/ROS2/RustROS2/install/service_msgs/share/ament_index/resource_index/packages/service_msgs
[4.388s] -- Installing: /home/rsanz/git/learning/ROS2/RustROS2/install/service_msgs/share/service_msgs/cmake/export_service_msgs__rosidl_generator_cExport.cmake
[4.388s] -- Installing: /home/rsanz/git/learning/ROS2/RustROS2/install/service_msgs/share/service_msgs/cmake/export_service_msgs__rosidl_generator_cExport-noconfig.cmake
[4.389s] -- Installing: /home/rsanz/git/learning/ROS2/RustROS2/install/service_msgs/share/service_msgs/cmake/export_service_msgs__rosidl_typesupport_fastrtps_cExport.cmake
[4.389s] -- Installing: /home/rsanz/git/learning/ROS2/RustROS2/install/service_msgs/share/service_msgs/cmake/export_service_msgs__rosidl_typesupport_fastrtps_cExport-noconfig.cmake
[4.389s] -- Installing: /home/rsanz/git/learning/ROS2/RustROS2/install/service_msgs/share/service_msgs/cmake/export_service_msgs__rosidl_generator_cppExport.cmake
[4.389s] -- Installing: /home/rsanz/git/learning/ROS2/RustROS2/install/service_msgs/share/service_msgs/cmake/export_service_msgs__rosidl_typesupport_fastrtps_cppExport.cmake
[4.389s] -- Installing: /home/rsanz/git/learning/ROS2/RustROS2/install/service_msgs/share/service_msgs/cmake/export_service_msgs__rosidl_typesupport_fastrtps_cppExport-noconfig.cmake
[4.389s] -- Installing: /home/rsanz/git/learning/ROS2/RustROS2/install/service_msgs/share/service_msgs/cmake/service_msgs__rosidl_typesupport_introspection_cExport.cmake
[4.390s] -- Installing: /home/rsanz/git/learning/ROS2/RustROS2/install/service_msgs/share/service_msgs/cmake/service_msgs__rosidl_typesupport_introspection_cExport-noconfig.cmake
[4.390s] -- Installing: /home/rsanz/git/learning/ROS2/RustROS2/install/service_msgs/share/service_msgs/cmake/service_msgs__rosidl_typesupport_cExport.cmake
[4.390s] -- Installing: /home/rsanz/git/learning/ROS2/RustROS2/install/service_msgs/share/service_msgs/cmake/service_msgs__rosidl_typesupport_cExport-noconfig.cmake
[4.390s] -- Installing: /home/rsanz/git/learning/ROS2/RustROS2/install/service_msgs/share/service_msgs/cmake/service_msgs__rosidl_typesupport_introspection_cppExport.cmake
[4.390s] -- Installing: /home/rsanz/git/learning/ROS2/RustROS2/install/service_msgs/share/service_msgs/cmake/service_msgs__rosidl_typesupport_introspection_cppExport-noconfig.cmake
[4.390s] -- Installing: /home/rsanz/git/learning/ROS2/RustROS2/install/service_msgs/share/service_msgs/cmake/service_msgs__rosidl_typesupport_cppExport.cmake
[4.391s] -- Installing: /home/rsanz/git/learning/ROS2/RustROS2/install/service_msgs/share/service_msgs/cmake/service_msgs__rosidl_typesupport_cppExport-noconfig.cmake
[4.391s] -- Installing: /home/rsanz/git/learning/ROS2/RustROS2/install/service_msgs/share/service_msgs/cmake/export_service_msgs__rosidl_generator_pyExport.cmake
[4.391s] -- Installing: /home/rsanz/git/learning/ROS2/RustROS2/install/service_msgs/share/service_msgs/cmake/export_service_msgs__rosidl_generator_pyExport-noconfig.cmake
[4.391s] -- Installing: /home/rsanz/git/learning/ROS2/RustROS2/install/service_msgs/share/service_msgs/cmake/rosidl_cmake-extras.cmake
[4.391s] -- Installing: /home/rsanz/git/learning/ROS2/RustROS2/install/service_msgs/share/service_msgs/cmake/ament_cmake_export_dependencies-extras.cmake
[4.391s] -- Installing: /home/rsanz/git/learning/ROS2/RustROS2/install/service_msgs/share/service_msgs/cmake/ament_cmake_export_include_directories-extras.cmake
[4.391s] -- Installing: /home/rsanz/git/learning/ROS2/RustROS2/install/service_msgs/share/service_msgs/cmake/ament_cmake_export_libraries-extras.cmake
[4.392s] -- Installing: /home/rsanz/git/learning/ROS2/RustROS2/install/service_msgs/share/service_msgs/cmake/ament_cmake_export_targets-extras.cmake
[4.392s] -- Installing: /home/rsanz/git/learning/ROS2/RustROS2/install/service_msgs/share/service_msgs/cmake/rosidl_cmake_export_typesupport_targets-extras.cmake
[4.392s] -- Installing: /home/rsanz/git/learning/ROS2/RustROS2/install/service_msgs/share/service_msgs/cmake/rosidl_cmake_export_typesupport_libraries-extras.cmake
[4.392s] -- Installing: /home/rsanz/git/learning/ROS2/RustROS2/install/service_msgs/share/service_msgs/cmake/service_msgsConfig.cmake
[4.392s] -- Installing: /home/rsanz/git/learning/ROS2/RustROS2/install/service_msgs/share/service_msgs/cmake/service_msgsConfig-version.cmake
[4.393s] -- Installing: /home/rsanz/git/learning/ROS2/RustROS2/install/service_msgs/share/service_msgs/package.xml
[4.395s] Invoked command in '/home/rsanz/git/learning/ROS2/RustROS2/build/service_msgs' returned '0': AMENT_PREFIX_PATH=/home/rsanz/git/learning/ROS2/RustROS2/install/builtin_interfaces:/home/rsanz/git/learning/ROS2/RustROS2/install/rosidl_core_runtime:/home/rsanz/git/learning/ROS2/RustROS2/install/rosidl_core_generators:/home/rsanz/git/learning/ROS2/RustROS2/install/rosidl_generator_rs:${AMENT_PREFIX_PATH} CMAKE_PREFIX_PATH=/home/rsanz/git/learning/ROS2/RustROS2/install/builtin_interfaces:/home/rsanz/git/learning/ROS2/RustROS2/install/rosidl_core_runtime:/home/rsanz/git/learning/ROS2/RustROS2/install/rosidl_core_generators:/home/rsanz/git/learning/ROS2/RustROS2/install/rosidl_generator_rs:/opt/ros/jazzy/opt/gz_math_vendor:/opt/ros/jazzy/opt/gz_utils_vendor:/opt/ros/jazzy/opt/gz_cmake_vendor:/opt/ros/jazzy DEBUGINFOD_URLS=https://debuginfod.ubuntu.com LD_LIBRARY_PATH=/home/rsanz/git/learning/ROS2/RustROS2/install/builtin_interfaces/lib:${LD_LIBRARY_PATH} PYTHONPATH=/home/rsanz/git/learning/ROS2/RustROS2/install/builtin_interfaces/lib/python3.12/site-packages:/home/rsanz/git/learning/ROS2/RustROS2/install/rosidl_generator_rs/lib/python3.12/site-packages:${PYTHONPATH} /usr/bin/cmake --install /home/rsanz/git/learning/ROS2/RustROS2/build/service_msgs
