[0.126s] DEBUG:colcon:Command line arguments: ['/usr/bin/colcon', 'build', '--packages-select', 'rust_pubsub']
[0.126s] DEBUG:colcon:Parsed command line arguments: Namespace(log_base=None, log_level=None, verb_name='build', build_base='build', install_base='install', merge_install=False, symlink_install=False, test_result_base=None, continue_on_error=False, executor='parallel', parallel_workers=24, event_handlers=None, ignore_user_meta=False, metas=['./colcon.meta'], base_paths=['.'], packages_ignore=None, packages_ignore_regex=None, paths=None, packages_up_to=None, packages_up_to_regex=None, packages_above=None, packages_above_and_dependencies=None, packages_above_depth=None, packages_select_by_dep=None, packages_skip_by_dep=None, packages_skip_up_to=None, packages_select_build_failed=False, packages_skip_build_finished=False, packages_select_test_failures=False, packages_skip_test_passed=False, packages_select=['rust_pubsub'], packages_skip=None, packages_select_regex=None, packages_skip_regex=None, packages_start=None, packages_end=None, allow_overriding=[], lookup_in_workspace=False, cargo_args=None, clean_build=False, cmake_args=None, cmake_target=None, cmake_target_skip_unavailable=False, cmake_clean_cache=False, cmake_clean_first=False, cmake_force_configure=False, ament_cmake_args=None, catkin_cmake_args=None, catkin_skip_building_tests=False, mixin_files=None, mixin=None, verb_parser=<colcon_mixin.mixin.mixin_argument.MixinArgumentDecorator object at 0x787b406c7ef0>, verb_extension=<colcon_core.verb.build.BuildVerb object at 0x787b406c7bc0>, main=<bound method BuildVerb.main of <colcon_core.verb.build.BuildVerb object at 0x787b406c7bc0>>, mixin_verb=('build',))
[0.184s] Level 1:colcon.colcon_core.package_discovery:discover_packages(colcon_meta) check parameters
[0.184s] Level 1:colcon.colcon_core.package_discovery:discover_packages(recursive) check parameters
[0.184s] Level 1:colcon.colcon_core.package_discovery:discover_packages(ignore) check parameters
[0.184s] Level 1:colcon.colcon_core.package_discovery:discover_packages(path) check parameters
[0.184s] Level 1:colcon.colcon_core.package_discovery:discover_packages(cargo_workspace) check parameters
[0.184s] Level 1:colcon.colcon_core.package_discovery:discover_packages(colcon_meta) discover
[0.184s] Level 1:colcon.colcon_core.package_discovery:discover_packages(recursive) discover
[0.184s] INFO:colcon.colcon_core.package_discovery:Crawling recursively for packages in '/home/rsanz/git/learning/ROS2/RustROS2'
[0.184s] Level 1:colcon.colcon_core.package_identification:_identify(.) by extensions ['ignore', 'ignore_ament_install']
[0.184s] Level 1:colcon.colcon_core.package_identification:_identify(.) by extension 'ignore'
[0.184s] Level 1:colcon.colcon_core.package_identification:_identify(.) by extension 'ignore_ament_install'
[0.184s] Level 1:colcon.colcon_core.package_identification:_identify(.) by extensions ['cargo_workspace']
[0.184s] Level 1:colcon.colcon_core.package_identification:_identify(.) by extension 'cargo_workspace'
[0.184s] Level 1:colcon.colcon_core.package_identification:_identify(.) by extensions ['colcon_pkg']
[0.184s] Level 1:colcon.colcon_core.package_identification:_identify(.) by extension 'colcon_pkg'
[0.184s] Level 1:colcon.colcon_core.package_identification:_identify(.) by extensions ['colcon_meta']
[0.184s] Level 1:colcon.colcon_core.package_identification:_identify(.) by extension 'colcon_meta'
[0.184s] Level 1:colcon.colcon_core.package_identification:_identify(.) by extensions ['ament_cargo']
[0.184s] Level 1:colcon.colcon_core.package_identification:_identify(.) by extension 'ament_cargo'
[0.184s] Level 1:colcon.colcon_core.package_identification:_identify(.) by extensions ['ros']
[0.184s] Level 1:colcon.colcon_core.package_identification:_identify(.) by extension 'ros'
[0.184s] Level 1:colcon.colcon_core.package_identification:_identify(.) by extensions ['cargo', 'cmake', 'python']
[0.184s] Level 1:colcon.colcon_core.package_identification:_identify(.) by extension 'cargo'
[0.184s] Level 1:colcon.colcon_core.package_identification:_identify(.) by extension 'cmake'
[0.184s] Level 1:colcon.colcon_core.package_identification:_identify(.) by extension 'python'
[0.185s] Level 1:colcon.colcon_core.package_identification:_identify(.) by extensions ['python_setup_py']
[0.185s] Level 1:colcon.colcon_core.package_identification:_identify(.) by extension 'python_setup_py'
[0.185s] Level 1:colcon.colcon_core.package_identification:_identify(build) by extensions ['ignore', 'ignore_ament_install']
[0.185s] Level 1:colcon.colcon_core.package_identification:_identify(build) by extension 'ignore'
[0.185s] Level 1:colcon.colcon_core.package_identification:_identify(build) ignored
[0.185s] Level 1:colcon.colcon_core.package_identification:_identify(install) by extensions ['ignore', 'ignore_ament_install']
[0.185s] Level 1:colcon.colcon_core.package_identification:_identify(install) by extension 'ignore'
[0.185s] Level 1:colcon.colcon_core.package_identification:_identify(install) ignored
[0.185s] Level 1:colcon.colcon_core.package_identification:_identify(log) by extensions ['ignore', 'ignore_ament_install']
[0.185s] Level 1:colcon.colcon_core.package_identification:_identify(log) by extension 'ignore'
[0.185s] Level 1:colcon.colcon_core.package_identification:_identify(log) ignored
[0.185s] Level 1:colcon.colcon_core.package_identification:_identify(src) by extensions ['ignore', 'ignore_ament_install']
[0.185s] Level 1:colcon.colcon_core.package_identification:_identify(src) by extension 'ignore'
[0.185s] Level 1:colcon.colcon_core.package_identification:_identify(src) by extension 'ignore_ament_install'
[0.185s] Level 1:colcon.colcon_core.package_identification:_identify(src) by extensions ['cargo_workspace']
[0.185s] Level 1:colcon.colcon_core.package_identification:_identify(src) by extension 'cargo_workspace'
[0.185s] Level 1:colcon.colcon_core.package_identification:_identify(src) by extensions ['colcon_pkg']
[0.185s] Level 1:colcon.colcon_core.package_identification:_identify(src) by extension 'colcon_pkg'
[0.185s] Level 1:colcon.colcon_core.package_identification:_identify(src) by extensions ['colcon_meta']
[0.185s] Level 1:colcon.colcon_core.package_identification:_identify(src) by extension 'colcon_meta'
[0.185s] Level 1:colcon.colcon_core.package_identification:_identify(src) by extensions ['ament_cargo']
[0.185s] Level 1:colcon.colcon_core.package_identification:_identify(src) by extension 'ament_cargo'
[0.185s] Level 1:colcon.colcon_core.package_identification:_identify(src) by extensions ['ros']
[0.185s] Level 1:colcon.colcon_core.package_identification:_identify(src) by extension 'ros'
[0.186s] Level 1:colcon.colcon_core.package_identification:_identify(src) by extensions ['cargo', 'cmake', 'python']
[0.186s] Level 1:colcon.colcon_core.package_identification:_identify(src) by extension 'cargo'
[0.186s] Level 1:colcon.colcon_core.package_identification:_identify(src) by extension 'cmake'
[0.186s] Level 1:colcon.colcon_core.package_identification:_identify(src) by extension 'python'
[0.186s] Level 1:colcon.colcon_core.package_identification:_identify(src) by extensions ['python_setup_py']
[0.186s] Level 1:colcon.colcon_core.package_identification:_identify(src) by extension 'python_setup_py'
[0.186s] Level 1:colcon.colcon_core.package_identification:_identify(src/common_interfaces) by extensions ['ignore', 'ignore_ament_install']
[0.186s] Level 1:colcon.colcon_core.package_identification:_identify(src/common_interfaces) by extension 'ignore'
[0.186s] Level 1:colcon.colcon_core.package_identification:_identify(src/common_interfaces) by extension 'ignore_ament_install'
[0.186s] Level 1:colcon.colcon_core.package_identification:_identify(src/common_interfaces) by extensions ['cargo_workspace']
[0.186s] Level 1:colcon.colcon_core.package_identification:_identify(src/common_interfaces) by extension 'cargo_workspace'
[0.186s] Level 1:colcon.colcon_core.package_identification:_identify(src/common_interfaces) by extensions ['colcon_pkg']
[0.186s] Level 1:colcon.colcon_core.package_identification:_identify(src/common_interfaces) by extension 'colcon_pkg'
[0.186s] Level 1:colcon.colcon_core.package_identification:_identify(src/common_interfaces) by extensions ['colcon_meta']
[0.186s] Level 1:colcon.colcon_core.package_identification:_identify(src/common_interfaces) by extension 'colcon_meta'
[0.186s] Level 1:colcon.colcon_core.package_identification:_identify(src/common_interfaces) by extensions ['ament_cargo']
[0.186s] Level 1:colcon.colcon_core.package_identification:_identify(src/common_interfaces) by extension 'ament_cargo'
[0.186s] Level 1:colcon.colcon_core.package_identification:_identify(src/common_interfaces) by extensions ['ros']
[0.186s] Level 1:colcon.colcon_core.package_identification:_identify(src/common_interfaces) by extension 'ros'
[0.186s] Level 1:colcon.colcon_core.package_identification:_identify(src/common_interfaces) by extensions ['cargo', 'cmake', 'python']
[0.186s] Level 1:colcon.colcon_core.package_identification:_identify(src/common_interfaces) by extension 'cargo'
[0.186s] Level 1:colcon.colcon_core.package_identification:_identify(src/common_interfaces) by extension 'cmake'
[0.186s] Level 1:colcon.colcon_core.package_identification:_identify(src/common_interfaces) by extension 'python'
[0.186s] Level 1:colcon.colcon_core.package_identification:_identify(src/common_interfaces) by extensions ['python_setup_py']
[0.186s] Level 1:colcon.colcon_core.package_identification:_identify(src/common_interfaces) by extension 'python_setup_py'
[0.186s] Level 1:colcon.colcon_core.package_identification:_identify(src/common_interfaces/actionlib_msgs) by extensions ['ignore', 'ignore_ament_install']
[0.186s] Level 1:colcon.colcon_core.package_identification:_identify(src/common_interfaces/actionlib_msgs) by extension 'ignore'
[0.187s] Level 1:colcon.colcon_core.package_identification:_identify(src/common_interfaces/actionlib_msgs) by extension 'ignore_ament_install'
[0.187s] Level 1:colcon.colcon_core.package_identification:_identify(src/common_interfaces/actionlib_msgs) by extensions ['cargo_workspace']
[0.187s] Level 1:colcon.colcon_core.package_identification:_identify(src/common_interfaces/actionlib_msgs) by extension 'cargo_workspace'
[0.187s] Level 1:colcon.colcon_core.package_identification:_identify(src/common_interfaces/actionlib_msgs) by extensions ['colcon_pkg']
[0.187s] Level 1:colcon.colcon_core.package_identification:_identify(src/common_interfaces/actionlib_msgs) by extension 'colcon_pkg'
[0.187s] Level 1:colcon.colcon_core.package_identification:_identify(src/common_interfaces/actionlib_msgs) by extensions ['colcon_meta']
[0.187s] Level 1:colcon.colcon_core.package_identification:_identify(src/common_interfaces/actionlib_msgs) by extension 'colcon_meta'
[0.187s] Level 1:colcon.colcon_core.package_identification:_identify(src/common_interfaces/actionlib_msgs) by extensions ['ament_cargo']
[0.187s] Level 1:colcon.colcon_core.package_identification:_identify(src/common_interfaces/actionlib_msgs) by extension 'ament_cargo'
[0.189s] Level 1:colcon.colcon_core.package_identification:_identify(src/common_interfaces/actionlib_msgs) by extensions ['ros']
[0.189s] Level 1:colcon.colcon_core.package_identification:_identify(src/common_interfaces/actionlib_msgs) by extension 'ros'
[0.189s] DEBUG:colcon.colcon_core.package_identification:Package 'src/common_interfaces/actionlib_msgs' with type 'ros.ament_cmake' and name 'actionlib_msgs'
[0.189s] Level 1:colcon.colcon_core.package_identification:_identify(src/common_interfaces/common_interfaces) by extensions ['ignore', 'ignore_ament_install']
[0.189s] Level 1:colcon.colcon_core.package_identification:_identify(src/common_interfaces/common_interfaces) by extension 'ignore'
[0.189s] Level 1:colcon.colcon_core.package_identification:_identify(src/common_interfaces/common_interfaces) by extension 'ignore_ament_install'
[0.189s] Level 1:colcon.colcon_core.package_identification:_identify(src/common_interfaces/common_interfaces) by extensions ['cargo_workspace']
[0.189s] Level 1:colcon.colcon_core.package_identification:_identify(src/common_interfaces/common_interfaces) by extension 'cargo_workspace'
[0.189s] Level 1:colcon.colcon_core.package_identification:_identify(src/common_interfaces/common_interfaces) by extensions ['colcon_pkg']
[0.189s] Level 1:colcon.colcon_core.package_identification:_identify(src/common_interfaces/common_interfaces) by extension 'colcon_pkg'
[0.189s] Level 1:colcon.colcon_core.package_identification:_identify(src/common_interfaces/common_interfaces) by extensions ['colcon_meta']
[0.189s] Level 1:colcon.colcon_core.package_identification:_identify(src/common_interfaces/common_interfaces) by extension 'colcon_meta'
[0.189s] Level 1:colcon.colcon_core.package_identification:_identify(src/common_interfaces/common_interfaces) by extensions ['ament_cargo']
[0.189s] Level 1:colcon.colcon_core.package_identification:_identify(src/common_interfaces/common_interfaces) by extension 'ament_cargo'
[0.190s] Level 1:colcon.colcon_core.package_identification:_identify(src/common_interfaces/common_interfaces) by extensions ['ros']
[0.190s] Level 1:colcon.colcon_core.package_identification:_identify(src/common_interfaces/common_interfaces) by extension 'ros'
[0.190s] DEBUG:colcon.colcon_core.package_identification:Package 'src/common_interfaces/common_interfaces' with type 'ros.ament_cmake' and name 'common_interfaces'
[0.190s] Level 1:colcon.colcon_core.package_identification:_identify(src/common_interfaces/diagnostic_msgs) by extensions ['ignore', 'ignore_ament_install']
[0.190s] Level 1:colcon.colcon_core.package_identification:_identify(src/common_interfaces/diagnostic_msgs) by extension 'ignore'
[0.190s] Level 1:colcon.colcon_core.package_identification:_identify(src/common_interfaces/diagnostic_msgs) by extension 'ignore_ament_install'
[0.190s] Level 1:colcon.colcon_core.package_identification:_identify(src/common_interfaces/diagnostic_msgs) by extensions ['cargo_workspace']
[0.190s] Level 1:colcon.colcon_core.package_identification:_identify(src/common_interfaces/diagnostic_msgs) by extension 'cargo_workspace'
[0.190s] Level 1:colcon.colcon_core.package_identification:_identify(src/common_interfaces/diagnostic_msgs) by extensions ['colcon_pkg']
[0.190s] Level 1:colcon.colcon_core.package_identification:_identify(src/common_interfaces/diagnostic_msgs) by extension 'colcon_pkg'
[0.190s] Level 1:colcon.colcon_core.package_identification:_identify(src/common_interfaces/diagnostic_msgs) by extensions ['colcon_meta']
[0.191s] Level 1:colcon.colcon_core.package_identification:_identify(src/common_interfaces/diagnostic_msgs) by extension 'colcon_meta'
[0.191s] Level 1:colcon.colcon_core.package_identification:_identify(src/common_interfaces/diagnostic_msgs) by extensions ['ament_cargo']
[0.191s] Level 1:colcon.colcon_core.package_identification:_identify(src/common_interfaces/diagnostic_msgs) by extension 'ament_cargo'
[0.191s] Level 1:colcon.colcon_core.package_identification:_identify(src/common_interfaces/diagnostic_msgs) by extensions ['ros']
[0.191s] Level 1:colcon.colcon_core.package_identification:_identify(src/common_interfaces/diagnostic_msgs) by extension 'ros'
[0.191s] DEBUG:colcon.colcon_core.package_identification:Package 'src/common_interfaces/diagnostic_msgs' with type 'ros.ament_cmake' and name 'diagnostic_msgs'
[0.191s] Level 1:colcon.colcon_core.package_identification:_identify(src/common_interfaces/docs) by extensions ['ignore', 'ignore_ament_install']
[0.192s] Level 1:colcon.colcon_core.package_identification:_identify(src/common_interfaces/docs) by extension 'ignore'
[0.192s] Level 1:colcon.colcon_core.package_identification:_identify(src/common_interfaces/docs) by extension 'ignore_ament_install'
[0.192s] Level 1:colcon.colcon_core.package_identification:_identify(src/common_interfaces/docs) by extensions ['cargo_workspace']
[0.192s] Level 1:colcon.colcon_core.package_identification:_identify(src/common_interfaces/docs) by extension 'cargo_workspace'
[0.192s] Level 1:colcon.colcon_core.package_identification:_identify(src/common_interfaces/docs) by extensions ['colcon_pkg']
[0.192s] Level 1:colcon.colcon_core.package_identification:_identify(src/common_interfaces/docs) by extension 'colcon_pkg'
[0.192s] Level 1:colcon.colcon_core.package_identification:_identify(src/common_interfaces/docs) by extensions ['colcon_meta']
[0.192s] Level 1:colcon.colcon_core.package_identification:_identify(src/common_interfaces/docs) by extension 'colcon_meta'
[0.192s] Level 1:colcon.colcon_core.package_identification:_identify(src/common_interfaces/docs) by extensions ['ament_cargo']
[0.192s] Level 1:colcon.colcon_core.package_identification:_identify(src/common_interfaces/docs) by extension 'ament_cargo'
[0.192s] Level 1:colcon.colcon_core.package_identification:_identify(src/common_interfaces/docs) by extensions ['ros']
[0.192s] Level 1:colcon.colcon_core.package_identification:_identify(src/common_interfaces/docs) by extension 'ros'
[0.192s] Level 1:colcon.colcon_core.package_identification:_identify(src/common_interfaces/docs) by extensions ['cargo', 'cmake', 'python']
[0.192s] Level 1:colcon.colcon_core.package_identification:_identify(src/common_interfaces/docs) by extension 'cargo'
[0.192s] Level 1:colcon.colcon_core.package_identification:_identify(src/common_interfaces/docs) by extension 'cmake'
[0.192s] Level 1:colcon.colcon_core.package_identification:_identify(src/common_interfaces/docs) by extension 'python'
[0.192s] Level 1:colcon.colcon_core.package_identification:_identify(src/common_interfaces/docs) by extensions ['python_setup_py']
[0.192s] Level 1:colcon.colcon_core.package_identification:_identify(src/common_interfaces/docs) by extension 'python_setup_py'
[0.192s] Level 1:colcon.colcon_core.package_identification:_identify(src/common_interfaces/geometry_msgs) by extensions ['ignore', 'ignore_ament_install']
[0.192s] Level 1:colcon.colcon_core.package_identification:_identify(src/common_interfaces/geometry_msgs) by extension 'ignore'
[0.192s] Level 1:colcon.colcon_core.package_identification:_identify(src/common_interfaces/geometry_msgs) by extension 'ignore_ament_install'
[0.192s] Level 1:colcon.colcon_core.package_identification:_identify(src/common_interfaces/geometry_msgs) by extensions ['cargo_workspace']
[0.192s] Level 1:colcon.colcon_core.package_identification:_identify(src/common_interfaces/geometry_msgs) by extension 'cargo_workspace'
[0.192s] Level 1:colcon.colcon_core.package_identification:_identify(src/common_interfaces/geometry_msgs) by extensions ['colcon_pkg']
[0.192s] Level 1:colcon.colcon_core.package_identification:_identify(src/common_interfaces/geometry_msgs) by extension 'colcon_pkg'
[0.192s] Level 1:colcon.colcon_core.package_identification:_identify(src/common_interfaces/geometry_msgs) by extensions ['colcon_meta']
[0.192s] Level 1:colcon.colcon_core.package_identification:_identify(src/common_interfaces/geometry_msgs) by extension 'colcon_meta'
[0.192s] Level 1:colcon.colcon_core.package_identification:_identify(src/common_interfaces/geometry_msgs) by extensions ['ament_cargo']
[0.192s] Level 1:colcon.colcon_core.package_identification:_identify(src/common_interfaces/geometry_msgs) by extension 'ament_cargo'
[0.193s] Level 1:colcon.colcon_core.package_identification:_identify(src/common_interfaces/geometry_msgs) by extensions ['ros']
[0.193s] Level 1:colcon.colcon_core.package_identification:_identify(src/common_interfaces/geometry_msgs) by extension 'ros'
[0.193s] DEBUG:colcon.colcon_core.package_identification:Package 'src/common_interfaces/geometry_msgs' with type 'ros.ament_cmake' and name 'geometry_msgs'
[0.193s] Level 1:colcon.colcon_core.package_identification:_identify(src/common_interfaces/nav_msgs) by extensions ['ignore', 'ignore_ament_install']
[0.193s] Level 1:colcon.colcon_core.package_identification:_identify(src/common_interfaces/nav_msgs) by extension 'ignore'
[0.193s] Level 1:colcon.colcon_core.package_identification:_identify(src/common_interfaces/nav_msgs) by extension 'ignore_ament_install'
[0.193s] Level 1:colcon.colcon_core.package_identification:_identify(src/common_interfaces/nav_msgs) by extensions ['cargo_workspace']
[0.193s] Level 1:colcon.colcon_core.package_identification:_identify(src/common_interfaces/nav_msgs) by extension 'cargo_workspace'
[0.193s] Level 1:colcon.colcon_core.package_identification:_identify(src/common_interfaces/nav_msgs) by extensions ['colcon_pkg']
[0.193s] Level 1:colcon.colcon_core.package_identification:_identify(src/common_interfaces/nav_msgs) by extension 'colcon_pkg'
[0.193s] Level 1:colcon.colcon_core.package_identification:_identify(src/common_interfaces/nav_msgs) by extensions ['colcon_meta']
[0.193s] Level 1:colcon.colcon_core.package_identification:_identify(src/common_interfaces/nav_msgs) by extension 'colcon_meta'
[0.193s] Level 1:colcon.colcon_core.package_identification:_identify(src/common_interfaces/nav_msgs) by extensions ['ament_cargo']
[0.193s] Level 1:colcon.colcon_core.package_identification:_identify(src/common_interfaces/nav_msgs) by extension 'ament_cargo'
[0.194s] Level 1:colcon.colcon_core.package_identification:_identify(src/common_interfaces/nav_msgs) by extensions ['ros']
[0.194s] Level 1:colcon.colcon_core.package_identification:_identify(src/common_interfaces/nav_msgs) by extension 'ros'
[0.194s] DEBUG:colcon.colcon_core.package_identification:Package 'src/common_interfaces/nav_msgs' with type 'ros.ament_cmake' and name 'nav_msgs'
[0.194s] Level 1:colcon.colcon_core.package_identification:_identify(src/common_interfaces/sensor_msgs) by extensions ['ignore', 'ignore_ament_install']
[0.194s] Level 1:colcon.colcon_core.package_identification:_identify(src/common_interfaces/sensor_msgs) by extension 'ignore'
[0.194s] Level 1:colcon.colcon_core.package_identification:_identify(src/common_interfaces/sensor_msgs) by extension 'ignore_ament_install'
[0.194s] Level 1:colcon.colcon_core.package_identification:_identify(src/common_interfaces/sensor_msgs) by extensions ['cargo_workspace']
[0.194s] Level 1:colcon.colcon_core.package_identification:_identify(src/common_interfaces/sensor_msgs) by extension 'cargo_workspace'
[0.194s] Level 1:colcon.colcon_core.package_identification:_identify(src/common_interfaces/sensor_msgs) by extensions ['colcon_pkg']
[0.194s] Level 1:colcon.colcon_core.package_identification:_identify(src/common_interfaces/sensor_msgs) by extension 'colcon_pkg'
[0.194s] Level 1:colcon.colcon_core.package_identification:_identify(src/common_interfaces/sensor_msgs) by extensions ['colcon_meta']
[0.194s] Level 1:colcon.colcon_core.package_identification:_identify(src/common_interfaces/sensor_msgs) by extension 'colcon_meta'
[0.195s] Level 1:colcon.colcon_core.package_identification:_identify(src/common_interfaces/sensor_msgs) by extensions ['ament_cargo']
[0.195s] Level 1:colcon.colcon_core.package_identification:_identify(src/common_interfaces/sensor_msgs) by extension 'ament_cargo'
[0.195s] Level 1:colcon.colcon_core.package_identification:_identify(src/common_interfaces/sensor_msgs) by extensions ['ros']
[0.195s] Level 1:colcon.colcon_core.package_identification:_identify(src/common_interfaces/sensor_msgs) by extension 'ros'
[0.195s] DEBUG:colcon.colcon_core.package_identification:Package 'src/common_interfaces/sensor_msgs' with type 'ros.ament_cmake' and name 'sensor_msgs'
[0.195s] Level 1:colcon.colcon_core.package_identification:_identify(src/common_interfaces/sensor_msgs_py) by extensions ['ignore', 'ignore_ament_install']
[0.196s] Level 1:colcon.colcon_core.package_identification:_identify(src/common_interfaces/sensor_msgs_py) by extension 'ignore'
[0.196s] Level 1:colcon.colcon_core.package_identification:_identify(src/common_interfaces/sensor_msgs_py) by extension 'ignore_ament_install'
[0.196s] Level 1:colcon.colcon_core.package_identification:_identify(src/common_interfaces/sensor_msgs_py) by extensions ['cargo_workspace']
[0.196s] Level 1:colcon.colcon_core.package_identification:_identify(src/common_interfaces/sensor_msgs_py) by extension 'cargo_workspace'
[0.196s] Level 1:colcon.colcon_core.package_identification:_identify(src/common_interfaces/sensor_msgs_py) by extensions ['colcon_pkg']
[0.196s] Level 1:colcon.colcon_core.package_identification:_identify(src/common_interfaces/sensor_msgs_py) by extension 'colcon_pkg'
[0.196s] Level 1:colcon.colcon_core.package_identification:_identify(src/common_interfaces/sensor_msgs_py) by extensions ['colcon_meta']
[0.196s] Level 1:colcon.colcon_core.package_identification:_identify(src/common_interfaces/sensor_msgs_py) by extension 'colcon_meta'
[0.196s] Level 1:colcon.colcon_core.package_identification:_identify(src/common_interfaces/sensor_msgs_py) by extensions ['ament_cargo']
[0.196s] Level 1:colcon.colcon_core.package_identification:_identify(src/common_interfaces/sensor_msgs_py) by extension 'ament_cargo'
[0.196s] Level 1:colcon.colcon_core.package_identification:_identify(src/common_interfaces/sensor_msgs_py) by extensions ['ros']
[0.196s] Level 1:colcon.colcon_core.package_identification:_identify(src/common_interfaces/sensor_msgs_py) by extension 'ros'
[0.196s] DEBUG:colcon.colcon_core.package_identification:Package 'src/common_interfaces/sensor_msgs_py' with type 'ros.ament_python' and name 'sensor_msgs_py'
[0.196s] Level 1:colcon.colcon_core.package_identification:_identify(src/common_interfaces/shape_msgs) by extensions ['ignore', 'ignore_ament_install']
[0.196s] Level 1:colcon.colcon_core.package_identification:_identify(src/common_interfaces/shape_msgs) by extension 'ignore'
[0.197s] Level 1:colcon.colcon_core.package_identification:_identify(src/common_interfaces/shape_msgs) by extension 'ignore_ament_install'
[0.197s] Level 1:colcon.colcon_core.package_identification:_identify(src/common_interfaces/shape_msgs) by extensions ['cargo_workspace']
[0.197s] Level 1:colcon.colcon_core.package_identification:_identify(src/common_interfaces/shape_msgs) by extension 'cargo_workspace'
[0.197s] Level 1:colcon.colcon_core.package_identification:_identify(src/common_interfaces/shape_msgs) by extensions ['colcon_pkg']
[0.197s] Level 1:colcon.colcon_core.package_identification:_identify(src/common_interfaces/shape_msgs) by extension 'colcon_pkg'
[0.197s] Level 1:colcon.colcon_core.package_identification:_identify(src/common_interfaces/shape_msgs) by extensions ['colcon_meta']
[0.197s] Level 1:colcon.colcon_core.package_identification:_identify(src/common_interfaces/shape_msgs) by extension 'colcon_meta'
[0.197s] Level 1:colcon.colcon_core.package_identification:_identify(src/common_interfaces/shape_msgs) by extensions ['ament_cargo']
[0.197s] Level 1:colcon.colcon_core.package_identification:_identify(src/common_interfaces/shape_msgs) by extension 'ament_cargo'
[0.197s] Level 1:colcon.colcon_core.package_identification:_identify(src/common_interfaces/shape_msgs) by extensions ['ros']
[0.197s] Level 1:colcon.colcon_core.package_identification:_identify(src/common_interfaces/shape_msgs) by extension 'ros'
[0.197s] DEBUG:colcon.colcon_core.package_identification:Package 'src/common_interfaces/shape_msgs' with type 'ros.ament_cmake' and name 'shape_msgs'
[0.197s] Level 1:colcon.colcon_core.package_identification:_identify(src/common_interfaces/std_msgs) by extensions ['ignore', 'ignore_ament_install']
[0.197s] Level 1:colcon.colcon_core.package_identification:_identify(src/common_interfaces/std_msgs) by extension 'ignore'
[0.198s] Level 1:colcon.colcon_core.package_identification:_identify(src/common_interfaces/std_msgs) by extension 'ignore_ament_install'
[0.198s] Level 1:colcon.colcon_core.package_identification:_identify(src/common_interfaces/std_msgs) by extensions ['cargo_workspace']
[0.198s] Level 1:colcon.colcon_core.package_identification:_identify(src/common_interfaces/std_msgs) by extension 'cargo_workspace'
[0.198s] Level 1:colcon.colcon_core.package_identification:_identify(src/common_interfaces/std_msgs) by extensions ['colcon_pkg']
[0.198s] Level 1:colcon.colcon_core.package_identification:_identify(src/common_interfaces/std_msgs) by extension 'colcon_pkg'
[0.198s] Level 1:colcon.colcon_core.package_identification:_identify(src/common_interfaces/std_msgs) by extensions ['colcon_meta']
[0.198s] Level 1:colcon.colcon_core.package_identification:_identify(src/common_interfaces/std_msgs) by extension 'colcon_meta'
[0.198s] Level 1:colcon.colcon_core.package_identification:_identify(src/common_interfaces/std_msgs) by extensions ['ament_cargo']
[0.198s] Level 1:colcon.colcon_core.package_identification:_identify(src/common_interfaces/std_msgs) by extension 'ament_cargo'
[0.198s] Level 1:colcon.colcon_core.package_identification:_identify(src/common_interfaces/std_msgs) by extensions ['ros']
[0.198s] Level 1:colcon.colcon_core.package_identification:_identify(src/common_interfaces/std_msgs) by extension 'ros'
[0.198s] DEBUG:colcon.colcon_core.package_identification:Package 'src/common_interfaces/std_msgs' with type 'ros.ament_cmake' and name 'std_msgs'
[0.199s] Level 1:colcon.colcon_core.package_identification:_identify(src/common_interfaces/std_srvs) by extensions ['ignore', 'ignore_ament_install']
[0.199s] Level 1:colcon.colcon_core.package_identification:_identify(src/common_interfaces/std_srvs) by extension 'ignore'
[0.199s] Level 1:colcon.colcon_core.package_identification:_identify(src/common_interfaces/std_srvs) by extension 'ignore_ament_install'
[0.199s] Level 1:colcon.colcon_core.package_identification:_identify(src/common_interfaces/std_srvs) by extensions ['cargo_workspace']
[0.199s] Level 1:colcon.colcon_core.package_identification:_identify(src/common_interfaces/std_srvs) by extension 'cargo_workspace'
[0.199s] Level 1:colcon.colcon_core.package_identification:_identify(src/common_interfaces/std_srvs) by extensions ['colcon_pkg']
[0.199s] Level 1:colcon.colcon_core.package_identification:_identify(src/common_interfaces/std_srvs) by extension 'colcon_pkg'
[0.199s] Level 1:colcon.colcon_core.package_identification:_identify(src/common_interfaces/std_srvs) by extensions ['colcon_meta']
[0.199s] Level 1:colcon.colcon_core.package_identification:_identify(src/common_interfaces/std_srvs) by extension 'colcon_meta'
[0.199s] Level 1:colcon.colcon_core.package_identification:_identify(src/common_interfaces/std_srvs) by extensions ['ament_cargo']
[0.199s] Level 1:colcon.colcon_core.package_identification:_identify(src/common_interfaces/std_srvs) by extension 'ament_cargo'
[0.199s] Level 1:colcon.colcon_core.package_identification:_identify(src/common_interfaces/std_srvs) by extensions ['ros']
[0.199s] Level 1:colcon.colcon_core.package_identification:_identify(src/common_interfaces/std_srvs) by extension 'ros'
[0.199s] DEBUG:colcon.colcon_core.package_identification:Package 'src/common_interfaces/std_srvs' with type 'ros.ament_cmake' and name 'std_srvs'
[0.199s] Level 1:colcon.colcon_core.package_identification:_identify(src/common_interfaces/stereo_msgs) by extensions ['ignore', 'ignore_ament_install']
[0.199s] Level 1:colcon.colcon_core.package_identification:_identify(src/common_interfaces/stereo_msgs) by extension 'ignore'
[0.200s] Level 1:colcon.colcon_core.package_identification:_identify(src/common_interfaces/stereo_msgs) by extension 'ignore_ament_install'
[0.200s] Level 1:colcon.colcon_core.package_identification:_identify(src/common_interfaces/stereo_msgs) by extensions ['cargo_workspace']
[0.200s] Level 1:colcon.colcon_core.package_identification:_identify(src/common_interfaces/stereo_msgs) by extension 'cargo_workspace'
[0.200s] Level 1:colcon.colcon_core.package_identification:_identify(src/common_interfaces/stereo_msgs) by extensions ['colcon_pkg']
[0.200s] Level 1:colcon.colcon_core.package_identification:_identify(src/common_interfaces/stereo_msgs) by extension 'colcon_pkg'
[0.200s] Level 1:colcon.colcon_core.package_identification:_identify(src/common_interfaces/stereo_msgs) by extensions ['colcon_meta']
[0.200s] Level 1:colcon.colcon_core.package_identification:_identify(src/common_interfaces/stereo_msgs) by extension 'colcon_meta'
[0.200s] Level 1:colcon.colcon_core.package_identification:_identify(src/common_interfaces/stereo_msgs) by extensions ['ament_cargo']
[0.200s] Level 1:colcon.colcon_core.package_identification:_identify(src/common_interfaces/stereo_msgs) by extension 'ament_cargo'
[0.200s] Level 1:colcon.colcon_core.package_identification:_identify(src/common_interfaces/stereo_msgs) by extensions ['ros']
[0.200s] Level 1:colcon.colcon_core.package_identification:_identify(src/common_interfaces/stereo_msgs) by extension 'ros'
[0.200s] DEBUG:colcon.colcon_core.package_identification:Package 'src/common_interfaces/stereo_msgs' with type 'ros.ament_cmake' and name 'stereo_msgs'
[0.200s] Level 1:colcon.colcon_core.package_identification:_identify(src/common_interfaces/trajectory_msgs) by extensions ['ignore', 'ignore_ament_install']
[0.201s] Level 1:colcon.colcon_core.package_identification:_identify(src/common_interfaces/trajectory_msgs) by extension 'ignore'
[0.201s] Level 1:colcon.colcon_core.package_identification:_identify(src/common_interfaces/trajectory_msgs) by extension 'ignore_ament_install'
[0.201s] Level 1:colcon.colcon_core.package_identification:_identify(src/common_interfaces/trajectory_msgs) by extensions ['cargo_workspace']
[0.201s] Level 1:colcon.colcon_core.package_identification:_identify(src/common_interfaces/trajectory_msgs) by extension 'cargo_workspace'
[0.201s] Level 1:colcon.colcon_core.package_identification:_identify(src/common_interfaces/trajectory_msgs) by extensions ['colcon_pkg']
[0.201s] Level 1:colcon.colcon_core.package_identification:_identify(src/common_interfaces/trajectory_msgs) by extension 'colcon_pkg'
[0.201s] Level 1:colcon.colcon_core.package_identification:_identify(src/common_interfaces/trajectory_msgs) by extensions ['colcon_meta']
[0.201s] Level 1:colcon.colcon_core.package_identification:_identify(src/common_interfaces/trajectory_msgs) by extension 'colcon_meta'
[0.201s] Level 1:colcon.colcon_core.package_identification:_identify(src/common_interfaces/trajectory_msgs) by extensions ['ament_cargo']
[0.201s] Level 1:colcon.colcon_core.package_identification:_identify(src/common_interfaces/trajectory_msgs) by extension 'ament_cargo'
[0.201s] Level 1:colcon.colcon_core.package_identification:_identify(src/common_interfaces/trajectory_msgs) by extensions ['ros']
[0.201s] Level 1:colcon.colcon_core.package_identification:_identify(src/common_interfaces/trajectory_msgs) by extension 'ros'
[0.202s] DEBUG:colcon.colcon_core.package_identification:Package 'src/common_interfaces/trajectory_msgs' with type 'ros.ament_cmake' and name 'trajectory_msgs'
[0.202s] Level 1:colcon.colcon_core.package_identification:_identify(src/common_interfaces/visualization_msgs) by extensions ['ignore', 'ignore_ament_install']
[0.202s] Level 1:colcon.colcon_core.package_identification:_identify(src/common_interfaces/visualization_msgs) by extension 'ignore'
[0.202s] Level 1:colcon.colcon_core.package_identification:_identify(src/common_interfaces/visualization_msgs) by extension 'ignore_ament_install'
[0.202s] Level 1:colcon.colcon_core.package_identification:_identify(src/common_interfaces/visualization_msgs) by extensions ['cargo_workspace']
[0.202s] Level 1:colcon.colcon_core.package_identification:_identify(src/common_interfaces/visualization_msgs) by extension 'cargo_workspace'
[0.202s] Level 1:colcon.colcon_core.package_identification:_identify(src/common_interfaces/visualization_msgs) by extensions ['colcon_pkg']
[0.202s] Level 1:colcon.colcon_core.package_identification:_identify(src/common_interfaces/visualization_msgs) by extension 'colcon_pkg'
[0.202s] Level 1:colcon.colcon_core.package_identification:_identify(src/common_interfaces/visualization_msgs) by extensions ['colcon_meta']
[0.202s] Level 1:colcon.colcon_core.package_identification:_identify(src/common_interfaces/visualization_msgs) by extension 'colcon_meta'
[0.202s] Level 1:colcon.colcon_core.package_identification:_identify(src/common_interfaces/visualization_msgs) by extensions ['ament_cargo']
[0.202s] Level 1:colcon.colcon_core.package_identification:_identify(src/common_interfaces/visualization_msgs) by extension 'ament_cargo'
[0.202s] Level 1:colcon.colcon_core.package_identification:_identify(src/common_interfaces/visualization_msgs) by extensions ['ros']
[0.202s] Level 1:colcon.colcon_core.package_identification:_identify(src/common_interfaces/visualization_msgs) by extension 'ros'
[0.203s] DEBUG:colcon.colcon_core.package_identification:Package 'src/common_interfaces/visualization_msgs' with type 'ros.ament_cmake' and name 'visualization_msgs'
[0.203s] Level 1:colcon.colcon_core.package_identification:_identify(src/rcl_interfaces) by extensions ['ignore', 'ignore_ament_install']
[0.203s] Level 1:colcon.colcon_core.package_identification:_identify(src/rcl_interfaces) by extension 'ignore'
[0.203s] Level 1:colcon.colcon_core.package_identification:_identify(src/rcl_interfaces) by extension 'ignore_ament_install'
[0.203s] Level 1:colcon.colcon_core.package_identification:_identify(src/rcl_interfaces) by extensions ['cargo_workspace']
[0.203s] Level 1:colcon.colcon_core.package_identification:_identify(src/rcl_interfaces) by extension 'cargo_workspace'
[0.203s] Level 1:colcon.colcon_core.package_identification:_identify(src/rcl_interfaces) by extensions ['colcon_pkg']
[0.203s] Level 1:colcon.colcon_core.package_identification:_identify(src/rcl_interfaces) by extension 'colcon_pkg'
[0.203s] Level 1:colcon.colcon_core.package_identification:_identify(src/rcl_interfaces) by extensions ['colcon_meta']
[0.203s] Level 1:colcon.colcon_core.package_identification:_identify(src/rcl_interfaces) by extension 'colcon_meta'
[0.203s] Level 1:colcon.colcon_core.package_identification:_identify(src/rcl_interfaces) by extensions ['ament_cargo']
[0.203s] Level 1:colcon.colcon_core.package_identification:_identify(src/rcl_interfaces) by extension 'ament_cargo'
[0.203s] Level 1:colcon.colcon_core.package_identification:_identify(src/rcl_interfaces) by extensions ['ros']
[0.203s] Level 1:colcon.colcon_core.package_identification:_identify(src/rcl_interfaces) by extension 'ros'
[0.203s] Level 1:colcon.colcon_core.package_identification:_identify(src/rcl_interfaces) by extensions ['cargo', 'cmake', 'python']
[0.203s] Level 1:colcon.colcon_core.package_identification:_identify(src/rcl_interfaces) by extension 'cargo'
[0.203s] Level 1:colcon.colcon_core.package_identification:_identify(src/rcl_interfaces) by extension 'cmake'
[0.203s] Level 1:colcon.colcon_core.package_identification:_identify(src/rcl_interfaces) by extension 'python'
[0.204s] Level 1:colcon.colcon_core.package_identification:_identify(src/rcl_interfaces) by extensions ['python_setup_py']
[0.204s] Level 1:colcon.colcon_core.package_identification:_identify(src/rcl_interfaces) by extension 'python_setup_py'
[0.204s] Level 1:colcon.colcon_core.package_identification:_identify(src/rcl_interfaces/action_msgs) by extensions ['ignore', 'ignore_ament_install']
[0.204s] Level 1:colcon.colcon_core.package_identification:_identify(src/rcl_interfaces/action_msgs) by extension 'ignore'
[0.204s] Level 1:colcon.colcon_core.package_identification:_identify(src/rcl_interfaces/action_msgs) by extension 'ignore_ament_install'
[0.204s] Level 1:colcon.colcon_core.package_identification:_identify(src/rcl_interfaces/action_msgs) by extensions ['cargo_workspace']
[0.204s] Level 1:colcon.colcon_core.package_identification:_identify(src/rcl_interfaces/action_msgs) by extension 'cargo_workspace'
[0.204s] Level 1:colcon.colcon_core.package_identification:_identify(src/rcl_interfaces/action_msgs) by extensions ['colcon_pkg']
[0.204s] Level 1:colcon.colcon_core.package_identification:_identify(src/rcl_interfaces/action_msgs) by extension 'colcon_pkg'
[0.204s] Level 1:colcon.colcon_core.package_identification:_identify(src/rcl_interfaces/action_msgs) by extensions ['colcon_meta']
[0.204s] Level 1:colcon.colcon_core.package_identification:_identify(src/rcl_interfaces/action_msgs) by extension 'colcon_meta'
[0.204s] Level 1:colcon.colcon_core.package_identification:_identify(src/rcl_interfaces/action_msgs) by extensions ['ament_cargo']
[0.204s] Level 1:colcon.colcon_core.package_identification:_identify(src/rcl_interfaces/action_msgs) by extension 'ament_cargo'
[0.204s] Level 1:colcon.colcon_core.package_identification:_identify(src/rcl_interfaces/action_msgs) by extensions ['ros']
[0.204s] Level 1:colcon.colcon_core.package_identification:_identify(src/rcl_interfaces/action_msgs) by extension 'ros'
[0.205s] DEBUG:colcon.colcon_core.package_identification:Package 'src/rcl_interfaces/action_msgs' with type 'ros.ament_cmake' and name 'action_msgs'
[0.205s] Level 1:colcon.colcon_core.package_identification:_identify(src/rcl_interfaces/builtin_interfaces) by extensions ['ignore', 'ignore_ament_install']
[0.205s] Level 1:colcon.colcon_core.package_identification:_identify(src/rcl_interfaces/builtin_interfaces) by extension 'ignore'
[0.205s] Level 1:colcon.colcon_core.package_identification:_identify(src/rcl_interfaces/builtin_interfaces) by extension 'ignore_ament_install'
[0.205s] Level 1:colcon.colcon_core.package_identification:_identify(src/rcl_interfaces/builtin_interfaces) by extensions ['cargo_workspace']
[0.205s] Level 1:colcon.colcon_core.package_identification:_identify(src/rcl_interfaces/builtin_interfaces) by extension 'cargo_workspace'
[0.205s] Level 1:colcon.colcon_core.package_identification:_identify(src/rcl_interfaces/builtin_interfaces) by extensions ['colcon_pkg']
[0.205s] Level 1:colcon.colcon_core.package_identification:_identify(src/rcl_interfaces/builtin_interfaces) by extension 'colcon_pkg'
[0.205s] Level 1:colcon.colcon_core.package_identification:_identify(src/rcl_interfaces/builtin_interfaces) by extensions ['colcon_meta']
[0.205s] Level 1:colcon.colcon_core.package_identification:_identify(src/rcl_interfaces/builtin_interfaces) by extension 'colcon_meta'
[0.205s] Level 1:colcon.colcon_core.package_identification:_identify(src/rcl_interfaces/builtin_interfaces) by extensions ['ament_cargo']
[0.205s] Level 1:colcon.colcon_core.package_identification:_identify(src/rcl_interfaces/builtin_interfaces) by extension 'ament_cargo'
[0.205s] Level 1:colcon.colcon_core.package_identification:_identify(src/rcl_interfaces/builtin_interfaces) by extensions ['ros']
[0.205s] Level 1:colcon.colcon_core.package_identification:_identify(src/rcl_interfaces/builtin_interfaces) by extension 'ros'
[0.206s] DEBUG:colcon.colcon_core.package_identification:Package 'src/rcl_interfaces/builtin_interfaces' with type 'ros.ament_cmake' and name 'builtin_interfaces'
[0.206s] Level 1:colcon.colcon_core.package_identification:_identify(src/rcl_interfaces/composition_interfaces) by extensions ['ignore', 'ignore_ament_install']
[0.206s] Level 1:colcon.colcon_core.package_identification:_identify(src/rcl_interfaces/composition_interfaces) by extension 'ignore'
[0.206s] Level 1:colcon.colcon_core.package_identification:_identify(src/rcl_interfaces/composition_interfaces) by extension 'ignore_ament_install'
[0.206s] Level 1:colcon.colcon_core.package_identification:_identify(src/rcl_interfaces/composition_interfaces) by extensions ['cargo_workspace']
[0.206s] Level 1:colcon.colcon_core.package_identification:_identify(src/rcl_interfaces/composition_interfaces) by extension 'cargo_workspace'
[0.206s] Level 1:colcon.colcon_core.package_identification:_identify(src/rcl_interfaces/composition_interfaces) by extensions ['colcon_pkg']
[0.206s] Level 1:colcon.colcon_core.package_identification:_identify(src/rcl_interfaces/composition_interfaces) by extension 'colcon_pkg'
[0.206s] Level 1:colcon.colcon_core.package_identification:_identify(src/rcl_interfaces/composition_interfaces) by extensions ['colcon_meta']
[0.206s] Level 1:colcon.colcon_core.package_identification:_identify(src/rcl_interfaces/composition_interfaces) by extension 'colcon_meta'
[0.206s] Level 1:colcon.colcon_core.package_identification:_identify(src/rcl_interfaces/composition_interfaces) by extensions ['ament_cargo']
[0.206s] Level 1:colcon.colcon_core.package_identification:_identify(src/rcl_interfaces/composition_interfaces) by extension 'ament_cargo'
[0.206s] Level 1:colcon.colcon_core.package_identification:_identify(src/rcl_interfaces/composition_interfaces) by extensions ['ros']
[0.206s] Level 1:colcon.colcon_core.package_identification:_identify(src/rcl_interfaces/composition_interfaces) by extension 'ros'
[0.207s] DEBUG:colcon.colcon_core.package_identification:Package 'src/rcl_interfaces/composition_interfaces' with type 'ros.ament_cmake' and name 'composition_interfaces'
[0.207s] Level 1:colcon.colcon_core.package_identification:_identify(src/rcl_interfaces/lifecycle_msgs) by extensions ['ignore', 'ignore_ament_install']
[0.207s] Level 1:colcon.colcon_core.package_identification:_identify(src/rcl_interfaces/lifecycle_msgs) by extension 'ignore'
[0.207s] Level 1:colcon.colcon_core.package_identification:_identify(src/rcl_interfaces/lifecycle_msgs) by extension 'ignore_ament_install'
[0.207s] Level 1:colcon.colcon_core.package_identification:_identify(src/rcl_interfaces/lifecycle_msgs) by extensions ['cargo_workspace']
[0.207s] Level 1:colcon.colcon_core.package_identification:_identify(src/rcl_interfaces/lifecycle_msgs) by extension 'cargo_workspace'
[0.207s] Level 1:colcon.colcon_core.package_identification:_identify(src/rcl_interfaces/lifecycle_msgs) by extensions ['colcon_pkg']
[0.207s] Level 1:colcon.colcon_core.package_identification:_identify(src/rcl_interfaces/lifecycle_msgs) by extension 'colcon_pkg'
[0.207s] Level 1:colcon.colcon_core.package_identification:_identify(src/rcl_interfaces/lifecycle_msgs) by extensions ['colcon_meta']
[0.207s] Level 1:colcon.colcon_core.package_identification:_identify(src/rcl_interfaces/lifecycle_msgs) by extension 'colcon_meta'
[0.207s] Level 1:colcon.colcon_core.package_identification:_identify(src/rcl_interfaces/lifecycle_msgs) by extensions ['ament_cargo']
[0.207s] Level 1:colcon.colcon_core.package_identification:_identify(src/rcl_interfaces/lifecycle_msgs) by extension 'ament_cargo'
[0.207s] Level 1:colcon.colcon_core.package_identification:_identify(src/rcl_interfaces/lifecycle_msgs) by extensions ['ros']
[0.207s] Level 1:colcon.colcon_core.package_identification:_identify(src/rcl_interfaces/lifecycle_msgs) by extension 'ros'
[0.208s] DEBUG:colcon.colcon_core.package_identification:Package 'src/rcl_interfaces/lifecycle_msgs' with type 'ros.ament_cmake' and name 'lifecycle_msgs'
[0.208s] Level 1:colcon.colcon_core.package_identification:_identify(src/rcl_interfaces/rcl_interfaces) by extensions ['ignore', 'ignore_ament_install']
[0.208s] Level 1:colcon.colcon_core.package_identification:_identify(src/rcl_interfaces/rcl_interfaces) by extension 'ignore'
[0.208s] Level 1:colcon.colcon_core.package_identification:_identify(src/rcl_interfaces/rcl_interfaces) by extension 'ignore_ament_install'
[0.208s] Level 1:colcon.colcon_core.package_identification:_identify(src/rcl_interfaces/rcl_interfaces) by extensions ['cargo_workspace']
[0.208s] Level 1:colcon.colcon_core.package_identification:_identify(src/rcl_interfaces/rcl_interfaces) by extension 'cargo_workspace'
[0.208s] Level 1:colcon.colcon_core.package_identification:_identify(src/rcl_interfaces/rcl_interfaces) by extensions ['colcon_pkg']
[0.208s] Level 1:colcon.colcon_core.package_identification:_identify(src/rcl_interfaces/rcl_interfaces) by extension 'colcon_pkg'
[0.209s] Level 1:colcon.colcon_core.package_identification:_identify(src/rcl_interfaces/rcl_interfaces) by extensions ['colcon_meta']
[0.209s] Level 1:colcon.colcon_core.package_identification:_identify(src/rcl_interfaces/rcl_interfaces) by extension 'colcon_meta'
[0.209s] Level 1:colcon.colcon_core.package_identification:_identify(src/rcl_interfaces/rcl_interfaces) by extensions ['ament_cargo']
[0.209s] Level 1:colcon.colcon_core.package_identification:_identify(src/rcl_interfaces/rcl_interfaces) by extension 'ament_cargo'
[0.209s] Level 1:colcon.colcon_core.package_identification:_identify(src/rcl_interfaces/rcl_interfaces) by extensions ['ros']
[0.209s] Level 1:colcon.colcon_core.package_identification:_identify(src/rcl_interfaces/rcl_interfaces) by extension 'ros'
[0.209s] DEBUG:colcon.colcon_core.package_identification:Package 'src/rcl_interfaces/rcl_interfaces' with type 'ros.ament_cmake' and name 'rcl_interfaces'
[0.209s] Level 1:colcon.colcon_core.package_identification:_identify(src/rcl_interfaces/rosgraph_msgs) by extensions ['ignore', 'ignore_ament_install']
[0.209s] Level 1:colcon.colcon_core.package_identification:_identify(src/rcl_interfaces/rosgraph_msgs) by extension 'ignore'
[0.209s] Level 1:colcon.colcon_core.package_identification:_identify(src/rcl_interfaces/rosgraph_msgs) by extension 'ignore_ament_install'
[0.209s] Level 1:colcon.colcon_core.package_identification:_identify(src/rcl_interfaces/rosgraph_msgs) by extensions ['cargo_workspace']
[0.209s] Level 1:colcon.colcon_core.package_identification:_identify(src/rcl_interfaces/rosgraph_msgs) by extension 'cargo_workspace'
[0.210s] Level 1:colcon.colcon_core.package_identification:_identify(src/rcl_interfaces/rosgraph_msgs) by extensions ['colcon_pkg']
[0.210s] Level 1:colcon.colcon_core.package_identification:_identify(src/rcl_interfaces/rosgraph_msgs) by extension 'colcon_pkg'
[0.210s] Level 1:colcon.colcon_core.package_identification:_identify(src/rcl_interfaces/rosgraph_msgs) by extensions ['colcon_meta']
[0.210s] Level 1:colcon.colcon_core.package_identification:_identify(src/rcl_interfaces/rosgraph_msgs) by extension 'colcon_meta'
[0.210s] Level 1:colcon.colcon_core.package_identification:_identify(src/rcl_interfaces/rosgraph_msgs) by extensions ['ament_cargo']
[0.210s] Level 1:colcon.colcon_core.package_identification:_identify(src/rcl_interfaces/rosgraph_msgs) by extension 'ament_cargo'
[0.210s] Level 1:colcon.colcon_core.package_identification:_identify(src/rcl_interfaces/rosgraph_msgs) by extensions ['ros']
[0.210s] Level 1:colcon.colcon_core.package_identification:_identify(src/rcl_interfaces/rosgraph_msgs) by extension 'ros'
[0.210s] DEBUG:colcon.colcon_core.package_identification:Package 'src/rcl_interfaces/rosgraph_msgs' with type 'ros.ament_cmake' and name 'rosgraph_msgs'
[0.210s] Level 1:colcon.colcon_core.package_identification:_identify(src/rcl_interfaces/service_msgs) by extensions ['ignore', 'ignore_ament_install']
[0.210s] Level 1:colcon.colcon_core.package_identification:_identify(src/rcl_interfaces/service_msgs) by extension 'ignore'
[0.210s] Level 1:colcon.colcon_core.package_identification:_identify(src/rcl_interfaces/service_msgs) by extension 'ignore_ament_install'
[0.210s] Level 1:colcon.colcon_core.package_identification:_identify(src/rcl_interfaces/service_msgs) by extensions ['cargo_workspace']
[0.210s] Level 1:colcon.colcon_core.package_identification:_identify(src/rcl_interfaces/service_msgs) by extension 'cargo_workspace'
[0.210s] Level 1:colcon.colcon_core.package_identification:_identify(src/rcl_interfaces/service_msgs) by extensions ['colcon_pkg']
[0.210s] Level 1:colcon.colcon_core.package_identification:_identify(src/rcl_interfaces/service_msgs) by extension 'colcon_pkg'
[0.211s] Level 1:colcon.colcon_core.package_identification:_identify(src/rcl_interfaces/service_msgs) by extensions ['colcon_meta']
[0.211s] Level 1:colcon.colcon_core.package_identification:_identify(src/rcl_interfaces/service_msgs) by extension 'colcon_meta'
[0.211s] Level 1:colcon.colcon_core.package_identification:_identify(src/rcl_interfaces/service_msgs) by extensions ['ament_cargo']
[0.211s] Level 1:colcon.colcon_core.package_identification:_identify(src/rcl_interfaces/service_msgs) by extension 'ament_cargo'
[0.211s] Level 1:colcon.colcon_core.package_identification:_identify(src/rcl_interfaces/service_msgs) by extensions ['ros']
[0.211s] Level 1:colcon.colcon_core.package_identification:_identify(src/rcl_interfaces/service_msgs) by extension 'ros'
[0.211s] DEBUG:colcon.colcon_core.package_identification:Package 'src/rcl_interfaces/service_msgs' with type 'ros.ament_cmake' and name 'service_msgs'
[0.211s] Level 1:colcon.colcon_core.package_identification:_identify(src/rcl_interfaces/statistics_msgs) by extensions ['ignore', 'ignore_ament_install']
[0.211s] Level 1:colcon.colcon_core.package_identification:_identify(src/rcl_interfaces/statistics_msgs) by extension 'ignore'
[0.211s] Level 1:colcon.colcon_core.package_identification:_identify(src/rcl_interfaces/statistics_msgs) by extension 'ignore_ament_install'
[0.211s] Level 1:colcon.colcon_core.package_identification:_identify(src/rcl_interfaces/statistics_msgs) by extensions ['cargo_workspace']
[0.211s] Level 1:colcon.colcon_core.package_identification:_identify(src/rcl_interfaces/statistics_msgs) by extension 'cargo_workspace'
[0.211s] Level 1:colcon.colcon_core.package_identification:_identify(src/rcl_interfaces/statistics_msgs) by extensions ['colcon_pkg']
[0.212s] Level 1:colcon.colcon_core.package_identification:_identify(src/rcl_interfaces/statistics_msgs) by extension 'colcon_pkg'
[0.212s] Level 1:colcon.colcon_core.package_identification:_identify(src/rcl_interfaces/statistics_msgs) by extensions ['colcon_meta']
[0.212s] Level 1:colcon.colcon_core.package_identification:_identify(src/rcl_interfaces/statistics_msgs) by extension 'colcon_meta'
[0.212s] Level 1:colcon.colcon_core.package_identification:_identify(src/rcl_interfaces/statistics_msgs) by extensions ['ament_cargo']
[0.212s] Level 1:colcon.colcon_core.package_identification:_identify(src/rcl_interfaces/statistics_msgs) by extension 'ament_cargo'
[0.212s] Level 1:colcon.colcon_core.package_identification:_identify(src/rcl_interfaces/statistics_msgs) by extensions ['ros']
[0.212s] Level 1:colcon.colcon_core.package_identification:_identify(src/rcl_interfaces/statistics_msgs) by extension 'ros'
[0.212s] DEBUG:colcon.colcon_core.package_identification:Package 'src/rcl_interfaces/statistics_msgs' with type 'ros.ament_cmake' and name 'statistics_msgs'
[0.212s] Level 1:colcon.colcon_core.package_identification:_identify(src/rcl_interfaces/test_msgs) by extensions ['ignore', 'ignore_ament_install']
[0.212s] Level 1:colcon.colcon_core.package_identification:_identify(src/rcl_interfaces/test_msgs) by extension 'ignore'
[0.212s] Level 1:colcon.colcon_core.package_identification:_identify(src/rcl_interfaces/test_msgs) by extension 'ignore_ament_install'
[0.212s] Level 1:colcon.colcon_core.package_identification:_identify(src/rcl_interfaces/test_msgs) by extensions ['cargo_workspace']
[0.212s] Level 1:colcon.colcon_core.package_identification:_identify(src/rcl_interfaces/test_msgs) by extension 'cargo_workspace'
[0.212s] Level 1:colcon.colcon_core.package_identification:_identify(src/rcl_interfaces/test_msgs) by extensions ['colcon_pkg']
[0.212s] Level 1:colcon.colcon_core.package_identification:_identify(src/rcl_interfaces/test_msgs) by extension 'colcon_pkg'
[0.212s] Level 1:colcon.colcon_core.package_identification:_identify(src/rcl_interfaces/test_msgs) by extensions ['colcon_meta']
[0.212s] Level 1:colcon.colcon_core.package_identification:_identify(src/rcl_interfaces/test_msgs) by extension 'colcon_meta'
[0.213s] Level 1:colcon.colcon_core.package_identification:_identify(src/rcl_interfaces/test_msgs) by extensions ['ament_cargo']
[0.213s] Level 1:colcon.colcon_core.package_identification:_identify(src/rcl_interfaces/test_msgs) by extension 'ament_cargo'
[0.213s] Level 1:colcon.colcon_core.package_identification:_identify(src/rcl_interfaces/test_msgs) by extensions ['ros']
[0.213s] Level 1:colcon.colcon_core.package_identification:_identify(src/rcl_interfaces/test_msgs) by extension 'ros'
[0.213s] DEBUG:colcon.colcon_core.package_identification:Package 'src/rcl_interfaces/test_msgs' with type 'ros.ament_cmake' and name 'test_msgs'
[0.213s] Level 1:colcon.colcon_core.package_identification:_identify(src/rcl_interfaces/type_description_interfaces) by extensions ['ignore', 'ignore_ament_install']
[0.213s] Level 1:colcon.colcon_core.package_identification:_identify(src/rcl_interfaces/type_description_interfaces) by extension 'ignore'
[0.213s] Level 1:colcon.colcon_core.package_identification:_identify(src/rcl_interfaces/type_description_interfaces) by extension 'ignore_ament_install'
[0.213s] Level 1:colcon.colcon_core.package_identification:_identify(src/rcl_interfaces/type_description_interfaces) by extensions ['cargo_workspace']
[0.213s] Level 1:colcon.colcon_core.package_identification:_identify(src/rcl_interfaces/type_description_interfaces) by extension 'cargo_workspace'
[0.213s] Level 1:colcon.colcon_core.package_identification:_identify(src/rcl_interfaces/type_description_interfaces) by extensions ['colcon_pkg']
[0.213s] Level 1:colcon.colcon_core.package_identification:_identify(src/rcl_interfaces/type_description_interfaces) by extension 'colcon_pkg'
[0.213s] Level 1:colcon.colcon_core.package_identification:_identify(src/rcl_interfaces/type_description_interfaces) by extensions ['colcon_meta']
[0.213s] Level 1:colcon.colcon_core.package_identification:_identify(src/rcl_interfaces/type_description_interfaces) by extension 'colcon_meta'
[0.213s] Level 1:colcon.colcon_core.package_identification:_identify(src/rcl_interfaces/type_description_interfaces) by extensions ['ament_cargo']
[0.213s] Level 1:colcon.colcon_core.package_identification:_identify(src/rcl_interfaces/type_description_interfaces) by extension 'ament_cargo'
[0.214s] Level 1:colcon.colcon_core.package_identification:_identify(src/rcl_interfaces/type_description_interfaces) by extensions ['ros']
[0.214s] Level 1:colcon.colcon_core.package_identification:_identify(src/rcl_interfaces/type_description_interfaces) by extension 'ros'
[0.214s] DEBUG:colcon.colcon_core.package_identification:Package 'src/rcl_interfaces/type_description_interfaces' with type 'ros.ament_cmake' and name 'type_description_interfaces'
[0.214s] Level 1:colcon.colcon_core.package_identification:_identify(src/rosidl_core) by extensions ['ignore', 'ignore_ament_install']
[0.214s] Level 1:colcon.colcon_core.package_identification:_identify(src/rosidl_core) by extension 'ignore'
[0.214s] Level 1:colcon.colcon_core.package_identification:_identify(src/rosidl_core) by extension 'ignore_ament_install'
[0.214s] Level 1:colcon.colcon_core.package_identification:_identify(src/rosidl_core) by extensions ['cargo_workspace']
[0.214s] Level 1:colcon.colcon_core.package_identification:_identify(src/rosidl_core) by extension 'cargo_workspace'
[0.214s] Level 1:colcon.colcon_core.package_identification:_identify(src/rosidl_core) by extensions ['colcon_pkg']
[0.214s] Level 1:colcon.colcon_core.package_identification:_identify(src/rosidl_core) by extension 'colcon_pkg'
[0.214s] Level 1:colcon.colcon_core.package_identification:_identify(src/rosidl_core) by extensions ['colcon_meta']
[0.214s] Level 1:colcon.colcon_core.package_identification:_identify(src/rosidl_core) by extension 'colcon_meta'
[0.214s] Level 1:colcon.colcon_core.package_identification:_identify(src/rosidl_core) by extensions ['ament_cargo']
[0.215s] Level 1:colcon.colcon_core.package_identification:_identify(src/rosidl_core) by extension 'ament_cargo'
[0.215s] Level 1:colcon.colcon_core.package_identification:_identify(src/rosidl_core) by extensions ['ros']
[0.215s] Level 1:colcon.colcon_core.package_identification:_identify(src/rosidl_core) by extension 'ros'
[0.215s] Level 1:colcon.colcon_core.package_identification:_identify(src/rosidl_core) by extensions ['cargo', 'cmake', 'python']
[0.215s] Level 1:colcon.colcon_core.package_identification:_identify(src/rosidl_core) by extension 'cargo'
[0.215s] Level 1:colcon.colcon_core.package_identification:_identify(src/rosidl_core) by extension 'cmake'
[0.215s] Level 1:colcon.colcon_core.package_identification:_identify(src/rosidl_core) by extension 'python'
[0.215s] Level 1:colcon.colcon_core.package_identification:_identify(src/rosidl_core) by extensions ['python_setup_py']
[0.215s] Level 1:colcon.colcon_core.package_identification:_identify(src/rosidl_core) by extension 'python_setup_py'
[0.215s] Level 1:colcon.colcon_core.package_identification:_identify(src/rosidl_core/rosidl_core_generators) by extensions ['ignore', 'ignore_ament_install']
[0.215s] Level 1:colcon.colcon_core.package_identification:_identify(src/rosidl_core/rosidl_core_generators) by extension 'ignore'
[0.215s] Level 1:colcon.colcon_core.package_identification:_identify(src/rosidl_core/rosidl_core_generators) by extension 'ignore_ament_install'
[0.215s] Level 1:colcon.colcon_core.package_identification:_identify(src/rosidl_core/rosidl_core_generators) by extensions ['cargo_workspace']
[0.215s] Level 1:colcon.colcon_core.package_identification:_identify(src/rosidl_core/rosidl_core_generators) by extension 'cargo_workspace'
[0.215s] Level 1:colcon.colcon_core.package_identification:_identify(src/rosidl_core/rosidl_core_generators) by extensions ['colcon_pkg']
[0.215s] Level 1:colcon.colcon_core.package_identification:_identify(src/rosidl_core/rosidl_core_generators) by extension 'colcon_pkg'
[0.215s] Level 1:colcon.colcon_core.package_identification:_identify(src/rosidl_core/rosidl_core_generators) by extensions ['colcon_meta']
[0.215s] Level 1:colcon.colcon_core.package_identification:_identify(src/rosidl_core/rosidl_core_generators) by extension 'colcon_meta'
[0.215s] Level 1:colcon.colcon_core.package_identification:_identify(src/rosidl_core/rosidl_core_generators) by extensions ['ament_cargo']
[0.215s] Level 1:colcon.colcon_core.package_identification:_identify(src/rosidl_core/rosidl_core_generators) by extension 'ament_cargo'
[0.215s] Level 1:colcon.colcon_core.package_identification:_identify(src/rosidl_core/rosidl_core_generators) by extensions ['ros']
[0.215s] Level 1:colcon.colcon_core.package_identification:_identify(src/rosidl_core/rosidl_core_generators) by extension 'ros'
[0.216s] DEBUG:colcon.colcon_core.package_identification:Package 'src/rosidl_core/rosidl_core_generators' with type 'ros.ament_cmake' and name 'rosidl_core_generators'
[0.216s] Level 1:colcon.colcon_core.package_identification:_identify(src/rosidl_core/rosidl_core_runtime) by extensions ['ignore', 'ignore_ament_install']
[0.216s] Level 1:colcon.colcon_core.package_identification:_identify(src/rosidl_core/rosidl_core_runtime) by extension 'ignore'
[0.216s] Level 1:colcon.colcon_core.package_identification:_identify(src/rosidl_core/rosidl_core_runtime) by extension 'ignore_ament_install'
[0.216s] Level 1:colcon.colcon_core.package_identification:_identify(src/rosidl_core/rosidl_core_runtime) by extensions ['cargo_workspace']
[0.216s] Level 1:colcon.colcon_core.package_identification:_identify(src/rosidl_core/rosidl_core_runtime) by extension 'cargo_workspace'
[0.216s] Level 1:colcon.colcon_core.package_identification:_identify(src/rosidl_core/rosidl_core_runtime) by extensions ['colcon_pkg']
[0.216s] Level 1:colcon.colcon_core.package_identification:_identify(src/rosidl_core/rosidl_core_runtime) by extension 'colcon_pkg'
[0.216s] Level 1:colcon.colcon_core.package_identification:_identify(src/rosidl_core/rosidl_core_runtime) by extensions ['colcon_meta']
[0.216s] Level 1:colcon.colcon_core.package_identification:_identify(src/rosidl_core/rosidl_core_runtime) by extension 'colcon_meta'
[0.216s] Level 1:colcon.colcon_core.package_identification:_identify(src/rosidl_core/rosidl_core_runtime) by extensions ['ament_cargo']
[0.216s] Level 1:colcon.colcon_core.package_identification:_identify(src/rosidl_core/rosidl_core_runtime) by extension 'ament_cargo'
[0.216s] Level 1:colcon.colcon_core.package_identification:_identify(src/rosidl_core/rosidl_core_runtime) by extensions ['ros']
[0.216s] Level 1:colcon.colcon_core.package_identification:_identify(src/rosidl_core/rosidl_core_runtime) by extension 'ros'
[0.217s] DEBUG:colcon.colcon_core.package_identification:Package 'src/rosidl_core/rosidl_core_runtime' with type 'ros.ament_cmake' and name 'rosidl_core_runtime'
[0.217s] Level 1:colcon.colcon_core.package_identification:_identify(src/rosidl_defaults) by extensions ['ignore', 'ignore_ament_install']
[0.217s] Level 1:colcon.colcon_core.package_identification:_identify(src/rosidl_defaults) by extension 'ignore'
[0.217s] Level 1:colcon.colcon_core.package_identification:_identify(src/rosidl_defaults) by extension 'ignore_ament_install'
[0.217s] Level 1:colcon.colcon_core.package_identification:_identify(src/rosidl_defaults) by extensions ['cargo_workspace']
[0.217s] Level 1:colcon.colcon_core.package_identification:_identify(src/rosidl_defaults) by extension 'cargo_workspace'
[0.217s] Level 1:colcon.colcon_core.package_identification:_identify(src/rosidl_defaults) by extensions ['colcon_pkg']
[0.217s] Level 1:colcon.colcon_core.package_identification:_identify(src/rosidl_defaults) by extension 'colcon_pkg'
[0.217s] Level 1:colcon.colcon_core.package_identification:_identify(src/rosidl_defaults) by extensions ['colcon_meta']
[0.217s] Level 1:colcon.colcon_core.package_identification:_identify(src/rosidl_defaults) by extension 'colcon_meta'
[0.217s] Level 1:colcon.colcon_core.package_identification:_identify(src/rosidl_defaults) by extensions ['ament_cargo']
[0.217s] Level 1:colcon.colcon_core.package_identification:_identify(src/rosidl_defaults) by extension 'ament_cargo'
[0.217s] Level 1:colcon.colcon_core.package_identification:_identify(src/rosidl_defaults) by extensions ['ros']
[0.217s] Level 1:colcon.colcon_core.package_identification:_identify(src/rosidl_defaults) by extension 'ros'
[0.217s] Level 1:colcon.colcon_core.package_identification:_identify(src/rosidl_defaults) by extensions ['cargo', 'cmake', 'python']
[0.217s] Level 1:colcon.colcon_core.package_identification:_identify(src/rosidl_defaults) by extension 'cargo'
[0.217s] Level 1:colcon.colcon_core.package_identification:_identify(src/rosidl_defaults) by extension 'cmake'
[0.217s] Level 1:colcon.colcon_core.package_identification:_identify(src/rosidl_defaults) by extension 'python'
[0.217s] Level 1:colcon.colcon_core.package_identification:_identify(src/rosidl_defaults) by extensions ['python_setup_py']
[0.217s] Level 1:colcon.colcon_core.package_identification:_identify(src/rosidl_defaults) by extension 'python_setup_py'
[0.217s] Level 1:colcon.colcon_core.package_identification:_identify(src/rosidl_defaults/rosidl_default_generators) by extensions ['ignore', 'ignore_ament_install']
[0.217s] Level 1:colcon.colcon_core.package_identification:_identify(src/rosidl_defaults/rosidl_default_generators) by extension 'ignore'
[0.218s] Level 1:colcon.colcon_core.package_identification:_identify(src/rosidl_defaults/rosidl_default_generators) by extension 'ignore_ament_install'
[0.218s] Level 1:colcon.colcon_core.package_identification:_identify(src/rosidl_defaults/rosidl_default_generators) by extensions ['cargo_workspace']
[0.218s] Level 1:colcon.colcon_core.package_identification:_identify(src/rosidl_defaults/rosidl_default_generators) by extension 'cargo_workspace'
[0.218s] Level 1:colcon.colcon_core.package_identification:_identify(src/rosidl_defaults/rosidl_default_generators) by extensions ['colcon_pkg']
[0.218s] Level 1:colcon.colcon_core.package_identification:_identify(src/rosidl_defaults/rosidl_default_generators) by extension 'colcon_pkg'
[0.218s] Level 1:colcon.colcon_core.package_identification:_identify(src/rosidl_defaults/rosidl_default_generators) by extensions ['colcon_meta']
[0.218s] Level 1:colcon.colcon_core.package_identification:_identify(src/rosidl_defaults/rosidl_default_generators) by extension 'colcon_meta'
[0.218s] Level 1:colcon.colcon_core.package_identification:_identify(src/rosidl_defaults/rosidl_default_generators) by extensions ['ament_cargo']
[0.218s] Level 1:colcon.colcon_core.package_identification:_identify(src/rosidl_defaults/rosidl_default_generators) by extension 'ament_cargo'
[0.218s] Level 1:colcon.colcon_core.package_identification:_identify(src/rosidl_defaults/rosidl_default_generators) by extensions ['ros']
[0.218s] Level 1:colcon.colcon_core.package_identification:_identify(src/rosidl_defaults/rosidl_default_generators) by extension 'ros'
[0.218s] DEBUG:colcon.colcon_core.package_identification:Package 'src/rosidl_defaults/rosidl_default_generators' with type 'ros.ament_cmake' and name 'rosidl_default_generators'
[0.218s] Level 1:colcon.colcon_core.package_identification:_identify(src/rosidl_defaults/rosidl_default_runtime) by extensions ['ignore', 'ignore_ament_install']
[0.218s] Level 1:colcon.colcon_core.package_identification:_identify(src/rosidl_defaults/rosidl_default_runtime) by extension 'ignore'
[0.219s] Level 1:colcon.colcon_core.package_identification:_identify(src/rosidl_defaults/rosidl_default_runtime) by extension 'ignore_ament_install'
[0.219s] Level 1:colcon.colcon_core.package_identification:_identify(src/rosidl_defaults/rosidl_default_runtime) by extensions ['cargo_workspace']
[0.219s] Level 1:colcon.colcon_core.package_identification:_identify(src/rosidl_defaults/rosidl_default_runtime) by extension 'cargo_workspace'
[0.219s] Level 1:colcon.colcon_core.package_identification:_identify(src/rosidl_defaults/rosidl_default_runtime) by extensions ['colcon_pkg']
[0.219s] Level 1:colcon.colcon_core.package_identification:_identify(src/rosidl_defaults/rosidl_default_runtime) by extension 'colcon_pkg'
[0.219s] Level 1:colcon.colcon_core.package_identification:_identify(src/rosidl_defaults/rosidl_default_runtime) by extensions ['colcon_meta']
[0.219s] Level 1:colcon.colcon_core.package_identification:_identify(src/rosidl_defaults/rosidl_default_runtime) by extension 'colcon_meta'
[0.219s] Level 1:colcon.colcon_core.package_identification:_identify(src/rosidl_defaults/rosidl_default_runtime) by extensions ['ament_cargo']
[0.219s] Level 1:colcon.colcon_core.package_identification:_identify(src/rosidl_defaults/rosidl_default_runtime) by extension 'ament_cargo'
[0.219s] Level 1:colcon.colcon_core.package_identification:_identify(src/rosidl_defaults/rosidl_default_runtime) by extensions ['ros']
[0.219s] Level 1:colcon.colcon_core.package_identification:_identify(src/rosidl_defaults/rosidl_default_runtime) by extension 'ros'
[0.219s] DEBUG:colcon.colcon_core.package_identification:Package 'src/rosidl_defaults/rosidl_default_runtime' with type 'ros.ament_cmake' and name 'rosidl_default_runtime'
[0.219s] Level 1:colcon.colcon_core.package_identification:_identify(src/rosidl_rust) by extensions ['ignore', 'ignore_ament_install']
[0.219s] Level 1:colcon.colcon_core.package_identification:_identify(src/rosidl_rust) by extension 'ignore'
[0.219s] Level 1:colcon.colcon_core.package_identification:_identify(src/rosidl_rust) by extension 'ignore_ament_install'
[0.219s] Level 1:colcon.colcon_core.package_identification:_identify(src/rosidl_rust) by extensions ['cargo_workspace']
[0.219s] Level 1:colcon.colcon_core.package_identification:_identify(src/rosidl_rust) by extension 'cargo_workspace'
[0.220s] Level 1:colcon.colcon_core.package_identification:_identify(src/rosidl_rust) by extensions ['colcon_pkg']
[0.220s] Level 1:colcon.colcon_core.package_identification:_identify(src/rosidl_rust) by extension 'colcon_pkg'
[0.220s] Level 1:colcon.colcon_core.package_identification:_identify(src/rosidl_rust) by extensions ['colcon_meta']
[0.220s] Level 1:colcon.colcon_core.package_identification:_identify(src/rosidl_rust) by extension 'colcon_meta'
[0.220s] Level 1:colcon.colcon_core.package_identification:_identify(src/rosidl_rust) by extensions ['ament_cargo']
[0.220s] Level 1:colcon.colcon_core.package_identification:_identify(src/rosidl_rust) by extension 'ament_cargo'
[0.220s] Level 1:colcon.colcon_core.package_identification:_identify(src/rosidl_rust) by extensions ['ros']
[0.220s] Level 1:colcon.colcon_core.package_identification:_identify(src/rosidl_rust) by extension 'ros'
[0.220s] Level 1:colcon.colcon_core.package_identification:_identify(src/rosidl_rust) by extensions ['cargo', 'cmake', 'python']
[0.220s] Level 1:colcon.colcon_core.package_identification:_identify(src/rosidl_rust) by extension 'cargo'
[0.220s] Level 1:colcon.colcon_core.package_identification:_identify(src/rosidl_rust) by extension 'cmake'
[0.220s] Level 1:colcon.colcon_core.package_identification:_identify(src/rosidl_rust) by extension 'python'
[0.220s] Level 1:colcon.colcon_core.package_identification:_identify(src/rosidl_rust) by extensions ['python_setup_py']
[0.220s] Level 1:colcon.colcon_core.package_identification:_identify(src/rosidl_rust) by extension 'python_setup_py'
[0.220s] Level 1:colcon.colcon_core.package_identification:_identify(src/rosidl_rust/rosidl_generator_rs) by extensions ['ignore', 'ignore_ament_install']
[0.220s] Level 1:colcon.colcon_core.package_identification:_identify(src/rosidl_rust/rosidl_generator_rs) by extension 'ignore'
[0.220s] Level 1:colcon.colcon_core.package_identification:_identify(src/rosidl_rust/rosidl_generator_rs) by extension 'ignore_ament_install'
[0.220s] Level 1:colcon.colcon_core.package_identification:_identify(src/rosidl_rust/rosidl_generator_rs) by extensions ['cargo_workspace']
[0.220s] Level 1:colcon.colcon_core.package_identification:_identify(src/rosidl_rust/rosidl_generator_rs) by extension 'cargo_workspace'
[0.220s] Level 1:colcon.colcon_core.package_identification:_identify(src/rosidl_rust/rosidl_generator_rs) by extensions ['colcon_pkg']
[0.220s] Level 1:colcon.colcon_core.package_identification:_identify(src/rosidl_rust/rosidl_generator_rs) by extension 'colcon_pkg'
[0.220s] Level 1:colcon.colcon_core.package_identification:_identify(src/rosidl_rust/rosidl_generator_rs) by extensions ['colcon_meta']
[0.220s] Level 1:colcon.colcon_core.package_identification:_identify(src/rosidl_rust/rosidl_generator_rs) by extension 'colcon_meta'
[0.220s] Level 1:colcon.colcon_core.package_identification:_identify(src/rosidl_rust/rosidl_generator_rs) by extensions ['ament_cargo']
[0.220s] Level 1:colcon.colcon_core.package_identification:_identify(src/rosidl_rust/rosidl_generator_rs) by extension 'ament_cargo'
[0.221s] Level 1:colcon.colcon_core.package_identification:_identify(src/rosidl_rust/rosidl_generator_rs) by extensions ['ros']
[0.221s] Level 1:colcon.colcon_core.package_identification:_identify(src/rosidl_rust/rosidl_generator_rs) by extension 'ros'
[0.223s] DEBUG:colcon.colcon_core.package_identification:Package 'src/rosidl_rust/rosidl_generator_rs' with type 'ros.ament_cmake' and name 'rosidl_generator_rs'
[0.223s] Level 1:colcon.colcon_core.package_identification:_identify(src/rust_pubsub) by extensions ['ignore', 'ignore_ament_install']
[0.224s] Level 1:colcon.colcon_core.package_identification:_identify(src/rust_pubsub) by extension 'ignore'
[0.224s] Level 1:colcon.colcon_core.package_identification:_identify(src/rust_pubsub) by extension 'ignore_ament_install'
[0.224s] Level 1:colcon.colcon_core.package_identification:_identify(src/rust_pubsub) by extensions ['cargo_workspace']
[0.224s] Level 1:colcon.colcon_core.package_identification:_identify(src/rust_pubsub) by extension 'cargo_workspace'
[0.224s] Level 1:colcon.colcon_core.package_identification:_identify(src/rust_pubsub) by extensions ['colcon_pkg']
[0.224s] Level 1:colcon.colcon_core.package_identification:_identify(src/rust_pubsub) by extension 'colcon_pkg'
[0.224s] Level 1:colcon.colcon_core.package_identification:_identify(src/rust_pubsub) by extensions ['colcon_meta']
[0.224s] Level 1:colcon.colcon_core.package_identification:_identify(src/rust_pubsub) by extension 'colcon_meta'
[0.224s] Level 1:colcon.colcon_core.package_identification:_identify(src/rust_pubsub) by extensions ['ament_cargo']
[0.224s] Level 1:colcon.colcon_core.package_identification:_identify(src/rust_pubsub) by extension 'ament_cargo'
[0.241s] ERROR:colcon.colcon_ros_cargo.package_identification.ament_cargo:

ament_cargo package found but cargo ament-build was not detected.

Please install it by running:
 $ cargo install cargo-ament-build

[0.241s] Level 1:colcon.colcon_core.package_identification:_identify(src/rust_pubsub) by extensions ['ros']
[0.241s] Level 1:colcon.colcon_core.package_identification:_identify(src/rust_pubsub) by extension 'ros'
[0.242s] DEBUG:colcon.colcon_core.package_identification:Package 'src/rust_pubsub' with type 'ros.ament_cargo' and name 'rust_pubsub'
[0.242s] Level 1:colcon.colcon_core.package_identification:_identify(src/unique_identifier_msgs) by extensions ['ignore', 'ignore_ament_install']
[0.242s] Level 1:colcon.colcon_core.package_identification:_identify(src/unique_identifier_msgs) by extension 'ignore'
[0.242s] Level 1:colcon.colcon_core.package_identification:_identify(src/unique_identifier_msgs) by extension 'ignore_ament_install'
[0.242s] Level 1:colcon.colcon_core.package_identification:_identify(src/unique_identifier_msgs) by extensions ['cargo_workspace']
[0.242s] Level 1:colcon.colcon_core.package_identification:_identify(src/unique_identifier_msgs) by extension 'cargo_workspace'
[0.242s] Level 1:colcon.colcon_core.package_identification:_identify(src/unique_identifier_msgs) by extensions ['colcon_pkg']
[0.242s] Level 1:colcon.colcon_core.package_identification:_identify(src/unique_identifier_msgs) by extension 'colcon_pkg'
[0.242s] Level 1:colcon.colcon_core.package_identification:_identify(src/unique_identifier_msgs) by extensions ['colcon_meta']
[0.242s] Level 1:colcon.colcon_core.package_identification:_identify(src/unique_identifier_msgs) by extension 'colcon_meta'
[0.242s] Level 1:colcon.colcon_core.package_identification:_identify(src/unique_identifier_msgs) by extensions ['ament_cargo']
[0.242s] Level 1:colcon.colcon_core.package_identification:_identify(src/unique_identifier_msgs) by extension 'ament_cargo'
[0.243s] Level 1:colcon.colcon_core.package_identification:_identify(src/unique_identifier_msgs) by extensions ['ros']
[0.243s] Level 1:colcon.colcon_core.package_identification:_identify(src/unique_identifier_msgs) by extension 'ros'
[0.243s] DEBUG:colcon.colcon_core.package_identification:Package 'src/unique_identifier_msgs' with type 'ros.ament_cmake' and name 'unique_identifier_msgs'
[0.243s] Level 1:colcon.colcon_core.package_discovery:discover_packages(recursive) using defaults
[0.243s] Level 1:colcon.colcon_core.package_discovery:discover_packages(ignore) discover
[0.243s] Level 1:colcon.colcon_core.package_discovery:discover_packages(ignore) using defaults
[0.243s] Level 1:colcon.colcon_core.package_discovery:discover_packages(path) discover
[0.243s] Level 1:colcon.colcon_core.package_discovery:discover_packages(path) using defaults
[0.243s] Level 1:colcon.colcon_core.package_discovery:discover_packages(cargo_workspace) discover
[0.243s] Level 1:colcon.colcon_core.package_discovery:discover_packages(cargo_workspace) using defaults
[0.267s] INFO:colcon.colcon_core.package_selection:Skipping not selected package 'rosidl_generator_rs' in 'src/rosidl_rust/rosidl_generator_rs'
[0.267s] INFO:colcon.colcon_core.package_selection:Skipping not selected package 'rosidl_core_generators' in 'src/rosidl_core/rosidl_core_generators'
[0.267s] INFO:colcon.colcon_core.package_selection:Skipping not selected package 'rosidl_core_runtime' in 'src/rosidl_core/rosidl_core_runtime'
[0.267s] INFO:colcon.colcon_core.package_selection:Skipping not selected package 'builtin_interfaces' in 'src/rcl_interfaces/builtin_interfaces'
[0.267s] INFO:colcon.colcon_core.package_selection:Skipping not selected package 'unique_identifier_msgs' in 'src/unique_identifier_msgs'
[0.267s] INFO:colcon.colcon_core.package_selection:Skipping not selected package 'service_msgs' in 'src/rcl_interfaces/service_msgs'
[0.267s] INFO:colcon.colcon_core.package_selection:Skipping not selected package 'action_msgs' in 'src/rcl_interfaces/action_msgs'
[0.267s] INFO:colcon.colcon_core.package_selection:Skipping not selected package 'type_description_interfaces' in 'src/rcl_interfaces/type_description_interfaces'
[0.267s] INFO:colcon.colcon_core.package_selection:Skipping not selected package 'rosidl_default_generators' in 'src/rosidl_defaults/rosidl_default_generators'
[0.267s] INFO:colcon.colcon_core.package_selection:Skipping not selected package 'rosidl_default_runtime' in 'src/rosidl_defaults/rosidl_default_runtime'
[0.267s] INFO:colcon.colcon_core.package_selection:Skipping not selected package 'lifecycle_msgs' in 'src/rcl_interfaces/lifecycle_msgs'
[0.267s] INFO:colcon.colcon_core.package_selection:Skipping not selected package 'rcl_interfaces' in 'src/rcl_interfaces/rcl_interfaces'
[0.267s] INFO:colcon.colcon_core.package_selection:Skipping not selected package 'statistics_msgs' in 'src/rcl_interfaces/statistics_msgs'
[0.267s] INFO:colcon.colcon_core.package_selection:Skipping not selected package 'std_msgs' in 'src/common_interfaces/std_msgs'
[0.267s] INFO:colcon.colcon_core.package_selection:Skipping not selected package 'std_srvs' in 'src/common_interfaces/std_srvs'
[0.268s] INFO:colcon.colcon_core.package_selection:Skipping not selected package 'test_msgs' in 'src/rcl_interfaces/test_msgs'
[0.268s] INFO:colcon.colcon_core.package_selection:Skipping not selected package 'actionlib_msgs' in 'src/common_interfaces/actionlib_msgs'
[0.268s] INFO:colcon.colcon_core.package_selection:Skipping not selected package 'composition_interfaces' in 'src/rcl_interfaces/composition_interfaces'
[0.268s] INFO:colcon.colcon_core.package_selection:Skipping not selected package 'geometry_msgs' in 'src/common_interfaces/geometry_msgs'
[0.268s] INFO:colcon.colcon_core.package_selection:Skipping not selected package 'rosgraph_msgs' in 'src/rcl_interfaces/rosgraph_msgs'
[0.268s] INFO:colcon.colcon_core.package_selection:Skipping not selected package 'diagnostic_msgs' in 'src/common_interfaces/diagnostic_msgs'
[0.268s] INFO:colcon.colcon_core.package_selection:Skipping not selected package 'nav_msgs' in 'src/common_interfaces/nav_msgs'
[0.268s] INFO:colcon.colcon_core.package_selection:Skipping not selected package 'sensor_msgs' in 'src/common_interfaces/sensor_msgs'
[0.268s] INFO:colcon.colcon_core.package_selection:Skipping not selected package 'shape_msgs' in 'src/common_interfaces/shape_msgs'
[0.268s] INFO:colcon.colcon_core.package_selection:Skipping not selected package 'trajectory_msgs' in 'src/common_interfaces/trajectory_msgs'
[0.268s] INFO:colcon.colcon_core.package_selection:Skipping not selected package 'sensor_msgs_py' in 'src/common_interfaces/sensor_msgs_py'
[0.268s] INFO:colcon.colcon_core.package_selection:Skipping not selected package 'stereo_msgs' in 'src/common_interfaces/stereo_msgs'
[0.268s] INFO:colcon.colcon_core.package_selection:Skipping not selected package 'visualization_msgs' in 'src/common_interfaces/visualization_msgs'
[0.268s] INFO:colcon.colcon_core.package_selection:Skipping not selected package 'common_interfaces' in 'src/common_interfaces/common_interfaces'
[0.268s] Level 1:colcon.colcon_core.package_discovery:discover_packages(prefix_path) check parameters
[0.268s] Level 1:colcon.colcon_core.package_discovery:discover_packages(prefix_path) discover
[0.271s] DEBUG:colcon.colcon_installed_package_information.package_discovery:Found 287 installed packages in /opt/ros/jazzy
[0.272s] Level 1:colcon.colcon_core.package_discovery:discover_packages(prefix_path) using defaults
[0.312s] WARNING:colcon.colcon_core.verb:No task extension to 'build' a 'ros.ament_cargo' package
[0.312s] INFO:colcon.colcon_core.executor:Executing jobs using 'parallel' executor
[0.312s] DEBUG:colcon.colcon_parallel_executor.executor.parallel:run_until_complete
[0.312s] DEBUG:colcon.colcon_parallel_executor.executor.parallel:closing loop
[0.313s] DEBUG:colcon.colcon_parallel_executor.executor.parallel:loop closed
[0.313s] DEBUG:colcon.colcon_parallel_executor.executor.parallel:run_until_complete finished with '0'
[0.313s] DEBUG:colcon.colcon_core.event_reactor:joining thread
[0.318s] INFO:colcon.colcon_core.plugin_system:Skipping extension 'colcon_notification.desktop_notification.terminal_notifier': Not used on non-Darwin systems
[0.318s] INFO:colcon.colcon_core.plugin_system:Skipping extension 'colcon_notification.desktop_notification.win32': Not used on non-Windows systems
[0.318s] INFO:colcon.colcon_notification.desktop_notification:Sending desktop notification using 'notify2'
[0.330s] DEBUG:colcon.colcon_core.event_reactor:joined thread
[0.332s] INFO:colcon.colcon_core.plugin_system:Skipping extension 'colcon_core.shell.bat': Not used on non-Windows systems
[0.332s] INFO:colcon.colcon_core.shell:Creating prefix script '/home/rsanz/git/learning/ROS2/RustROS2/install/local_setup.ps1'
[0.333s] INFO:colcon.colcon_core.shell:Creating prefix util module '/home/rsanz/git/learning/ROS2/RustROS2/install/_local_setup_util_ps1.py'
[0.334s] INFO:colcon.colcon_core.shell:Creating prefix chain script '/home/rsanz/git/learning/ROS2/RustROS2/install/setup.ps1'
[0.335s] INFO:colcon.colcon_core.shell:Creating prefix script '/home/rsanz/git/learning/ROS2/RustROS2/install/local_setup.sh'
[0.335s] INFO:colcon.colcon_core.shell:Creating prefix util module '/home/rsanz/git/learning/ROS2/RustROS2/install/_local_setup_util_sh.py'
[0.335s] INFO:colcon.colcon_core.shell:Creating prefix chain script '/home/rsanz/git/learning/ROS2/RustROS2/install/setup.sh'
[0.336s] INFO:colcon.colcon_core.shell:Creating prefix script '/home/rsanz/git/learning/ROS2/RustROS2/install/local_setup.bash'
[0.336s] INFO:colcon.colcon_core.shell:Creating prefix chain script '/home/rsanz/git/learning/ROS2/RustROS2/install/setup.bash'
[0.337s] INFO:colcon.colcon_core.shell:Creating prefix script '/home/rsanz/git/learning/ROS2/RustROS2/install/local_setup.zsh'
[0.338s] INFO:colcon.colcon_core.shell:Creating prefix chain script '/home/rsanz/git/learning/ROS2/RustROS2/install/setup.zsh'
