[0.024s] Invoking command in 'src/rust_pubsub': AMENT_PREFIX_PATH=/home/rsanz/git/learning/ROS2/RustROS2/install/std_msgs:/home/rsanz/git/learning/ROS2/RustROS2/install/rosidl_default_runtime:/home/rsanz/git/learning/ROS2/RustROS2/install/rosidl_default_generators:/home/rsanz/git/learning/ROS2/RustROS2/install/action_msgs:/home/rsanz/git/learning/ROS2/RustROS2/install/service_msgs:/home/rsanz/git/learning/ROS2/RustROS2/install/unique_identifier_msgs:/home/rsanz/git/learning/ROS2/RustROS2/install/builtin_interfaces:/home/rsanz/git/learning/ROS2/RustROS2/install/rosidl_core_runtime:/home/rsanz/git/learning/ROS2/RustROS2/install/rosidl_core_generators:/home/rsanz/git/learning/ROS2/RustROS2/install/rosidl_generator_rs:${AMENT_PREFIX_PATH} CMAKE_PREFIX_PATH=/home/rsanz/git/learning/ROS2/RustROS2/install/std_msgs:/home/rsanz/git/learning/ROS2/RustROS2/install/rosidl_default_runtime:/home/rsanz/git/learning/ROS2/RustROS2/install/rosidl_default_generators:/home/rsanz/git/learning/ROS2/RustROS2/install/action_msgs:/home/rsanz/git/learning/ROS2/RustROS2/install/service_msgs:/home/rsanz/git/learning/ROS2/RustROS2/install/unique_identifier_msgs:/home/rsanz/git/learning/ROS2/RustROS2/install/builtin_interfaces:/home/rsanz/git/learning/ROS2/RustROS2/install/rosidl_core_runtime:/home/rsanz/git/learning/ROS2/RustROS2/install/rosidl_core_generators:/home/rsanz/git/learning/ROS2/RustROS2/install/rosidl_generator_rs:${CMAKE_PREFIX_PATH} DEBUGINFOD_URLS=https://debuginfod.ubuntu.com LD_LIBRARY_PATH=/home/rsanz/git/learning/ROS2/RustROS2/install/std_msgs/lib:/home/rsanz/git/learning/ROS2/RustROS2/install/action_msgs/lib:/home/rsanz/git/learning/ROS2/RustROS2/install/service_msgs/lib:/home/rsanz/git/learning/ROS2/RustROS2/install/unique_identifier_msgs/lib:/home/rsanz/git/learning/ROS2/RustROS2/install/builtin_interfaces/lib:${LD_LIBRARY_PATH} PYTHONPATH=/home/rsanz/git/learning/ROS2/RustROS2/install/std_msgs/lib/python3.12/site-packages:/home/rsanz/git/learning/ROS2/RustROS2/install/action_msgs/lib/python3.12/site-packages:/home/rsanz/git/learning/ROS2/RustROS2/install/service_msgs/lib/python3.12/site-packages:/home/rsanz/git/learning/ROS2/RustROS2/install/unique_identifier_msgs/lib/python3.12/site-packages:/home/rsanz/git/learning/ROS2/RustROS2/install/builtin_interfaces/lib/python3.12/site-packages:/home/rsanz/git/learning/ROS2/RustROS2/install/rosidl_generator_rs/lib/python3.12/site-packages:${PYTHONPATH} /home/rsanz/.cargo/bin/cargo metadata --no-deps --format-version 1
[0.037s] {"packages":[{"name":"rust_pubsub","version":"0.1.0","id":"path+file:///home/rsanz/git/learning/ROS2/RustROS2/src/rust_pubsub#0.1.0","license":null,"license_file":null,"description":null,"source":null,"dependencies":[{"name":"anyhow","source":"registry+https://github.com/rust-lang/crates.io-index","req":"^1.0","kind":null,"rename":null,"optional":false,"uses_default_features":true,"features":[],"target":null,"registry":null},{"name":"rclrs","source":"registry+https://github.com/rust-lang/crates.io-index","req":"*","kind":null,"rename":null,"optional":false,"uses_default_features":true,"features":[],"target":null,"registry":null},{"name":"std_msgs","source":"registry+https://github.com/rust-lang/crates.io-index","req":"*","kind":null,"rename":null,"optional":false,"uses_default_features":true,"features":[],"target":null,"registry":null}],"targets":[{"kind":["bin"],"crate_types":["bin"],"name":"listener","src_path":"/home/rsanz/git/learning/ROS2/RustROS2/src/rust_pubsub/src/listener.rs","edition":"2021","doc":true,"doctest":false,"test":true},{"kind":["bin"],"crate_types":["bin"],"name":"rust_pubsub","src_path":"/home/rsanz/git/learning/ROS2/RustROS2/src/rust_pubsub/src/main.rs","edition":"2021","doc":true,"doctest":false,"test":true},{"kind":["bin"],"crate_types":["bin"],"name":"talker","src_path":"/home/rsanz/git/learning/ROS2/RustROS2/src/rust_pubsub/src/talker.rs","edition":"2021","doc":true,"doctest":false,"test":true}],"features":{},"manifest_path":"/home/rsanz/git/learning/ROS2/RustROS2/src/rust_pubsub/Cargo.toml","metadata":null,"publish":null,"authors":[],"categories":[],"keywords":[],"readme":null,"repository":null,"homepage":null,"documentation":null,"edition":"2021","links":null,"default_run":null,"rust_version":null}],"workspace_members":["path+file:///home/rsanz/git/learning/ROS2/RustROS2/src/rust_pubsub#0.1.0"],"workspace_default_members":["path+file:///home/rsanz/git/learning/ROS2/RustROS2/src/rust_pubsub#0.1.0"],"resolve":null,"target_directory":"/home/rsanz/git/learning/ROS2/RustROS2/src/rust_pubsub/target","build_directory":"/home/rsanz/git/learning/ROS2/RustROS2/src/rust_pubsub/target","version":1,"workspace_root":"/home/rsanz/git/learning/ROS2/RustROS2/src/rust_pubsub","metadata":null}
[0.037s] Invoked command in 'src/rust_pubsub' returned '0': AMENT_PREFIX_PATH=/home/rsanz/git/learning/ROS2/RustROS2/install/std_msgs:/home/rsanz/git/learning/ROS2/RustROS2/install/rosidl_default_runtime:/home/rsanz/git/learning/ROS2/RustROS2/install/rosidl_default_generators:/home/rsanz/git/learning/ROS2/RustROS2/install/action_msgs:/home/rsanz/git/learning/ROS2/RustROS2/install/service_msgs:/home/rsanz/git/learning/ROS2/RustROS2/install/unique_identifier_msgs:/home/rsanz/git/learning/ROS2/RustROS2/install/builtin_interfaces:/home/rsanz/git/learning/ROS2/RustROS2/install/rosidl_core_runtime:/home/rsanz/git/learning/ROS2/RustROS2/install/rosidl_core_generators:/home/rsanz/git/learning/ROS2/RustROS2/install/rosidl_generator_rs:${AMENT_PREFIX_PATH} CMAKE_PREFIX_PATH=/home/rsanz/git/learning/ROS2/RustROS2/install/std_msgs:/home/rsanz/git/learning/ROS2/RustROS2/install/rosidl_default_runtime:/home/rsanz/git/learning/ROS2/RustROS2/install/rosidl_default_generators:/home/rsanz/git/learning/ROS2/RustROS2/install/action_msgs:/home/rsanz/git/learning/ROS2/RustROS2/install/service_msgs:/home/rsanz/git/learning/ROS2/RustROS2/install/unique_identifier_msgs:/home/rsanz/git/learning/ROS2/RustROS2/install/builtin_interfaces:/home/rsanz/git/learning/ROS2/RustROS2/install/rosidl_core_runtime:/home/rsanz/git/learning/ROS2/RustROS2/install/rosidl_core_generators:/home/rsanz/git/learning/ROS2/RustROS2/install/rosidl_generator_rs:${CMAKE_PREFIX_PATH} DEBUGINFOD_URLS=https://debuginfod.ubuntu.com LD_LIBRARY_PATH=/home/rsanz/git/learning/ROS2/RustROS2/install/std_msgs/lib:/home/rsanz/git/learning/ROS2/RustROS2/install/action_msgs/lib:/home/rsanz/git/learning/ROS2/RustROS2/install/service_msgs/lib:/home/rsanz/git/learning/ROS2/RustROS2/install/unique_identifier_msgs/lib:/home/rsanz/git/learning/ROS2/RustROS2/install/builtin_interfaces/lib:${LD_LIBRARY_PATH} PYTHONPATH=/home/rsanz/git/learning/ROS2/RustROS2/install/std_msgs/lib/python3.12/site-packages:/home/rsanz/git/learning/ROS2/RustROS2/install/action_msgs/lib/python3.12/site-packages:/home/rsanz/git/learning/ROS2/RustROS2/install/service_msgs/lib/python3.12/site-packages:/home/rsanz/git/learning/ROS2/RustROS2/install/unique_identifier_msgs/lib/python3.12/site-packages:/home/rsanz/git/learning/ROS2/RustROS2/install/builtin_interfaces/lib/python3.12/site-packages:/home/rsanz/git/learning/ROS2/RustROS2/install/rosidl_generator_rs/lib/python3.12/site-packages:${PYTHONPATH} /home/rsanz/.cargo/bin/cargo metadata --no-deps --format-version 1
[0.038s] Invoking command in 'src/rust_pubsub': AMENT_PREFIX_PATH=/home/rsanz/git/learning/ROS2/RustROS2/install/std_msgs:/home/rsanz/git/learning/ROS2/RustROS2/install/rosidl_default_runtime:/home/rsanz/git/learning/ROS2/RustROS2/install/rosidl_default_generators:/home/rsanz/git/learning/ROS2/RustROS2/install/action_msgs:/home/rsanz/git/learning/ROS2/RustROS2/install/service_msgs:/home/rsanz/git/learning/ROS2/RustROS2/install/unique_identifier_msgs:/home/rsanz/git/learning/ROS2/RustROS2/install/builtin_interfaces:/home/rsanz/git/learning/ROS2/RustROS2/install/rosidl_core_runtime:/home/rsanz/git/learning/ROS2/RustROS2/install/rosidl_core_generators:/home/rsanz/git/learning/ROS2/RustROS2/install/rosidl_generator_rs:${AMENT_PREFIX_PATH} CMAKE_PREFIX_PATH=/home/rsanz/git/learning/ROS2/RustROS2/install/std_msgs:/home/rsanz/git/learning/ROS2/RustROS2/install/rosidl_default_runtime:/home/rsanz/git/learning/ROS2/RustROS2/install/rosidl_default_generators:/home/rsanz/git/learning/ROS2/RustROS2/install/action_msgs:/home/rsanz/git/learning/ROS2/RustROS2/install/service_msgs:/home/rsanz/git/learning/ROS2/RustROS2/install/unique_identifier_msgs:/home/rsanz/git/learning/ROS2/RustROS2/install/builtin_interfaces:/home/rsanz/git/learning/ROS2/RustROS2/install/rosidl_core_runtime:/home/rsanz/git/learning/ROS2/RustROS2/install/rosidl_core_generators:/home/rsanz/git/learning/ROS2/RustROS2/install/rosidl_generator_rs:${CMAKE_PREFIX_PATH} DEBUGINFOD_URLS=https://debuginfod.ubuntu.com LD_LIBRARY_PATH=/home/rsanz/git/learning/ROS2/RustROS2/install/std_msgs/lib:/home/rsanz/git/learning/ROS2/RustROS2/install/action_msgs/lib:/home/rsanz/git/learning/ROS2/RustROS2/install/service_msgs/lib:/home/rsanz/git/learning/ROS2/RustROS2/install/unique_identifier_msgs/lib:/home/rsanz/git/learning/ROS2/RustROS2/install/builtin_interfaces/lib:${LD_LIBRARY_PATH} PYTHONPATH=/home/rsanz/git/learning/ROS2/RustROS2/install/std_msgs/lib/python3.12/site-packages:/home/rsanz/git/learning/ROS2/RustROS2/install/action_msgs/lib/python3.12/site-packages:/home/rsanz/git/learning/ROS2/RustROS2/install/service_msgs/lib/python3.12/site-packages:/home/rsanz/git/learning/ROS2/RustROS2/install/unique_identifier_msgs/lib/python3.12/site-packages:/home/rsanz/git/learning/ROS2/RustROS2/install/builtin_interfaces/lib/python3.12/site-packages:/home/rsanz/git/learning/ROS2/RustROS2/install/rosidl_generator_rs/lib/python3.12/site-packages:${PYTHONPATH} /home/rsanz/.cargo/bin/cargo ament-build --install-base /home/rsanz/git/learning/ROS2/RustROS2/install/rust_pubsub -- --manifest-path /home/rsanz/git/learning/ROS2/RustROS2/src/rust_pubsub/Cargo.toml --target-dir /home/rsanz/git/learning/ROS2/RustROS2/build/rust_pubsub --quiet
[0.150s] [1m[91merror[E0432][0m[1m: unresolved import `rclrs::ErrorList`[0m
[0.150s]  [1m[94m--> [0msrc/listener.rs:2:22
[0.150s]   [1m[94m|[0m
[0.151s] [1m[94m2[0m [1m[94m|[0m use rclrs::{Context, ErrorList, SpinOptions};
[0.151s]   [1m[94m|[0m                      [1m[91m^^^^^^^^^[0m [1m[91mno `ErrorList` in the root[0m
[0.151s] 
[0.158s] [1m[91merror[E0599][0m[1m: no method named `create_basic_executor` found for struct `rclrs::Context` in the current scope[0m
[0.158s]    [1m[94m--> [0msrc/talker.rs:9:28
[0.158s]     [1m[94m|[0m
[0.159s] [1m[94m  9[0m [1m[94m|[0m     let executor = context.create_basic_executor();
[0.159s]     [1m[94m|[0m                            [1m[91m^^^^^^^^^^^^^^^^^^^^^[0m
[0.159s]     [1m[94m|[0m
[0.159s]    [1m[94m::: [0m/home/rsanz/.cargo/registry/src/index.crates.io-1949cf8c6b5b557f/rclrs-0.7.0/src/executor.rs:481:8
[0.159s]     [1m[94m|[0m
[0.159s] [1m[94m481[0m [1m[94m|[0m     fn create_basic_executor(&self) -> Executor;
[0.159s]     [1m[94m|[0m        [1m[94m---------------------[0m [1m[94mthe method is available for `rclrs::Context` here[0m
[0.159s]     [1m[94m|[0m
[0.159s]     [1m[94m= [0m[1mhelp[0m: items from traits can only be used if the trait is in scope
[0.159s] [1m[96mhelp[0m: there is a method `create_executor` with a similar name, but with different arguments
[0.159s]    [1m[94m--> [0m/home/rsanz/.cargo/registry/src/index.crates.io-1949cf8c6b5b557f/rclrs-0.7.0/src/context.rs:203:5
[0.159s]     [1m[94m|[0m
[0.159s] [1m[94m203[0m [1m[94m|[0m [1m[96m/[0m     pub fn create_executor<E>(&self, runtime: E) -> Executor
[0.159s] [1m[94m204[0m [1m[94m|[0m [1m[96m|[0m     where
[0.159s] [1m[94m205[0m [1m[94m|[0m [1m[96m|[0m         E: 'static + ExecutorRuntime + Send,
[0.159s]     [1m[94m|[0m [1m[96m|____________________________________________^[0m
[0.159s] [1m[96mhelp[0m: trait `CreateBasicExecutor` which provides `create_basic_executor` is implemented but not in scope; perhaps you want to import it
[0.160s]     [1m[94m|[0m
[0.160s] [1m[94m  1[0m [92m+ use rclrs::CreateBasicExecutor;[0m
[0.160s]     [1m[94m|[0m
[0.160s] 
[0.163s] [1mFor more information about this error, try `rustc --explain E0599`.[0m
[0.164s] [1m[91merror[E0599][0m[1m: no method named `create_basic_executor` found for struct `rclrs::Context` in the current scope[0m
[0.164s]    [1m[94m--> [0msrc/listener.rs:8:32
[0.164s]     [1m[94m|[0m
[0.164s] [1m[94m  8[0m [1m[94m|[0m     let mut executor = context.create_basic_executor();
[0.164s]     [1m[94m|[0m                                [1m[91m^^^^^^^^^^^^^^^^^^^^^[0m
[0.164s]     [1m[94m|[0m
[0.164s]    [1m[94m::: [0m/home/rsanz/.cargo/registry/src/index.crates.io-1949cf8c6b5b557f/rclrs-0.7.0/src/executor.rs:481:8
[0.165s]     [1m[94m|[0m
[0.165s] [1m[94m481[0m [1m[94m|[0m     fn create_basic_executor(&self) -> Executor;
[0.165s]     [1m[94m|[0m        [1m[94m---------------------[0m [1m[94mthe method is available for `rclrs::Context` here[0m
[0.165s]     [1m[94m|[0m
[0.165s]     [1m[94m= [0m[1mhelp[0m: items from traits can only be used if the trait is in scope
[0.165s] [1m[96mhelp[0m: there is a method `create_executor` with a similar name, but with different arguments
[0.165s]    [1m[94m--> [0m/home/rsanz/.cargo/registry/src/index.crates.io-1949cf8c6b5b557f/rclrs-0.7.0/src/context.rs:203:5
[0.165s]     [1m[94m|[0m
[0.165s] [1m[94m203[0m [1m[94m|[0m [1m[96m/[0m     pub fn create_executor<E>(&self, runtime: E) -> Executor
[0.165s] [1m[94m204[0m [1m[94m|[0m [1m[96m|[0m     where
[0.165s] [1m[94m205[0m [1m[94m|[0m [1m[96m|[0m         E: 'static + ExecutorRuntime + Send,
[0.165s]     [1m[94m|[0m [1m[96m|____________________________________________^[0m
[0.165s] [1m[96mhelp[0m: trait `CreateBasicExecutor` which provides `create_basic_executor` is implemented but not in scope; perhaps you want to import it
[0.165s]     [1m[94m|[0m
[0.165s] [1m[94m  1[0m [92m+ use rclrs::CreateBasicExecutor;[0m
[0.166s]     [1m[94m|[0m
[0.166s] 
[0.166s] [1m[91merror[0m: could not compile `rust_pubsub` (bin "talker") due to 1 previous error
[0.167s] [1mSome errors have detailed explanations: E0432, E0599.[0m
[0.167s] [1mFor more information about an error, try `rustc --explain E0432`.[0m
[0.170s] [1m[91merror[0m: could not compile `rust_pubsub` (bin "listener") due to 2 previous errors
[0.179s] Invoked command in 'src/rust_pubsub' returned '1': AMENT_PREFIX_PATH=/home/rsanz/git/learning/ROS2/RustROS2/install/std_msgs:/home/rsanz/git/learning/ROS2/RustROS2/install/rosidl_default_runtime:/home/rsanz/git/learning/ROS2/RustROS2/install/rosidl_default_generators:/home/rsanz/git/learning/ROS2/RustROS2/install/action_msgs:/home/rsanz/git/learning/ROS2/RustROS2/install/service_msgs:/home/rsanz/git/learning/ROS2/RustROS2/install/unique_identifier_msgs:/home/rsanz/git/learning/ROS2/RustROS2/install/builtin_interfaces:/home/rsanz/git/learning/ROS2/RustROS2/install/rosidl_core_runtime:/home/rsanz/git/learning/ROS2/RustROS2/install/rosidl_core_generators:/home/rsanz/git/learning/ROS2/RustROS2/install/rosidl_generator_rs:${AMENT_PREFIX_PATH} CMAKE_PREFIX_PATH=/home/rsanz/git/learning/ROS2/RustROS2/install/std_msgs:/home/rsanz/git/learning/ROS2/RustROS2/install/rosidl_default_runtime:/home/rsanz/git/learning/ROS2/RustROS2/install/rosidl_default_generators:/home/rsanz/git/learning/ROS2/RustROS2/install/action_msgs:/home/rsanz/git/learning/ROS2/RustROS2/install/service_msgs:/home/rsanz/git/learning/ROS2/RustROS2/install/unique_identifier_msgs:/home/rsanz/git/learning/ROS2/RustROS2/install/builtin_interfaces:/home/rsanz/git/learning/ROS2/RustROS2/install/rosidl_core_runtime:/home/rsanz/git/learning/ROS2/RustROS2/install/rosidl_core_generators:/home/rsanz/git/learning/ROS2/RustROS2/install/rosidl_generator_rs:${CMAKE_PREFIX_PATH} DEBUGINFOD_URLS=https://debuginfod.ubuntu.com LD_LIBRARY_PATH=/home/rsanz/git/learning/ROS2/RustROS2/install/std_msgs/lib:/home/rsanz/git/learning/ROS2/RustROS2/install/action_msgs/lib:/home/rsanz/git/learning/ROS2/RustROS2/install/service_msgs/lib:/home/rsanz/git/learning/ROS2/RustROS2/install/unique_identifier_msgs/lib:/home/rsanz/git/learning/ROS2/RustROS2/install/builtin_interfaces/lib:${LD_LIBRARY_PATH} PYTHONPATH=/home/rsanz/git/learning/ROS2/RustROS2/install/std_msgs/lib/python3.12/site-packages:/home/rsanz/git/learning/ROS2/RustROS2/install/action_msgs/lib/python3.12/site-packages:/home/rsanz/git/learning/ROS2/RustROS2/install/service_msgs/lib/python3.12/site-packages:/home/rsanz/git/learning/ROS2/RustROS2/install/unique_identifier_msgs/lib/python3.12/site-packages:/home/rsanz/git/learning/ROS2/RustROS2/install/builtin_interfaces/lib/python3.12/site-packages:/home/rsanz/git/learning/ROS2/RustROS2/install/rosidl_generator_rs/lib/python3.12/site-packages:${PYTHONPATH} /home/rsanz/.cargo/bin/cargo ament-build --install-base /home/rsanz/git/learning/ROS2/RustROS2/install/rust_pubsub -- --manifest-path /home/rsanz/git/learning/ROS2/RustROS2/src/rust_pubsub/Cargo.toml --target-dir /home/rsanz/git/learning/ROS2/RustROS2/build/rust_pubsub --quiet
