[0.007s] Invoking command in '/home/rsanz/git/learning/ros2/tutorials/RustROS2/src/build/builtin_interfaces': AMENT_PREFIX_PATH=/home/rsanz/git/learning/ros2/tutorials/RustROS2/src/install/rosidl_core_runtime:/home/rsanz/git/learning/ros2/tutorials/RustROS2/src/install/rosidl_core_generators:/home/rsanz/git/learning/ros2/tutorials/RustROS2/src/install/rosidl_generator_rs:${AMENT_PREFIX_PATH} CMAKE_PREFIX_PATH=/home/rsanz/git/learning/ros2/tutorials/RustROS2/src/install/rosidl_core_runtime:/home/rsanz/git/learning/ros2/tutorials/RustROS2/src/install/rosidl_core_generators:/home/rsanz/git/learning/ros2/tutorials/RustROS2/src/install/rosidl_generator_rs:/opt/ros/jazzy/opt/gz_math_vendor:/opt/ros/jazzy/opt/gz_utils_vendor:/opt/ros/jazzy/opt/gz_cmake_vendor:/opt/ros/jazzy DEBUGINFOD_URLS=https://debuginfod.ubuntu.com PYTHONPATH=/home/rsanz/git/learning/ros2/tutorials/RustROS2/src/install/rosidl_generator_rs/lib/python3.12/site-packages:${PYTHONPATH} /usr/bin/cmake /home/rsanz/git/learning/ros2/tutorials/RustROS2/src/rcl_interfaces/builtin_interfaces -DCMAKE_INSTALL_PREFIX=/home/rsanz/git/learning/ros2/tutorials/RustROS2/src/install/builtin_interfaces
[0.050s] -- The C compiler identification is GNU 13.3.0
[0.097s] -- The CXX compiler identification is GNU 13.3.0
[0.110s] -- Detecting C compiler ABI info
[0.179s] -- Detecting C compiler ABI info - done
[0.186s] -- Check for working C compiler: /usr/bin/cc - skipped
[0.186s] -- Detecting C compile features
[0.186s] -- Detecting C compile features - done
[0.194s] -- Detecting CXX compiler ABI info
[0.271s] -- Detecting CXX compiler ABI info - done
[0.278s] -- Check for working CXX compiler: /usr/bin/c++ - skipped
[0.278s] -- Detecting CXX compile features
[0.278s] -- Detecting CXX compile features - done
[0.280s] -- Found ament_cmake: 2.5.6 (/opt/ros/jazzy/share/ament_cmake/cmake)
[0.396s] -- Found Python3: /usr/bin/python3 (found version "3.12.3") found components: Interpreter 
[0.477s] -- Found rosidl_core_generators: 0.2.1 (/home/rsanz/git/learning/ros2/tutorials/RustROS2/src/install/rosidl_core_generators/share/rosidl_core_generators/cmake)
[0.480s] -- Using all available rosidl_typesupport_c: rosidl_typesupport_fastrtps_c;rosidl_typesupport_introspection_c
[0.524s] -- Using all available rosidl_typesupport_cpp: rosidl_typesupport_fastrtps_cpp;rosidl_typesupport_introspection_cpp
[0.560s] -- Found rosidl_adapter: 4.6.7 (/opt/ros/jazzy/share/rosidl_adapter/cmake)
[1.005s] -- Found ament_cmake_cppcheck: 0.17.5 (/opt/ros/jazzy/share/ament_cmake_cppcheck/cmake)
[1.007s] -- Found ament_cmake_cpplint: 0.17.5 (/opt/ros/jazzy/share/ament_cmake_cpplint/cmake)
[1.009s] -- Found ament_cmake_uncrustify: 0.17.5 (/opt/ros/jazzy/share/ament_cmake_uncrustify/cmake)
[1.011s] -- Found ament_cmake_ros: 0.12.0 (/opt/ros/jazzy/share/ament_cmake_ros/cmake)
[1.339s] -- Using all available rosidl_typesupport_c: rosidl_typesupport_fastrtps_c;rosidl_typesupport_introspection_c
[1.776s] -- Using all available rosidl_typesupport_cpp: rosidl_typesupport_fastrtps_cpp;rosidl_typesupport_introspection_cpp
[1.892s] -- Found python_cmake_module: 0.11.1 (/opt/ros/jazzy/share/python_cmake_module/cmake)
[2.006s] -- Found PythonExtra: /usr/bin/python3  
[2.339s] -- Found Python3: /usr/bin/python3 (found version "3.12.3") found components: Interpreter Development NumPy Development.Module Development.Embed 
[2.368s] -- Found ament_cmake_flake8: 0.17.5 (/opt/ros/jazzy/share/ament_cmake_flake8/cmake)
[2.370s] -- Found ament_cmake_pep257: 0.17.5 (/opt/ros/jazzy/share/ament_cmake_pep257/cmake)
[2.377s] -- Configuring done (2.4s)
[2.411s] -- Generating done (0.0s)
[2.419s] -- Build files have been written to: /home/rsanz/git/learning/ros2/tutorials/RustROS2/src/build/builtin_interfaces
[2.426s] Invoked command in '/home/rsanz/git/learning/ros2/tutorials/RustROS2/src/build/builtin_interfaces' returned '0': AMENT_PREFIX_PATH=/home/rsanz/git/learning/ros2/tutorials/RustROS2/src/install/rosidl_core_runtime:/home/rsanz/git/learning/ros2/tutorials/RustROS2/src/install/rosidl_core_generators:/home/rsanz/git/learning/ros2/tutorials/RustROS2/src/install/rosidl_generator_rs:${AMENT_PREFIX_PATH} CMAKE_PREFIX_PATH=/home/rsanz/git/learning/ros2/tutorials/RustROS2/src/install/rosidl_core_runtime:/home/rsanz/git/learning/ros2/tutorials/RustROS2/src/install/rosidl_core_generators:/home/rsanz/git/learning/ros2/tutorials/RustROS2/src/install/rosidl_generator_rs:/opt/ros/jazzy/opt/gz_math_vendor:/opt/ros/jazzy/opt/gz_utils_vendor:/opt/ros/jazzy/opt/gz_cmake_vendor:/opt/ros/jazzy DEBUGINFOD_URLS=https://debuginfod.ubuntu.com PYTHONPATH=/home/rsanz/git/learning/ros2/tutorials/RustROS2/src/install/rosidl_generator_rs/lib/python3.12/site-packages:${PYTHONPATH} /usr/bin/cmake /home/rsanz/git/learning/ros2/tutorials/RustROS2/src/rcl_interfaces/builtin_interfaces -DCMAKE_INSTALL_PREFIX=/home/rsanz/git/learning/ros2/tutorials/RustROS2/src/install/builtin_interfaces
[2.427s] Invoking command in '/home/rsanz/git/learning/ros2/tutorials/RustROS2/src/build/builtin_interfaces': AMENT_PREFIX_PATH=/home/rsanz/git/learning/ros2/tutorials/RustROS2/src/install/rosidl_core_runtime:/home/rsanz/git/learning/ros2/tutorials/RustROS2/src/install/rosidl_core_generators:/home/rsanz/git/learning/ros2/tutorials/RustROS2/src/install/rosidl_generator_rs:${AMENT_PREFIX_PATH} CMAKE_PREFIX_PATH=/home/rsanz/git/learning/ros2/tutorials/RustROS2/src/install/rosidl_core_runtime:/home/rsanz/git/learning/ros2/tutorials/RustROS2/src/install/rosidl_core_generators:/home/rsanz/git/learning/ros2/tutorials/RustROS2/src/install/rosidl_generator_rs:/opt/ros/jazzy/opt/gz_math_vendor:/opt/ros/jazzy/opt/gz_utils_vendor:/opt/ros/jazzy/opt/gz_cmake_vendor:/opt/ros/jazzy DEBUGINFOD_URLS=https://debuginfod.ubuntu.com PYTHONPATH=/home/rsanz/git/learning/ros2/tutorials/RustROS2/src/install/rosidl_generator_rs/lib/python3.12/site-packages:${PYTHONPATH} /usr/bin/cmake --build /home/rsanz/git/learning/ros2/tutorials/RustROS2/src/build/builtin_interfaces -- -j24 -l24
[2.467s] [  2%] [34m[1mGenerating Rust code for ROS interfaces[0m
[2.467s] [  4%] [34m[1mGenerating type hashes for ROS interfaces[0m
[2.475s] [  4%] Built target ament_cmake_python_copy_builtin_interfaces
[2.650s] [  4%] Built target builtin_interfaces__rosidl_generator_type_description
[2.658s] [  6%] [34m[1mGenerating C code for ROS interfaces[0m
[2.665s] [  6%] Built target builtin_interfaces__rs
[2.666s] [  8%] [34m[1mGenerating C++ code for ROS interfaces[0m
[2.671s] running egg_info
[2.671s] creating builtin_interfaces.egg-info
[2.693s] writing builtin_interfaces.egg-info/PKG-INFO
[2.693s] writing dependency_links to builtin_interfaces.egg-info/dependency_links.txt
[2.693s] writing top-level names to builtin_interfaces.egg-info/top_level.txt
[2.693s] writing manifest file 'builtin_interfaces.egg-info/SOURCES.txt'
[2.755s] reading manifest file 'builtin_interfaces.egg-info/SOURCES.txt'
[2.756s] writing manifest file 'builtin_interfaces.egg-info/SOURCES.txt'
[2.778s] [  8%] Built target ament_cmake_python_build_builtin_interfaces_egg
[2.887s] [  8%] Built target builtin_interfaces__cpp
[2.914s] [ 17%] [32mBuilding C object CMakeFiles/builtin_interfaces__rosidl_generator_c.dir/rosidl_generator_c/builtin_interfaces/msg/detail/duration__description.c.o[0m
[2.914s] [ 17%] [32mBuilding C object CMakeFiles/builtin_interfaces__rosidl_generator_c.dir/rosidl_generator_c/builtin_interfaces/msg/detail/duration__type_support.c.o[0m
[2.914s] [ 17%] [32mBuilding C object CMakeFiles/builtin_interfaces__rosidl_generator_c.dir/rosidl_generator_c/builtin_interfaces/msg/detail/duration__functions.c.o[0m
[2.915s] [ 17%] [32mBuilding C object CMakeFiles/builtin_interfaces__rosidl_generator_c.dir/rosidl_generator_c/builtin_interfaces/msg/detail/time__description.c.o[0m
[2.915s] [ 20%] [32mBuilding C object CMakeFiles/builtin_interfaces__rosidl_generator_c.dir/rosidl_generator_c/builtin_interfaces/msg/detail/time__type_support.c.o[0m
[2.916s] [ 22%] [32mBuilding C object CMakeFiles/builtin_interfaces__rosidl_generator_c.dir/rosidl_generator_c/builtin_interfaces/msg/detail/time__functions.c.o[0m
[2.952s] [ 24%] [32m[1mLinking C shared library libbuiltin_interfaces__rosidl_generator_c.so[0m
[2.981s] [ 24%] Built target builtin_interfaces__rosidl_generator_c
[2.988s] [ 26%] [34m[1mGenerating C introspection for ROS interfaces[0m
[2.989s] [ 28%] [34m[1mGenerating C type support for eProsima Fast-RTPS[0m
[2.989s] [ 31%] [34m[1mGenerating C++ type support for eProsima Fast-RTPS[0m
[2.989s] [ 33%] [34m[1mGenerating C type support dispatch for ROS interfaces[0m
[2.989s] [ 35%] [34m[1mGenerating C++ type support dispatch for ROS interfaces[0m
[2.990s] [ 37%] [34m[1mGenerating C++ introspection for ROS interfaces[0m
[3.202s] [ 40%] [32mBuilding CXX object CMakeFiles/builtin_interfaces__rosidl_typesupport_c.dir/rosidl_typesupport_c/builtin_interfaces/msg/time__type_support.cpp.o[0m
[3.202s] [ 42%] [32mBuilding CXX object CMakeFiles/builtin_interfaces__rosidl_typesupport_c.dir/rosidl_typesupport_c/builtin_interfaces/msg/duration__type_support.cpp.o[0m
[3.210s] [ 44%] [32mBuilding C object CMakeFiles/builtin_interfaces__rosidl_typesupport_introspection_c.dir/rosidl_typesupport_introspection_c/builtin_interfaces/msg/detail/duration__type_support.c.o[0m
[3.211s] [ 46%] [32mBuilding CXX object CMakeFiles/builtin_interfaces__rosidl_typesupport_cpp.dir/rosidl_typesupport_cpp/builtin_interfaces/msg/duration__type_support.cpp.o[0m
[3.212s] [ 51%] [32mBuilding C object CMakeFiles/builtin_interfaces__rosidl_typesupport_introspection_c.dir/rosidl_typesupport_introspection_c/builtin_interfaces/msg/detail/time__type_support.c.o[0m
[3.212s] [ 51%] [32mBuilding CXX object CMakeFiles/builtin_interfaces__rosidl_typesupport_cpp.dir/rosidl_typesupport_cpp/builtin_interfaces/msg/time__type_support.cpp.o[0m
[3.219s] [ 55%] [32mBuilding CXX object CMakeFiles/builtin_interfaces__rosidl_typesupport_introspection_cpp.dir/rosidl_typesupport_introspection_cpp/builtin_interfaces/msg/detail/time__type_support.cpp.o[0m
[3.219s] [ 55%] [32mBuilding CXX object CMakeFiles/builtin_interfaces__rosidl_typesupport_introspection_cpp.dir/rosidl_typesupport_introspection_cpp/builtin_interfaces/msg/detail/duration__type_support.cpp.o[0m
[3.241s] [ 57%] [32m[1mLinking CXX shared library libbuiltin_interfaces__rosidl_typesupport_c.so[0m
[3.242s] [ 60%] [32m[1mLinking C shared library libbuiltin_interfaces__rosidl_typesupport_introspection_c.so[0m
[3.243s] [ 64%] [32mBuilding CXX object CMakeFiles/builtin_interfaces__rosidl_typesupport_fastrtps_cpp.dir/rosidl_typesupport_fastrtps_cpp/builtin_interfaces/msg/detail/dds_fastrtps/duration__type_support.cpp.o[0m
[3.243s] [ 64%] [32mBuilding CXX object CMakeFiles/builtin_interfaces__rosidl_typesupport_fastrtps_cpp.dir/rosidl_typesupport_fastrtps_cpp/builtin_interfaces/msg/detail/dds_fastrtps/time__type_support.cpp.o[0m
[3.248s] [ 66%] [32mBuilding CXX object CMakeFiles/builtin_interfaces__rosidl_typesupport_fastrtps_c.dir/rosidl_typesupport_fastrtps_c/builtin_interfaces/msg/detail/duration__type_support_c.cpp.o[0m
[3.250s] [ 68%] [32mBuilding CXX object CMakeFiles/builtin_interfaces__rosidl_typesupport_fastrtps_c.dir/rosidl_typesupport_fastrtps_c/builtin_interfaces/msg/detail/time__type_support_c.cpp.o[0m
[3.271s] [ 68%] Built target builtin_interfaces__rosidl_typesupport_introspection_c
[3.278s] [ 68%] Built target builtin_interfaces__rosidl_typesupport_c
[3.437s] [ 71%] [32m[1mLinking CXX shared library libbuiltin_interfaces__rosidl_typesupport_cpp.so[0m
[3.453s] [ 73%] [32m[1mLinking CXX shared library libbuiltin_interfaces__rosidl_typesupport_introspection_cpp.so[0m
[3.475s] [ 73%] Built target builtin_interfaces__rosidl_typesupport_cpp
[3.487s] [ 73%] Built target builtin_interfaces__rosidl_typesupport_introspection_cpp
[3.572s] [ 77%] [32m[1mLinking CXX shared library libbuiltin_interfaces__rosidl_typesupport_fastrtps_c.so[0m
[3.573s] [ 77%] [32m[1mLinking CXX shared library libbuiltin_interfaces__rosidl_typesupport_fastrtps_cpp.so[0m
[3.608s] [ 77%] Built target builtin_interfaces__rosidl_typesupport_fastrtps_c
[3.613s] [ 77%] Built target builtin_interfaces__rosidl_typesupport_fastrtps_cpp
[3.630s] [ 77%] Built target builtin_interfaces
[3.645s] [ 80%] [34m[1mGenerating Python code for ROS interfaces[0m
[3.937s] [ 80%] Built target builtin_interfaces__py
[3.954s] [ 82%] [32mBuilding C object CMakeFiles/builtin_interfaces__rosidl_generator_py.dir/rosidl_generator_py/builtin_interfaces/msg/_time_s.c.o[0m
[3.954s] [ 84%] [32mBuilding C object CMakeFiles/builtin_interfaces__rosidl_generator_py.dir/rosidl_generator_py/builtin_interfaces/msg/_duration_s.c.o[0m
[4.035s] [ 86%] [32m[1mLinking C shared library libbuiltin_interfaces__rosidl_generator_py.so[0m
[4.068s] [ 86%] Built target builtin_interfaces__rosidl_generator_py
[4.082s] [ 88%] [32mBuilding C object CMakeFiles/builtin_interfaces_s__rosidl_typesupport_c.dir/rosidl_generator_py/builtin_interfaces/_builtin_interfaces_s.ep.rosidl_typesupport_c.c.o[0m
[4.083s] [ 91%] [32mBuilding C object CMakeFiles/builtin_interfaces_s__rosidl_typesupport_introspection_c.dir/rosidl_generator_py/builtin_interfaces/_builtin_interfaces_s.ep.rosidl_typesupport_introspection_c.c.o[0m
[4.084s] [ 93%] [32mBuilding C object CMakeFiles/builtin_interfaces_s__rosidl_typesupport_fastrtps_c.dir/rosidl_generator_py/builtin_interfaces/_builtin_interfaces_s.ep.rosidl_typesupport_fastrtps_c.c.o[0m
[4.153s] [ 95%] [32m[1mLinking C shared module rosidl_generator_py/builtin_interfaces/builtin_interfaces_s__rosidl_typesupport_introspection_c.so[0m
[4.153s] [ 97%] [32m[1mLinking C shared module rosidl_generator_py/builtin_interfaces/builtin_interfaces_s__rosidl_typesupport_c.so[0m
[4.159s] [100%] [32m[1mLinking C shared module rosidl_generator_py/builtin_interfaces/builtin_interfaces_s__rosidl_typesupport_fastrtps_c.so[0m
[4.175s] [100%] Built target builtin_interfaces_s__rosidl_typesupport_introspection_c
[4.178s] [100%] Built target builtin_interfaces_s__rosidl_typesupport_c
[4.185s] [100%] Built target builtin_interfaces_s__rosidl_typesupport_fastrtps_c
[4.195s] Invoked command in '/home/rsanz/git/learning/ros2/tutorials/RustROS2/src/build/builtin_interfaces' returned '0': AMENT_PREFIX_PATH=/home/rsanz/git/learning/ros2/tutorials/RustROS2/src/install/rosidl_core_runtime:/home/rsanz/git/learning/ros2/tutorials/RustROS2/src/install/rosidl_core_generators:/home/rsanz/git/learning/ros2/tutorials/RustROS2/src/install/rosidl_generator_rs:${AMENT_PREFIX_PATH} CMAKE_PREFIX_PATH=/home/rsanz/git/learning/ros2/tutorials/RustROS2/src/install/rosidl_core_runtime:/home/rsanz/git/learning/ros2/tutorials/RustROS2/src/install/rosidl_core_generators:/home/rsanz/git/learning/ros2/tutorials/RustROS2/src/install/rosidl_generator_rs:/opt/ros/jazzy/opt/gz_math_vendor:/opt/ros/jazzy/opt/gz_utils_vendor:/opt/ros/jazzy/opt/gz_cmake_vendor:/opt/ros/jazzy DEBUGINFOD_URLS=https://debuginfod.ubuntu.com PYTHONPATH=/home/rsanz/git/learning/ros2/tutorials/RustROS2/src/install/rosidl_generator_rs/lib/python3.12/site-packages:${PYTHONPATH} /usr/bin/cmake --build /home/rsanz/git/learning/ros2/tutorials/RustROS2/src/build/builtin_interfaces -- -j24 -l24
[4.196s] Invoking command in '/home/rsanz/git/learning/ros2/tutorials/RustROS2/src/build/builtin_interfaces': AMENT_PREFIX_PATH=/home/rsanz/git/learning/ros2/tutorials/RustROS2/src/install/rosidl_core_runtime:/home/rsanz/git/learning/ros2/tutorials/RustROS2/src/install/rosidl_core_generators:/home/rsanz/git/learning/ros2/tutorials/RustROS2/src/install/rosidl_generator_rs:${AMENT_PREFIX_PATH} CMAKE_PREFIX_PATH=/home/rsanz/git/learning/ros2/tutorials/RustROS2/src/install/rosidl_core_runtime:/home/rsanz/git/learning/ros2/tutorials/RustROS2/src/install/rosidl_core_generators:/home/rsanz/git/learning/ros2/tutorials/RustROS2/src/install/rosidl_generator_rs:/opt/ros/jazzy/opt/gz_math_vendor:/opt/ros/jazzy/opt/gz_utils_vendor:/opt/ros/jazzy/opt/gz_cmake_vendor:/opt/ros/jazzy DEBUGINFOD_URLS=https://debuginfod.ubuntu.com PYTHONPATH=/home/rsanz/git/learning/ros2/tutorials/RustROS2/src/install/rosidl_generator_rs/lib/python3.12/site-packages:${PYTHONPATH} /usr/bin/cmake --install /home/rsanz/git/learning/ros2/tutorials/RustROS2/src/build/builtin_interfaces
[4.203s] -- Install configuration: ""
[4.203s] -- Installing: /home/rsanz/git/learning/ros2/tutorials/RustROS2/src/install/builtin_interfaces/share/ament_index/resource_index/rosidl_interfaces/builtin_interfaces
[4.203s] -- Installing: /home/rsanz/git/learning/ros2/tutorials/RustROS2/src/install/builtin_interfaces/share/builtin_interfaces/msg/Duration.json
[4.203s] -- Installing: /home/rsanz/git/learning/ros2/tutorials/RustROS2/src/install/builtin_interfaces/share/builtin_interfaces/msg/Time.json
[4.204s] -- Installing: /home/rsanz/git/learning/ros2/tutorials/RustROS2/src/install/builtin_interfaces/include/builtin_interfaces/builtin_interfaces
[4.204s] -- Installing: /home/rsanz/git/learning/ros2/tutorials/RustROS2/src/install/builtin_interfaces/include/builtin_interfaces/builtin_interfaces/msg
[4.204s] -- Installing: /home/rsanz/git/learning/ros2/tutorials/RustROS2/src/install/builtin_interfaces/include/builtin_interfaces/builtin_interfaces/msg/rosidl_generator_c__visibility_control.h
[4.204s] -- Installing: /home/rsanz/git/learning/ros2/tutorials/RustROS2/src/install/builtin_interfaces/include/builtin_interfaces/builtin_interfaces/msg/time.h
[4.204s] -- Installing: /home/rsanz/git/learning/ros2/tutorials/RustROS2/src/install/builtin_interfaces/include/builtin_interfaces/builtin_interfaces/msg/detail
[4.204s] -- Installing: /home/rsanz/git/learning/ros2/tutorials/RustROS2/src/install/builtin_interfaces/include/builtin_interfaces/builtin_interfaces/msg/detail/time__type_support.h
[4.204s] -- Installing: /home/rsanz/git/learning/ros2/tutorials/RustROS2/src/install/builtin_interfaces/include/builtin_interfaces/builtin_interfaces/msg/detail/duration__functions.h
[4.205s] -- Installing: /home/rsanz/git/learning/ros2/tutorials/RustROS2/src/install/builtin_interfaces/include/builtin_interfaces/builtin_interfaces/msg/detail/duration__type_support.h
[4.205s] -- Installing: /home/rsanz/git/learning/ros2/tutorials/RustROS2/src/install/builtin_interfaces/include/builtin_interfaces/builtin_interfaces/msg/detail/time__functions.c
[4.205s] -- Installing: /home/rsanz/git/learning/ros2/tutorials/RustROS2/src/install/builtin_interfaces/include/builtin_interfaces/builtin_interfaces/msg/detail/time__functions.h
[4.205s] -- Installing: /home/rsanz/git/learning/ros2/tutorials/RustROS2/src/install/builtin_interfaces/include/builtin_interfaces/builtin_interfaces/msg/detail/duration__functions.c
[4.205s] -- Installing: /home/rsanz/git/learning/ros2/tutorials/RustROS2/src/install/builtin_interfaces/include/builtin_interfaces/builtin_interfaces/msg/detail/time__type_support.c
[4.205s] -- Installing: /home/rsanz/git/learning/ros2/tutorials/RustROS2/src/install/builtin_interfaces/include/builtin_interfaces/builtin_interfaces/msg/detail/time__description.c
[4.206s] -- Installing: /home/rsanz/git/learning/ros2/tutorials/RustROS2/src/install/builtin_interfaces/include/builtin_interfaces/builtin_interfaces/msg/detail/time__struct.h
[4.206s] -- Installing: /home/rsanz/git/learning/ros2/tutorials/RustROS2/src/install/builtin_interfaces/include/builtin_interfaces/builtin_interfaces/msg/detail/duration__type_support.c
[4.206s] -- Installing: /home/rsanz/git/learning/ros2/tutorials/RustROS2/src/install/builtin_interfaces/include/builtin_interfaces/builtin_interfaces/msg/detail/duration__description.c
[4.206s] -- Installing: /home/rsanz/git/learning/ros2/tutorials/RustROS2/src/install/builtin_interfaces/include/builtin_interfaces/builtin_interfaces/msg/detail/duration__struct.h
[4.206s] -- Installing: /home/rsanz/git/learning/ros2/tutorials/RustROS2/src/install/builtin_interfaces/include/builtin_interfaces/builtin_interfaces/msg/duration.h
[4.206s] -- Installing: /home/rsanz/git/learning/ros2/tutorials/RustROS2/src/install/builtin_interfaces/share/builtin_interfaces/environment/library_path.sh
[4.206s] -- Installing: /home/rsanz/git/learning/ros2/tutorials/RustROS2/src/install/builtin_interfaces/share/builtin_interfaces/environment/library_path.dsv
[4.207s] -- Installing: /home/rsanz/git/learning/ros2/tutorials/RustROS2/src/install/builtin_interfaces/lib/libbuiltin_interfaces__rosidl_generator_c.so
[4.207s] -- Set non-toolchain portion of runtime path of "/home/rsanz/git/learning/ros2/tutorials/RustROS2/src/install/builtin_interfaces/lib/libbuiltin_interfaces__rosidl_generator_c.so" to ""
[4.207s] -- Up-to-date: /home/rsanz/git/learning/ros2/tutorials/RustROS2/src/install/builtin_interfaces/include/builtin_interfaces/builtin_interfaces
[4.207s] -- Up-to-date: /home/rsanz/git/learning/ros2/tutorials/RustROS2/src/install/builtin_interfaces/include/builtin_interfaces/builtin_interfaces/msg
[4.207s] -- Installing: /home/rsanz/git/learning/ros2/tutorials/RustROS2/src/install/builtin_interfaces/include/builtin_interfaces/builtin_interfaces/msg/rosidl_typesupport_fastrtps_c__visibility_control.h
[4.207s] -- Up-to-date: /home/rsanz/git/learning/ros2/tutorials/RustROS2/src/install/builtin_interfaces/include/builtin_interfaces/builtin_interfaces/msg/detail
[4.207s] -- Installing: /home/rsanz/git/learning/ros2/tutorials/RustROS2/src/install/builtin_interfaces/include/builtin_interfaces/builtin_interfaces/msg/detail/duration__rosidl_typesupport_fastrtps_c.h
[4.208s] -- Installing: /home/rsanz/git/learning/ros2/tutorials/RustROS2/src/install/builtin_interfaces/include/builtin_interfaces/builtin_interfaces/msg/detail/time__rosidl_typesupport_fastrtps_c.h
[4.208s] -- Installing: /home/rsanz/git/learning/ros2/tutorials/RustROS2/src/install/builtin_interfaces/lib/libbuiltin_interfaces__rosidl_typesupport_fastrtps_c.so
[4.208s] -- Set non-toolchain portion of runtime path of "/home/rsanz/git/learning/ros2/tutorials/RustROS2/src/install/builtin_interfaces/lib/libbuiltin_interfaces__rosidl_typesupport_fastrtps_c.so" to ""
[4.208s] -- Up-to-date: /home/rsanz/git/learning/ros2/tutorials/RustROS2/src/install/builtin_interfaces/include/builtin_interfaces/builtin_interfaces
[4.208s] -- Up-to-date: /home/rsanz/git/learning/ros2/tutorials/RustROS2/src/install/builtin_interfaces/include/builtin_interfaces/builtin_interfaces/msg
[4.208s] -- Installing: /home/rsanz/git/learning/ros2/tutorials/RustROS2/src/install/builtin_interfaces/include/builtin_interfaces/builtin_interfaces/msg/rosidl_typesupport_introspection_c__visibility_control.h
[4.208s] -- Up-to-date: /home/rsanz/git/learning/ros2/tutorials/RustROS2/src/install/builtin_interfaces/include/builtin_interfaces/builtin_interfaces/msg/detail
[4.208s] -- Up-to-date: /home/rsanz/git/learning/ros2/tutorials/RustROS2/src/install/builtin_interfaces/include/builtin_interfaces/builtin_interfaces/msg/detail/time__type_support.c
[4.208s] -- Installing: /home/rsanz/git/learning/ros2/tutorials/RustROS2/src/install/builtin_interfaces/include/builtin_interfaces/builtin_interfaces/msg/detail/duration__rosidl_typesupport_introspection_c.h
[4.209s] -- Installing: /home/rsanz/git/learning/ros2/tutorials/RustROS2/src/install/builtin_interfaces/include/builtin_interfaces/builtin_interfaces/msg/detail/time__rosidl_typesupport_introspection_c.h
[4.209s] -- Up-to-date: /home/rsanz/git/learning/ros2/tutorials/RustROS2/src/install/builtin_interfaces/include/builtin_interfaces/builtin_interfaces/msg/detail/duration__type_support.c
[4.209s] -- Installing: /home/rsanz/git/learning/ros2/tutorials/RustROS2/src/install/builtin_interfaces/lib/libbuiltin_interfaces__rosidl_typesupport_introspection_c.so
[4.209s] -- Set non-toolchain portion of runtime path of "/home/rsanz/git/learning/ros2/tutorials/RustROS2/src/install/builtin_interfaces/lib/libbuiltin_interfaces__rosidl_typesupport_introspection_c.so" to ""
[4.209s] -- Installing: /home/rsanz/git/learning/ros2/tutorials/RustROS2/src/install/builtin_interfaces/lib/libbuiltin_interfaces__rosidl_typesupport_c.so
[4.209s] -- Set non-toolchain portion of runtime path of "/home/rsanz/git/learning/ros2/tutorials/RustROS2/src/install/builtin_interfaces/lib/libbuiltin_interfaces__rosidl_typesupport_c.so" to ""
[4.209s] -- Up-to-date: /home/rsanz/git/learning/ros2/tutorials/RustROS2/src/install/builtin_interfaces/include/builtin_interfaces/builtin_interfaces
[4.209s] -- Up-to-date: /home/rsanz/git/learning/ros2/tutorials/RustROS2/src/install/builtin_interfaces/include/builtin_interfaces/builtin_interfaces/msg
[4.210s] -- Installing: /home/rsanz/git/learning/ros2/tutorials/RustROS2/src/install/builtin_interfaces/include/builtin_interfaces/builtin_interfaces/msg/time.hpp
[4.210s] -- Up-to-date: /home/rsanz/git/learning/ros2/tutorials/RustROS2/src/install/builtin_interfaces/include/builtin_interfaces/builtin_interfaces/msg/detail
[4.210s] -- Installing: /home/rsanz/git/learning/ros2/tutorials/RustROS2/src/install/builtin_interfaces/include/builtin_interfaces/builtin_interfaces/msg/detail/duration__traits.hpp
[4.210s] -- Installing: /home/rsanz/git/learning/ros2/tutorials/RustROS2/src/install/builtin_interfaces/include/builtin_interfaces/builtin_interfaces/msg/detail/time__struct.hpp
[4.210s] -- Installing: /home/rsanz/git/learning/ros2/tutorials/RustROS2/src/install/builtin_interfaces/include/builtin_interfaces/builtin_interfaces/msg/detail/time__traits.hpp
[4.210s] -- Installing: /home/rsanz/git/learning/ros2/tutorials/RustROS2/src/install/builtin_interfaces/include/builtin_interfaces/builtin_interfaces/msg/detail/duration__type_support.hpp
[4.210s] -- Installing: /home/rsanz/git/learning/ros2/tutorials/RustROS2/src/install/builtin_interfaces/include/builtin_interfaces/builtin_interfaces/msg/detail/duration__builder.hpp
[4.210s] -- Installing: /home/rsanz/git/learning/ros2/tutorials/RustROS2/src/install/builtin_interfaces/include/builtin_interfaces/builtin_interfaces/msg/detail/time__type_support.hpp
[4.211s] -- Installing: /home/rsanz/git/learning/ros2/tutorials/RustROS2/src/install/builtin_interfaces/include/builtin_interfaces/builtin_interfaces/msg/detail/duration__struct.hpp
[4.211s] -- Installing: /home/rsanz/git/learning/ros2/tutorials/RustROS2/src/install/builtin_interfaces/include/builtin_interfaces/builtin_interfaces/msg/detail/time__builder.hpp
[4.211s] -- Installing: /home/rsanz/git/learning/ros2/tutorials/RustROS2/src/install/builtin_interfaces/include/builtin_interfaces/builtin_interfaces/msg/duration.hpp
[4.211s] -- Installing: /home/rsanz/git/learning/ros2/tutorials/RustROS2/src/install/builtin_interfaces/include/builtin_interfaces/builtin_interfaces/msg/rosidl_generator_cpp__visibility_control.hpp
[4.211s] -- Up-to-date: /home/rsanz/git/learning/ros2/tutorials/RustROS2/src/install/builtin_interfaces/include/builtin_interfaces/builtin_interfaces
[4.211s] -- Up-to-date: /home/rsanz/git/learning/ros2/tutorials/RustROS2/src/install/builtin_interfaces/include/builtin_interfaces/builtin_interfaces/msg
[4.211s] -- Installing: /home/rsanz/git/learning/ros2/tutorials/RustROS2/src/install/builtin_interfaces/include/builtin_interfaces/builtin_interfaces/msg/rosidl_typesupport_fastrtps_cpp__visibility_control.h
[4.212s] -- Up-to-date: /home/rsanz/git/learning/ros2/tutorials/RustROS2/src/install/builtin_interfaces/include/builtin_interfaces/builtin_interfaces/msg/detail
[4.212s] -- Installing: /home/rsanz/git/learning/ros2/tutorials/RustROS2/src/install/builtin_interfaces/include/builtin_interfaces/builtin_interfaces/msg/detail/duration__rosidl_typesupport_fastrtps_cpp.hpp
[4.212s] -- Installing: /home/rsanz/git/learning/ros2/tutorials/RustROS2/src/install/builtin_interfaces/include/builtin_interfaces/builtin_interfaces/msg/detail/time__rosidl_typesupport_fastrtps_cpp.hpp
[4.212s] -- Installing: /home/rsanz/git/learning/ros2/tutorials/RustROS2/src/install/builtin_interfaces/include/builtin_interfaces/builtin_interfaces/msg/detail/dds_fastrtps
[4.212s] -- Installing: /home/rsanz/git/learning/ros2/tutorials/RustROS2/src/install/builtin_interfaces/lib/libbuiltin_interfaces__rosidl_typesupport_fastrtps_cpp.so
[4.212s] -- Set non-toolchain portion of runtime path of "/home/rsanz/git/learning/ros2/tutorials/RustROS2/src/install/builtin_interfaces/lib/libbuiltin_interfaces__rosidl_typesupport_fastrtps_cpp.so" to ""
[4.212s] -- Up-to-date: /home/rsanz/git/learning/ros2/tutorials/RustROS2/src/install/builtin_interfaces/include/builtin_interfaces/builtin_interfaces
[4.212s] -- Up-to-date: /home/rsanz/git/learning/ros2/tutorials/RustROS2/src/install/builtin_interfaces/include/builtin_interfaces/builtin_interfaces/msg
[4.212s] -- Up-to-date: /home/rsanz/git/learning/ros2/tutorials/RustROS2/src/install/builtin_interfaces/include/builtin_interfaces/builtin_interfaces/msg/detail
[4.212s] -- Installing: /home/rsanz/git/learning/ros2/tutorials/RustROS2/src/install/builtin_interfaces/include/builtin_interfaces/builtin_interfaces/msg/detail/time__type_support.cpp
[4.213s] -- Installing: /home/rsanz/git/learning/ros2/tutorials/RustROS2/src/install/builtin_interfaces/include/builtin_interfaces/builtin_interfaces/msg/detail/duration__rosidl_typesupport_introspection_cpp.hpp
[4.213s] -- Installing: /home/rsanz/git/learning/ros2/tutorials/RustROS2/src/install/builtin_interfaces/include/builtin_interfaces/builtin_interfaces/msg/detail/duration__type_support.cpp
[4.213s] -- Installing: /home/rsanz/git/learning/ros2/tutorials/RustROS2/src/install/builtin_interfaces/include/builtin_interfaces/builtin_interfaces/msg/detail/time__rosidl_typesupport_introspection_cpp.hpp
[4.213s] -- Installing: /home/rsanz/git/learning/ros2/tutorials/RustROS2/src/install/builtin_interfaces/lib/libbuiltin_interfaces__rosidl_typesupport_introspection_cpp.so
[4.213s] -- Set non-toolchain portion of runtime path of "/home/rsanz/git/learning/ros2/tutorials/RustROS2/src/install/builtin_interfaces/lib/libbuiltin_interfaces__rosidl_typesupport_introspection_cpp.so" to ""
[4.213s] -- Installing: /home/rsanz/git/learning/ros2/tutorials/RustROS2/src/install/builtin_interfaces/lib/libbuiltin_interfaces__rosidl_typesupport_cpp.so
[4.214s] -- Set non-toolchain portion of runtime path of "/home/rsanz/git/learning/ros2/tutorials/RustROS2/src/install/builtin_interfaces/lib/libbuiltin_interfaces__rosidl_typesupport_cpp.so" to ""
[4.214s] -- Installing: /home/rsanz/git/learning/ros2/tutorials/RustROS2/src/install/builtin_interfaces/share/ament_index/resource_index/rust_packages/builtin_interfaces
[4.214s] -- Installing: /home/rsanz/git/learning/ros2/tutorials/RustROS2/src/install/builtin_interfaces/share/builtin_interfaces/rust
[4.214s] -- Installing: /home/rsanz/git/learning/ros2/tutorials/RustROS2/src/install/builtin_interfaces/share/builtin_interfaces/rust/src
[4.214s] -- Installing: /home/rsanz/git/learning/ros2/tutorials/RustROS2/src/install/builtin_interfaces/share/builtin_interfaces/rust/src/msg.rs
[4.214s] -- Installing: /home/rsanz/git/learning/ros2/tutorials/RustROS2/src/install/builtin_interfaces/share/builtin_interfaces/rust/src/msg
[4.214s] -- Installing: /home/rsanz/git/learning/ros2/tutorials/RustROS2/src/install/builtin_interfaces/share/builtin_interfaces/rust/src/msg/rmw.rs
[4.215s] -- Installing: /home/rsanz/git/learning/ros2/tutorials/RustROS2/src/install/builtin_interfaces/share/builtin_interfaces/rust/src/lib.rs
[4.215s] -- Installing: /home/rsanz/git/learning/ros2/tutorials/RustROS2/src/install/builtin_interfaces/share/builtin_interfaces/rust/build.rs
[4.215s] -- Installing: /home/rsanz/git/learning/ros2/tutorials/RustROS2/src/install/builtin_interfaces/share/builtin_interfaces/rust/Cargo.toml
[4.215s] -- Installing: /home/rsanz/git/learning/ros2/tutorials/RustROS2/src/install/builtin_interfaces/share/builtin_interfaces/environment/pythonpath.sh
[4.215s] -- Installing: /home/rsanz/git/learning/ros2/tutorials/RustROS2/src/install/builtin_interfaces/share/builtin_interfaces/environment/pythonpath.dsv
[4.215s] -- Installing: /home/rsanz/git/learning/ros2/tutorials/RustROS2/src/install/builtin_interfaces/lib/python3.12/site-packages/builtin_interfaces-2.0.3-py3.12.egg-info
[4.215s] -- Installing: /home/rsanz/git/learning/ros2/tutorials/RustROS2/src/install/builtin_interfaces/lib/python3.12/site-packages/builtin_interfaces-2.0.3-py3.12.egg-info/dependency_links.txt
[4.216s] -- Installing: /home/rsanz/git/learning/ros2/tutorials/RustROS2/src/install/builtin_interfaces/lib/python3.12/site-packages/builtin_interfaces-2.0.3-py3.12.egg-info/PKG-INFO
[4.216s] -- Installing: /home/rsanz/git/learning/ros2/tutorials/RustROS2/src/install/builtin_interfaces/lib/python3.12/site-packages/builtin_interfaces-2.0.3-py3.12.egg-info/top_level.txt
[4.216s] -- Installing: /home/rsanz/git/learning/ros2/tutorials/RustROS2/src/install/builtin_interfaces/lib/python3.12/site-packages/builtin_interfaces-2.0.3-py3.12.egg-info/SOURCES.txt
[4.216s] -- Installing: /home/rsanz/git/learning/ros2/tutorials/RustROS2/src/install/builtin_interfaces/lib/python3.12/site-packages/builtin_interfaces
[4.216s] -- Installing: /home/rsanz/git/learning/ros2/tutorials/RustROS2/src/install/builtin_interfaces/lib/python3.12/site-packages/builtin_interfaces/builtin_interfaces_s__rosidl_typesupport_fastrtps_c.so
[4.216s] -- Installing: /home/rsanz/git/learning/ros2/tutorials/RustROS2/src/install/builtin_interfaces/lib/python3.12/site-packages/builtin_interfaces/builtin_interfaces_s__rosidl_typesupport_c.so
[4.216s] -- Installing: /home/rsanz/git/learning/ros2/tutorials/RustROS2/src/install/builtin_interfaces/lib/python3.12/site-packages/builtin_interfaces/_builtin_interfaces_s.ep.rosidl_typesupport_fastrtps_c.c
[4.217s] -- Installing: /home/rsanz/git/learning/ros2/tutorials/RustROS2/src/install/builtin_interfaces/lib/python3.12/site-packages/builtin_interfaces/builtin_interfaces_s__rosidl_typesupport_introspection_c.so
[4.217s] -- Installing: /home/rsanz/git/learning/ros2/tutorials/RustROS2/src/install/builtin_interfaces/lib/python3.12/site-packages/builtin_interfaces/msg
[4.217s] -- Installing: /home/rsanz/git/learning/ros2/tutorials/RustROS2/src/install/builtin_interfaces/lib/python3.12/site-packages/builtin_interfaces/msg/_duration_s.c
[4.217s] -- Installing: /home/rsanz/git/learning/ros2/tutorials/RustROS2/src/install/builtin_interfaces/lib/python3.12/site-packages/builtin_interfaces/msg/_duration.py
[4.217s] -- Installing: /home/rsanz/git/learning/ros2/tutorials/RustROS2/src/install/builtin_interfaces/lib/python3.12/site-packages/builtin_interfaces/msg/_time.py
[4.217s] -- Installing: /home/rsanz/git/learning/ros2/tutorials/RustROS2/src/install/builtin_interfaces/lib/python3.12/site-packages/builtin_interfaces/msg/__init__.py
[4.217s] -- Installing: /home/rsanz/git/learning/ros2/tutorials/RustROS2/src/install/builtin_interfaces/lib/python3.12/site-packages/builtin_interfaces/msg/_time_s.c
[4.218s] -- Installing: /home/rsanz/git/learning/ros2/tutorials/RustROS2/src/install/builtin_interfaces/lib/python3.12/site-packages/builtin_interfaces/__init__.py
[4.218s] -- Installing: /home/rsanz/git/learning/ros2/tutorials/RustROS2/src/install/builtin_interfaces/lib/python3.12/site-packages/builtin_interfaces/_builtin_interfaces_s.ep.rosidl_typesupport_introspection_c.c
[4.218s] -- Installing: /home/rsanz/git/learning/ros2/tutorials/RustROS2/src/install/builtin_interfaces/lib/python3.12/site-packages/builtin_interfaces/_builtin_interfaces_s.ep.rosidl_typesupport_c.c
[4.246s] Listing '/home/rsanz/git/learning/ros2/tutorials/RustROS2/src/install/builtin_interfaces/lib/python3.12/site-packages/builtin_interfaces'...
[4.246s] Compiling '/home/rsanz/git/learning/ros2/tutorials/RustROS2/src/install/builtin_interfaces/lib/python3.12/site-packages/builtin_interfaces/__init__.py'...
[4.246s] Listing '/home/rsanz/git/learning/ros2/tutorials/RustROS2/src/install/builtin_interfaces/lib/python3.12/site-packages/builtin_interfaces/msg'...
[4.246s] Compiling '/home/rsanz/git/learning/ros2/tutorials/RustROS2/src/install/builtin_interfaces/lib/python3.12/site-packages/builtin_interfaces/msg/__init__.py'...
[4.246s] Compiling '/home/rsanz/git/learning/ros2/tutorials/RustROS2/src/install/builtin_interfaces/lib/python3.12/site-packages/builtin_interfaces/msg/_duration.py'...
[4.246s] Compiling '/home/rsanz/git/learning/ros2/tutorials/RustROS2/src/install/builtin_interfaces/lib/python3.12/site-packages/builtin_interfaces/msg/_time.py'...
[4.250s] -- Installing: /home/rsanz/git/learning/ros2/tutorials/RustROS2/src/install/builtin_interfaces/lib/python3.12/site-packages/builtin_interfaces/builtin_interfaces_s__rosidl_typesupport_fastrtps_c.so
[4.250s] -- Set non-toolchain portion of runtime path of "/home/rsanz/git/learning/ros2/tutorials/RustROS2/src/install/builtin_interfaces/lib/python3.12/site-packages/builtin_interfaces/builtin_interfaces_s__rosidl_typesupport_fastrtps_c.so" to ""
[4.250s] -- Installing: /home/rsanz/git/learning/ros2/tutorials/RustROS2/src/install/builtin_interfaces/lib/python3.12/site-packages/builtin_interfaces/builtin_interfaces_s__rosidl_typesupport_introspection_c.so
[4.251s] -- Set non-toolchain portion of runtime path of "/home/rsanz/git/learning/ros2/tutorials/RustROS2/src/install/builtin_interfaces/lib/python3.12/site-packages/builtin_interfaces/builtin_interfaces_s__rosidl_typesupport_introspection_c.so" to ""
[4.251s] -- Installing: /home/rsanz/git/learning/ros2/tutorials/RustROS2/src/install/builtin_interfaces/lib/python3.12/site-packages/builtin_interfaces/builtin_interfaces_s__rosidl_typesupport_c.so
[4.251s] -- Set non-toolchain portion of runtime path of "/home/rsanz/git/learning/ros2/tutorials/RustROS2/src/install/builtin_interfaces/lib/python3.12/site-packages/builtin_interfaces/builtin_interfaces_s__rosidl_typesupport_c.so" to ""
[4.251s] -- Installing: /home/rsanz/git/learning/ros2/tutorials/RustROS2/src/install/builtin_interfaces/lib/libbuiltin_interfaces__rosidl_generator_py.so
[4.252s] -- Set non-toolchain portion of runtime path of "/home/rsanz/git/learning/ros2/tutorials/RustROS2/src/install/builtin_interfaces/lib/libbuiltin_interfaces__rosidl_generator_py.so" to ""
[4.252s] -- Installing: /home/rsanz/git/learning/ros2/tutorials/RustROS2/src/install/builtin_interfaces/share/builtin_interfaces/msg/Duration.idl
[4.252s] -- Installing: /home/rsanz/git/learning/ros2/tutorials/RustROS2/src/install/builtin_interfaces/share/builtin_interfaces/msg/Time.idl
[4.252s] -- Installing: /home/rsanz/git/learning/ros2/tutorials/RustROS2/src/install/builtin_interfaces/share/builtin_interfaces/msg/Duration.msg
[4.252s] -- Installing: /home/rsanz/git/learning/ros2/tutorials/RustROS2/src/install/builtin_interfaces/share/builtin_interfaces/msg/Time.msg
[4.252s] -- Installing: /home/rsanz/git/learning/ros2/tutorials/RustROS2/src/install/builtin_interfaces/share/ament_index/resource_index/package_run_dependencies/builtin_interfaces
[4.253s] -- Installing: /home/rsanz/git/learning/ros2/tutorials/RustROS2/src/install/builtin_interfaces/share/ament_index/resource_index/parent_prefix_path/builtin_interfaces
[4.253s] -- Installing: /home/rsanz/git/learning/ros2/tutorials/RustROS2/src/install/builtin_interfaces/share/builtin_interfaces/environment/ament_prefix_path.sh
[4.253s] -- Installing: /home/rsanz/git/learning/ros2/tutorials/RustROS2/src/install/builtin_interfaces/share/builtin_interfaces/environment/ament_prefix_path.dsv
[4.253s] -- Installing: /home/rsanz/git/learning/ros2/tutorials/RustROS2/src/install/builtin_interfaces/share/builtin_interfaces/environment/path.sh
[4.253s] -- Installing: /home/rsanz/git/learning/ros2/tutorials/RustROS2/src/install/builtin_interfaces/share/builtin_interfaces/environment/path.dsv
[4.254s] -- Installing: /home/rsanz/git/learning/ros2/tutorials/RustROS2/src/install/builtin_interfaces/share/builtin_interfaces/local_setup.bash
[4.254s] -- Installing: /home/rsanz/git/learning/ros2/tutorials/RustROS2/src/install/builtin_interfaces/share/builtin_interfaces/local_setup.sh
[4.254s] -- Installing: /home/rsanz/git/learning/ros2/tutorials/RustROS2/src/install/builtin_interfaces/share/builtin_interfaces/local_setup.zsh
[4.254s] -- Installing: /home/rsanz/git/learning/ros2/tutorials/RustROS2/src/install/builtin_interfaces/share/builtin_interfaces/local_setup.dsv
[4.254s] -- Installing: /home/rsanz/git/learning/ros2/tutorials/RustROS2/src/install/builtin_interfaces/share/builtin_interfaces/package.dsv
[4.255s] -- Installing: /home/rsanz/git/learning/ros2/tutorials/RustROS2/src/install/builtin_interfaces/share/ament_index/resource_index/packages/builtin_interfaces
[4.255s] -- Installing: /home/rsanz/git/learning/ros2/tutorials/RustROS2/src/install/builtin_interfaces/share/builtin_interfaces/cmake/export_builtin_interfaces__rosidl_generator_cExport.cmake
[4.255s] -- Installing: /home/rsanz/git/learning/ros2/tutorials/RustROS2/src/install/builtin_interfaces/share/builtin_interfaces/cmake/export_builtin_interfaces__rosidl_generator_cExport-noconfig.cmake
[4.255s] -- Installing: /home/rsanz/git/learning/ros2/tutorials/RustROS2/src/install/builtin_interfaces/share/builtin_interfaces/cmake/export_builtin_interfaces__rosidl_typesupport_fastrtps_cExport.cmake
[4.255s] -- Installing: /home/rsanz/git/learning/ros2/tutorials/RustROS2/src/install/builtin_interfaces/share/builtin_interfaces/cmake/export_builtin_interfaces__rosidl_typesupport_fastrtps_cExport-noconfig.cmake
[4.256s] -- Installing: /home/rsanz/git/learning/ros2/tutorials/RustROS2/src/install/builtin_interfaces/share/builtin_interfaces/cmake/builtin_interfaces__rosidl_typesupport_introspection_cExport.cmake
[4.256s] -- Installing: /home/rsanz/git/learning/ros2/tutorials/RustROS2/src/install/builtin_interfaces/share/builtin_interfaces/cmake/builtin_interfaces__rosidl_typesupport_introspection_cExport-noconfig.cmake
[4.256s] -- Installing: /home/rsanz/git/learning/ros2/tutorials/RustROS2/src/install/builtin_interfaces/share/builtin_interfaces/cmake/builtin_interfaces__rosidl_typesupport_cExport.cmake
[4.256s] -- Installing: /home/rsanz/git/learning/ros2/tutorials/RustROS2/src/install/builtin_interfaces/share/builtin_interfaces/cmake/builtin_interfaces__rosidl_typesupport_cExport-noconfig.cmake
[4.256s] -- Installing: /home/rsanz/git/learning/ros2/tutorials/RustROS2/src/install/builtin_interfaces/share/builtin_interfaces/cmake/export_builtin_interfaces__rosidl_generator_cppExport.cmake
[4.256s] -- Installing: /home/rsanz/git/learning/ros2/tutorials/RustROS2/src/install/builtin_interfaces/share/builtin_interfaces/cmake/export_builtin_interfaces__rosidl_typesupport_fastrtps_cppExport.cmake
[4.256s] -- Installing: /home/rsanz/git/learning/ros2/tutorials/RustROS2/src/install/builtin_interfaces/share/builtin_interfaces/cmake/export_builtin_interfaces__rosidl_typesupport_fastrtps_cppExport-noconfig.cmake
[4.257s] -- Installing: /home/rsanz/git/learning/ros2/tutorials/RustROS2/src/install/builtin_interfaces/share/builtin_interfaces/cmake/builtin_interfaces__rosidl_typesupport_introspection_cppExport.cmake
[4.257s] -- Installing: /home/rsanz/git/learning/ros2/tutorials/RustROS2/src/install/builtin_interfaces/share/builtin_interfaces/cmake/builtin_interfaces__rosidl_typesupport_introspection_cppExport-noconfig.cmake
[4.257s] -- Installing: /home/rsanz/git/learning/ros2/tutorials/RustROS2/src/install/builtin_interfaces/share/builtin_interfaces/cmake/builtin_interfaces__rosidl_typesupport_cppExport.cmake
[4.257s] -- Installing: /home/rsanz/git/learning/ros2/tutorials/RustROS2/src/install/builtin_interfaces/share/builtin_interfaces/cmake/builtin_interfaces__rosidl_typesupport_cppExport-noconfig.cmake
[4.257s] -- Installing: /home/rsanz/git/learning/ros2/tutorials/RustROS2/src/install/builtin_interfaces/share/builtin_interfaces/cmake/export_builtin_interfaces__rosidl_generator_pyExport.cmake
[4.257s] -- Installing: /home/rsanz/git/learning/ros2/tutorials/RustROS2/src/install/builtin_interfaces/share/builtin_interfaces/cmake/export_builtin_interfaces__rosidl_generator_pyExport-noconfig.cmake
[4.258s] -- Installing: /home/rsanz/git/learning/ros2/tutorials/RustROS2/src/install/builtin_interfaces/share/builtin_interfaces/cmake/rosidl_cmake-extras.cmake
[4.258s] -- Installing: /home/rsanz/git/learning/ros2/tutorials/RustROS2/src/install/builtin_interfaces/share/builtin_interfaces/cmake/ament_cmake_export_include_directories-extras.cmake
[4.258s] -- Installing: /home/rsanz/git/learning/ros2/tutorials/RustROS2/src/install/builtin_interfaces/share/builtin_interfaces/cmake/ament_cmake_export_libraries-extras.cmake
[4.258s] -- Installing: /home/rsanz/git/learning/ros2/tutorials/RustROS2/src/install/builtin_interfaces/share/builtin_interfaces/cmake/ament_cmake_export_targets-extras.cmake
[4.258s] -- Installing: /home/rsanz/git/learning/ros2/tutorials/RustROS2/src/install/builtin_interfaces/share/builtin_interfaces/cmake/rosidl_cmake_export_typesupport_targets-extras.cmake
[4.258s] -- Installing: /home/rsanz/git/learning/ros2/tutorials/RustROS2/src/install/builtin_interfaces/share/builtin_interfaces/cmake/ament_cmake_export_dependencies-extras.cmake
[4.258s] -- Installing: /home/rsanz/git/learning/ros2/tutorials/RustROS2/src/install/builtin_interfaces/share/builtin_interfaces/cmake/rosidl_cmake_export_typesupport_libraries-extras.cmake
[4.259s] -- Installing: /home/rsanz/git/learning/ros2/tutorials/RustROS2/src/install/builtin_interfaces/share/builtin_interfaces/cmake/builtin_interfacesConfig.cmake
[4.259s] -- Installing: /home/rsanz/git/learning/ros2/tutorials/RustROS2/src/install/builtin_interfaces/share/builtin_interfaces/cmake/builtin_interfacesConfig-version.cmake
[4.259s] -- Installing: /home/rsanz/git/learning/ros2/tutorials/RustROS2/src/install/builtin_interfaces/share/builtin_interfaces/package.xml
[4.261s] Invoked command in '/home/rsanz/git/learning/ros2/tutorials/RustROS2/src/build/builtin_interfaces' returned '0': AMENT_PREFIX_PATH=/home/rsanz/git/learning/ros2/tutorials/RustROS2/src/install/rosidl_core_runtime:/home/rsanz/git/learning/ros2/tutorials/RustROS2/src/install/rosidl_core_generators:/home/rsanz/git/learning/ros2/tutorials/RustROS2/src/install/rosidl_generator_rs:${AMENT_PREFIX_PATH} CMAKE_PREFIX_PATH=/home/rsanz/git/learning/ros2/tutorials/RustROS2/src/install/rosidl_core_runtime:/home/rsanz/git/learning/ros2/tutorials/RustROS2/src/install/rosidl_core_generators:/home/rsanz/git/learning/ros2/tutorials/RustROS2/src/install/rosidl_generator_rs:/opt/ros/jazzy/opt/gz_math_vendor:/opt/ros/jazzy/opt/gz_utils_vendor:/opt/ros/jazzy/opt/gz_cmake_vendor:/opt/ros/jazzy DEBUGINFOD_URLS=https://debuginfod.ubuntu.com PYTHONPATH=/home/rsanz/git/learning/ros2/tutorials/RustROS2/src/install/rosidl_generator_rs/lib/python3.12/site-packages:${PYTHONPATH} /usr/bin/cmake --install /home/rsanz/git/learning/ros2/tutorials/RustROS2/src/build/builtin_interfaces
